<!doctype html public "-//w3c//dtd html 4.0 transitional//en">
<html><head>
<title>Static Call Graph - [SPO\SPO.axf]</title></head>
<body><HR>
<H1>Static Call Graph for image SPO\SPO.axf</H1><HR>
<BR><P>#&#060CALLGRAPH&#062# ARM Linker, 6190004: Last Updated: Wed Jun 28 00:51:30 2023
<BR><P>
<H3>Maximum Stack Usage =        472 bytes + Unknown(Functions without stacksize, Cycles, Untraceable Function Pointers)</H3><H3>
Call chain for Maximum Stack Depth:</H3>
__rt_entry_main &rArr; main &rArr; ShowMainFrame &rArr; ShowMenuFrame &rArr; TSF_showFrame &rArr; CAL_showFrame &rArr; createFrame &rArr; drawTextLabel &rArr; BSP_LCD_FillCircle &rArr; BSP_LCD_DrawCircle
<P>
<H3>
Functions with no stack information
</H3><UL>
 <LI><a href="#[71]">__user_initial_stackheap</a>
</UL>
</UL>
<P>
<H3>
Mutually Recursive functions
</H3> <LI><a href="#[30]">ADC1_2_IRQHandler</a>&nbsp;&nbsp;&nbsp;&rArr;&nbsp;&nbsp;&nbsp;<a href="#[30]">ADC1_2_IRQHandler</a><BR>
 <LI><a href="#[18]">BusFault_Handler</a>&nbsp;&nbsp;&nbsp;&rArr;&nbsp;&nbsp;&nbsp;<a href="#[18]">BusFault_Handler</a><BR>
 <LI><a href="#[16]">HardFault_Handler</a>&nbsp;&nbsp;&nbsp;&rArr;&nbsp;&nbsp;&nbsp;<a href="#[16]">HardFault_Handler</a><BR>
 <LI><a href="#[17]">MemManage_Handler</a>&nbsp;&nbsp;&nbsp;&rArr;&nbsp;&nbsp;&nbsp;<a href="#[17]">MemManage_Handler</a><BR>
 <LI><a href="#[15]">NMI_Handler</a>&nbsp;&nbsp;&nbsp;&rArr;&nbsp;&nbsp;&nbsp;<a href="#[15]">NMI_Handler</a><BR>
 <LI><a href="#[c3]">PL_Planner</a>&nbsp;&nbsp;&nbsp;&rArr;&nbsp;&nbsp;&nbsp;<a href="#[5c]">PL_ProceedStep</a><BR>
 <LI><a href="#[19]">UsageFault_Handler</a>&nbsp;&nbsp;&nbsp;&rArr;&nbsp;&nbsp;&nbsp;<a href="#[19]">UsageFault_Handler</a><BR>
</UL>
<P>
<H3>
Function Pointers
</H3><UL>
 <LI><a href="#[30]">ADC1_2_IRQHandler</a> from startup_stm32f103xg.o(.text) referenced from startup_stm32f103xg.o(RESET)
 <LI><a href="#[4d]">ADC3_IRQHandler</a> from startup_stm32f103xg.o(.text) referenced from startup_stm32f103xg.o(RESET)
 <LI><a href="#[18]">BusFault_Handler</a> from stm32f1xx_it.o(.text.BusFault_Handler) referenced from startup_stm32f103xg.o(RESET)
 <LI><a href="#[33]">CAN1_RX1_IRQHandler</a> from startup_stm32f103xg.o(.text) referenced from startup_stm32f103xg.o(RESET)
 <LI><a href="#[34]">CAN1_SCE_IRQHandler</a> from startup_stm32f103xg.o(.text) referenced from startup_stm32f103xg.o(RESET)
 <LI><a href="#[29]">DMA1_Channel1_IRQHandler</a> from startup_stm32f103xg.o(.text) referenced from startup_stm32f103xg.o(RESET)
 <LI><a href="#[2a]">DMA1_Channel2_IRQHandler</a> from startup_stm32f103xg.o(.text) referenced from startup_stm32f103xg.o(RESET)
 <LI><a href="#[2b]">DMA1_Channel3_IRQHandler</a> from startup_stm32f103xg.o(.text) referenced from startup_stm32f103xg.o(RESET)
 <LI><a href="#[2c]">DMA1_Channel4_IRQHandler</a> from lcd_io_spi.o(.text.DMA1_Channel4_IRQHandler) referenced from startup_stm32f103xg.o(RESET)
 <LI><a href="#[2d]">DMA1_Channel5_IRQHandler</a> from lcd_io_spi.o(.text.DMA1_Channel5_IRQHandler) referenced from startup_stm32f103xg.o(RESET)
 <LI><a href="#[2e]">DMA1_Channel6_IRQHandler</a> from startup_stm32f103xg.o(.text) referenced from startup_stm32f103xg.o(RESET)
 <LI><a href="#[2f]">DMA1_Channel7_IRQHandler</a> from startup_stm32f103xg.o(.text) referenced from startup_stm32f103xg.o(RESET)
 <LI><a href="#[56]">DMA2_Channel1_IRQHandler</a> from startup_stm32f103xg.o(.text) referenced from startup_stm32f103xg.o(RESET)
 <LI><a href="#[57]">DMA2_Channel2_IRQHandler</a> from startup_stm32f103xg.o(.text) referenced from startup_stm32f103xg.o(RESET)
 <LI><a href="#[58]">DMA2_Channel3_IRQHandler</a> from startup_stm32f103xg.o(.text) referenced from startup_stm32f103xg.o(RESET)
 <LI><a href="#[59]">DMA2_Channel4_5_IRQHandler</a> from startup_stm32f103xg.o(.text) referenced from startup_stm32f103xg.o(RESET)
 <LI><a href="#[1b]">DebugMon_Handler</a> from stm32f1xx_it.o(.text.DebugMon_Handler) referenced from startup_stm32f103xg.o(RESET)
 <LI><a href="#[24]">EXTI0_IRQHandler</a> from startup_stm32f103xg.o(.text) referenced from startup_stm32f103xg.o(RESET)
 <LI><a href="#[46]">EXTI15_10_IRQHandler</a> from startup_stm32f103xg.o(.text) referenced from startup_stm32f103xg.o(RESET)
 <LI><a href="#[25]">EXTI1_IRQHandler</a> from startup_stm32f103xg.o(.text) referenced from startup_stm32f103xg.o(RESET)
 <LI><a href="#[26]">EXTI2_IRQHandler</a> from startup_stm32f103xg.o(.text) referenced from startup_stm32f103xg.o(RESET)
 <LI><a href="#[27]">EXTI3_IRQHandler</a> from stm32f1xx_it.o(.text.EXTI3_IRQHandler) referenced from startup_stm32f103xg.o(RESET)
 <LI><a href="#[28]">EXTI4_IRQHandler</a> from startup_stm32f103xg.o(.text) referenced from startup_stm32f103xg.o(RESET)
 <LI><a href="#[35]">EXTI9_5_IRQHandler</a> from startup_stm32f103xg.o(.text) referenced from startup_stm32f103xg.o(RESET)
 <LI><a href="#[22]">FLASH_IRQHandler</a> from startup_stm32f103xg.o(.text) referenced from startup_stm32f103xg.o(RESET)
 <LI><a href="#[4e]">FSMC_IRQHandler</a> from startup_stm32f103xg.o(.text) referenced from startup_stm32f103xg.o(RESET)
 <LI><a href="#[16]">HardFault_Handler</a> from stm32f1xx_it.o(.text.HardFault_Handler) referenced from startup_stm32f103xg.o(RESET)
 <LI><a href="#[3e]">I2C1_ER_IRQHandler</a> from startup_stm32f103xg.o(.text) referenced from startup_stm32f103xg.o(RESET)
 <LI><a href="#[3d]">I2C1_EV_IRQHandler</a> from startup_stm32f103xg.o(.text) referenced from startup_stm32f103xg.o(RESET)
 <LI><a href="#[40]">I2C2_ER_IRQHandler</a> from startup_stm32f103xg.o(.text) referenced from startup_stm32f103xg.o(RESET)
 <LI><a href="#[3f]">I2C2_EV_IRQHandler</a> from startup_stm32f103xg.o(.text) referenced from startup_stm32f103xg.o(RESET)
 <LI><a href="#[17]">MemManage_Handler</a> from stm32f1xx_it.o(.text.MemManage_Handler) referenced from startup_stm32f103xg.o(RESET)
 <LI><a href="#[15]">NMI_Handler</a> from stm32f1xx_it.o(.text.NMI_Handler) referenced from startup_stm32f103xg.o(RESET)
 <LI><a href="#[5c]">PL_ProceedStep</a> from planner.o(.text.PL_ProceedStep) referenced 2 times from planner.o(.text.PL_Planner)
 <LI><a href="#[5c]">PL_ProceedStep</a> from planner.o(.text.PL_ProceedStep) referenced 2 times from planner.o(.text.PL_ProceedStep)
 <LI><a href="#[1f]">PVD_IRQHandler</a> from startup_stm32f103xg.o(.text) referenced from startup_stm32f103xg.o(RESET)
 <LI><a href="#[1c]">PendSV_Handler</a> from stm32f1xx_it.o(.text.PendSV_Handler) referenced from startup_stm32f103xg.o(RESET)
 <LI><a href="#[23]">RCC_IRQHandler</a> from startup_stm32f103xg.o(.text) referenced from startup_stm32f103xg.o(RESET)
 <LI><a href="#[47]">RTC_Alarm_IRQHandler</a> from startup_stm32f103xg.o(.text) referenced from startup_stm32f103xg.o(RESET)
 <LI><a href="#[21]">RTC_IRQHandler</a> from stm32f1xx_it.o(.text.RTC_IRQHandler) referenced from startup_stm32f103xg.o(RESET)
 <LI><a href="#[14]">Reset_Handler</a> from startup_stm32f103xg.o(.text) referenced from startup_stm32f103xg.o(RESET)
 <LI><a href="#[4f]">SDIO_IRQHandler</a> from startup_stm32f103xg.o(.text) referenced from startup_stm32f103xg.o(RESET)
 <LI><a href="#[41]">SPI1_IRQHandler</a> from stm32f1xx_it.o(.text.SPI1_IRQHandler) referenced from startup_stm32f103xg.o(RESET)
 <LI><a href="#[42]">SPI2_IRQHandler</a> from stm32f1xx_it.o(.text.SPI2_IRQHandler) referenced from startup_stm32f103xg.o(RESET)
 <LI><a href="#[51]">SPI3_IRQHandler</a> from startup_stm32f103xg.o(.text) referenced from startup_stm32f103xg.o(RESET)
 <LI><a href="#[1a]">SVC_Handler</a> from stm32f1xx_it.o(.text.SVC_Handler) referenced from startup_stm32f103xg.o(RESET)
 <LI><a href="#[1d]">SysTick_Handler</a> from stm32f1xx_it.o(.text.SysTick_Handler) referenced from startup_stm32f103xg.o(RESET)
 <LI><a href="#[5a]">SystemInit</a> from system_stm32f1xx.o(.text.SystemInit) referenced from startup_stm32f103xg.o(.text)
 <LI><a href="#[20]">TAMPER_IRQHandler</a> from startup_stm32f103xg.o(.text) referenced from startup_stm32f103xg.o(RESET)
 <LI><a href="#[36]">TIM1_BRK_TIM9_IRQHandler</a> from startup_stm32f103xg.o(.text) referenced from startup_stm32f103xg.o(RESET)
 <LI><a href="#[39]">TIM1_CC_IRQHandler</a> from startup_stm32f103xg.o(.text) referenced from startup_stm32f103xg.o(RESET)
 <LI><a href="#[38]">TIM1_TRG_COM_TIM11_IRQHandler</a> from startup_stm32f103xg.o(.text) referenced from startup_stm32f103xg.o(RESET)
 <LI><a href="#[37]">TIM1_UP_TIM10_IRQHandler</a> from startup_stm32f103xg.o(.text) referenced from startup_stm32f103xg.o(RESET)
 <LI><a href="#[3a]">TIM2_IRQHandler</a> from startup_stm32f103xg.o(.text) referenced from startup_stm32f103xg.o(RESET)
 <LI><a href="#[3b]">TIM3_IRQHandler</a> from startup_stm32f103xg.o(.text) referenced from startup_stm32f103xg.o(RESET)
 <LI><a href="#[3c]">TIM4_IRQHandler</a> from startup_stm32f103xg.o(.text) referenced from startup_stm32f103xg.o(RESET)
 <LI><a href="#[50]">TIM5_IRQHandler</a> from startup_stm32f103xg.o(.text) referenced from startup_stm32f103xg.o(RESET)
 <LI><a href="#[54]">TIM6_IRQHandler</a> from startup_stm32f103xg.o(.text) referenced from startup_stm32f103xg.o(RESET)
 <LI><a href="#[55]">TIM7_IRQHandler</a> from startup_stm32f103xg.o(.text) referenced from startup_stm32f103xg.o(RESET)
 <LI><a href="#[49]">TIM8_BRK_TIM12_IRQHandler</a> from startup_stm32f103xg.o(.text) referenced from startup_stm32f103xg.o(RESET)
 <LI><a href="#[4c]">TIM8_CC_IRQHandler</a> from startup_stm32f103xg.o(.text) referenced from startup_stm32f103xg.o(RESET)
 <LI><a href="#[4b]">TIM8_TRG_COM_TIM14_IRQHandler</a> from startup_stm32f103xg.o(.text) referenced from startup_stm32f103xg.o(RESET)
 <LI><a href="#[4a]">TIM8_UP_TIM13_IRQHandler</a> from startup_stm32f103xg.o(.text) referenced from startup_stm32f103xg.o(RESET)
 <LI><a href="#[52]">UART4_IRQHandler</a> from startup_stm32f103xg.o(.text) referenced from startup_stm32f103xg.o(RESET)
 <LI><a href="#[53]">UART5_IRQHandler</a> from startup_stm32f103xg.o(.text) referenced from startup_stm32f103xg.o(RESET)
 <LI><a href="#[43]">USART1_IRQHandler</a> from startup_stm32f103xg.o(.text) referenced from startup_stm32f103xg.o(RESET)
 <LI><a href="#[44]">USART2_IRQHandler</a> from startup_stm32f103xg.o(.text) referenced from startup_stm32f103xg.o(RESET)
 <LI><a href="#[45]">USART3_IRQHandler</a> from startup_stm32f103xg.o(.text) referenced from startup_stm32f103xg.o(RESET)
 <LI><a href="#[48]">USBWakeUp_IRQHandler</a> from startup_stm32f103xg.o(.text) referenced from startup_stm32f103xg.o(RESET)
 <LI><a href="#[31]">USB_HP_CAN1_TX_IRQHandler</a> from startup_stm32f103xg.o(.text) referenced from startup_stm32f103xg.o(RESET)
 <LI><a href="#[32]">USB_LP_CAN1_RX0_IRQHandler</a> from startup_stm32f103xg.o(.text) referenced from startup_stm32f103xg.o(RESET)
 <LI><a href="#[19]">UsageFault_Handler</a> from stm32f1xx_it.o(.text.UsageFault_Handler) referenced from startup_stm32f103xg.o(RESET)
 <LI><a href="#[1e]">WWDG_IRQHandler</a> from startup_stm32f103xg.o(.text) referenced from startup_stm32f103xg.o(RESET)
 <LI><a href="#[5b]">__main</a> from __main.o(!!!main) referenced from startup_stm32f103xg.o(.text)
 <LI><a href="#[3]">ili9486_DisplayOff</a> from ili9486.o(.text.ili9486_DisplayOff) referenced 2 times from ili9486.o(.data.ili9486_drv)
 <LI><a href="#[2]">ili9486_DisplayOn</a> from ili9486.o(.text.ili9486_DisplayOn) referenced 2 times from ili9486.o(.data.ili9486_drv)
 <LI><a href="#[c]">ili9486_DrawBitmap</a> from ili9486.o(.text.ili9486_DrawBitmap) referenced 2 times from ili9486.o(.data.ili9486_drv)
 <LI><a href="#[8]">ili9486_DrawHLine</a> from ili9486.o(.text.ili9486_DrawHLine) referenced 2 times from ili9486.o(.data.ili9486_drv)
 <LI><a href="#[d]">ili9486_DrawRGBImage</a> from ili9486.o(.text.ili9486_DrawRGBImage) referenced 2 times from ili9486.o(.data.ili9486_drv)
 <LI><a href="#[9]">ili9486_DrawVLine</a> from ili9486.o(.text.ili9486_DrawVLine) referenced 2 times from ili9486.o(.data.ili9486_drv)
 <LI><a href="#[e]">ili9486_FillRect</a> from ili9486.o(.text.ili9486_FillRect) referenced 2 times from ili9486.o(.data.ili9486_drv)
 <LI><a href="#[b]">ili9486_GetLcdPixelHeight</a> from ili9486.o(.text.ili9486_GetLcdPixelHeight) referenced 2 times from ili9486.o(.data.ili9486_drv)
 <LI><a href="#[a]">ili9486_GetLcdPixelWidth</a> from ili9486.o(.text.ili9486_GetLcdPixelWidth) referenced 2 times from ili9486.o(.data.ili9486_drv)
 <LI><a href="#[0]">ili9486_Init</a> from ili9486.o(.text.ili9486_Init) referenced 2 times from ili9486.o(.data.ili9486_drv)
 <LI><a href="#[1]">ili9486_ReadID</a> from ili9486.o(.text.ili9486_ReadID) referenced 2 times from ili9486.o(.data.ili9486_drv)
 <LI><a href="#[6]">ili9486_ReadPixel</a> from ili9486.o(.text.ili9486_ReadPixel) referenced 2 times from ili9486.o(.data.ili9486_drv)
 <LI><a href="#[f]">ili9486_ReadRGBImage</a> from ili9486.o(.text.ili9486_ReadRGBImage) referenced 2 times from ili9486.o(.data.ili9486_drv)
 <LI><a href="#[10]">ili9486_Scroll</a> from ili9486.o(.text.ili9486_Scroll) referenced 2 times from ili9486.o(.data.ili9486_drv)
 <LI><a href="#[4]">ili9486_SetCursor</a> from ili9486.o(.text.ili9486_SetCursor) referenced 2 times from ili9486.o(.data.ili9486_drv)
 <LI><a href="#[7]">ili9486_SetDisplayWindow</a> from ili9486.o(.text.ili9486_SetDisplayWindow) referenced 2 times from ili9486.o(.data.ili9486_drv)
 <LI><a href="#[5]">ili9486_WritePixel</a> from ili9486.o(.text.ili9486_WritePixel) referenced 2 times from ili9486.o(.data.ili9486_drv)
 <LI><a href="#[12]">ili9486_ts_DetectTouch</a> from ili9486.o(.text.ili9486_ts_DetectTouch) referenced 2 times from ili9486.o(.data.ili9486_ts_drv)
 <LI><a href="#[13]">ili9486_ts_GetXY</a> from ili9486.o(.text.ili9486_ts_GetXY) referenced 2 times from ili9486.o(.data.ili9486_ts_drv)
 <LI><a href="#[11]">ili9486_ts_Init</a> from ili9486.o(.text.ili9486_ts_Init) referenced 2 times from ili9486.o(.data.ili9486_ts_drv)
</UL>
<P>
<H3>
Global Symbols
</H3>
<P><STRONG><a name="[5b]"></a>__main</STRONG> (Thumb, 8 bytes, Stack size 0 bytes, __main.o(!!!main))
<BR><BR>[Calls]<UL><LI><a href="#[5e]">&gt;&gt;</a>&nbsp;&nbsp;&nbsp;__rt_entry
<LI><a href="#[5d]">&gt;&gt;</a>&nbsp;&nbsp;&nbsp;__scatterload
</UL>
<BR>[Address Reference Count : 1]<UL><LI> startup_stm32f103xg.o(.text)
</UL>
<P><STRONG><a name="[5d]"></a>__scatterload</STRONG> (Thumb, 0 bytes, Stack size unknown bytes, __scatter.o(!!!scatter))
<BR><BR>[Called By]<UL><LI><a href="#[5b]">&gt;&gt;</a>&nbsp;&nbsp;&nbsp;__main
</UL>

<P><STRONG><a name="[5f]"></a>__scatterload_rt2</STRONG> (Thumb, 44 bytes, Stack size unknown bytes, __scatter.o(!!!scatter), UNUSED)
<BR><BR>[Calls]<UL><LI><a href="#[5e]">&gt;&gt;</a>&nbsp;&nbsp;&nbsp;__rt_entry
</UL>

<P><STRONG><a name="[130]"></a>__scatterload_rt2_thumb_only</STRONG> (Thumb, 0 bytes, Stack size unknown bytes, __scatter.o(!!!scatter), UNUSED)

<P><STRONG><a name="[131]"></a>__scatterload_null</STRONG> (Thumb, 0 bytes, Stack size unknown bytes, __scatter.o(!!!scatter), UNUSED)

<P><STRONG><a name="[132]"></a>__decompress</STRONG> (Thumb, 90 bytes, Stack size unknown bytes, __dczerorl2.o(!!dczerorl2), UNUSED)

<P><STRONG><a name="[133]"></a>__decompress1</STRONG> (Thumb, 0 bytes, Stack size unknown bytes, __dczerorl2.o(!!dczerorl2), UNUSED)

<P><STRONG><a name="[134]"></a>__scatterload_zeroinit</STRONG> (Thumb, 28 bytes, Stack size unknown bytes, __scatter_zi.o(!!handler_zi), UNUSED)

<P><STRONG><a name="[63]"></a>__rt_lib_init</STRONG> (Thumb, 0 bytes, Stack size unknown bytes, libinit.o(.ARM.Collect$$libinit$$00000000))
<BR><BR>[Called By]<UL><LI><a href="#[62]">&gt;&gt;</a>&nbsp;&nbsp;&nbsp;__rt_entry_li
</UL>

<P><STRONG><a name="[135]"></a>__rt_lib_init_alloca_1</STRONG> (Thumb, 0 bytes, Stack size unknown bytes, libinit2.o(.ARM.Collect$$libinit$$00000030))

<P><STRONG><a name="[136]"></a>__rt_lib_init_argv_1</STRONG> (Thumb, 0 bytes, Stack size unknown bytes, libinit2.o(.ARM.Collect$$libinit$$0000002E))

<P><STRONG><a name="[137]"></a>__rt_lib_init_atexit_1</STRONG> (Thumb, 0 bytes, Stack size unknown bytes, libinit2.o(.ARM.Collect$$libinit$$0000001D))

<P><STRONG><a name="[138]"></a>__rt_lib_init_clock_1</STRONG> (Thumb, 0 bytes, Stack size unknown bytes, libinit2.o(.ARM.Collect$$libinit$$00000023))

<P><STRONG><a name="[139]"></a>__rt_lib_init_cpp_1</STRONG> (Thumb, 0 bytes, Stack size unknown bytes, libinit2.o(.ARM.Collect$$libinit$$00000034))

<P><STRONG><a name="[13a]"></a>__rt_lib_init_exceptions_1</STRONG> (Thumb, 0 bytes, Stack size unknown bytes, libinit2.o(.ARM.Collect$$libinit$$00000032))

<P><STRONG><a name="[13b]"></a>__rt_lib_init_fp_1</STRONG> (Thumb, 0 bytes, Stack size unknown bytes, libinit2.o(.ARM.Collect$$libinit$$00000002))

<P><STRONG><a name="[13c]"></a>__rt_lib_init_fp_trap_1</STRONG> (Thumb, 0 bytes, Stack size unknown bytes, libinit2.o(.ARM.Collect$$libinit$$00000021))

<P><STRONG><a name="[13d]"></a>__rt_lib_init_getenv_1</STRONG> (Thumb, 0 bytes, Stack size unknown bytes, libinit2.o(.ARM.Collect$$libinit$$00000025))

<P><STRONG><a name="[13e]"></a>__rt_lib_init_heap_1</STRONG> (Thumb, 0 bytes, Stack size unknown bytes, libinit2.o(.ARM.Collect$$libinit$$0000000C))

<P><STRONG><a name="[13f]"></a>__rt_lib_init_lc_collate_1</STRONG> (Thumb, 0 bytes, Stack size unknown bytes, libinit2.o(.ARM.Collect$$libinit$$00000013))

<P><STRONG><a name="[140]"></a>__rt_lib_init_lc_ctype_1</STRONG> (Thumb, 0 bytes, Stack size unknown bytes, libinit2.o(.ARM.Collect$$libinit$$00000015))

<P><STRONG><a name="[141]"></a>__rt_lib_init_lc_monetary_1</STRONG> (Thumb, 0 bytes, Stack size unknown bytes, libinit2.o(.ARM.Collect$$libinit$$00000017))

<P><STRONG><a name="[142]"></a>__rt_lib_init_lc_numeric_1</STRONG> (Thumb, 0 bytes, Stack size unknown bytes, libinit2.o(.ARM.Collect$$libinit$$00000019))

<P><STRONG><a name="[143]"></a>__rt_lib_init_lc_time_1</STRONG> (Thumb, 0 bytes, Stack size unknown bytes, libinit2.o(.ARM.Collect$$libinit$$0000001B))

<P><STRONG><a name="[144]"></a>__rt_lib_init_preinit_1</STRONG> (Thumb, 0 bytes, Stack size unknown bytes, libinit2.o(.ARM.Collect$$libinit$$00000006))

<P><STRONG><a name="[145]"></a>__rt_lib_init_rand_1</STRONG> (Thumb, 0 bytes, Stack size unknown bytes, libinit2.o(.ARM.Collect$$libinit$$00000010))

<P><STRONG><a name="[146]"></a>__rt_lib_init_relocate_pie_1</STRONG> (Thumb, 0 bytes, Stack size unknown bytes, libinit2.o(.ARM.Collect$$libinit$$00000004))

<P><STRONG><a name="[147]"></a>__rt_lib_init_return</STRONG> (Thumb, 0 bytes, Stack size unknown bytes, libinit2.o(.ARM.Collect$$libinit$$00000035))

<P><STRONG><a name="[148]"></a>__rt_lib_init_signal_1</STRONG> (Thumb, 0 bytes, Stack size unknown bytes, libinit2.o(.ARM.Collect$$libinit$$0000001F))

<P><STRONG><a name="[149]"></a>__rt_lib_init_stdio_1</STRONG> (Thumb, 0 bytes, Stack size unknown bytes, libinit2.o(.ARM.Collect$$libinit$$00000027))

<P><STRONG><a name="[14a]"></a>__rt_lib_init_user_alloc_1</STRONG> (Thumb, 0 bytes, Stack size unknown bytes, libinit2.o(.ARM.Collect$$libinit$$0000000E))

<P><STRONG><a name="[68]"></a>__rt_lib_shutdown</STRONG> (Thumb, 0 bytes, Stack size unknown bytes, libshutdown.o(.ARM.Collect$$libshutdown$$00000000))
<BR><BR>[Called By]<UL><LI><a href="#[67]">&gt;&gt;</a>&nbsp;&nbsp;&nbsp;__rt_exit_ls
</UL>

<P><STRONG><a name="[14b]"></a>__rt_lib_shutdown_cpp_1</STRONG> (Thumb, 0 bytes, Stack size unknown bytes, libshutdown2.o(.ARM.Collect$$libshutdown$$00000002))

<P><STRONG><a name="[14c]"></a>__rt_lib_shutdown_fp_trap_1</STRONG> (Thumb, 0 bytes, Stack size unknown bytes, libshutdown2.o(.ARM.Collect$$libshutdown$$00000007))

<P><STRONG><a name="[14d]"></a>__rt_lib_shutdown_heap_1</STRONG> (Thumb, 0 bytes, Stack size unknown bytes, libshutdown2.o(.ARM.Collect$$libshutdown$$0000000F))

<P><STRONG><a name="[14e]"></a>__rt_lib_shutdown_return</STRONG> (Thumb, 0 bytes, Stack size unknown bytes, libshutdown2.o(.ARM.Collect$$libshutdown$$00000010))

<P><STRONG><a name="[14f]"></a>__rt_lib_shutdown_signal_1</STRONG> (Thumb, 0 bytes, Stack size unknown bytes, libshutdown2.o(.ARM.Collect$$libshutdown$$0000000A))

<P><STRONG><a name="[150]"></a>__rt_lib_shutdown_stdio_1</STRONG> (Thumb, 0 bytes, Stack size unknown bytes, libshutdown2.o(.ARM.Collect$$libshutdown$$00000004))

<P><STRONG><a name="[151]"></a>__rt_lib_shutdown_user_alloc_1</STRONG> (Thumb, 0 bytes, Stack size unknown bytes, libshutdown2.o(.ARM.Collect$$libshutdown$$0000000C))

<P><STRONG><a name="[5e]"></a>__rt_entry</STRONG> (Thumb, 0 bytes, Stack size unknown bytes, __rtentry.o(.ARM.Collect$$rtentry$$00000000))
<BR><BR>[Called By]<UL><LI><a href="#[5b]">&gt;&gt;</a>&nbsp;&nbsp;&nbsp;__main
<LI><a href="#[5f]">&gt;&gt;</a>&nbsp;&nbsp;&nbsp;__scatterload_rt2
</UL>

<P><STRONG><a name="[152]"></a>__rt_entry_presh_1</STRONG> (Thumb, 0 bytes, Stack size unknown bytes, __rtentry2.o(.ARM.Collect$$rtentry$$00000002))

<P><STRONG><a name="[60]"></a>__rt_entry_sh</STRONG> (Thumb, 0 bytes, Stack size unknown bytes, __rtentry4.o(.ARM.Collect$$rtentry$$00000004))
<BR><BR>[Stack]<UL><LI>Max Depth = 8 + Unknown Stack Size
<LI>Call Chain = __rt_entry_sh &rArr; __user_setup_stackheap
</UL>
<BR>[Calls]<UL><LI><a href="#[61]">&gt;&gt;</a>&nbsp;&nbsp;&nbsp;__user_setup_stackheap
</UL>

<P><STRONG><a name="[62]"></a>__rt_entry_li</STRONG> (Thumb, 0 bytes, Stack size unknown bytes, __rtentry2.o(.ARM.Collect$$rtentry$$0000000A))
<BR><BR>[Calls]<UL><LI><a href="#[63]">&gt;&gt;</a>&nbsp;&nbsp;&nbsp;__rt_lib_init
</UL>

<P><STRONG><a name="[153]"></a>__rt_entry_postsh_1</STRONG> (Thumb, 0 bytes, Stack size unknown bytes, __rtentry2.o(.ARM.Collect$$rtentry$$00000009))

<P><STRONG><a name="[64]"></a>__rt_entry_main</STRONG> (Thumb, 0 bytes, Stack size unknown bytes, __rtentry2.o(.ARM.Collect$$rtentry$$0000000D))
<BR><BR>[Stack]<UL><LI>Max Depth = 472 + Unknown Stack Size
<LI>Call Chain = __rt_entry_main &rArr; main &rArr; ShowMainFrame &rArr; ShowMenuFrame &rArr; TSF_showFrame &rArr; CAL_showFrame &rArr; createFrame &rArr; drawTextLabel &rArr; BSP_LCD_FillCircle &rArr; BSP_LCD_DrawCircle
</UL>
<BR>[Calls]<UL><LI><a href="#[65]">&gt;&gt;</a>&nbsp;&nbsp;&nbsp;main
<LI><a href="#[66]">&gt;&gt;</a>&nbsp;&nbsp;&nbsp;exit
</UL>

<P><STRONG><a name="[154]"></a>__rt_entry_postli_1</STRONG> (Thumb, 0 bytes, Stack size unknown bytes, __rtentry2.o(.ARM.Collect$$rtentry$$0000000C))

<P><STRONG><a name="[72]"></a>__rt_exit</STRONG> (Thumb, 0 bytes, Stack size unknown bytes, rtexit.o(.ARM.Collect$$rtexit$$00000000))
<BR><BR>[Called By]<UL><LI><a href="#[66]">&gt;&gt;</a>&nbsp;&nbsp;&nbsp;exit
</UL>

<P><STRONG><a name="[67]"></a>__rt_exit_ls</STRONG> (Thumb, 0 bytes, Stack size unknown bytes, rtexit2.o(.ARM.Collect$$rtexit$$00000003))
<BR><BR>[Calls]<UL><LI><a href="#[68]">&gt;&gt;</a>&nbsp;&nbsp;&nbsp;__rt_lib_shutdown
</UL>

<P><STRONG><a name="[155]"></a>__rt_exit_prels_1</STRONG> (Thumb, 0 bytes, Stack size unknown bytes, rtexit2.o(.ARM.Collect$$rtexit$$00000002))

<P><STRONG><a name="[69]"></a>__rt_exit_exit</STRONG> (Thumb, 0 bytes, Stack size unknown bytes, rtexit2.o(.ARM.Collect$$rtexit$$00000004))
<BR><BR>[Calls]<UL><LI><a href="#[6a]">&gt;&gt;</a>&nbsp;&nbsp;&nbsp;_sys_exit
</UL>

<P><STRONG><a name="[14]"></a>Reset_Handler</STRONG> (Thumb, 8 bytes, Stack size 0 bytes, startup_stm32f103xg.o(.text))
<BR>[Address Reference Count : 1]<UL><LI> startup_stm32f103xg.o(RESET)
</UL>
<P><STRONG><a name="[30]"></a>ADC1_2_IRQHandler</STRONG> (Thumb, 0 bytes, Stack size 0 bytes, startup_stm32f103xg.o(.text))
<BR><BR>[Calls]<UL><LI><a href="#[30]">&gt;&gt;</a>&nbsp;&nbsp;&nbsp;ADC1_2_IRQHandler
</UL>
<BR>[Called By]<UL><LI><a href="#[30]">&gt;&gt;</a>&nbsp;&nbsp;&nbsp;ADC1_2_IRQHandler
</UL>
<BR>[Address Reference Count : 1]<UL><LI> startup_stm32f103xg.o(RESET)
</UL>
<P><STRONG><a name="[4d]"></a>ADC3_IRQHandler</STRONG> (Thumb, 0 bytes, Stack size 0 bytes, startup_stm32f103xg.o(.text))
<BR>[Address Reference Count : 1]<UL><LI> startup_stm32f103xg.o(RESET)
</UL>
<P><STRONG><a name="[33]"></a>CAN1_RX1_IRQHandler</STRONG> (Thumb, 0 bytes, Stack size 0 bytes, startup_stm32f103xg.o(.text))
<BR>[Address Reference Count : 1]<UL><LI> startup_stm32f103xg.o(RESET)
</UL>
<P><STRONG><a name="[34]"></a>CAN1_SCE_IRQHandler</STRONG> (Thumb, 0 bytes, Stack size 0 bytes, startup_stm32f103xg.o(.text))
<BR>[Address Reference Count : 1]<UL><LI> startup_stm32f103xg.o(RESET)
</UL>
<P><STRONG><a name="[29]"></a>DMA1_Channel1_IRQHandler</STRONG> (Thumb, 0 bytes, Stack size 0 bytes, startup_stm32f103xg.o(.text))
<BR>[Address Reference Count : 1]<UL><LI> startup_stm32f103xg.o(RESET)
</UL>
<P><STRONG><a name="[2a]"></a>DMA1_Channel2_IRQHandler</STRONG> (Thumb, 0 bytes, Stack size 0 bytes, startup_stm32f103xg.o(.text))
<BR>[Address Reference Count : 1]<UL><LI> startup_stm32f103xg.o(RESET)
</UL>
<P><STRONG><a name="[2b]"></a>DMA1_Channel3_IRQHandler</STRONG> (Thumb, 0 bytes, Stack size 0 bytes, startup_stm32f103xg.o(.text))
<BR>[Address Reference Count : 1]<UL><LI> startup_stm32f103xg.o(RESET)
</UL>
<P><STRONG><a name="[2e]"></a>DMA1_Channel6_IRQHandler</STRONG> (Thumb, 0 bytes, Stack size 0 bytes, startup_stm32f103xg.o(.text))
<BR>[Address Reference Count : 1]<UL><LI> startup_stm32f103xg.o(RESET)
</UL>
<P><STRONG><a name="[2f]"></a>DMA1_Channel7_IRQHandler</STRONG> (Thumb, 0 bytes, Stack size 0 bytes, startup_stm32f103xg.o(.text))
<BR>[Address Reference Count : 1]<UL><LI> startup_stm32f103xg.o(RESET)
</UL>
<P><STRONG><a name="[56]"></a>DMA2_Channel1_IRQHandler</STRONG> (Thumb, 0 bytes, Stack size 0 bytes, startup_stm32f103xg.o(.text))
<BR>[Address Reference Count : 1]<UL><LI> startup_stm32f103xg.o(RESET)
</UL>
<P><STRONG><a name="[57]"></a>DMA2_Channel2_IRQHandler</STRONG> (Thumb, 0 bytes, Stack size 0 bytes, startup_stm32f103xg.o(.text))
<BR>[Address Reference Count : 1]<UL><LI> startup_stm32f103xg.o(RESET)
</UL>
<P><STRONG><a name="[58]"></a>DMA2_Channel3_IRQHandler</STRONG> (Thumb, 0 bytes, Stack size 0 bytes, startup_stm32f103xg.o(.text))
<BR>[Address Reference Count : 1]<UL><LI> startup_stm32f103xg.o(RESET)
</UL>
<P><STRONG><a name="[59]"></a>DMA2_Channel4_5_IRQHandler</STRONG> (Thumb, 0 bytes, Stack size 0 bytes, startup_stm32f103xg.o(.text))
<BR>[Address Reference Count : 1]<UL><LI> startup_stm32f103xg.o(RESET)
</UL>
<P><STRONG><a name="[24]"></a>EXTI0_IRQHandler</STRONG> (Thumb, 0 bytes, Stack size 0 bytes, startup_stm32f103xg.o(.text))
<BR>[Address Reference Count : 1]<UL><LI> startup_stm32f103xg.o(RESET)
</UL>
<P><STRONG><a name="[46]"></a>EXTI15_10_IRQHandler</STRONG> (Thumb, 0 bytes, Stack size 0 bytes, startup_stm32f103xg.o(.text))
<BR>[Address Reference Count : 1]<UL><LI> startup_stm32f103xg.o(RESET)
</UL>
<P><STRONG><a name="[25]"></a>EXTI1_IRQHandler</STRONG> (Thumb, 0 bytes, Stack size 0 bytes, startup_stm32f103xg.o(.text))
<BR>[Address Reference Count : 1]<UL><LI> startup_stm32f103xg.o(RESET)
</UL>
<P><STRONG><a name="[26]"></a>EXTI2_IRQHandler</STRONG> (Thumb, 0 bytes, Stack size 0 bytes, startup_stm32f103xg.o(.text))
<BR>[Address Reference Count : 1]<UL><LI> startup_stm32f103xg.o(RESET)
</UL>
<P><STRONG><a name="[28]"></a>EXTI4_IRQHandler</STRONG> (Thumb, 0 bytes, Stack size 0 bytes, startup_stm32f103xg.o(.text))
<BR>[Address Reference Count : 1]<UL><LI> startup_stm32f103xg.o(RESET)
</UL>
<P><STRONG><a name="[35]"></a>EXTI9_5_IRQHandler</STRONG> (Thumb, 0 bytes, Stack size 0 bytes, startup_stm32f103xg.o(.text))
<BR>[Address Reference Count : 1]<UL><LI> startup_stm32f103xg.o(RESET)
</UL>
<P><STRONG><a name="[22]"></a>FLASH_IRQHandler</STRONG> (Thumb, 0 bytes, Stack size 0 bytes, startup_stm32f103xg.o(.text))
<BR>[Address Reference Count : 1]<UL><LI> startup_stm32f103xg.o(RESET)
</UL>
<P><STRONG><a name="[4e]"></a>FSMC_IRQHandler</STRONG> (Thumb, 0 bytes, Stack size 0 bytes, startup_stm32f103xg.o(.text))
<BR>[Address Reference Count : 1]<UL><LI> startup_stm32f103xg.o(RESET)
</UL>
<P><STRONG><a name="[3e]"></a>I2C1_ER_IRQHandler</STRONG> (Thumb, 0 bytes, Stack size 0 bytes, startup_stm32f103xg.o(.text))
<BR>[Address Reference Count : 1]<UL><LI> startup_stm32f103xg.o(RESET)
</UL>
<P><STRONG><a name="[3d]"></a>I2C1_EV_IRQHandler</STRONG> (Thumb, 0 bytes, Stack size 0 bytes, startup_stm32f103xg.o(.text))
<BR>[Address Reference Count : 1]<UL><LI> startup_stm32f103xg.o(RESET)
</UL>
<P><STRONG><a name="[40]"></a>I2C2_ER_IRQHandler</STRONG> (Thumb, 0 bytes, Stack size 0 bytes, startup_stm32f103xg.o(.text))
<BR>[Address Reference Count : 1]<UL><LI> startup_stm32f103xg.o(RESET)
</UL>
<P><STRONG><a name="[3f]"></a>I2C2_EV_IRQHandler</STRONG> (Thumb, 0 bytes, Stack size 0 bytes, startup_stm32f103xg.o(.text))
<BR>[Address Reference Count : 1]<UL><LI> startup_stm32f103xg.o(RESET)
</UL>
<P><STRONG><a name="[1f]"></a>PVD_IRQHandler</STRONG> (Thumb, 0 bytes, Stack size 0 bytes, startup_stm32f103xg.o(.text))
<BR>[Address Reference Count : 1]<UL><LI> startup_stm32f103xg.o(RESET)
</UL>
<P><STRONG><a name="[23]"></a>RCC_IRQHandler</STRONG> (Thumb, 0 bytes, Stack size 0 bytes, startup_stm32f103xg.o(.text))
<BR>[Address Reference Count : 1]<UL><LI> startup_stm32f103xg.o(RESET)
</UL>
<P><STRONG><a name="[47]"></a>RTC_Alarm_IRQHandler</STRONG> (Thumb, 0 bytes, Stack size 0 bytes, startup_stm32f103xg.o(.text))
<BR>[Address Reference Count : 1]<UL><LI> startup_stm32f103xg.o(RESET)
</UL>
<P><STRONG><a name="[4f]"></a>SDIO_IRQHandler</STRONG> (Thumb, 0 bytes, Stack size 0 bytes, startup_stm32f103xg.o(.text))
<BR>[Address Reference Count : 1]<UL><LI> startup_stm32f103xg.o(RESET)
</UL>
<P><STRONG><a name="[51]"></a>SPI3_IRQHandler</STRONG> (Thumb, 0 bytes, Stack size 0 bytes, startup_stm32f103xg.o(.text))
<BR>[Address Reference Count : 1]<UL><LI> startup_stm32f103xg.o(RESET)
</UL>
<P><STRONG><a name="[20]"></a>TAMPER_IRQHandler</STRONG> (Thumb, 0 bytes, Stack size 0 bytes, startup_stm32f103xg.o(.text))
<BR>[Address Reference Count : 1]<UL><LI> startup_stm32f103xg.o(RESET)
</UL>
<P><STRONG><a name="[36]"></a>TIM1_BRK_TIM9_IRQHandler</STRONG> (Thumb, 0 bytes, Stack size 0 bytes, startup_stm32f103xg.o(.text))
<BR>[Address Reference Count : 1]<UL><LI> startup_stm32f103xg.o(RESET)
</UL>
<P><STRONG><a name="[39]"></a>TIM1_CC_IRQHandler</STRONG> (Thumb, 0 bytes, Stack size 0 bytes, startup_stm32f103xg.o(.text))
<BR>[Address Reference Count : 1]<UL><LI> startup_stm32f103xg.o(RESET)
</UL>
<P><STRONG><a name="[38]"></a>TIM1_TRG_COM_TIM11_IRQHandler</STRONG> (Thumb, 0 bytes, Stack size 0 bytes, startup_stm32f103xg.o(.text))
<BR>[Address Reference Count : 1]<UL><LI> startup_stm32f103xg.o(RESET)
</UL>
<P><STRONG><a name="[37]"></a>TIM1_UP_TIM10_IRQHandler</STRONG> (Thumb, 0 bytes, Stack size 0 bytes, startup_stm32f103xg.o(.text))
<BR>[Address Reference Count : 1]<UL><LI> startup_stm32f103xg.o(RESET)
</UL>
<P><STRONG><a name="[3a]"></a>TIM2_IRQHandler</STRONG> (Thumb, 0 bytes, Stack size 0 bytes, startup_stm32f103xg.o(.text))
<BR>[Address Reference Count : 1]<UL><LI> startup_stm32f103xg.o(RESET)
</UL>
<P><STRONG><a name="[3b]"></a>TIM3_IRQHandler</STRONG> (Thumb, 0 bytes, Stack size 0 bytes, startup_stm32f103xg.o(.text))
<BR>[Address Reference Count : 1]<UL><LI> startup_stm32f103xg.o(RESET)
</UL>
<P><STRONG><a name="[3c]"></a>TIM4_IRQHandler</STRONG> (Thumb, 0 bytes, Stack size 0 bytes, startup_stm32f103xg.o(.text))
<BR>[Address Reference Count : 1]<UL><LI> startup_stm32f103xg.o(RESET)
</UL>
<P><STRONG><a name="[50]"></a>TIM5_IRQHandler</STRONG> (Thumb, 0 bytes, Stack size 0 bytes, startup_stm32f103xg.o(.text))
<BR>[Address Reference Count : 1]<UL><LI> startup_stm32f103xg.o(RESET)
</UL>
<P><STRONG><a name="[54]"></a>TIM6_IRQHandler</STRONG> (Thumb, 0 bytes, Stack size 0 bytes, startup_stm32f103xg.o(.text))
<BR>[Address Reference Count : 1]<UL><LI> startup_stm32f103xg.o(RESET)
</UL>
<P><STRONG><a name="[55]"></a>TIM7_IRQHandler</STRONG> (Thumb, 0 bytes, Stack size 0 bytes, startup_stm32f103xg.o(.text))
<BR>[Address Reference Count : 1]<UL><LI> startup_stm32f103xg.o(RESET)
</UL>
<P><STRONG><a name="[49]"></a>TIM8_BRK_TIM12_IRQHandler</STRONG> (Thumb, 0 bytes, Stack size 0 bytes, startup_stm32f103xg.o(.text))
<BR>[Address Reference Count : 1]<UL><LI> startup_stm32f103xg.o(RESET)
</UL>
<P><STRONG><a name="[4c]"></a>TIM8_CC_IRQHandler</STRONG> (Thumb, 0 bytes, Stack size 0 bytes, startup_stm32f103xg.o(.text))
<BR>[Address Reference Count : 1]<UL><LI> startup_stm32f103xg.o(RESET)
</UL>
<P><STRONG><a name="[4b]"></a>TIM8_TRG_COM_TIM14_IRQHandler</STRONG> (Thumb, 0 bytes, Stack size 0 bytes, startup_stm32f103xg.o(.text))
<BR>[Address Reference Count : 1]<UL><LI> startup_stm32f103xg.o(RESET)
</UL>
<P><STRONG><a name="[4a]"></a>TIM8_UP_TIM13_IRQHandler</STRONG> (Thumb, 0 bytes, Stack size 0 bytes, startup_stm32f103xg.o(.text))
<BR>[Address Reference Count : 1]<UL><LI> startup_stm32f103xg.o(RESET)
</UL>
<P><STRONG><a name="[52]"></a>UART4_IRQHandler</STRONG> (Thumb, 0 bytes, Stack size 0 bytes, startup_stm32f103xg.o(.text))
<BR>[Address Reference Count : 1]<UL><LI> startup_stm32f103xg.o(RESET)
</UL>
<P><STRONG><a name="[53]"></a>UART5_IRQHandler</STRONG> (Thumb, 0 bytes, Stack size 0 bytes, startup_stm32f103xg.o(.text))
<BR>[Address Reference Count : 1]<UL><LI> startup_stm32f103xg.o(RESET)
</UL>
<P><STRONG><a name="[43]"></a>USART1_IRQHandler</STRONG> (Thumb, 0 bytes, Stack size 0 bytes, startup_stm32f103xg.o(.text))
<BR>[Address Reference Count : 1]<UL><LI> startup_stm32f103xg.o(RESET)
</UL>
<P><STRONG><a name="[44]"></a>USART2_IRQHandler</STRONG> (Thumb, 0 bytes, Stack size 0 bytes, startup_stm32f103xg.o(.text))
<BR>[Address Reference Count : 1]<UL><LI> startup_stm32f103xg.o(RESET)
</UL>
<P><STRONG><a name="[45]"></a>USART3_IRQHandler</STRONG> (Thumb, 0 bytes, Stack size 0 bytes, startup_stm32f103xg.o(.text))
<BR>[Address Reference Count : 1]<UL><LI> startup_stm32f103xg.o(RESET)
</UL>
<P><STRONG><a name="[48]"></a>USBWakeUp_IRQHandler</STRONG> (Thumb, 0 bytes, Stack size 0 bytes, startup_stm32f103xg.o(.text))
<BR>[Address Reference Count : 1]<UL><LI> startup_stm32f103xg.o(RESET)
</UL>
<P><STRONG><a name="[31]"></a>USB_HP_CAN1_TX_IRQHandler</STRONG> (Thumb, 0 bytes, Stack size 0 bytes, startup_stm32f103xg.o(.text))
<BR>[Address Reference Count : 1]<UL><LI> startup_stm32f103xg.o(RESET)
</UL>
<P><STRONG><a name="[32]"></a>USB_LP_CAN1_RX0_IRQHandler</STRONG> (Thumb, 0 bytes, Stack size 0 bytes, startup_stm32f103xg.o(.text))
<BR>[Address Reference Count : 1]<UL><LI> startup_stm32f103xg.o(RESET)
</UL>
<P><STRONG><a name="[1e]"></a>WWDG_IRQHandler</STRONG> (Thumb, 0 bytes, Stack size 0 bytes, startup_stm32f103xg.o(.text))
<BR>[Address Reference Count : 1]<UL><LI> startup_stm32f103xg.o(RESET)
</UL>
<P><STRONG><a name="[71]"></a>__user_initial_stackheap</STRONG> (Thumb, 0 bytes, Stack size unknown bytes, startup_stm32f103xg.o(.text))
<BR><BR>[Called By]<UL><LI><a href="#[61]">&gt;&gt;</a>&nbsp;&nbsp;&nbsp;__user_setup_stackheap
</UL>

<P><STRONG><a name="[c2]"></a>__aeabi_memcpy4</STRONG> (Thumb, 0 bytes, Stack size 8 bytes, rt_memcpy_w.o(.text))
<BR><BR>[Stack]<UL><LI>Max Depth = 8<LI>Call Chain = __aeabi_memcpy4
</UL>
<BR>[Called By]<UL><LI><a href="#[5c]">&gt;&gt;</a>&nbsp;&nbsp;&nbsp;PL_ProceedStep
<LI><a href="#[f6]">&gt;&gt;</a>&nbsp;&nbsp;&nbsp;copyTasksToFlash
<LI><a href="#[c0]">&gt;&gt;</a>&nbsp;&nbsp;&nbsp;PL_Init
</UL>

<P><STRONG><a name="[156]"></a>__aeabi_memcpy8</STRONG> (Thumb, 0 bytes, Stack size 8 bytes, rt_memcpy_w.o(.text), UNUSED)

<P><STRONG><a name="[157]"></a>__rt_memcpy_w</STRONG> (Thumb, 100 bytes, Stack size 8 bytes, rt_memcpy_w.o(.text), UNUSED)

<P><STRONG><a name="[158]"></a>_memcpy_lastbytes_aligned</STRONG> (Thumb, 0 bytes, Stack size unknown bytes, rt_memcpy_w.o(.text), UNUSED)

<P><STRONG><a name="[6f]"></a>__aeabi_memclr4</STRONG> (Thumb, 0 bytes, Stack size unknown bytes, rt_memclr_w.o(.text))
<BR><BR>[Called By]<UL><LI><a href="#[af]">&gt;&gt;</a>&nbsp;&nbsp;&nbsp;MX_SPI3_Init
<LI><a href="#[ae]">&gt;&gt;</a>&nbsp;&nbsp;&nbsp;MX_SPI2_Init
<LI><a href="#[ad]">&gt;&gt;</a>&nbsp;&nbsp;&nbsp;MX_SPI1_Init
<LI><a href="#[6c]">&gt;&gt;</a>&nbsp;&nbsp;&nbsp;_localtime_r
</UL>

<P><STRONG><a name="[159]"></a>__aeabi_memclr8</STRONG> (Thumb, 0 bytes, Stack size unknown bytes, rt_memclr_w.o(.text), UNUSED)

<P><STRONG><a name="[15a]"></a>__rt_memclr_w</STRONG> (Thumb, 0 bytes, Stack size unknown bytes, rt_memclr_w.o(.text), UNUSED)

<P><STRONG><a name="[15b]"></a>_memset_w</STRONG> (Thumb, 74 bytes, Stack size 4 bytes, rt_memclr_w.o(.text), UNUSED)

<P><STRONG><a name="[6b]"></a>localtime</STRONG> (Thumb, 6 bytes, Stack size 0 bytes, localtime.o(.text))
<BR><BR>[Stack]<UL><LI>Max Depth = 16 + Unknown Stack Size
<LI>Call Chain = localtime &rArr; _localtime_r
</UL>
<BR>[Calls]<UL><LI><a href="#[6c]">&gt;&gt;</a>&nbsp;&nbsp;&nbsp;_localtime_r
</UL>
<BR>[Called By]<UL><LI><a href="#[c1]">&gt;&gt;</a>&nbsp;&nbsp;&nbsp;intToWTCTime
<LI><a href="#[113]">&gt;&gt;</a>&nbsp;&nbsp;&nbsp;Time_init
</UL>

<P><STRONG><a name="[6d]"></a>mktime</STRONG> (Thumb, 352 bytes, Stack size 56 bytes, mktime.o(.text))
<BR><BR>[Stack]<UL><LI>Max Depth = 64<LI>Call Chain = mktime &rArr; _tm_carry
</UL>
<BR>[Calls]<UL><LI><a href="#[6e]">&gt;&gt;</a>&nbsp;&nbsp;&nbsp;_tm_carry
</UL>
<BR>[Called By]<UL><LI><a href="#[cd]">&gt;&gt;</a>&nbsp;&nbsp;&nbsp;setAlarm
<LI><a href="#[c5]">&gt;&gt;</a>&nbsp;&nbsp;&nbsp;wtcTimeToInt
<LI><a href="#[112]">&gt;&gt;</a>&nbsp;&nbsp;&nbsp;setSysTime
</UL>

<P><STRONG><a name="[15c]"></a>__use_two_region_memory</STRONG> (Thumb, 2 bytes, Stack size 0 bytes, heapauxi.o(.text), UNUSED)

<P><STRONG><a name="[15d]"></a>__rt_heap_escrow</STRONG> (Thumb, 2 bytes, Stack size 0 bytes, heapauxi.o(.text), UNUSED)

<P><STRONG><a name="[15e]"></a>__rt_heap_expand</STRONG> (Thumb, 2 bytes, Stack size 0 bytes, heapauxi.o(.text), UNUSED)

<P><STRONG><a name="[6c]"></a>_localtime_r</STRONG> (Thumb, 178 bytes, Stack size 16 bytes, localtime_internal.o(.text))
<BR><BR>[Stack]<UL><LI>Max Depth = 16 + Unknown Stack Size
<LI>Call Chain = _localtime_r
</UL>
<BR>[Calls]<UL><LI><a href="#[6f]">&gt;&gt;</a>&nbsp;&nbsp;&nbsp;__aeabi_memclr4
</UL>
<BR>[Called By]<UL><LI><a href="#[6b]">&gt;&gt;</a>&nbsp;&nbsp;&nbsp;localtime
</UL>

<P><STRONG><a name="[15f]"></a>_n$localtime_r</STRONG> (Thumb, 0 bytes, Stack size 16 bytes, localtime_internal.o(.text), UNUSED)

<P><STRONG><a name="[160]"></a>__user_libspace</STRONG> (Thumb, 8 bytes, Stack size 0 bytes, libspace.o(.text), UNUSED)

<P><STRONG><a name="[70]"></a>__user_perproc_libspace</STRONG> (Thumb, 0 bytes, Stack size 0 bytes, libspace.o(.text))
<BR><BR>[Called By]<UL><LI><a href="#[61]">&gt;&gt;</a>&nbsp;&nbsp;&nbsp;__user_setup_stackheap
</UL>

<P><STRONG><a name="[161]"></a>__user_perthread_libspace</STRONG> (Thumb, 0 bytes, Stack size 0 bytes, libspace.o(.text), UNUSED)

<P><STRONG><a name="[162]"></a>__I$use$semihosting</STRONG> (Thumb, 0 bytes, Stack size 0 bytes, use_no_semi.o(.text), UNUSED)

<P><STRONG><a name="[163]"></a>__use_no_semihosting_swi</STRONG> (Thumb, 2 bytes, Stack size 0 bytes, use_no_semi.o(.text), UNUSED)

<P><STRONG><a name="[164]"></a>__semihosting_library_function</STRONG> (Thumb, 0 bytes, Stack size 8 bytes, indicate_semi.o(.text), UNUSED)

<P><STRONG><a name="[61]"></a>__user_setup_stackheap</STRONG> (Thumb, 74 bytes, Stack size 8 bytes, sys_stackheap_outer.o(.text))
<BR><BR>[Stack]<UL><LI>Max Depth = 8 + Unknown Stack Size
<LI>Call Chain = __user_setup_stackheap
</UL>
<BR>[Calls]<UL><LI><a href="#[71]">&gt;&gt;</a>&nbsp;&nbsp;&nbsp;__user_initial_stackheap
<LI><a href="#[70]">&gt;&gt;</a>&nbsp;&nbsp;&nbsp;__user_perproc_libspace
</UL>
<BR>[Called By]<UL><LI><a href="#[60]">&gt;&gt;</a>&nbsp;&nbsp;&nbsp;__rt_entry_sh
</UL>

<P><STRONG><a name="[66]"></a>exit</STRONG> (Thumb, 18 bytes, Stack size 8 bytes, exit.o(.text))
<BR><BR>[Stack]<UL><LI>Max Depth = 8 + Unknown Stack Size
<LI>Call Chain = exit
</UL>
<BR>[Calls]<UL><LI><a href="#[72]">&gt;&gt;</a>&nbsp;&nbsp;&nbsp;__rt_exit
</UL>
<BR>[Called By]<UL><LI><a href="#[64]">&gt;&gt;</a>&nbsp;&nbsp;&nbsp;__rt_entry_main
</UL>

<P><STRONG><a name="[6a]"></a>_sys_exit</STRONG> (Thumb, 8 bytes, Stack size 0 bytes, sys_exit.o(.text))
<BR><BR>[Called By]<UL><LI><a href="#[69]">&gt;&gt;</a>&nbsp;&nbsp;&nbsp;__rt_exit_exit
</UL>

<P><STRONG><a name="[df]"></a>BSP_LCD_Clear</STRONG> (Thumb, 46 bytes, Stack size 24 bytes, stm32_adafruit_lcd.o(.text.BSP_LCD_Clear))
<BR><BR>[Stack]<UL><LI>Max Depth = 24<LI>Call Chain = BSP_LCD_Clear
</UL>
<BR>[Called By]<UL><LI><a href="#[e3]">&gt;&gt;</a>&nbsp;&nbsp;&nbsp;SERV_TS_TEST
<LI><a href="#[7a]">&gt;&gt;</a>&nbsp;&nbsp;&nbsp;SERV_TS_CALIB
<LI><a href="#[126]">&gt;&gt;</a>&nbsp;&nbsp;&nbsp;initGUI
<LI><a href="#[65]">&gt;&gt;</a>&nbsp;&nbsp;&nbsp;main
<LI><a href="#[12f]">&gt;&gt;</a>&nbsp;&nbsp;&nbsp;showServiceDateSelectFrame
<LI><a href="#[116]">&gt;&gt;</a>&nbsp;&nbsp;&nbsp;createFrame
<LI><a href="#[10a]">&gt;&gt;</a>&nbsp;&nbsp;&nbsp;createFrame
<LI><a href="#[108]">&gt;&gt;</a>&nbsp;&nbsp;&nbsp;createFrame
<LI><a href="#[102]">&gt;&gt;</a>&nbsp;&nbsp;&nbsp;createFrame
<LI><a href="#[104]">&gt;&gt;</a>&nbsp;&nbsp;&nbsp;showLoadTypeFrame
<LI><a href="#[bc]">&gt;&gt;</a>&nbsp;&nbsp;&nbsp;createPinFrame
<LI><a href="#[f2]">&gt;&gt;</a>&nbsp;&nbsp;&nbsp;createFrame
<LI><a href="#[f5]">&gt;&gt;</a>&nbsp;&nbsp;&nbsp;createFrame
<LI><a href="#[86]">&gt;&gt;</a>&nbsp;&nbsp;&nbsp;createFrame
<LI><a href="#[7c]">&gt;&gt;</a>&nbsp;&nbsp;&nbsp;createFrame
<LI><a href="#[10f]">&gt;&gt;</a>&nbsp;&nbsp;&nbsp;createFrame
<LI><a href="#[e7]">&gt;&gt;</a>&nbsp;&nbsp;&nbsp;ShowAlarmNotiServiceFrame
</UL>

<P><STRONG><a name="[74]"></a>BSP_LCD_DisplayChar</STRONG> (Thumb, 340 bytes, Stack size 56 bytes, stm32_adafruit_lcd.o(.text.BSP_LCD_DisplayChar))
<BR><BR>[Stack]<UL><LI>Max Depth = 56<LI>Call Chain = BSP_LCD_DisplayChar
</UL>
<BR>[Called By]<UL><LI><a href="#[73]">&gt;&gt;</a>&nbsp;&nbsp;&nbsp;BSP_LCD_DisplayStringAt
</UL>

<P><STRONG><a name="[73]"></a>BSP_LCD_DisplayStringAt</STRONG> (Thumb, 430 bytes, Stack size 40 bytes, stm32_adafruit_lcd.o(.text.BSP_LCD_DisplayStringAt))
<BR><BR>[Stack]<UL><LI>Max Depth = 96<LI>Call Chain = BSP_LCD_DisplayStringAt &rArr; BSP_LCD_DisplayChar
</UL>
<BR>[Calls]<UL><LI><a href="#[74]">&gt;&gt;</a>&nbsp;&nbsp;&nbsp;BSP_LCD_DisplayChar
</UL>
<BR>[Called By]<UL><LI><a href="#[7e]">&gt;&gt;</a>&nbsp;&nbsp;&nbsp;drawClock
<LI><a href="#[e5]">&gt;&gt;</a>&nbsp;&nbsp;&nbsp;drawFillButton
<LI><a href="#[dd]">&gt;&gt;</a>&nbsp;&nbsp;&nbsp;SERV_PRINT_TOUCH_INFO
<LI><a href="#[f0]">&gt;&gt;</a>&nbsp;&nbsp;&nbsp;drawStatusBarLabel
<LI><a href="#[f9]">&gt;&gt;</a>&nbsp;&nbsp;&nbsp;drawStatusBarOkCancel
<LI><a href="#[e9]">&gt;&gt;</a>&nbsp;&nbsp;&nbsp;drawMainBar
<LI><a href="#[82]">&gt;&gt;</a>&nbsp;&nbsp;&nbsp;drawDarkTextLabel
<LI><a href="#[88]">&gt;&gt;</a>&nbsp;&nbsp;&nbsp;drawTextLabel
<LI><a href="#[12f]">&gt;&gt;</a>&nbsp;&nbsp;&nbsp;showServiceDateSelectFrame
<LI><a href="#[116]">&gt;&gt;</a>&nbsp;&nbsp;&nbsp;createFrame
<LI><a href="#[10a]">&gt;&gt;</a>&nbsp;&nbsp;&nbsp;createFrame
<LI><a href="#[102]">&gt;&gt;</a>&nbsp;&nbsp;&nbsp;createFrame
<LI><a href="#[d9]">&gt;&gt;</a>&nbsp;&nbsp;&nbsp;RefreshScrollBarServiceMenuFrame
<LI><a href="#[104]">&gt;&gt;</a>&nbsp;&nbsp;&nbsp;showLoadTypeFrame
<LI><a href="#[103]">&gt;&gt;</a>&nbsp;&nbsp;&nbsp;createFrame
<LI><a href="#[bc]">&gt;&gt;</a>&nbsp;&nbsp;&nbsp;createPinFrame
<LI><a href="#[db]">&gt;&gt;</a>&nbsp;&nbsp;&nbsp;RefreshScrollBarSofteningFrame
<LI><a href="#[107]">&gt;&gt;</a>&nbsp;&nbsp;&nbsp;createFrame
<LI><a href="#[f5]">&gt;&gt;</a>&nbsp;&nbsp;&nbsp;createFrame
<LI><a href="#[86]">&gt;&gt;</a>&nbsp;&nbsp;&nbsp;createFrame
<LI><a href="#[7c]">&gt;&gt;</a>&nbsp;&nbsp;&nbsp;createFrame
<LI><a href="#[f8]">&gt;&gt;</a>&nbsp;&nbsp;&nbsp;showRemeiningTime
<LI><a href="#[ee]">&gt;&gt;</a>&nbsp;&nbsp;&nbsp;showRemeiningTime
<LI><a href="#[d5]">&gt;&gt;</a>&nbsp;&nbsp;&nbsp;RefreshScrollBarMenuFrame
<LI><a href="#[fe]">&gt;&gt;</a>&nbsp;&nbsp;&nbsp;createFrame
<LI><a href="#[cf]">&gt;&gt;</a>&nbsp;&nbsp;&nbsp;PrintResultFromKeyboard
<LI><a href="#[83]">&gt;&gt;</a>&nbsp;&nbsp;&nbsp;ShowKeyboardFrame
<LI><a href="#[fd]">&gt;&gt;</a>&nbsp;&nbsp;&nbsp;ShowMenuFrame
<LI><a href="#[fc]">&gt;&gt;</a>&nbsp;&nbsp;&nbsp;ShowServiceMenuFrame
<LI><a href="#[bb]">&gt;&gt;</a>&nbsp;&nbsp;&nbsp;PIN_showFrame
<LI><a href="#[e7]">&gt;&gt;</a>&nbsp;&nbsp;&nbsp;ShowAlarmNotiServiceFrame
</UL>

<P><STRONG><a name="[11d]"></a>BSP_LCD_DrawBitmap</STRONG> (Thumb, 102 bytes, Stack size 24 bytes, stm32_adafruit_lcd.o(.text.BSP_LCD_DrawBitmap))
<BR><BR>[Stack]<UL><LI>Max Depth = 24<LI>Call Chain = BSP_LCD_DrawBitmap
</UL>
<BR>[Called By]<UL><LI><a href="#[126]">&gt;&gt;</a>&nbsp;&nbsp;&nbsp;initGUI
<LI><a href="#[d7]">&gt;&gt;</a>&nbsp;&nbsp;&nbsp;drawScrollButton
<LI><a href="#[e9]">&gt;&gt;</a>&nbsp;&nbsp;&nbsp;drawMainBar
</UL>

<P><STRONG><a name="[76]"></a>BSP_LCD_DrawCircle</STRONG> (Thumb, 298 bytes, Stack size 56 bytes, stm32_adafruit_lcd.o(.text.BSP_LCD_DrawCircle))
<BR><BR>[Stack]<UL><LI>Max Depth = 56<LI>Call Chain = BSP_LCD_DrawCircle
</UL>
<BR>[Called By]<UL><LI><a href="#[75]">&gt;&gt;</a>&nbsp;&nbsp;&nbsp;BSP_LCD_FillCircle
</UL>

<P><STRONG><a name="[bf]"></a>BSP_LCD_DrawHLine</STRONG> (Thumb, 108 bytes, Stack size 32 bytes, stm32_adafruit_lcd.o(.text.BSP_LCD_DrawHLine))
<BR><BR>[Stack]<UL><LI>Max Depth = 32<LI>Call Chain = BSP_LCD_DrawHLine
</UL>
<BR>[Called By]<UL><LI><a href="#[7a]">&gt;&gt;</a>&nbsp;&nbsp;&nbsp;SERV_TS_CALIB
<LI><a href="#[bb]">&gt;&gt;</a>&nbsp;&nbsp;&nbsp;PIN_showFrame
</UL>

<P><STRONG><a name="[ef]"></a>BSP_LCD_DrawLine</STRONG> (Thumb, 194 bytes, Stack size 48 bytes, stm32_adafruit_lcd.o(.text.BSP_LCD_DrawLine))
<BR><BR>[Stack]<UL><LI>Max Depth = 48<LI>Call Chain = BSP_LCD_DrawLine
</UL>
<BR>[Called By]<UL><LI><a href="#[f7]">&gt;&gt;</a>&nbsp;&nbsp;&nbsp;ShowForcedRegenCustFrame
<LI><a href="#[d8]">&gt;&gt;</a>&nbsp;&nbsp;&nbsp;drawStaticLines
<LI><a href="#[ec]">&gt;&gt;</a>&nbsp;&nbsp;&nbsp;ShowDelayedRegenCustFrame
<LI><a href="#[83]">&gt;&gt;</a>&nbsp;&nbsp;&nbsp;ShowKeyboardFrame
</UL>

<P><STRONG><a name="[e0]"></a>BSP_LCD_DrawVLine</STRONG> (Thumb, 108 bytes, Stack size 32 bytes, stm32_adafruit_lcd.o(.text.BSP_LCD_DrawVLine))
<BR><BR>[Stack]<UL><LI>Max Depth = 32<LI>Call Chain = BSP_LCD_DrawVLine
</UL>
<BR>[Called By]<UL><LI><a href="#[7a]">&gt;&gt;</a>&nbsp;&nbsp;&nbsp;SERV_TS_CALIB
</UL>

<P><STRONG><a name="[75]"></a>BSP_LCD_FillCircle</STRONG> (Thumb, 492 bytes, Stack size 64 bytes, stm32_adafruit_lcd.o(.text.BSP_LCD_FillCircle))
<BR><BR>[Stack]<UL><LI>Max Depth = 120<LI>Call Chain = BSP_LCD_FillCircle &rArr; BSP_LCD_DrawCircle
</UL>
<BR>[Calls]<UL><LI><a href="#[76]">&gt;&gt;</a>&nbsp;&nbsp;&nbsp;BSP_LCD_DrawCircle
</UL>
<BR>[Called By]<UL><LI><a href="#[e5]">&gt;&gt;</a>&nbsp;&nbsp;&nbsp;drawFillButton
<LI><a href="#[d7]">&gt;&gt;</a>&nbsp;&nbsp;&nbsp;drawScrollButton
<LI><a href="#[82]">&gt;&gt;</a>&nbsp;&nbsp;&nbsp;drawDarkTextLabel
<LI><a href="#[88]">&gt;&gt;</a>&nbsp;&nbsp;&nbsp;drawTextLabel
<LI><a href="#[d0]">&gt;&gt;</a>&nbsp;&nbsp;&nbsp;drawFillArcRec
<LI><a href="#[f8]">&gt;&gt;</a>&nbsp;&nbsp;&nbsp;showRemeiningTime
<LI><a href="#[ee]">&gt;&gt;</a>&nbsp;&nbsp;&nbsp;showRemeiningTime
</UL>

<P><STRONG><a name="[d4]"></a>BSP_LCD_FillRect</STRONG> (Thumb, 42 bytes, Stack size 16 bytes, stm32_adafruit_lcd.o(.text.BSP_LCD_FillRect))
<BR><BR>[Stack]<UL><LI>Max Depth = 16<LI>Call Chain = BSP_LCD_FillRect
</UL>
<BR>[Called By]<UL><LI><a href="#[e5]">&gt;&gt;</a>&nbsp;&nbsp;&nbsp;drawFillButton
<LI><a href="#[dd]">&gt;&gt;</a>&nbsp;&nbsp;&nbsp;SERV_PRINT_TOUCH_INFO
<LI><a href="#[d7]">&gt;&gt;</a>&nbsp;&nbsp;&nbsp;drawScrollButton
<LI><a href="#[ea]">&gt;&gt;</a>&nbsp;&nbsp;&nbsp;drawStatusBarEmpty
<LI><a href="#[f0]">&gt;&gt;</a>&nbsp;&nbsp;&nbsp;drawStatusBarLabel
<LI><a href="#[f9]">&gt;&gt;</a>&nbsp;&nbsp;&nbsp;drawStatusBarOkCancel
<LI><a href="#[ed]">&gt;&gt;</a>&nbsp;&nbsp;&nbsp;drawMainWindow
<LI><a href="#[e9]">&gt;&gt;</a>&nbsp;&nbsp;&nbsp;drawMainBar
<LI><a href="#[82]">&gt;&gt;</a>&nbsp;&nbsp;&nbsp;drawDarkTextLabel
<LI><a href="#[88]">&gt;&gt;</a>&nbsp;&nbsp;&nbsp;drawTextLabel
<LI><a href="#[d0]">&gt;&gt;</a>&nbsp;&nbsp;&nbsp;drawFillArcRec
<LI><a href="#[f8]">&gt;&gt;</a>&nbsp;&nbsp;&nbsp;showRemeiningTime
<LI><a href="#[ee]">&gt;&gt;</a>&nbsp;&nbsp;&nbsp;showRemeiningTime
<LI><a href="#[d2]">&gt;&gt;</a>&nbsp;&nbsp;&nbsp;RefreshCursor
<LI><a href="#[83]">&gt;&gt;</a>&nbsp;&nbsp;&nbsp;ShowKeyboardFrame
</UL>

<P><STRONG><a name="[e4]"></a>BSP_LCD_GetBackColor</STRONG> (Thumb, 12 bytes, Stack size 0 bytes, stm32_adafruit_lcd.o(.text.BSP_LCD_GetBackColor))
<BR><BR>[Called By]<UL><LI><a href="#[7e]">&gt;&gt;</a>&nbsp;&nbsp;&nbsp;drawClock
<LI><a href="#[e3]">&gt;&gt;</a>&nbsp;&nbsp;&nbsp;SERV_TS_TEST
<LI><a href="#[d0]">&gt;&gt;</a>&nbsp;&nbsp;&nbsp;drawFillArcRec
</UL>

<P><STRONG><a name="[87]"></a>BSP_LCD_GetFont</STRONG> (Thumb, 12 bytes, Stack size 0 bytes, stm32_adafruit_lcd.o(.text.BSP_LCD_GetFont))
<BR><BR>[Called By]<UL><LI><a href="#[e3]">&gt;&gt;</a>&nbsp;&nbsp;&nbsp;SERV_TS_TEST
<LI><a href="#[7a]">&gt;&gt;</a>&nbsp;&nbsp;&nbsp;SERV_TS_CALIB
<LI><a href="#[bc]">&gt;&gt;</a>&nbsp;&nbsp;&nbsp;createPinFrame
<LI><a href="#[86]">&gt;&gt;</a>&nbsp;&nbsp;&nbsp;createFrame
<LI><a href="#[85]">&gt;&gt;</a>&nbsp;&nbsp;&nbsp;CSF_showFrame
<LI><a href="#[110]">&gt;&gt;</a>&nbsp;&nbsp;&nbsp;drawMidClock
<LI><a href="#[10f]">&gt;&gt;</a>&nbsp;&nbsp;&nbsp;createFrame
<LI><a href="#[ff]">&gt;&gt;</a>&nbsp;&nbsp;&nbsp;TSF_showFrame
<LI><a href="#[83]">&gt;&gt;</a>&nbsp;&nbsp;&nbsp;ShowKeyboardFrame
</UL>

<P><STRONG><a name="[d3]"></a>BSP_LCD_GetTextColor</STRONG> (Thumb, 12 bytes, Stack size 0 bytes, stm32_adafruit_lcd.o(.text.BSP_LCD_GetTextColor))
<BR><BR>[Called By]<UL><LI><a href="#[7e]">&gt;&gt;</a>&nbsp;&nbsp;&nbsp;drawClock
<LI><a href="#[e3]">&gt;&gt;</a>&nbsp;&nbsp;&nbsp;SERV_TS_TEST
<LI><a href="#[dd]">&gt;&gt;</a>&nbsp;&nbsp;&nbsp;SERV_PRINT_TOUCH_INFO
<LI><a href="#[d0]">&gt;&gt;</a>&nbsp;&nbsp;&nbsp;drawFillArcRec
<LI><a href="#[d2]">&gt;&gt;</a>&nbsp;&nbsp;&nbsp;RefreshCursor
</UL>

<P><STRONG><a name="[7f]"></a>BSP_LCD_GetXSize</STRONG> (Thumb, 14 bytes, Stack size 0 bytes, stm32_adafruit_lcd.o(.text.BSP_LCD_GetXSize))
<BR><BR>[Called By]<UL><LI><a href="#[e3]">&gt;&gt;</a>&nbsp;&nbsp;&nbsp;SERV_TS_TEST
<LI><a href="#[126]">&gt;&gt;</a>&nbsp;&nbsp;&nbsp;initGUI
<LI><a href="#[ea]">&gt;&gt;</a>&nbsp;&nbsp;&nbsp;drawStatusBarEmpty
<LI><a href="#[f0]">&gt;&gt;</a>&nbsp;&nbsp;&nbsp;drawStatusBarLabel
<LI><a href="#[f9]">&gt;&gt;</a>&nbsp;&nbsp;&nbsp;drawStatusBarOkCancel
<LI><a href="#[ed]">&gt;&gt;</a>&nbsp;&nbsp;&nbsp;drawMainWindow
<LI><a href="#[e9]">&gt;&gt;</a>&nbsp;&nbsp;&nbsp;drawMainBar
<LI><a href="#[12f]">&gt;&gt;</a>&nbsp;&nbsp;&nbsp;showServiceDateSelectFrame
<LI><a href="#[116]">&gt;&gt;</a>&nbsp;&nbsp;&nbsp;createFrame
<LI><a href="#[10a]">&gt;&gt;</a>&nbsp;&nbsp;&nbsp;createFrame
<LI><a href="#[108]">&gt;&gt;</a>&nbsp;&nbsp;&nbsp;createFrame
<LI><a href="#[102]">&gt;&gt;</a>&nbsp;&nbsp;&nbsp;createFrame
<LI><a href="#[bc]">&gt;&gt;</a>&nbsp;&nbsp;&nbsp;createPinFrame
<LI><a href="#[86]">&gt;&gt;</a>&nbsp;&nbsp;&nbsp;createFrame
<LI><a href="#[7c]">&gt;&gt;</a>&nbsp;&nbsp;&nbsp;createFrame
<LI><a href="#[7b]">&gt;&gt;</a>&nbsp;&nbsp;&nbsp;CAL_showFrame
<LI><a href="#[85]">&gt;&gt;</a>&nbsp;&nbsp;&nbsp;CSF_showFrame
<LI><a href="#[110]">&gt;&gt;</a>&nbsp;&nbsp;&nbsp;drawMidClock
<LI><a href="#[10f]">&gt;&gt;</a>&nbsp;&nbsp;&nbsp;createFrame
<LI><a href="#[101]">&gt;&gt;</a>&nbsp;&nbsp;&nbsp;ShowRegenPeriodServiceFrame
<LI><a href="#[100]">&gt;&gt;</a>&nbsp;&nbsp;&nbsp;ShowWashingTimeServiceFrame
<LI><a href="#[ff]">&gt;&gt;</a>&nbsp;&nbsp;&nbsp;TSF_showFrame
<LI><a href="#[83]">&gt;&gt;</a>&nbsp;&nbsp;&nbsp;ShowKeyboardFrame
<LI><a href="#[bb]">&gt;&gt;</a>&nbsp;&nbsp;&nbsp;PIN_showFrame
<LI><a href="#[e7]">&gt;&gt;</a>&nbsp;&nbsp;&nbsp;ShowAlarmNotiServiceFrame
</UL>

<P><STRONG><a name="[80]"></a>BSP_LCD_GetYSize</STRONG> (Thumb, 14 bytes, Stack size 0 bytes, stm32_adafruit_lcd.o(.text.BSP_LCD_GetYSize))
<BR><BR>[Called By]<UL><LI><a href="#[7e]">&gt;&gt;</a>&nbsp;&nbsp;&nbsp;drawClock
<LI><a href="#[e3]">&gt;&gt;</a>&nbsp;&nbsp;&nbsp;SERV_TS_TEST
<LI><a href="#[126]">&gt;&gt;</a>&nbsp;&nbsp;&nbsp;initGUI
<LI><a href="#[ea]">&gt;&gt;</a>&nbsp;&nbsp;&nbsp;drawStatusBarEmpty
<LI><a href="#[f0]">&gt;&gt;</a>&nbsp;&nbsp;&nbsp;drawStatusBarLabel
<LI><a href="#[f9]">&gt;&gt;</a>&nbsp;&nbsp;&nbsp;drawStatusBarOkCancel
<LI><a href="#[d8]">&gt;&gt;</a>&nbsp;&nbsp;&nbsp;drawStaticLines
<LI><a href="#[12f]">&gt;&gt;</a>&nbsp;&nbsp;&nbsp;showServiceDateSelectFrame
<LI><a href="#[116]">&gt;&gt;</a>&nbsp;&nbsp;&nbsp;createFrame
<LI><a href="#[10a]">&gt;&gt;</a>&nbsp;&nbsp;&nbsp;createFrame
<LI><a href="#[108]">&gt;&gt;</a>&nbsp;&nbsp;&nbsp;createFrame
<LI><a href="#[102]">&gt;&gt;</a>&nbsp;&nbsp;&nbsp;createFrame
<LI><a href="#[d9]">&gt;&gt;</a>&nbsp;&nbsp;&nbsp;RefreshScrollBarServiceMenuFrame
<LI><a href="#[104]">&gt;&gt;</a>&nbsp;&nbsp;&nbsp;showLoadTypeFrame
<LI><a href="#[da]">&gt;&gt;</a>&nbsp;&nbsp;&nbsp;calcButParam
<LI><a href="#[103]">&gt;&gt;</a>&nbsp;&nbsp;&nbsp;createFrame
<LI><a href="#[dc]">&gt;&gt;</a>&nbsp;&nbsp;&nbsp;calcButParam
<LI><a href="#[db]">&gt;&gt;</a>&nbsp;&nbsp;&nbsp;RefreshScrollBarSofteningFrame
<LI><a href="#[107]">&gt;&gt;</a>&nbsp;&nbsp;&nbsp;createFrame
<LI><a href="#[f4]">&gt;&gt;</a>&nbsp;&nbsp;&nbsp;ShowSofteningFrame
<LI><a href="#[f1]">&gt;&gt;</a>&nbsp;&nbsp;&nbsp;ShowFilterSelectionFrame
<LI><a href="#[f2]">&gt;&gt;</a>&nbsp;&nbsp;&nbsp;createFrame
<LI><a href="#[f3]">&gt;&gt;</a>&nbsp;&nbsp;&nbsp;ShowFilteringFrame
<LI><a href="#[f5]">&gt;&gt;</a>&nbsp;&nbsp;&nbsp;createFrame
<LI><a href="#[86]">&gt;&gt;</a>&nbsp;&nbsp;&nbsp;createFrame
<LI><a href="#[7c]">&gt;&gt;</a>&nbsp;&nbsp;&nbsp;createFrame
<LI><a href="#[7b]">&gt;&gt;</a>&nbsp;&nbsp;&nbsp;CAL_showFrame
<LI><a href="#[85]">&gt;&gt;</a>&nbsp;&nbsp;&nbsp;CSF_showFrame
<LI><a href="#[d5]">&gt;&gt;</a>&nbsp;&nbsp;&nbsp;RefreshScrollBarMenuFrame
<LI><a href="#[101]">&gt;&gt;</a>&nbsp;&nbsp;&nbsp;ShowRegenPeriodServiceFrame
<LI><a href="#[100]">&gt;&gt;</a>&nbsp;&nbsp;&nbsp;ShowWashingTimeServiceFrame
<LI><a href="#[d6]">&gt;&gt;</a>&nbsp;&nbsp;&nbsp;calcButParam
<LI><a href="#[fe]">&gt;&gt;</a>&nbsp;&nbsp;&nbsp;createFrame
</UL>

<P><STRONG><a name="[127]"></a>BSP_LCD_Init</STRONG> (Thumb, 96 bytes, Stack size 24 bytes, stm32_adafruit_lcd.o(.text.BSP_LCD_Init))
<BR><BR>[Stack]<UL><LI>Max Depth = 24<LI>Call Chain = BSP_LCD_Init
</UL>
<BR>[Called By]<UL><LI><a href="#[126]">&gt;&gt;</a>&nbsp;&nbsp;&nbsp;initGUI
</UL>

<P><STRONG><a name="[be]"></a>BSP_LCD_SetBackColor</STRONG> (Thumb, 12 bytes, Stack size 0 bytes, stm32_adafruit_lcd.o(.text.BSP_LCD_SetBackColor))
<BR><BR>[Called By]<UL><LI><a href="#[7e]">&gt;&gt;</a>&nbsp;&nbsp;&nbsp;drawClock
<LI><a href="#[e5]">&gt;&gt;</a>&nbsp;&nbsp;&nbsp;drawFillButton
<LI><a href="#[dd]">&gt;&gt;</a>&nbsp;&nbsp;&nbsp;SERV_PRINT_TOUCH_INFO
<LI><a href="#[f7]">&gt;&gt;</a>&nbsp;&nbsp;&nbsp;ShowForcedRegenCustFrame
<LI><a href="#[f0]">&gt;&gt;</a>&nbsp;&nbsp;&nbsp;drawStatusBarLabel
<LI><a href="#[f9]">&gt;&gt;</a>&nbsp;&nbsp;&nbsp;drawStatusBarOkCancel
<LI><a href="#[e9]">&gt;&gt;</a>&nbsp;&nbsp;&nbsp;drawMainBar
<LI><a href="#[82]">&gt;&gt;</a>&nbsp;&nbsp;&nbsp;drawDarkTextLabel
<LI><a href="#[88]">&gt;&gt;</a>&nbsp;&nbsp;&nbsp;drawTextLabel
<LI><a href="#[d0]">&gt;&gt;</a>&nbsp;&nbsp;&nbsp;drawFillArcRec
<LI><a href="#[12f]">&gt;&gt;</a>&nbsp;&nbsp;&nbsp;showServiceDateSelectFrame
<LI><a href="#[116]">&gt;&gt;</a>&nbsp;&nbsp;&nbsp;createFrame
<LI><a href="#[102]">&gt;&gt;</a>&nbsp;&nbsp;&nbsp;createFrame
<LI><a href="#[d9]">&gt;&gt;</a>&nbsp;&nbsp;&nbsp;RefreshScrollBarServiceMenuFrame
<LI><a href="#[104]">&gt;&gt;</a>&nbsp;&nbsp;&nbsp;showLoadTypeFrame
<LI><a href="#[103]">&gt;&gt;</a>&nbsp;&nbsp;&nbsp;createFrame
<LI><a href="#[bc]">&gt;&gt;</a>&nbsp;&nbsp;&nbsp;createPinFrame
<LI><a href="#[db]">&gt;&gt;</a>&nbsp;&nbsp;&nbsp;RefreshScrollBarSofteningFrame
<LI><a href="#[107]">&gt;&gt;</a>&nbsp;&nbsp;&nbsp;createFrame
<LI><a href="#[f5]">&gt;&gt;</a>&nbsp;&nbsp;&nbsp;createFrame
<LI><a href="#[86]">&gt;&gt;</a>&nbsp;&nbsp;&nbsp;createFrame
<LI><a href="#[7c]">&gt;&gt;</a>&nbsp;&nbsp;&nbsp;createFrame
<LI><a href="#[f8]">&gt;&gt;</a>&nbsp;&nbsp;&nbsp;showRemeiningTime
<LI><a href="#[ee]">&gt;&gt;</a>&nbsp;&nbsp;&nbsp;showRemeiningTime
<LI><a href="#[d5]">&gt;&gt;</a>&nbsp;&nbsp;&nbsp;RefreshScrollBarMenuFrame
<LI><a href="#[ec]">&gt;&gt;</a>&nbsp;&nbsp;&nbsp;ShowDelayedRegenCustFrame
<LI><a href="#[fe]">&gt;&gt;</a>&nbsp;&nbsp;&nbsp;createFrame
<LI><a href="#[cf]">&gt;&gt;</a>&nbsp;&nbsp;&nbsp;PrintResultFromKeyboard
<LI><a href="#[83]">&gt;&gt;</a>&nbsp;&nbsp;&nbsp;ShowKeyboardFrame
<LI><a href="#[fd]">&gt;&gt;</a>&nbsp;&nbsp;&nbsp;ShowMenuFrame
<LI><a href="#[fc]">&gt;&gt;</a>&nbsp;&nbsp;&nbsp;ShowServiceMenuFrame
<LI><a href="#[bb]">&gt;&gt;</a>&nbsp;&nbsp;&nbsp;PIN_showFrame
<LI><a href="#[e7]">&gt;&gt;</a>&nbsp;&nbsp;&nbsp;ShowAlarmNotiServiceFrame
</UL>

<P><STRONG><a name="[de]"></a>BSP_LCD_SetFont</STRONG> (Thumb, 12 bytes, Stack size 0 bytes, stm32_adafruit_lcd.o(.text.BSP_LCD_SetFont))
<BR><BR>[Called By]<UL><LI><a href="#[7e]">&gt;&gt;</a>&nbsp;&nbsp;&nbsp;drawClock
<LI><a href="#[e3]">&gt;&gt;</a>&nbsp;&nbsp;&nbsp;SERV_TS_TEST
<LI><a href="#[dd]">&gt;&gt;</a>&nbsp;&nbsp;&nbsp;SERV_PRINT_TOUCH_INFO
<LI><a href="#[7a]">&gt;&gt;</a>&nbsp;&nbsp;&nbsp;SERV_TS_CALIB
<LI><a href="#[126]">&gt;&gt;</a>&nbsp;&nbsp;&nbsp;initGUI
<LI><a href="#[10a]">&gt;&gt;</a>&nbsp;&nbsp;&nbsp;createFrame
<LI><a href="#[102]">&gt;&gt;</a>&nbsp;&nbsp;&nbsp;createFrame
<LI><a href="#[bc]">&gt;&gt;</a>&nbsp;&nbsp;&nbsp;createPinFrame
<LI><a href="#[e7]">&gt;&gt;</a>&nbsp;&nbsp;&nbsp;ShowAlarmNotiServiceFrame
</UL>

<P><STRONG><a name="[bd]"></a>BSP_LCD_SetTextColor</STRONG> (Thumb, 12 bytes, Stack size 0 bytes, stm32_adafruit_lcd.o(.text.BSP_LCD_SetTextColor))
<BR><BR>[Called By]<UL><LI><a href="#[7e]">&gt;&gt;</a>&nbsp;&nbsp;&nbsp;drawClock
<LI><a href="#[e5]">&gt;&gt;</a>&nbsp;&nbsp;&nbsp;drawFillButton
<LI><a href="#[dd]">&gt;&gt;</a>&nbsp;&nbsp;&nbsp;SERV_PRINT_TOUCH_INFO
<LI><a href="#[f7]">&gt;&gt;</a>&nbsp;&nbsp;&nbsp;ShowForcedRegenCustFrame
<LI><a href="#[d7]">&gt;&gt;</a>&nbsp;&nbsp;&nbsp;drawScrollButton
<LI><a href="#[ea]">&gt;&gt;</a>&nbsp;&nbsp;&nbsp;drawStatusBarEmpty
<LI><a href="#[f0]">&gt;&gt;</a>&nbsp;&nbsp;&nbsp;drawStatusBarLabel
<LI><a href="#[f9]">&gt;&gt;</a>&nbsp;&nbsp;&nbsp;drawStatusBarOkCancel
<LI><a href="#[d8]">&gt;&gt;</a>&nbsp;&nbsp;&nbsp;drawStaticLines
<LI><a href="#[ed]">&gt;&gt;</a>&nbsp;&nbsp;&nbsp;drawMainWindow
<LI><a href="#[e9]">&gt;&gt;</a>&nbsp;&nbsp;&nbsp;drawMainBar
<LI><a href="#[82]">&gt;&gt;</a>&nbsp;&nbsp;&nbsp;drawDarkTextLabel
<LI><a href="#[88]">&gt;&gt;</a>&nbsp;&nbsp;&nbsp;drawTextLabel
<LI><a href="#[d0]">&gt;&gt;</a>&nbsp;&nbsp;&nbsp;drawFillArcRec
<LI><a href="#[12f]">&gt;&gt;</a>&nbsp;&nbsp;&nbsp;showServiceDateSelectFrame
<LI><a href="#[116]">&gt;&gt;</a>&nbsp;&nbsp;&nbsp;createFrame
<LI><a href="#[102]">&gt;&gt;</a>&nbsp;&nbsp;&nbsp;createFrame
<LI><a href="#[d9]">&gt;&gt;</a>&nbsp;&nbsp;&nbsp;RefreshScrollBarServiceMenuFrame
<LI><a href="#[104]">&gt;&gt;</a>&nbsp;&nbsp;&nbsp;showLoadTypeFrame
<LI><a href="#[103]">&gt;&gt;</a>&nbsp;&nbsp;&nbsp;createFrame
<LI><a href="#[bc]">&gt;&gt;</a>&nbsp;&nbsp;&nbsp;createPinFrame
<LI><a href="#[db]">&gt;&gt;</a>&nbsp;&nbsp;&nbsp;RefreshScrollBarSofteningFrame
<LI><a href="#[107]">&gt;&gt;</a>&nbsp;&nbsp;&nbsp;createFrame
<LI><a href="#[f5]">&gt;&gt;</a>&nbsp;&nbsp;&nbsp;createFrame
<LI><a href="#[86]">&gt;&gt;</a>&nbsp;&nbsp;&nbsp;createFrame
<LI><a href="#[7c]">&gt;&gt;</a>&nbsp;&nbsp;&nbsp;createFrame
<LI><a href="#[f8]">&gt;&gt;</a>&nbsp;&nbsp;&nbsp;showRemeiningTime
<LI><a href="#[ee]">&gt;&gt;</a>&nbsp;&nbsp;&nbsp;showRemeiningTime
<LI><a href="#[d5]">&gt;&gt;</a>&nbsp;&nbsp;&nbsp;RefreshScrollBarMenuFrame
<LI><a href="#[ec]">&gt;&gt;</a>&nbsp;&nbsp;&nbsp;ShowDelayedRegenCustFrame
<LI><a href="#[fe]">&gt;&gt;</a>&nbsp;&nbsp;&nbsp;createFrame
<LI><a href="#[cf]">&gt;&gt;</a>&nbsp;&nbsp;&nbsp;PrintResultFromKeyboard
<LI><a href="#[d2]">&gt;&gt;</a>&nbsp;&nbsp;&nbsp;RefreshCursor
<LI><a href="#[83]">&gt;&gt;</a>&nbsp;&nbsp;&nbsp;ShowKeyboardFrame
<LI><a href="#[fd]">&gt;&gt;</a>&nbsp;&nbsp;&nbsp;ShowMenuFrame
<LI><a href="#[fc]">&gt;&gt;</a>&nbsp;&nbsp;&nbsp;ShowServiceMenuFrame
<LI><a href="#[bb]">&gt;&gt;</a>&nbsp;&nbsp;&nbsp;PIN_showFrame
<LI><a href="#[e7]">&gt;&gt;</a>&nbsp;&nbsp;&nbsp;ShowAlarmNotiServiceFrame
</UL>

<P><STRONG><a name="[77]"></a>BSP_TS_GetState</STRONG> (Thumb, 208 bytes, Stack size 24 bytes, stm32_adafruit_ts.o(.text.BSP_TS_GetState))
<BR><BR>[Stack]<UL><LI>Max Depth = 28<LI>Call Chain = BSP_TS_GetState &rArr; LL_mDelay
</UL>
<BR>[Calls]<UL><LI><a href="#[78]">&gt;&gt;</a>&nbsp;&nbsp;&nbsp;LL_mDelay
</UL>
<BR>[Called By]<UL><LI><a href="#[e3]">&gt;&gt;</a>&nbsp;&nbsp;&nbsp;SERV_TS_TEST
<LI><a href="#[7a]">&gt;&gt;</a>&nbsp;&nbsp;&nbsp;SERV_TS_CALIB
</UL>

<P><STRONG><a name="[79]"></a>BSP_TS_Init</STRONG> (Thumb, 138 bytes, Stack size 8 bytes, stm32_adafruit_ts.o(.text.BSP_TS_Init))
<BR><BR>[Stack]<UL><LI>Max Depth = 320<LI>Call Chain = BSP_TS_Init &rArr; SERV_TS_CALIB &rArr; SERV_TS_TEST &rArr; drawFillButton &rArr; BSP_LCD_FillCircle &rArr; BSP_LCD_DrawCircle
</UL>
<BR>[Calls]<UL><LI><a href="#[7a]">&gt;&gt;</a>&nbsp;&nbsp;&nbsp;SERV_TS_CALIB
</UL>
<BR>[Called By]<UL><LI><a href="#[126]">&gt;&gt;</a>&nbsp;&nbsp;&nbsp;initGUI
</UL>

<P><STRONG><a name="[e1]"></a>BSP_TS_SetCalibCoef</STRONG> (Thumb, 44 bytes, Stack size 0 bytes, stm32_adafruit_ts.o(.text.BSP_TS_SetCalibCoef))
<BR><BR>[Called By]<UL><LI><a href="#[e3]">&gt;&gt;</a>&nbsp;&nbsp;&nbsp;SERV_TS_TEST
<LI><a href="#[7a]">&gt;&gt;</a>&nbsp;&nbsp;&nbsp;SERV_TS_CALIB
</UL>

<P><STRONG><a name="[18]"></a>BusFault_Handler</STRONG> (Thumb, 2 bytes, Stack size 0 bytes, stm32f1xx_it.o(.text.BusFault_Handler))
<BR><BR>[Calls]<UL><LI><a href="#[18]">&gt;&gt;</a>&nbsp;&nbsp;&nbsp;BusFault_Handler
</UL>
<BR>[Called By]<UL><LI><a href="#[18]">&gt;&gt;</a>&nbsp;&nbsp;&nbsp;BusFault_Handler
</UL>
<BR>[Address Reference Count : 1]<UL><LI> startup_stm32f103xg.o(RESET)
</UL>
<P><STRONG><a name="[7b]"></a>CAL_showFrame</STRONG> (Thumb, 578 bytes, Stack size 64 bytes, calendar.o(.text.CAL_showFrame))
<BR><BR>[Stack]<UL><LI>Max Depth = 312<LI>Call Chain = CAL_showFrame &rArr; createFrame &rArr; drawTextLabel &rArr; BSP_LCD_FillCircle &rArr; BSP_LCD_DrawCircle
</UL>
<BR>[Calls]<UL><LI><a href="#[7e]">&gt;&gt;</a>&nbsp;&nbsp;&nbsp;drawClock
<LI><a href="#[80]">&gt;&gt;</a>&nbsp;&nbsp;&nbsp;BSP_LCD_GetYSize
<LI><a href="#[7f]">&gt;&gt;</a>&nbsp;&nbsp;&nbsp;BSP_LCD_GetXSize
<LI><a href="#[81]">&gt;&gt;</a>&nbsp;&nbsp;&nbsp;getFormatedTimeFromSource
<LI><a href="#[7d]">&gt;&gt;</a>&nbsp;&nbsp;&nbsp;addSec
<LI><a href="#[84]">&gt;&gt;</a>&nbsp;&nbsp;&nbsp;maxDayInMonth
<LI><a href="#[82]">&gt;&gt;</a>&nbsp;&nbsp;&nbsp;drawDarkTextLabel
<LI><a href="#[7c]">&gt;&gt;</a>&nbsp;&nbsp;&nbsp;createFrame
<LI><a href="#[83]">&gt;&gt;</a>&nbsp;&nbsp;&nbsp;ShowKeyboardFrame
</UL>
<BR>[Called By]<UL><LI><a href="#[ff]">&gt;&gt;</a>&nbsp;&nbsp;&nbsp;TSF_showFrame
</UL>

<P><STRONG><a name="[85]"></a>CSF_showFrame</STRONG> (Thumb, 432 bytes, Stack size 64 bytes, clockset.o(.text.CSF_showFrame))
<BR><BR>[Stack]<UL><LI>Max Depth = 312<LI>Call Chain = CSF_showFrame &rArr; ShowKeyboardFrame &rArr; drawTextLabel &rArr; BSP_LCD_FillCircle &rArr; BSP_LCD_DrawCircle
</UL>
<BR>[Calls]<UL><LI><a href="#[7e]">&gt;&gt;</a>&nbsp;&nbsp;&nbsp;drawClock
<LI><a href="#[80]">&gt;&gt;</a>&nbsp;&nbsp;&nbsp;BSP_LCD_GetYSize
<LI><a href="#[7f]">&gt;&gt;</a>&nbsp;&nbsp;&nbsp;BSP_LCD_GetXSize
<LI><a href="#[87]">&gt;&gt;</a>&nbsp;&nbsp;&nbsp;BSP_LCD_GetFont
<LI><a href="#[81]">&gt;&gt;</a>&nbsp;&nbsp;&nbsp;getFormatedTimeFromSource
<LI><a href="#[88]">&gt;&gt;</a>&nbsp;&nbsp;&nbsp;drawTextLabel
<LI><a href="#[86]">&gt;&gt;</a>&nbsp;&nbsp;&nbsp;createFrame
<LI><a href="#[83]">&gt;&gt;</a>&nbsp;&nbsp;&nbsp;ShowKeyboardFrame
</UL>
<BR>[Called By]<UL><LI><a href="#[100]">&gt;&gt;</a>&nbsp;&nbsp;&nbsp;ShowWashingTimeServiceFrame
<LI><a href="#[ff]">&gt;&gt;</a>&nbsp;&nbsp;&nbsp;TSF_showFrame
</UL>

<P><STRONG><a name="[2c]"></a>DMA1_Channel4_IRQHandler</STRONG> (Thumb, 142 bytes, Stack size 4 bytes, lcd_io_spi.o(.text.DMA1_Channel4_IRQHandler))
<BR><BR>[Stack]<UL><LI>Max Depth = 4<LI>Call Chain = DMA1_Channel4_IRQHandler
</UL>
<BR>[Address Reference Count : 1]<UL><LI> startup_stm32f103xg.o(RESET)
</UL>
<P><STRONG><a name="[2d]"></a>DMA1_Channel5_IRQHandler</STRONG> (Thumb, 88 bytes, Stack size 0 bytes, lcd_io_spi.o(.text.DMA1_Channel5_IRQHandler))
<BR>[Address Reference Count : 1]<UL><LI> startup_stm32f103xg.o(RESET)
</UL>
<P><STRONG><a name="[1b]"></a>DebugMon_Handler</STRONG> (Thumb, 2 bytes, Stack size 0 bytes, stm32f1xx_it.o(.text.DebugMon_Handler))
<BR>[Address Reference Count : 1]<UL><LI> startup_stm32f103xg.o(RESET)
</UL>
<P><STRONG><a name="[27]"></a>EXTI3_IRQHandler</STRONG> (Thumb, 28 bytes, Stack size 0 bytes, stm32f1xx_it.o(.text.EXTI3_IRQHandler))
<BR>[Address Reference Count : 1]<UL><LI> startup_stm32f103xg.o(RESET)
</UL>
<P><STRONG><a name="[10e]"></a>Error_Handler</STRONG> (Thumb, 10 bytes, Stack size 0 bytes, main.o(.text.Error_Handler))
<BR><BR>[Called By]<UL><LI><a href="#[118]">&gt;&gt;</a>&nbsp;&nbsp;&nbsp;decDateTime
<LI><a href="#[11a]">&gt;&gt;</a>&nbsp;&nbsp;&nbsp;decHour
<LI><a href="#[cc]">&gt;&gt;</a>&nbsp;&nbsp;&nbsp;addDay
<LI><a href="#[11b]">&gt;&gt;</a>&nbsp;&nbsp;&nbsp;decMonth
<LI><a href="#[115]">&gt;&gt;</a>&nbsp;&nbsp;&nbsp;addMonth
<LI><a href="#[84]">&gt;&gt;</a>&nbsp;&nbsp;&nbsp;maxDayInMonth
<LI><a href="#[112]">&gt;&gt;</a>&nbsp;&nbsp;&nbsp;setSysTime
<LI><a href="#[eb]">&gt;&gt;</a>&nbsp;&nbsp;&nbsp;TC_addButton
</UL>

<P><STRONG><a name="[89]"></a>FM_Init</STRONG> (Thumb, 310 bytes, Stack size 72 bytes, flowmeter.o(.text.FM_Init))
<BR><BR>[Stack]<UL><LI>Max Depth = 112<LI>Call Chain = FM_Init &rArr; LL_GPIO_Init
</UL>
<BR>[Calls]<UL><LI><a href="#[8a]">&gt;&gt;</a>&nbsp;&nbsp;&nbsp;initFilterStruct
<LI><a href="#[8d]">&gt;&gt;</a>&nbsp;&nbsp;&nbsp;LL_TIM_Init
<LI><a href="#[8c]">&gt;&gt;</a>&nbsp;&nbsp;&nbsp;LL_EXTI_Init
<LI><a href="#[8b]">&gt;&gt;</a>&nbsp;&nbsp;&nbsp;LL_GPIO_Init
</UL>
<BR>[Called By]<UL><LI><a href="#[65]">&gt;&gt;</a>&nbsp;&nbsp;&nbsp;main
</UL>

<P><STRONG><a name="[12b]"></a>FP_GetParam</STRONG> (Thumb, 120 bytes, Stack size 0 bytes, flashparam.o(.text.FP_GetParam))
<BR><BR>[Called By]<UL><LI><a href="#[65]">&gt;&gt;</a>&nbsp;&nbsp;&nbsp;main
</UL>

<P><STRONG><a name="[ce]"></a>FP_SaveParam</STRONG> (Thumb, 334 bytes, Stack size 16 bytes, flashparam.o(.text.FP_SaveParam))
<BR><BR>[Stack]<UL><LI>Max Depth = 16<LI>Call Chain = FP_SaveParam
</UL>
<BR>[Called By]<UL><LI><a href="#[5c]">&gt;&gt;</a>&nbsp;&nbsp;&nbsp;PL_ProceedStep
<LI><a href="#[65]">&gt;&gt;</a>&nbsp;&nbsp;&nbsp;main
<LI><a href="#[106]">&gt;&gt;</a>&nbsp;&nbsp;&nbsp;showServiceInfoFrame
<LI><a href="#[105]">&gt;&gt;</a>&nbsp;&nbsp;&nbsp;ShowWaterCountBeforeRegenFrame
<LI><a href="#[104]">&gt;&gt;</a>&nbsp;&nbsp;&nbsp;showLoadTypeFrame
<LI><a href="#[f4]">&gt;&gt;</a>&nbsp;&nbsp;&nbsp;ShowSofteningFrame
<LI><a href="#[f1]">&gt;&gt;</a>&nbsp;&nbsp;&nbsp;ShowFilterSelectionFrame
<LI><a href="#[f3]">&gt;&gt;</a>&nbsp;&nbsp;&nbsp;ShowFilteringFrame
<LI><a href="#[101]">&gt;&gt;</a>&nbsp;&nbsp;&nbsp;ShowRegenPeriodServiceFrame
<LI><a href="#[100]">&gt;&gt;</a>&nbsp;&nbsp;&nbsp;ShowWashingTimeServiceFrame
</UL>

<P><STRONG><a name="[16]"></a>HardFault_Handler</STRONG> (Thumb, 2 bytes, Stack size 0 bytes, stm32f1xx_it.o(.text.HardFault_Handler))
<BR><BR>[Calls]<UL><LI><a href="#[16]">&gt;&gt;</a>&nbsp;&nbsp;&nbsp;HardFault_Handler
</UL>
<BR>[Called By]<UL><LI><a href="#[16]">&gt;&gt;</a>&nbsp;&nbsp;&nbsp;HardFault_Handler
</UL>
<BR>[Address Reference Count : 1]<UL><LI> startup_stm32f103xg.o(RESET)
</UL>
<P><STRONG><a name="[8e]"></a>LCD_Delay</STRONG> (Thumb, 4 bytes, Stack size 0 bytes, lcd_io_spi.o(.text.LCD_Delay))
<BR><BR>[Stack]<UL><LI>Max Depth = 4<LI>Call Chain = LCD_Delay &rArr; LL_mDelay
</UL>
<BR>[Calls]<UL><LI><a href="#[78]">&gt;&gt;</a>&nbsp;&nbsp;&nbsp;LL_mDelay
</UL>
<BR>[Called By]<UL><LI><a href="#[0]">&gt;&gt;</a>&nbsp;&nbsp;&nbsp;ili9486_Init
</UL>

<P><STRONG><a name="[11f]"></a>LCD_IO_Bl_OnOff</STRONG> (Thumb, 18 bytes, Stack size 0 bytes, lcd_io_spi.o(.text.LCD_IO_Bl_OnOff))
<BR><BR>[Called By]<UL><LI><a href="#[3]">&gt;&gt;</a>&nbsp;&nbsp;&nbsp;ili9486_DisplayOff
<LI><a href="#[2]">&gt;&gt;</a>&nbsp;&nbsp;&nbsp;ili9486_DisplayOn
</UL>

<P><STRONG><a name="[8f]"></a>LCD_IO_Init</STRONG> (Thumb, 242 bytes, Stack size 16 bytes, lcd_io_spi.o(.text.LCD_IO_Init))
<BR><BR>[Stack]<UL><LI>Max Depth = 20<LI>Call Chain = LCD_IO_Init &rArr; LL_mDelay
</UL>
<BR>[Calls]<UL><LI><a href="#[78]">&gt;&gt;</a>&nbsp;&nbsp;&nbsp;LL_mDelay
</UL>
<BR>[Called By]<UL><LI><a href="#[11]">&gt;&gt;</a>&nbsp;&nbsp;&nbsp;ili9486_ts_Init
<LI><a href="#[0]">&gt;&gt;</a>&nbsp;&nbsp;&nbsp;ili9486_Init
</UL>

<P><STRONG><a name="[90]"></a>LCD_IO_ReadCmd8MultipleData24to16</STRONG> (Thumb, 172 bytes, Stack size 16 bytes, lcd_io_spi.o(.text.LCD_IO_ReadCmd8MultipleData24to16))
<BR><BR>[Stack]<UL><LI>Max Depth = 52<LI>Call Chain = LCD_IO_ReadCmd8MultipleData24to16 &rArr; LCD_IO_ReadMultiData16to24
</UL>
<BR>[Calls]<UL><LI><a href="#[91]">&gt;&gt;</a>&nbsp;&nbsp;&nbsp;LCD_IO_ReadMultiData16to24
</UL>
<BR>[Called By]<UL><LI><a href="#[f]">&gt;&gt;</a>&nbsp;&nbsp;&nbsp;ili9486_ReadRGBImage
<LI><a href="#[6]">&gt;&gt;</a>&nbsp;&nbsp;&nbsp;ili9486_ReadPixel
</UL>

<P><STRONG><a name="[92]"></a>LCD_IO_ReadCmd8MultipleData8</STRONG> (Thumb, 172 bytes, Stack size 16 bytes, lcd_io_spi.o(.text.LCD_IO_ReadCmd8MultipleData8))
<BR><BR>[Stack]<UL><LI>Max Depth = 56<LI>Call Chain = LCD_IO_ReadCmd8MultipleData8 &rArr; LCD_IO_ReadMultiData8
</UL>
<BR>[Calls]<UL><LI><a href="#[93]">&gt;&gt;</a>&nbsp;&nbsp;&nbsp;LCD_IO_ReadMultiData8
</UL>
<BR>[Called By]<UL><LI><a href="#[1]">&gt;&gt;</a>&nbsp;&nbsp;&nbsp;ili9486_ReadID
</UL>

<P><STRONG><a name="[91]"></a>LCD_IO_ReadMultiData16to24</STRONG> (Thumb, 344 bytes, Stack size 36 bytes, lcd_io_spi.o(.text.LCD_IO_ReadMultiData16to24))
<BR><BR>[Stack]<UL><LI>Max Depth = 36<LI>Call Chain = LCD_IO_ReadMultiData16to24
</UL>
<BR>[Called By]<UL><LI><a href="#[90]">&gt;&gt;</a>&nbsp;&nbsp;&nbsp;LCD_IO_ReadCmd8MultipleData24to16
</UL>

<P><STRONG><a name="[93]"></a>LCD_IO_ReadMultiData8</STRONG> (Thumb, 288 bytes, Stack size 40 bytes, lcd_io_spi.o(.text.LCD_IO_ReadMultiData8))
<BR><BR>[Stack]<UL><LI>Max Depth = 40<LI>Call Chain = LCD_IO_ReadMultiData8
</UL>
<BR>[Called By]<UL><LI><a href="#[92]">&gt;&gt;</a>&nbsp;&nbsp;&nbsp;LCD_IO_ReadCmd8MultipleData8
</UL>

<P><STRONG><a name="[120]"></a>LCD_IO_WriteCmd8</STRONG> (Thumb, 74 bytes, Stack size 0 bytes, lcd_io_spi.o(.text.LCD_IO_WriteCmd8))
<BR><BR>[Called By]<UL><LI><a href="#[e]">&gt;&gt;</a>&nbsp;&nbsp;&nbsp;ili9486_FillRect
<LI><a href="#[9]">&gt;&gt;</a>&nbsp;&nbsp;&nbsp;ili9486_DrawVLine
<LI><a href="#[8]">&gt;&gt;</a>&nbsp;&nbsp;&nbsp;ili9486_DrawHLine
<LI><a href="#[7]">&gt;&gt;</a>&nbsp;&nbsp;&nbsp;ili9486_SetDisplayWindow
<LI><a href="#[6]">&gt;&gt;</a>&nbsp;&nbsp;&nbsp;ili9486_ReadPixel
<LI><a href="#[5]">&gt;&gt;</a>&nbsp;&nbsp;&nbsp;ili9486_WritePixel
<LI><a href="#[4]">&gt;&gt;</a>&nbsp;&nbsp;&nbsp;ili9486_SetCursor
<LI><a href="#[3]">&gt;&gt;</a>&nbsp;&nbsp;&nbsp;ili9486_DisplayOff
<LI><a href="#[2]">&gt;&gt;</a>&nbsp;&nbsp;&nbsp;ili9486_DisplayOn
<LI><a href="#[0]">&gt;&gt;</a>&nbsp;&nbsp;&nbsp;ili9486_Init
</UL>

<P><STRONG><a name="[94]"></a>LCD_IO_WriteCmd8DataFill16</STRONG> (Thumb, 100 bytes, Stack size 16 bytes, lcd_io_spi.o(.text.LCD_IO_WriteCmd8DataFill16))
<BR><BR>[Stack]<UL><LI>Max Depth = 56<LI>Call Chain = LCD_IO_WriteCmd8DataFill16 &rArr; LCD_IO_WriteMultiData16
</UL>
<BR>[Calls]<UL><LI><a href="#[95]">&gt;&gt;</a>&nbsp;&nbsp;&nbsp;LCD_IO_WriteMultiData16
</UL>
<BR>[Called By]<UL><LI><a href="#[10]">&gt;&gt;</a>&nbsp;&nbsp;&nbsp;ili9486_Scroll
<LI><a href="#[e]">&gt;&gt;</a>&nbsp;&nbsp;&nbsp;ili9486_FillRect
<LI><a href="#[9]">&gt;&gt;</a>&nbsp;&nbsp;&nbsp;ili9486_DrawVLine
<LI><a href="#[8]">&gt;&gt;</a>&nbsp;&nbsp;&nbsp;ili9486_DrawHLine
</UL>

<P><STRONG><a name="[96]"></a>LCD_IO_WriteCmd8MultipleData16</STRONG> (Thumb, 90 bytes, Stack size 8 bytes, lcd_io_spi.o(.text.LCD_IO_WriteCmd8MultipleData16))
<BR><BR>[Stack]<UL><LI>Max Depth = 48<LI>Call Chain = LCD_IO_WriteCmd8MultipleData16 &rArr; LCD_IO_WriteMultiData16
</UL>
<BR>[Calls]<UL><LI><a href="#[95]">&gt;&gt;</a>&nbsp;&nbsp;&nbsp;LCD_IO_WriteMultiData16
</UL>
<BR>[Called By]<UL><LI><a href="#[10]">&gt;&gt;</a>&nbsp;&nbsp;&nbsp;ili9486_Scroll
<LI><a href="#[d]">&gt;&gt;</a>&nbsp;&nbsp;&nbsp;ili9486_DrawRGBImage
<LI><a href="#[c]">&gt;&gt;</a>&nbsp;&nbsp;&nbsp;ili9486_DrawBitmap
</UL>

<P><STRONG><a name="[97]"></a>LCD_IO_WriteCmd8MultipleData8</STRONG> (Thumb, 88 bytes, Stack size 8 bytes, lcd_io_spi.o(.text.LCD_IO_WriteCmd8MultipleData8))
<BR><BR>[Stack]<UL><LI>Max Depth = 48<LI>Call Chain = LCD_IO_WriteCmd8MultipleData8 &rArr; LCD_IO_WriteMultiData8
</UL>
<BR>[Calls]<UL><LI><a href="#[98]">&gt;&gt;</a>&nbsp;&nbsp;&nbsp;LCD_IO_WriteMultiData8
</UL>
<BR>[Called By]<UL><LI><a href="#[f]">&gt;&gt;</a>&nbsp;&nbsp;&nbsp;ili9486_ReadRGBImage
<LI><a href="#[6]">&gt;&gt;</a>&nbsp;&nbsp;&nbsp;ili9486_ReadPixel
<LI><a href="#[0]">&gt;&gt;</a>&nbsp;&nbsp;&nbsp;ili9486_Init
</UL>

<P><STRONG><a name="[122]"></a>LCD_IO_WriteData16</STRONG> (Thumb, 62 bytes, Stack size 0 bytes, lcd_io_spi.o(.text.LCD_IO_WriteData16))
<BR><BR>[Called By]<UL><LI><a href="#[5]">&gt;&gt;</a>&nbsp;&nbsp;&nbsp;ili9486_WritePixel
</UL>

<P><STRONG><a name="[121]"></a>LCD_IO_WriteData8</STRONG> (Thumb, 58 bytes, Stack size 0 bytes, lcd_io_spi.o(.text.LCD_IO_WriteData8))
<BR><BR>[Called By]<UL><LI><a href="#[e]">&gt;&gt;</a>&nbsp;&nbsp;&nbsp;ili9486_FillRect
<LI><a href="#[9]">&gt;&gt;</a>&nbsp;&nbsp;&nbsp;ili9486_DrawVLine
<LI><a href="#[8]">&gt;&gt;</a>&nbsp;&nbsp;&nbsp;ili9486_DrawHLine
<LI><a href="#[7]">&gt;&gt;</a>&nbsp;&nbsp;&nbsp;ili9486_SetDisplayWindow
<LI><a href="#[6]">&gt;&gt;</a>&nbsp;&nbsp;&nbsp;ili9486_ReadPixel
<LI><a href="#[5]">&gt;&gt;</a>&nbsp;&nbsp;&nbsp;ili9486_WritePixel
<LI><a href="#[4]">&gt;&gt;</a>&nbsp;&nbsp;&nbsp;ili9486_SetCursor
<LI><a href="#[0]">&gt;&gt;</a>&nbsp;&nbsp;&nbsp;ili9486_Init
</UL>

<P><STRONG><a name="[95]"></a>LCD_IO_WriteMultiData16</STRONG> (Thumb, 350 bytes, Stack size 40 bytes, lcd_io_spi.o(.text.LCD_IO_WriteMultiData16))
<BR><BR>[Stack]<UL><LI>Max Depth = 40<LI>Call Chain = LCD_IO_WriteMultiData16
</UL>
<BR>[Called By]<UL><LI><a href="#[96]">&gt;&gt;</a>&nbsp;&nbsp;&nbsp;LCD_IO_WriteCmd8MultipleData16
<LI><a href="#[94]">&gt;&gt;</a>&nbsp;&nbsp;&nbsp;LCD_IO_WriteCmd8DataFill16
</UL>

<P><STRONG><a name="[98]"></a>LCD_IO_WriteMultiData8</STRONG> (Thumb, 280 bytes, Stack size 40 bytes, lcd_io_spi.o(.text.LCD_IO_WriteMultiData8))
<BR><BR>[Stack]<UL><LI>Max Depth = 40<LI>Call Chain = LCD_IO_WriteMultiData8
</UL>
<BR>[Called By]<UL><LI><a href="#[97]">&gt;&gt;</a>&nbsp;&nbsp;&nbsp;LCD_IO_WriteCmd8MultipleData8
</UL>

<P><STRONG><a name="[99]"></a>LL_ADC_CommonInit</STRONG> (Thumb, 108 bytes, Stack size 16 bytes, stm32f1xx_ll_adc.o(.text.LL_ADC_CommonInit))
<BR><BR>[Stack]<UL><LI>Max Depth = 16<LI>Call Chain = LL_ADC_CommonInit
</UL>
<BR>[Calls]<UL><LI><a href="#[9a]">&gt;&gt;</a>&nbsp;&nbsp;&nbsp;assert_failed
</UL>
<BR>[Called By]<UL><LI><a href="#[a9]">&gt;&gt;</a>&nbsp;&nbsp;&nbsp;MX_ADC1_Init
</UL>

<P><STRONG><a name="[9b]"></a>LL_ADC_Init</STRONG> (Thumb, 152 bytes, Stack size 16 bytes, stm32f1xx_ll_adc.o(.text.LL_ADC_Init))
<BR><BR>[Stack]<UL><LI>Max Depth = 16<LI>Call Chain = LL_ADC_Init
</UL>
<BR>[Calls]<UL><LI><a href="#[9a]">&gt;&gt;</a>&nbsp;&nbsp;&nbsp;assert_failed
</UL>
<BR>[Called By]<UL><LI><a href="#[aa]">&gt;&gt;</a>&nbsp;&nbsp;&nbsp;MX_ADC2_Init
<LI><a href="#[a9]">&gt;&gt;</a>&nbsp;&nbsp;&nbsp;MX_ADC1_Init
</UL>

<P><STRONG><a name="[9c]"></a>LL_ADC_REG_Init</STRONG> (Thumb, 358 bytes, Stack size 16 bytes, stm32f1xx_ll_adc.o(.text.LL_ADC_REG_Init))
<BR><BR>[Stack]<UL><LI>Max Depth = 16<LI>Call Chain = LL_ADC_REG_Init
</UL>
<BR>[Calls]<UL><LI><a href="#[9a]">&gt;&gt;</a>&nbsp;&nbsp;&nbsp;assert_failed
</UL>
<BR>[Called By]<UL><LI><a href="#[aa]">&gt;&gt;</a>&nbsp;&nbsp;&nbsp;MX_ADC2_Init
<LI><a href="#[a9]">&gt;&gt;</a>&nbsp;&nbsp;&nbsp;MX_ADC1_Init
</UL>

<P><STRONG><a name="[8c]"></a>LL_EXTI_Init</STRONG> (Thumb, 238 bytes, Stack size 8 bytes, stm32f1xx_ll_exti.o(.text.LL_EXTI_Init))
<BR><BR>[Stack]<UL><LI>Max Depth = 8<LI>Call Chain = LL_EXTI_Init
</UL>
<BR>[Calls]<UL><LI><a href="#[9a]">&gt;&gt;</a>&nbsp;&nbsp;&nbsp;assert_failed
</UL>
<BR>[Called By]<UL><LI><a href="#[89]">&gt;&gt;</a>&nbsp;&nbsp;&nbsp;FM_Init
<LI><a href="#[ab]">&gt;&gt;</a>&nbsp;&nbsp;&nbsp;MX_GPIO_Init
</UL>

<P><STRONG><a name="[8b]"></a>LL_GPIO_Init</STRONG> (Thumb, 374 bytes, Stack size 40 bytes, stm32f1xx_ll_gpio.o(.text.LL_GPIO_Init))
<BR><BR>[Stack]<UL><LI>Max Depth = 40<LI>Call Chain = LL_GPIO_Init
</UL>
<BR>[Calls]<UL><LI><a href="#[9a]">&gt;&gt;</a>&nbsp;&nbsp;&nbsp;assert_failed
</UL>
<BR>[Called By]<UL><LI><a href="#[a7]">&gt;&gt;</a>&nbsp;&nbsp;&nbsp;MOT_Init
<LI><a href="#[89]">&gt;&gt;</a>&nbsp;&nbsp;&nbsp;FM_Init
<LI><a href="#[b3]">&gt;&gt;</a>&nbsp;&nbsp;&nbsp;MX_USART1_UART_Init
<LI><a href="#[b2]">&gt;&gt;</a>&nbsp;&nbsp;&nbsp;MX_TIM8_Init
<LI><a href="#[b1]">&gt;&gt;</a>&nbsp;&nbsp;&nbsp;MX_TIM4_Init
<LI><a href="#[b0]">&gt;&gt;</a>&nbsp;&nbsp;&nbsp;MX_TIM3_Init
<LI><a href="#[af]">&gt;&gt;</a>&nbsp;&nbsp;&nbsp;MX_SPI3_Init
<LI><a href="#[ae]">&gt;&gt;</a>&nbsp;&nbsp;&nbsp;MX_SPI2_Init
<LI><a href="#[ad]">&gt;&gt;</a>&nbsp;&nbsp;&nbsp;MX_SPI1_Init
<LI><a href="#[aa]">&gt;&gt;</a>&nbsp;&nbsp;&nbsp;MX_ADC2_Init
<LI><a href="#[a9]">&gt;&gt;</a>&nbsp;&nbsp;&nbsp;MX_ADC1_Init
<LI><a href="#[ab]">&gt;&gt;</a>&nbsp;&nbsp;&nbsp;MX_GPIO_Init
</UL>

<P><STRONG><a name="[10c]"></a>LL_Init1msTick</STRONG> (Thumb, 40 bytes, Stack size 0 bytes, stm32f1xx_ll_utils.o(.text.LL_Init1msTick))
<BR><BR>[Called By]<UL><LI><a href="#[10b]">&gt;&gt;</a>&nbsp;&nbsp;&nbsp;SystemClock_Config
</UL>

<P><STRONG><a name="[a6]"></a>LL_RCC_GetSystemClocksFreq</STRONG> (Thumb, 138 bytes, Stack size 0 bytes, stm32f1xx_ll_rcc.o(.text.LL_RCC_GetSystemClocksFreq))
<BR><BR>[Called By]<UL><LI><a href="#[a5]">&gt;&gt;</a>&nbsp;&nbsp;&nbsp;LL_USART_Init
</UL>

<P><STRONG><a name="[9d]"></a>LL_RTC_ALARM_Init</STRONG> (Thumb, 516 bytes, Stack size 32 bytes, stm32f1xx_ll_rtc.o(.text.LL_RTC_ALARM_Init))
<BR><BR>[Stack]<UL><LI>Max Depth = 32<LI>Call Chain = LL_RTC_ALARM_Init
</UL>
<BR>[Calls]<UL><LI><a href="#[9a]">&gt;&gt;</a>&nbsp;&nbsp;&nbsp;assert_failed
</UL>
<BR>[Called By]<UL><LI><a href="#[113]">&gt;&gt;</a>&nbsp;&nbsp;&nbsp;Time_init
</UL>

<P><STRONG><a name="[114]"></a>LL_RTC_ALARM_StructInit</STRONG> (Thumb, 8 bytes, Stack size 0 bytes, stm32f1xx_ll_rtc.o(.text.LL_RTC_ALARM_StructInit))
<BR><BR>[Called By]<UL><LI><a href="#[113]">&gt;&gt;</a>&nbsp;&nbsp;&nbsp;Time_init
</UL>

<P><STRONG><a name="[9e]"></a>LL_RTC_EnterInitMode</STRONG> (Thumb, 114 bytes, Stack size 16 bytes, stm32f1xx_ll_rtc.o(.text.LL_RTC_EnterInitMode))
<BR><BR>[Stack]<UL><LI>Max Depth = 16<LI>Call Chain = LL_RTC_EnterInitMode
</UL>
<BR>[Calls]<UL><LI><a href="#[9a]">&gt;&gt;</a>&nbsp;&nbsp;&nbsp;assert_failed
</UL>
<BR>[Called By]<UL><LI><a href="#[cd]">&gt;&gt;</a>&nbsp;&nbsp;&nbsp;setAlarm
<LI><a href="#[112]">&gt;&gt;</a>&nbsp;&nbsp;&nbsp;setSysTime
</UL>

<P><STRONG><a name="[9f]"></a>LL_RTC_ExitInitMode</STRONG> (Thumb, 114 bytes, Stack size 16 bytes, stm32f1xx_ll_rtc.o(.text.LL_RTC_ExitInitMode))
<BR><BR>[Stack]<UL><LI>Max Depth = 16<LI>Call Chain = LL_RTC_ExitInitMode
</UL>
<BR>[Calls]<UL><LI><a href="#[9a]">&gt;&gt;</a>&nbsp;&nbsp;&nbsp;assert_failed
</UL>
<BR>[Called By]<UL><LI><a href="#[cd]">&gt;&gt;</a>&nbsp;&nbsp;&nbsp;setAlarm
<LI><a href="#[112]">&gt;&gt;</a>&nbsp;&nbsp;&nbsp;setSysTime
</UL>

<P><STRONG><a name="[a0]"></a>LL_RTC_Init</STRONG> (Thumb, 450 bytes, Stack size 32 bytes, stm32f1xx_ll_rtc.o(.text.LL_RTC_Init))
<BR><BR>[Stack]<UL><LI>Max Depth = 32<LI>Call Chain = LL_RTC_Init
</UL>
<BR>[Calls]<UL><LI><a href="#[9a]">&gt;&gt;</a>&nbsp;&nbsp;&nbsp;assert_failed
</UL>
<BR>[Called By]<UL><LI><a href="#[ac]">&gt;&gt;</a>&nbsp;&nbsp;&nbsp;MX_RTC_Init
</UL>

[...]
<BR><BR>[Stack]<UL><LI>Max Depth = 312<LI>Call Chain = showServiceInfoFrame &rArr; createFrame &rArr; drawTextLabel &rArr; BSP_LCD_FillCircle &rArr; BSP_LCD_DrawCircle
</UL>
<BR>[Calls]<UL><LI><a href="#[7e]">&gt;&gt;</a>&nbsp;&nbsp;&nbsp;drawClock
<LI><a href="#[e5]">&gt;&gt;</a>&nbsp;&nbsp;&nbsp;drawFillButton
<LI><a href="#[c4]">&gt;&gt;</a>&nbsp;&nbsp;&nbsp;getTime
<LI><a href="#[c5]">&gt;&gt;</a>&nbsp;&nbsp;&nbsp;wtcTimeToInt
<LI><a href="#[ce]">&gt;&gt;</a>&nbsp;&nbsp;&nbsp;FP_SaveParam
<LI><a href="#[12f]">&gt;&gt;</a>&nbsp;&nbsp;&nbsp;showServiceDateSelectFrame
<LI><a href="#[116]">&gt;&gt;</a>&nbsp;&nbsp;&nbsp;createFrame
</UL>
<BR>[Called By]<UL><LI><a href="#[fc]">&gt;&gt;</a>&nbsp;&nbsp;&nbsp;ShowServiceMenuFrame
</UL>

<P><STRONG><a name="[ca]"></a>stopAlarm</STRONG> (Thumb, 18 bytes, Stack size 0 bytes, alarm.o(.text.stopAlarm))
<BR><BR>[Called By]<UL><LI><a href="#[c3]">&gt;&gt;</a>&nbsp;&nbsp;&nbsp;PL_Planner
</UL>

<P><STRONG><a name="[12e]"></a>timeRemain</STRONG> (Thumb, 32 bytes, Stack size 8 bytes, planner.o(.text.timeRemain))
<BR><BR>[Stack]<UL><LI>Max Depth = 192<LI>Call Chain = timeRemain &rArr; decDateTime &rArr; decSec &rArr; decHour &rArr; decMonth
</UL>
<BR>[Calls]<UL><LI><a href="#[118]">&gt;&gt;</a>&nbsp;&nbsp;&nbsp;decDateTime
<LI><a href="#[c4]">&gt;&gt;</a>&nbsp;&nbsp;&nbsp;getTime
</UL>
<BR>[Called By]<UL><LI><a href="#[f8]">&gt;&gt;</a>&nbsp;&nbsp;&nbsp;showRemeiningTime
<LI><a href="#[ee]">&gt;&gt;</a>&nbsp;&nbsp;&nbsp;showRemeiningTime
</UL>

<P><STRONG><a name="[e2]"></a>wasTouch</STRONG> (Thumb, 32 bytes, Stack size 0 bytes, stm32_adafruit_ts.o(.text.wasTouch))
<BR><BR>[Called By]<UL><LI><a href="#[e3]">&gt;&gt;</a>&nbsp;&nbsp;&nbsp;SERV_TS_TEST
<LI><a href="#[7a]">&gt;&gt;</a>&nbsp;&nbsp;&nbsp;SERV_TS_CALIB
</UL>

<P><STRONG><a name="[c5]"></a>wtcTimeToInt</STRONG> (Thumb, 48 bytes, Stack size 56 bytes, time.o(.text.wtcTimeToInt))
<BR><BR>[Stack]<UL><LI>Max Depth = 120<LI>Call Chain = wtcTimeToInt &rArr; mktime &rArr; _tm_carry
</UL>
<BR>[Calls]<UL><LI><a href="#[6d]">&gt;&gt;</a>&nbsp;&nbsp;&nbsp;mktime
</UL>
<BR>[Called By]<UL><LI><a href="#[c0]">&gt;&gt;</a>&nbsp;&nbsp;&nbsp;PL_Init
<LI><a href="#[106]">&gt;&gt;</a>&nbsp;&nbsp;&nbsp;showServiceInfoFrame
</UL>

<P><STRONG><a name="[12d]"></a>wtcTimeToStdTime</STRONG> (Thumb, 38 bytes, Stack size 8 bytes, time.o(.text.wtcTimeToStdTime))
<BR><BR>[Stack]<UL><LI>Max Depth = 8<LI>Call Chain = wtcTimeToStdTime
</UL>
<BR>[Called By]<UL><LI><a href="#[cd]">&gt;&gt;</a>&nbsp;&nbsp;&nbsp;setAlarm
</UL>
<P>
<H3>
Local Symbols
</H3>
<P><STRONG><a name="[fb]"></a>createFrame</STRONG> (Thumb, 188 bytes, Stack size 48 bytes, mainframe.o(.text.createFrame))
<BR><BR>[Stack]<UL><LI>Max Depth = 232<LI>Call Chain = createFrame &rArr; drawTextLabel &rArr; BSP_LCD_FillCircle &rArr; BSP_LCD_DrawCircle
</UL>
<BR>[Calls]<UL><LI><a href="#[7e]">&gt;&gt;</a>&nbsp;&nbsp;&nbsp;drawClock
<LI><a href="#[e5]">&gt;&gt;</a>&nbsp;&nbsp;&nbsp;drawFillButton
<LI><a href="#[e8]">&gt;&gt;</a>&nbsp;&nbsp;&nbsp;TC_clearButtons
<LI><a href="#[eb]">&gt;&gt;</a>&nbsp;&nbsp;&nbsp;TC_addButton
<LI><a href="#[ea]">&gt;&gt;</a>&nbsp;&nbsp;&nbsp;drawStatusBarEmpty
<LI><a href="#[ed]">&gt;&gt;</a>&nbsp;&nbsp;&nbsp;drawMainWindow
<LI><a href="#[e9]">&gt;&gt;</a>&nbsp;&nbsp;&nbsp;drawMainBar
<LI><a href="#[88]">&gt;&gt;</a>&nbsp;&nbsp;&nbsp;drawTextLabel
</UL>
<BR>[Called By]<UL><LI><a href="#[fa]">&gt;&gt;</a>&nbsp;&nbsp;&nbsp;ShowMainFrame
</UL>

<P><STRONG><a name="[fe]"></a>createFrame</STRONG> (Thumb, 216 bytes, Stack size 16 bytes, menuframe.o(.text.createFrame))
<BR><BR>[Stack]<UL><LI>Max Depth = 152<LI>Call Chain = createFrame &rArr; drawScrollButton &rArr; BSP_LCD_FillCircle &rArr; BSP_LCD_DrawCircle
</UL>
<BR>[Calls]<UL><LI><a href="#[7e]">&gt;&gt;</a>&nbsp;&nbsp;&nbsp;drawClock
<LI><a href="#[80]">&gt;&gt;</a>&nbsp;&nbsp;&nbsp;BSP_LCD_GetYSize
<LI><a href="#[73]">&gt;&gt;</a>&nbsp;&nbsp;&nbsp;BSP_LCD_DisplayStringAt
<LI><a href="#[bd]">&gt;&gt;</a>&nbsp;&nbsp;&nbsp;BSP_LCD_SetTextColor
<LI><a href="#[be]">&gt;&gt;</a>&nbsp;&nbsp;&nbsp;BSP_LCD_SetBackColor
<LI><a href="#[d7]">&gt;&gt;</a>&nbsp;&nbsp;&nbsp;drawScrollButton
<LI><a href="#[ea]">&gt;&gt;</a>&nbsp;&nbsp;&nbsp;drawStatusBarEmpty
<LI><a href="#[d8]">&gt;&gt;</a>&nbsp;&nbsp;&nbsp;drawStaticLines
<LI><a href="#[ed]">&gt;&gt;</a>&nbsp;&nbsp;&nbsp;drawMainWindow
<LI><a href="#[e9]">&gt;&gt;</a>&nbsp;&nbsp;&nbsp;drawMainBar
<LI><a href="#[d6]">&gt;&gt;</a>&nbsp;&nbsp;&nbsp;calcButParam
</UL>
<BR>[Called By]<UL><LI><a href="#[fd]">&gt;&gt;</a>&nbsp;&nbsp;&nbsp;ShowMenuFrame
</UL>

<P><STRONG><a name="[d6]"></a>calcButParam</STRONG> (Thumb, 290 bytes, Stack size 24 bytes, menuframe.o(.text.calcButParam))
<BR><BR>[Stack]<UL><LI>Max Depth = 24<LI>Call Chain = calcButParam
</UL>
<BR>[Calls]<UL><LI><a href="#[80]">&gt;&gt;</a>&nbsp;&nbsp;&nbsp;BSP_LCD_GetYSize
<LI><a href="#[e8]">&gt;&gt;</a>&nbsp;&nbsp;&nbsp;TC_clearButtons
<LI><a href="#[eb]">&gt;&gt;</a>&nbsp;&nbsp;&nbsp;TC_addButton
</UL>
<BR>[Called By]<UL><LI><a href="#[d5]">&gt;&gt;</a>&nbsp;&nbsp;&nbsp;RefreshScrollBarMenuFrame
<LI><a href="#[fe]">&gt;&gt;</a>&nbsp;&nbsp;&nbsp;createFrame
</UL>

<P><STRONG><a name="[ee]"></a>showRemeiningTime</STRONG> (Thumb, 248 bytes, Stack size 24 bytes, delayedregencustomerframe.o(.text.showRemeiningTime))
<BR><BR>[Stack]<UL><LI>Max Depth = 216<LI>Call Chain = showRemeiningTime &rArr; timeRemain &rArr; decDateTime &rArr; decSec &rArr; decHour &rArr; decMonth
</UL>
<BR>[Calls]<UL><LI><a href="#[12e]">&gt;&gt;</a>&nbsp;&nbsp;&nbsp;timeRemain
<LI><a href="#[73]">&gt;&gt;</a>&nbsp;&nbsp;&nbsp;BSP_LCD_DisplayStringAt
<LI><a href="#[d4]">&gt;&gt;</a>&nbsp;&nbsp;&nbsp;BSP_LCD_FillRect
<LI><a href="#[bd]">&gt;&gt;</a>&nbsp;&nbsp;&nbsp;BSP_LCD_SetTextColor
<LI><a href="#[be]">&gt;&gt;</a>&nbsp;&nbsp;&nbsp;BSP_LCD_SetBackColor
<LI><a href="#[81]">&gt;&gt;</a>&nbsp;&nbsp;&nbsp;getFormatedTimeFromSource
<LI><a href="#[75]">&gt;&gt;</a>&nbsp;&nbsp;&nbsp;BSP_LCD_FillCircle
</UL>
<BR>[Called By]<UL><LI><a href="#[ec]">&gt;&gt;</a>&nbsp;&nbsp;&nbsp;ShowDelayedRegenCustFrame
</UL>

<P><STRONG><a name="[f8]"></a>showRemeiningTime</STRONG> (Thumb, 248 bytes, Stack size 24 bytes, forcedregencustomerframe.o(.text.showRemeiningTime))
<BR><BR>[Stack]<UL><LI>Max Depth = 216<LI>Call Chain = showRemeiningTime &rArr; timeRemain &rArr; decDateTime &rArr; decSec &rArr; decHour &rArr; decMonth
</UL>
<BR>[Calls]<UL><LI><a href="#[12e]">&gt;&gt;</a>&nbsp;&nbsp;&nbsp;timeRemain
<LI><a href="#[73]">&gt;&gt;</a>&nbsp;&nbsp;&nbsp;BSP_LCD_DisplayStringAt
<LI><a href="#[d4]">&gt;&gt;</a>&nbsp;&nbsp;&nbsp;BSP_LCD_FillRect
<LI><a href="#[bd]">&gt;&gt;</a>&nbsp;&nbsp;&nbsp;BSP_LCD_SetTextColor
<LI><a href="#[be]">&gt;&gt;</a>&nbsp;&nbsp;&nbsp;BSP_LCD_SetBackColor
<LI><a href="#[81]">&gt;&gt;</a>&nbsp;&nbsp;&nbsp;getFormatedTimeFromSource
<LI><a href="#[75]">&gt;&gt;</a>&nbsp;&nbsp;&nbsp;BSP_LCD_FillCircle
</UL>
<BR>[Called By]<UL><LI><a href="#[f7]">&gt;&gt;</a>&nbsp;&nbsp;&nbsp;ShowForcedRegenCustFrame
</UL>

<P><STRONG><a name="[7c]"></a>createFrame</STRONG> (Thumb, 482 bytes, Stack size 64 bytes, calendar.o(.text.createFrame))
<BR><BR>[Stack]<UL><LI>Max Depth = 248<LI>Call Chain = createFrame &rArr; drawTextLabel &rArr; BSP_LCD_FillCircle &rArr; BSP_LCD_DrawCircle
</UL>
<BR>[Calls]<UL><LI><a href="#[80]">&gt;&gt;</a>&nbsp;&nbsp;&nbsp;BSP_LCD_GetYSize
<LI><a href="#[7f]">&gt;&gt;</a>&nbsp;&nbsp;&nbsp;BSP_LCD_GetXSize
<LI><a href="#[73]">&gt;&gt;</a>&nbsp;&nbsp;&nbsp;BSP_LCD_DisplayStringAt
<LI><a href="#[bd]">&gt;&gt;</a>&nbsp;&nbsp;&nbsp;BSP_LCD_SetTextColor
<LI><a href="#[be]">&gt;&gt;</a>&nbsp;&nbsp;&nbsp;BSP_LCD_SetBackColor
<LI><a href="#[81]">&gt;&gt;</a>&nbsp;&nbsp;&nbsp;getFormatedTimeFromSource
<LI><a href="#[df]">&gt;&gt;</a>&nbsp;&nbsp;&nbsp;BSP_LCD_Clear
<LI><a href="#[e8]">&gt;&gt;</a>&nbsp;&nbsp;&nbsp;TC_clearButtons
<LI><a href="#[eb]">&gt;&gt;</a>&nbsp;&nbsp;&nbsp;TC_addButton
<LI><a href="#[f9]">&gt;&gt;</a>&nbsp;&nbsp;&nbsp;drawStatusBarOkCancel
<LI><a href="#[e9]">&gt;&gt;</a>&nbsp;&nbsp;&nbsp;drawMainBar
<LI><a href="#[88]">&gt;&gt;</a>&nbsp;&nbsp;&nbsp;drawTextLabel
</UL>
<BR>[Called By]<UL><LI><a href="#[7b]">&gt;&gt;</a>&nbsp;&nbsp;&nbsp;CAL_showFrame
</UL>

<P><STRONG><a name="[86]"></a>createFrame</STRONG> (Thumb, 368 bytes, Stack size 56 bytes, clockset.o(.text.createFrame))
<BR><BR>[Stack]<UL><LI>Max Depth = 240<LI>Call Chain = createFrame &rArr; drawTextLabel &rArr; BSP_LCD_FillCircle &rArr; BSP_LCD_DrawCircle
</UL>
<BR>[Calls]<UL><LI><a href="#[80]">&gt;&gt;</a>&nbsp;&nbsp;&nbsp;BSP_LCD_GetYSize
<LI><a href="#[7f]">&gt;&gt;</a>&nbsp;&nbsp;&nbsp;BSP_LCD_GetXSize
<LI><a href="#[73]">&gt;&gt;</a>&nbsp;&nbsp;&nbsp;BSP_LCD_DisplayStringAt
<LI><a href="#[bd]">&gt;&gt;</a>&nbsp;&nbsp;&nbsp;BSP_LCD_SetTextColor
<LI><a href="#[be]">&gt;&gt;</a>&nbsp;&nbsp;&nbsp;BSP_LCD_SetBackColor
<LI><a href="#[87]">&gt;&gt;</a>&nbsp;&nbsp;&nbsp;BSP_LCD_GetFont
<LI><a href="#[81]">&gt;&gt;</a>&nbsp;&nbsp;&nbsp;getFormatedTimeFromSource
<LI><a href="#[df]">&gt;&gt;</a>&nbsp;&nbsp;&nbsp;BSP_LCD_Clear
<LI><a href="#[e8]">&gt;&gt;</a>&nbsp;&nbsp;&nbsp;TC_clearButtons
<LI><a href="#[eb]">&gt;&gt;</a>&nbsp;&nbsp;&nbsp;TC_addButton
<LI><a href="#[f9]">&gt;&gt;</a>&nbsp;&nbsp;&nbsp;drawStatusBarOkCancel
<LI><a href="#[e9]">&gt;&gt;</a>&nbsp;&nbsp;&nbsp;drawMainBar
<LI><a href="#[88]">&gt;&gt;</a>&nbsp;&nbsp;&nbsp;drawTextLabel
</UL>
<BR>[Called By]<UL><LI><a href="#[85]">&gt;&gt;</a>&nbsp;&nbsp;&nbsp;CSF_showFrame
</UL>

<P><STRONG><a name="[f5]"></a>createFrame</STRONG> (Thumb, 352 bytes, Stack size 56 bytes, filteringframe.o(.text.createFrame))
<BR><BR>[Stack]<UL><LI>Max Depth = 240<LI>Call Chain = createFrame &rArr; drawTextLabel &rArr; BSP_LCD_FillCircle &rArr; BSP_LCD_DrawCircle
</UL>
<BR>[Calls]<UL><LI><a href="#[80]">&gt;&gt;</a>&nbsp;&nbsp;&nbsp;BSP_LCD_GetYSize
<LI><a href="#[73]">&gt;&gt;</a>&nbsp;&nbsp;&nbsp;BSP_LCD_DisplayStringAt
<LI><a href="#[bd]">&gt;&gt;</a>&nbsp;&nbsp;&nbsp;BSP_LCD_SetTextColor
<LI><a href="#[be]">&gt;&gt;</a>&nbsp;&nbsp;&nbsp;BSP_LCD_SetBackColor
<LI><a href="#[d1]">&gt;&gt;</a>&nbsp;&nbsp;&nbsp;intToStr
<LI><a href="#[df]">&gt;&gt;</a>&nbsp;&nbsp;&nbsp;BSP_LCD_Clear
<LI><a href="#[e8]">&gt;&gt;</a>&nbsp;&nbsp;&nbsp;TC_clearButtons
<LI><a href="#[eb]">&gt;&gt;</a>&nbsp;&nbsp;&nbsp;TC_addButton
<LI><a href="#[f9]">&gt;&gt;</a>&nbsp;&nbsp;&nbsp;drawStatusBarOkCancel
<LI><a href="#[e9]">&gt;&gt;</a>&nbsp;&nbsp;&nbsp;drawMainBar
<LI><a href="#[88]">&gt;&gt;</a>&nbsp;&nbsp;&nbsp;drawTextLabel
</UL>
<BR>[Called By]<UL><LI><a href="#[f3]">&gt;&gt;</a>&nbsp;&nbsp;&nbsp;ShowFilteringFrame
</UL>

<P><STRONG><a name="[f2]"></a>createFrame</STRONG> (Thumb, 316 bytes, Stack size 64 bytes, filterselectionframe.o(.text.createFrame))
<BR><BR>[Stack]<UL><LI>Max Depth = 248<LI>Call Chain = createFrame &rArr; drawTextLabel &rArr; BSP_LCD_FillCircle &rArr; BSP_LCD_DrawCircle
</UL>
<BR>[Calls]<UL><LI><a href="#[e5]">&gt;&gt;</a>&nbsp;&nbsp;&nbsp;drawFillButton
<LI><a href="#[80]">&gt;&gt;</a>&nbsp;&nbsp;&nbsp;BSP_LCD_GetYSize
<LI><a href="#[df]">&gt;&gt;</a>&nbsp;&nbsp;&nbsp;BSP_LCD_Clear
<LI><a href="#[e8]">&gt;&gt;</a>&nbsp;&nbsp;&nbsp;TC_clearButtons
<LI><a href="#[eb]">&gt;&gt;</a>&nbsp;&nbsp;&nbsp;TC_addButton
<LI><a href="#[f9]">&gt;&gt;</a>&nbsp;&nbsp;&nbsp;drawStatusBarOkCancel
<LI><a href="#[e9]">&gt;&gt;</a>&nbsp;&nbsp;&nbsp;drawMainBar
<LI><a href="#[88]">&gt;&gt;</a>&nbsp;&nbsp;&nbsp;drawTextLabel
</UL>
<BR>[Called By]<UL><LI><a href="#[f1]">&gt;&gt;</a>&nbsp;&nbsp;&nbsp;ShowFilterSelectionFrame
</UL>

<P><STRONG><a name="[107]"></a>createFrame</STRONG> (Thumb, 508 bytes, Stack size 56 bytes, softeningframe.o(.text.createFrame))
<BR><BR>[Stack]<UL><LI>Max Depth = 240<LI>Call Chain = createFrame &rArr; drawTextLabel &rArr; BSP_LCD_FillCircle &rArr; BSP_LCD_DrawCircle
</UL>
<BR>[Calls]<UL><LI><a href="#[7e]">&gt;&gt;</a>&nbsp;&nbsp;&nbsp;drawClock
<LI><a href="#[80]">&gt;&gt;</a>&nbsp;&nbsp;&nbsp;BSP_LCD_GetYSize
<LI><a href="#[73]">&gt;&gt;</a>&nbsp;&nbsp;&nbsp;BSP_LCD_DisplayStringAt
<LI><a href="#[bd]">&gt;&gt;</a>&nbsp;&nbsp;&nbsp;BSP_LCD_SetTextColor
<LI><a href="#[be]">&gt;&gt;</a>&nbsp;&nbsp;&nbsp;BSP_LCD_SetBackColor
<LI><a href="#[d1]">&gt;&gt;</a>&nbsp;&nbsp;&nbsp;intToStr
<LI><a href="#[e8]">&gt;&gt;</a>&nbsp;&nbsp;&nbsp;TC_clearButtons
<LI><a href="#[d7]">&gt;&gt;</a>&nbsp;&nbsp;&nbsp;drawScrollButton
<LI><a href="#[f9]">&gt;&gt;</a>&nbsp;&nbsp;&nbsp;drawStatusBarOkCancel
<LI><a href="#[d8]">&gt;&gt;</a>&nbsp;&nbsp;&nbsp;drawStaticLines
<LI><a href="#[ed]">&gt;&gt;</a>&nbsp;&nbsp;&nbsp;drawMainWindow
<LI><a href="#[e9]">&gt;&gt;</a>&nbsp;&nbsp;&nbsp;drawMainBar
<LI><a href="#[88]">&gt;&gt;</a>&nbsp;&nbsp;&nbsp;drawTextLabel
<LI><a href="#[dc]">&gt;&gt;</a>&nbsp;&nbsp;&nbsp;calcButParam
</UL>
<BR>[Called By]<UL><LI><a href="#[f4]">&gt;&gt;</a>&nbsp;&nbsp;&nbsp;ShowSofteningFrame
</UL>

<P><STRONG><a name="[103]"></a>createFrame</STRONG> (Thumb, 216 bytes, Stack size 16 bytes, servicemenuframe.o(.text.createFrame))
<BR><BR>[Stack]<UL><LI>Max Depth = 152<LI>Call Chain = createFrame &rArr; drawScrollButton &rArr; BSP_LCD_FillCircle &rArr; BSP_LCD_DrawCircle
</UL>
<BR>[Calls]<UL><LI><a href="#[7e]">&gt;&gt;</a>&nbsp;&nbsp;&nbsp;drawClock
<LI><a href="#[80]">&gt;&gt;</a>&nbsp;&nbsp;&nbsp;BSP_LCD_GetYSize
<LI><a href="#[73]">&gt;&gt;</a>&nbsp;&nbsp;&nbsp;BSP_LCD_DisplayStringAt
<LI><a href="#[bd]">&gt;&gt;</a>&nbsp;&nbsp;&nbsp;BSP_LCD_SetTextColor
<LI><a href="#[be]">&gt;&gt;</a>&nbsp;&nbsp;&nbsp;BSP_LCD_SetBackColor
<LI><a href="#[d7]">&gt;&gt;</a>&nbsp;&nbsp;&nbsp;drawScrollButton
<LI><a href="#[ea]">&gt;&gt;</a>&nbsp;&nbsp;&nbsp;drawStatusBarEmpty
<LI><a href="#[d8]">&gt;&gt;</a>&nbsp;&nbsp;&nbsp;drawStaticLines
<LI><a href="#[ed]">&gt;&gt;</a>&nbsp;&nbsp;&nbsp;drawMainWindow
<LI><a href="#[e9]">&gt;&gt;</a>&nbsp;&nbsp;&nbsp;drawMainBar
<LI><a href="#[da]">&gt;&gt;</a>&nbsp;&nbsp;&nbsp;calcButParam
</UL>
<BR>[Called By]<UL><LI><a href="#[fc]">&gt;&gt;</a>&nbsp;&nbsp;&nbsp;ShowServiceMenuFrame
</UL>

<P><STRONG><a name="[da]"></a>calcButParam</STRONG> (Thumb, 290 bytes, Stack size 24 bytes, servicemenuframe.o(.text.calcButParam))
<BR><BR>[Stack]<UL><LI>Max Depth = 24<LI>Call Chain = calcButParam
</UL>
<BR>[Calls]<UL><LI><a href="#[80]">&gt;&gt;</a>&nbsp;&nbsp;&nbsp;BSP_LCD_GetYSize
<LI><a href="#[e8]">&gt;&gt;</a>&nbsp;&nbsp;&nbsp;TC_clearButtons
<LI><a href="#[eb]">&gt;&gt;</a>&nbsp;&nbsp;&nbsp;TC_addButton
</UL>
<BR>[Called By]<UL><LI><a href="#[d9]">&gt;&gt;</a>&nbsp;&nbsp;&nbsp;RefreshScrollBarServiceMenuFrame
<LI><a href="#[103]">&gt;&gt;</a>&nbsp;&nbsp;&nbsp;createFrame
</UL>

<P><STRONG><a name="[102]"></a>createFrame</STRONG> (Thumb, 236 bytes, Stack size 40 bytes, regenperiodserviceframe.o(.text.createFrame))
<BR><BR>[Stack]<UL><LI>Max Depth = 224<LI>Call Chain = createFrame &rArr; drawTextLabel &rArr; BSP_LCD_FillCircle &rArr; BSP_LCD_DrawCircle
</UL>
<BR>[Calls]<UL><LI><a href="#[7e]">&gt;&gt;</a>&nbsp;&nbsp;&nbsp;drawClock
<LI><a href="#[80]">&gt;&gt;</a>&nbsp;&nbsp;&nbsp;BSP_LCD_GetYSize
<LI><a href="#[7f]">&gt;&gt;</a>&nbsp;&nbsp;&nbsp;BSP_LCD_GetXSize
<LI><a href="#[73]">&gt;&gt;</a>&nbsp;&nbsp;&nbsp;BSP_LCD_DisplayStringAt
<LI><a href="#[bd]">&gt;&gt;</a>&nbsp;&nbsp;&nbsp;BSP_LCD_SetTextColor
<LI><a href="#[be]">&gt;&gt;</a>&nbsp;&nbsp;&nbsp;BSP_LCD_SetBackColor
<LI><a href="#[de]">&gt;&gt;</a>&nbsp;&nbsp;&nbsp;BSP_LCD_SetFont
<LI><a href="#[d1]">&gt;&gt;</a>&nbsp;&nbsp;&nbsp;intToStr
<LI><a href="#[df]">&gt;&gt;</a>&nbsp;&nbsp;&nbsp;BSP_LCD_Clear
<LI><a href="#[e8]">&gt;&gt;</a>&nbsp;&nbsp;&nbsp;TC_clearButtons
<LI><a href="#[eb]">&gt;&gt;</a>&nbsp;&nbsp;&nbsp;TC_addButton
<LI><a href="#[f9]">&gt;&gt;</a>&nbsp;&nbsp;&nbsp;drawStatusBarOkCancel
<LI><a href="#[e9]">&gt;&gt;</a>&nbsp;&nbsp;&nbsp;drawMainBar
<LI><a href="#[88]">&gt;&gt;</a>&nbsp;&nbsp;&nbsp;drawTextLabel
</UL>
<BR>[Called By]<UL><LI><a href="#[101]">&gt;&gt;</a>&nbsp;&nbsp;&nbsp;ShowRegenPeriodServiceFrame
</UL>

<P><STRONG><a name="[108]"></a>createFrame</STRONG> (Thumb, 172 bytes, Stack size 40 bytes, washingtimeserviceframe.o(.text.createFrame))
<BR><BR>[Stack]<UL><LI>Max Depth = 224<LI>Call Chain = createFrame &rArr; drawTextLabel &rArr; BSP_LCD_FillCircle &rArr; BSP_LCD_DrawCircle
</UL>
<BR>[Calls]<UL><LI><a href="#[7e]">&gt;&gt;</a>&nbsp;&nbsp;&nbsp;drawClock
<LI><a href="#[80]">&gt;&gt;</a>&nbsp;&nbsp;&nbsp;BSP_LCD_GetYSize
<LI><a href="#[7f]">&gt;&gt;</a>&nbsp;&nbsp;&nbsp;BSP_LCD_GetXSize
<LI><a href="#[81]">&gt;&gt;</a>&nbsp;&nbsp;&nbsp;getFormatedTimeFromSource
<LI><a href="#[df]">&gt;&gt;</a>&nbsp;&nbsp;&nbsp;BSP_LCD_Clear
<LI><a href="#[e8]">&gt;&gt;</a>&nbsp;&nbsp;&nbsp;TC_clearButtons
<LI><a href="#[eb]">&gt;&gt;</a>&nbsp;&nbsp;&nbsp;TC_addButton
<LI><a href="#[f9]">&gt;&gt;</a>&nbsp;&nbsp;&nbsp;drawStatusBarOkCancel
<LI><a href="#[e9]">&gt;&gt;</a>&nbsp;&nbsp;&nbsp;drawMainBar
<LI><a href="#[88]">&gt;&gt;</a>&nbsp;&nbsp;&nbsp;drawTextLabel
</UL>
<BR>[Called By]<UL><LI><a href="#[100]">&gt;&gt;</a>&nbsp;&nbsp;&nbsp;ShowWashingTimeServiceFrame
</UL>

<P><STRONG><a name="[10a]"></a>createFrame</STRONG> (Thumb, 256 bytes, Stack size 56 bytes, watercountbeforeregen.o(.text.createFrame))
<BR><BR>[Stack]<UL><LI>Max Depth = 240<LI>Call Chain = createFrame &rArr; drawTextLabel &rArr; BSP_LCD_FillCircle &rArr; BSP_LCD_DrawCircle
</UL>
<BR>[Calls]<UL><LI><a href="#[7e]">&gt;&gt;</a>&nbsp;&nbsp;&nbsp;drawClock
<LI><a href="#[80]">&gt;&gt;</a>&nbsp;&nbsp;&nbsp;BSP_LCD_GetYSize
<LI><a href="#[7f]">&gt;&gt;</a>&nbsp;&nbsp;&nbsp;BSP_LCD_GetXSize
<LI><a href="#[73]">&gt;&gt;</a>&nbsp;&nbsp;&nbsp;BSP_LCD_DisplayStringAt
<LI><a href="#[de]">&gt;&gt;</a>&nbsp;&nbsp;&nbsp;BSP_LCD_SetFont
<LI><a href="#[d1]">&gt;&gt;</a>&nbsp;&nbsp;&nbsp;intToStr
<LI><a href="#[df]">&gt;&gt;</a>&nbsp;&nbsp;&nbsp;BSP_LCD_Clear
<LI><a href="#[e8]">&gt;&gt;</a>&nbsp;&nbsp;&nbsp;TC_clearButtons
<LI><a href="#[eb]">&gt;&gt;</a>&nbsp;&nbsp;&nbsp;TC_addButton
<LI><a href="#[f9]">&gt;&gt;</a>&nbsp;&nbsp;&nbsp;drawStatusBarOkCancel
<LI><a href="#[e9]">&gt;&gt;</a>&nbsp;&nbsp;&nbsp;drawMainBar
<LI><a href="#[88]">&gt;&gt;</a>&nbsp;&nbsp;&nbsp;drawTextLabel
</UL>
<BR>[Called By]<UL><LI><a href="#[105]">&gt;&gt;</a>&nbsp;&nbsp;&nbsp;ShowWaterCountBeforeRegenFrame
</UL>

<P><STRONG><a name="[116]"></a>createFrame</STRONG> (Thumb, 296 bytes, Stack size 64 bytes, serviceinfo.o(.text.createFrame))
<BR><BR>[Stack]<UL><LI>Max Depth = 248<LI>Call Chain = createFrame &rArr; drawTextLabel &rArr; BSP_LCD_FillCircle &rArr; BSP_LCD_DrawCircle
</UL>
<BR>[Calls]<UL><LI><a href="#[7e]">&gt;&gt;</a>&nbsp;&nbsp;&nbsp;drawClock
<LI><a href="#[e5]">&gt;&gt;</a>&nbsp;&nbsp;&nbsp;drawFillButton
<LI><a href="#[80]">&gt;&gt;</a>&nbsp;&nbsp;&nbsp;BSP_LCD_GetYSize
<LI><a href="#[7f]">&gt;&gt;</a>&nbsp;&nbsp;&nbsp;BSP_LCD_GetXSize
<LI><a href="#[73]">&gt;&gt;</a>&nbsp;&nbsp;&nbsp;BSP_LCD_DisplayStringAt
<LI><a href="#[bd]">&gt;&gt;</a>&nbsp;&nbsp;&nbsp;BSP_LCD_SetTextColor
<LI><a href="#[be]">&gt;&gt;</a>&nbsp;&nbsp;&nbsp;BSP_LCD_SetBackColor
<LI><a href="#[81]">&gt;&gt;</a>&nbsp;&nbsp;&nbsp;getFormatedTimeFromSource
<LI><a href="#[117]">&gt;&gt;</a>&nbsp;&nbsp;&nbsp;compareDate
<LI><a href="#[115]">&gt;&gt;</a>&nbsp;&nbsp;&nbsp;addMonth
<LI><a href="#[c4]">&gt;&gt;</a>&nbsp;&nbsp;&nbsp;getTime
<LI><a href="#[df]">&gt;&gt;</a>&nbsp;&nbsp;&nbsp;BSP_LCD_Clear
<LI><a href="#[e8]">&gt;&gt;</a>&nbsp;&nbsp;&nbsp;TC_clearButtons
<LI><a href="#[eb]">&gt;&gt;</a>&nbsp;&nbsp;&nbsp;TC_addButton
<LI><a href="#[ea]">&gt;&gt;</a>&nbsp;&nbsp;&nbsp;drawStatusBarEmpty
<LI><a href="#[e9]">&gt;&gt;</a>&nbsp;&nbsp;&nbsp;drawMainBar
<LI><a href="#[88]">&gt;&gt;</a>&nbsp;&nbsp;&nbsp;drawTextLabel
</UL>
<BR>[Called By]<UL><LI><a href="#[106]">&gt;&gt;</a>&nbsp;&nbsp;&nbsp;showServiceInfoFrame
</UL>

<P><STRONG><a name="[6e]"></a>_tm_carry</STRONG> (Thumb, 62 bytes, Stack size 8 bytes, mktime.o(.text))
<BR><BR>[Stack]<UL><LI>Max Depth = 8<LI>Call Chain = _tm_carry
</UL>
<BR>[Called By]<UL><LI><a href="#[6d]">&gt;&gt;</a>&nbsp;&nbsp;&nbsp;mktime
</UL>
<P>
<H3>
Undefined Global Symbols
</H3><HR></body></html>
