Component: Arm Compiler for Embedded 6.19 Tool: armlink [5e73cb00]

==============================================================================

Section Cross References

    startup_stm32f103xg.o(STACK) refers (Special) to heapauxi.o(.text) for __use_two_region_memory
    startup_stm32f103xg.o(HEAP) refers (Special) to heapauxi.o(.text) for __use_two_region_memory
    startup_stm32f103xg.o(RESET) refers (Special) to heapauxi.o(.text) for __use_two_region_memory
    startup_stm32f103xg.o(RESET) refers to startup_stm32f103xg.o(STACK) for __initial_sp
    startup_stm32f103xg.o(RESET) refers to startup_stm32f103xg.o(.text) for Reset_Handler
    startup_stm32f103xg.o(RESET) refers to stm32f1xx_it.o(.text.NMI_Handler) for NMI_Handler
    startup_stm32f103xg.o(RESET) refers to stm32f1xx_it.o(.text.HardFault_Handler) for HardFault_Handler
    startup_stm32f103xg.o(RESET) refers to stm32f1xx_it.o(.text.MemManage_Handler) for MemManage_Handler
    startup_stm32f103xg.o(RESET) refers to stm32f1xx_it.o(.text.BusFault_Handler) for BusFault_Handler
    startup_stm32f103xg.o(RESET) refers to stm32f1xx_it.o(.text.UsageFault_Handler) for UsageFault_Handler
    startup_stm32f103xg.o(RESET) refers to stm32f1xx_it.o(.text.SVC_Handler) for SVC_Handler
    startup_stm32f103xg.o(RESET) refers to stm32f1xx_it.o(.text.DebugMon_Handler) for DebugMon_Handler
    startup_stm32f103xg.o(RESET) refers to stm32f1xx_it.o(.text.PendSV_Handler) for PendSV_Handler
    startup_stm32f103xg.o(RESET) refers to stm32f1xx_it.o(.text.SysTick_Handler) for SysTick_Handler
    startup_stm32f103xg.o(RESET) refers to stm32f1xx_it.o(.text.RTC_IRQHandler) for RTC_IRQHandler
    startup_stm32f103xg.o(RESET) refers to stm32f1xx_it.o(.text.EXTI3_IRQHandler) for EXTI3_IRQHandler
    startup_stm32f103xg.o(RESET) refers to lcd_io_spi.o(.text.DMA1_Channel4_IRQHandler) for DMA1_Channel4_IRQHandler
    startup_stm32f103xg.o(RESET) refers to lcd_io_spi.o(.text.DMA1_Channel5_IRQHandler) for DMA1_Channel5_IRQHandler
    startup_stm32f103xg.o(RESET) refers to stm32f1xx_it.o(.text.SPI1_IRQHandler) for SPI1_IRQHandler
    startup_stm32f103xg.o(RESET) refers to stm32f1xx_it.o(.text.SPI2_IRQHandler) for SPI2_IRQHandler
    startup_stm32f103xg.o(RESET) refers to stm32f1xx_it.o(.text.EXTI15_10_IRQHandler) for EXTI15_10_IRQHandler
    startup_stm32f103xg.o(RESET) refers to stm32f1xx_it.o(.text.TIM7_IRQHandler) for TIM7_IRQHandler
    startup_stm32f103xg.o(.text) refers (Special) to heapauxi.o(.text) for __use_two_region_memory
    startup_stm32f103xg.o(.text) refers to system_stm32f1xx.o(.text.SystemInit) for SystemInit
    startup_stm32f103xg.o(.text) refers to __main.o(!!!main) for __main
    startup_stm32f103xg.o(.text) refers to startup_stm32f103xg.o(HEAP) for Heap_Mem
    startup_stm32f103xg.o(.text) refers to startup_stm32f103xg.o(STACK) for Stack_Mem
    main.o(.text.main) refers to main.o(.bss._1ms_cnt) for _1ms_cnt
    main.o(.text.main) refers to main.o(.text.LL_APB2_GRP1_EnableClock) for LL_APB2_GRP1_EnableClock
    main.o(.text.main) refers to main.o(.text.LL_APB1_GRP1_EnableClock) for LL_APB1_GRP1_EnableClock
    main.o(.text.main) refers to main.o(.text.__NVIC_SetPriorityGrouping) for __NVIC_SetPriorityGrouping
    main.o(.text.main) refers to main.o(.text.__NVIC_GetPriorityGrouping) for __NVIC_GetPriorityGrouping
    main.o(.text.main) refers to main.o(.text.NVIC_EncodePriority) for NVIC_EncodePriority
    main.o(.text.main) refers to main.o(.text.__NVIC_SetPriority) for __NVIC_SetPriority
    main.o(.text.main) refers to main.o(.text.LL_GPIO_AF_Remap_SWJ_NOJTAG) for LL_GPIO_AF_Remap_SWJ_NOJTAG
    main.o(.text.main) refers to main.o(.text.SystemClock_Config) for SystemClock_Config
    main.o(.text.main) refers to gpio.o(.text.MX_GPIO_Init) for MX_GPIO_Init
    main.o(.text.main) refers to main.o(.bss.errorCause) for errorCause
    main.o(.text.main) refers to main.o(.rodata.str1.1) for .L.str
    main.o(.text.main) refers to rtc.o(.text.MX_RTC_Init) for MX_RTC_Init
    main.o(.text.main) refers to spi.o(.text.MX_SPI1_Init) for MX_SPI1_Init
    main.o(.text.main) refers to spi.o(.text.MX_SPI2_Init) for MX_SPI2_Init
    main.o(.text.main) refers to tim.o(.text.MX_TIM3_Init) for MX_TIM3_Init
    main.o(.text.main) refers to tim.o(.text.MX_TIM4_Init) for MX_TIM4_Init
    main.o(.text.main) refers to tim.o(.text.MX_TIM8_Init) for MX_TIM8_Init
    main.o(.text.main) refers to main.o(.text.LL_RTC_EnableIT_SEC) for LL_RTC_EnableIT_SEC
    main.o(.text.main) refers to main.o(.text.LL_SYSTICK_EnableIT) for LL_SYSTICK_EnableIT
    main.o(.text.main) refers to main.o(.text.LL_GPIO_SetOutputPin) for LL_GPIO_SetOutputPin
    main.o(.text.main) refers to gui.o(.text.initGUI) for initGUI
    main.o(.text.main) refers to mainframe.o(.text.ShowMainFrame) for ShowMainFrame
    main.o(.ARM.exidx.text.main) refers to main.o(.text.main) for [Anonymous Symbol]
[...]
    0x0802b398   0x0802b398   0x0000000e   Data   RO         1385    .rodata._1061_glyph_12  oxy_8.o
    0x0802b3a6   0x0802b3a6   0x00000013   Data   RO         1550    .rodata._1061_glyph_17  oxy_12.o
    0x0802b3b9   0x0802b3b9   0x00000001   PAD
    0x0802b3ba   0x0802b3ba   0x0000003e   Data   RO         1880    .rodata._1061_glyph_30  oxy_20.o
    0x0802b3f8   0x0802b3f8   0x00000048   Data   RO         2045    .rodata._1061_glyph_35  oxy_24.o
    0x0802b440   0x0802b440   0x0000000e   Data   RO         1386    .rodata._1062_glyph_12  oxy_8.o
    0x0802b44e   0x0802b44e   0x00000024   Data   RO         1551    .rodata._1062_glyph_17  oxy_12.o
    0x0802b472   0x0802b472   0x0000003e   Data   RO         1881    .rodata._1062_glyph_30  oxy_20.o
    0x0802b4b0   0x0802b4b0   0x0000006b   Data   RO         2046    .rodata._1062_glyph_35  oxy_24.o
    0x0802b51b   0x0802b51b   0x00000001   PAD
    0x0802b51c   0x0802b51c   0x0000000e   Data   RO         1387    .rodata._1063_glyph_12  oxy_8.o
    0x0802b52a   0x0802b52a   0x00000013   Data   RO         1552    .rodata._1063_glyph_17  oxy_12.o
    0x0802b53d   0x0802b53d   0x00000001   PAD
    0x0802b53e   0x0802b53e   0x0000003e   Data   RO         1882    .rodata._1063_glyph_30  oxy_20.o
    0x0802b57c   0x0802b57c   0x00000048   Data   RO         2047    .rodata._1063_glyph_35  oxy_24.o
    0x0802b5c4   0x0802b5c4   0x0000000e   Data   RO         1388    .rodata._1064_glyph_12  oxy_8.o
    0x0802b5d2   0x0802b5d2   0x00000024   Data   RO         1553    .rodata._1064_glyph_17  oxy_12.o
    0x0802b5f6   0x0802b5f6   0x0000005c   Data   RO         1883    .rodata._1064_glyph_30  oxy_20.o
    0x0802b652   0x0802b652   0x0000006b   Data   RO         2048    .rodata._1064_glyph_35  oxy_24.o
    0x0802b6bd   0x0802b6bd   0x00000001   PAD
    0x0802b6be   0x0802b6be   0x0000000e   Data   RO         1389    .rodata._1065_glyph_12  oxy_8.o
    0x0802b6cc   0x0802b6cc   0x00000024   Data   RO         1554    .rodata._1065_glyph_17  oxy_12.o
    0x0802b6f0   0x0802b6f0   0x0000005c   Data   RO         1884    .rodata._1065_glyph_30  oxy_20.o
    0x0802b74c   0x0802b74c   0x0000006b   Data   RO         2049    .rodata._1065_glyph_35  oxy_24.o
    0x0802b7b7   0x0802b7b7   0x00000001   PAD
    0x0802b7b8   0x0802b7b8   0x0000000e   Data   RO         1390    .rodata._1066_glyph_12  oxy_8.o
    0x0802b7c6   0x0802b7c6   0x00000024   Data   RO         1555    .rodata._1066_glyph_17  oxy_12.o
    0x0802b7ea   0x0802b7ea   0x0000003e   Data   RO         1885    .rodata._1066_glyph_30  oxy_20.o
    0x0802b828   0x0802b828   0x0000006b   Data   RO         2050    .rodata._1066_glyph_35  oxy_24.o
    0x0802b893   0x0802b893   0x00000001   PAD
    0x0802b894   0x0802b894   0x0000000e   Data   RO         1391    .rodata._1067_glyph_12  oxy_8.o
    0x0802b8a2   0x0802b8a2   0x00000024   Data   RO         1556    .rodata._1067_glyph_17  oxy_12.o
    0x0802b8c6   0x0802b8c6   0x0000003e   Data   RO         1886    .rodata._1067_glyph_30  oxy_20.o
    0x0802b904   0x0802b904   0x0000006b   Data   RO         2051    .rodata._1067_glyph_35  oxy_24.o
    0x0802b96f   0x0802b96f   0x00000001   PAD
    0x0802b970   0x0802b970   0x0000000e   Data   RO         1392    .rodata._1068_glyph_12  oxy_8.o
    0x0802b97e   0x0802b97e   0x00000013   Data   RO         1557    .rodata._1068_glyph_17  oxy_12.o
    0x0802b991   0x0802b991   0x00000001   PAD
    0x0802b992   0x0802b992   0x0000003e   Data   RO         1887    .rodata._1068_glyph_30  oxy_20.o
    0x0802b9d0   0x0802b9d0   0x00000048   Data   RO         2052    .rodata._1068_glyph_35  oxy_24.o
    0x0802ba18   0x0802ba18   0x0000000e   Data   RO         1393    .rodata._1069_glyph_12  oxy_8.o
    0x0802ba26   0x0802ba26   0x00000013   Data   RO         1558    .rodata._1069_glyph_17  oxy_12.o
    0x0802ba39   0x0802ba39   0x00000001   PAD
    0x0802ba3a   0x0802ba3a   0x0000003e   Data   RO         1888    .rodata._1069_glyph_30  oxy_20.o
    0x0802ba78   0x0802ba78   0x00000048   Data   RO         2053    .rodata._1069_glyph_35  oxy_24.o
    0x0802bac0   0x0802bac0   0x0000000e   Data   RO         1343    .rodata._106_glyph_12  oxy_8.o
    0x0802bace   0x0802bace   0x00000013   Data   RO         1508    .rodata._106_glyph_17  oxy_12.o
    0x0802bae1   0x0802bae1   0x00000001   PAD
    0x0802bae2   0x0802bae2   0x00000020   Data   RO         1838    .rodata._106_glyph_30  oxy_20.o
    0x0802bb02   0x0802bb02   0x00000048   Data   RO         2003    .rodata._106_glyph_35  oxy_24.o
    0x0802bb4a   0x0802bb4a   0x0000001a   Data   RO         1394    .rodata._1070_glyph_12  oxy_8.o
    0x0802bb64   0x0802bb64   0x00000024   Data   RO         1559    .rodata._1070_glyph_17  oxy_12.o
    0x0802bb88   0x0802bb88   0x0000005c   Data   RO         1889    .rodata._1070_glyph_30  oxy_20.o
    0x0802bbe4   0x0802bbe4   0x0000008e   Data   RO         2054    .rodata._1070_glyph_35  oxy_24.o
    0x0802bc72   0x0802bc72   0x0000000e   Data   RO         1395    .rodata._1071_glyph_12  oxy_8.o
    0x0802bc80   0x0802bc80   0x00000013   Data   RO         1560    .rodata._1071_glyph_17  oxy_12.o
    0x0802bc93   0x0802bc93   0x00000001   PAD
    0x0802bc94   0x0802bc94   0x0000003e   Data   RO         1890    .rodata._1071_glyph_30  oxy_20.o
    0x0802bcd2   0x0802bcd2   0x00000048   Data   RO         2055    .rodata._1071_glyph_35  oxy_24.o
    0x0802bd1a   0x0802bd1a   0x0000000e   Data   RO         1396    .rodata._1072_glyph_12  oxy_8.o
    0x0802bd28   0x0802bd28   0x00000013   Data   RO         1561    .rodata._1072_glyph_17  oxy_12.o
    0x0802bd3b   0x0802bd3b   0x00000001   PAD
    0x0802bd3c   0x0802bd3c   0x0000003e   Data   RO         1891    .rodata._1072_glyph_30  oxy_20.o
    0x0802bd7a   0x0802bd7a   0x00000048   Data   RO         2056    .rodata._1072_glyph_35  oxy_24.o
    0x0802bdc2   0x0802bdc2   0x0000000e   Data   RO         1397    .rodata._1073_glyph_12  oxy_8.o
    0x0802bdd0   0x0802bdd0   0x00000013   Data   RO         1562    .rodata._1073_glyph_17  oxy_12.o
    0x0802bde3   0x0802bde3   0x00000001   PAD
    0x0802bde4   0x0802bde4   0x0000003e   Data   RO         1892    .rodata._1073_glyph_30  oxy_20.o
    0x0802be22   0x0802be22   0x00000048   Data   RO         2057    .rodata._1073_glyph_35  oxy_24.o
    0x0802be6a   0x0802be6a   0x0000000e   Data   RO         1398    .rodata._1074_glyph_12  oxy_8.o
    0x0802be78   0x0802be78   0x00000013   Data   RO         1563    .rodata._1074_glyph_17  oxy_12.o
    0x0802be8b   0x0802be8b   0x00000001   PAD
    0x0802be8c   0x0802be8c   0x0000003e   Data   RO         1893    .rodata._1074_glyph_30  oxy_20.o
    0x0802beca   0x0802beca   0x00000048   Data   RO         2058    .rodata._1074_glyph_35  oxy_24.o
    0x0802bf12   0x0802bf12   0x0000000e   Data   RO         1399    .rodata._1075_glyph_12  oxy_8.o
    0x0802bf20   0x0802bf20   0x00000013   Data   RO         1564    .rodata._1075_glyph_17  oxy_12.o
    0x0802bf33   0x0802bf33   0x00000001   PAD
    0x0802bf34   0x0802bf34   0x00000020   Data   RO         1894    .rodata._1075_glyph_30  oxy_20.o
    0x0802bf54   0x0802bf54   0x00000048   Data   RO         2059    .rodata._1075_glyph_35  oxy_24.o
    0x0802bf9c   0x0802bf9c   0x0000000e   Data   RO         1400    .rodata._1076_glyph_12  oxy_8.o
    0x0802bfaa   0x0802bfaa   0x00000013   Data   RO         1565    .rodata._1076_glyph_17  oxy_12.o
    0x0802bfbd   0x0802bfbd   0x00000001   PAD
    0x0802bfbe   0x0802bfbe   0x0000003e   Data   RO         1895    .rodata._1076_glyph_30  oxy_20.o
    0x0802bffc   0x0802bffc   0x00000048   Data   RO         2060    .rodata._1076_glyph_35  oxy_24.o
    0x0802c044   0x0802c044   0x0000000e   Data   RO         1401    .rodata._1077_glyph_12  oxy_8.o
    0x0802c052   0x0802c052   0x00000013   Data   RO         1566    .rodata._1077_glyph_17  oxy_12.o
    0x0802c065   0x0802c065   0x00000001   PAD
    0x0802c066   0x0802c066   0x0000003e   Data   RO         1896    .rodata._1077_glyph_30  oxy_20.o
    0x0802c0a4   0x0802c0a4   0x00000048   Data   RO         2061    .rodata._1077_glyph_35  oxy_24.o
    0x0802c0ec   0x0802c0ec   0x0000000e   Data   RO         1402    .rodata._1078_glyph_12  oxy_8.o
    0x0802c0fa   0x0802c0fa   0x00000024   Data   RO         1567    .rodata._1078_glyph_17  oxy_12.o
    0x0802c11e   0x0802c11e   0x0000003e   Data   RO         1897    .rodata._1078_glyph_30  oxy_20.o
    0x0802c15c   0x0802c15c   0x0000006b   Data   RO         2062    .rodata._1078_glyph_35  oxy_24.o
    0x0802c1c7   0x0802c1c7   0x00000001   PAD
    0x0802c1c8   0x0802c1c8   0x0000000e   Data   RO         1403    .rodata._1079_glyph_12  oxy_8.o
    0x0802c1d6   0x0802c1d6   0x00000013   Data   RO         1568    .rodata._1079_glyph_17  oxy_12.o
    0x0802c1e9   0x0802c1e9   0x00000001   PAD
    0x0802c1ea   0x0802c1ea   0x0000003e   Data   RO         1898    .rodata._1079_glyph_30  oxy_20.o
    0x0802c228   0x0802c228   0x00000048   Data   RO         2063    .rodata._1079_glyph_35  oxy_24.o
    0x0802c270   0x0802c270   0x0000000e   Data   RO         1344    .rodata._107_glyph_12  oxy_8.o
    0x0802c27e   0x0802c27e   0x00000013   Data   RO         1509    .rodata._107_glyph_17  oxy_12.o
    0x0802c291   0x0802c291   0x00000001   PAD
    0x0802c292   0x0802c292   0x0000003e   Data   RO         1839    .rodata._107_glyph_30  oxy_20.o
    0x0802c2d0   0x0802c2d0   0x00000048   Data   RO         2004    .rodata._107_glyph_35  oxy_24.o
    0x0802c318   0x0802c318   0x0000000e   Data   RO         1404    .rodata._1080_glyph_12  oxy_8.o
    0x0802c326   0x0802c326   0x00000013   Data   RO         1569    .rodata._1080_glyph_17  oxy_12.o
    0x0802c339   0x0802c339   0x00000001   PAD
    0x0802c33a   0x0802c33a   0x0000003e   Data   RO         1899    .rodata._1080_glyph_30  oxy_20.o
    0x0802c378   0x0802c378   0x00000048   Data   RO         2064    .rodata._1080_glyph_35  oxy_24.o
    0x0802c3c0   0x0802c3c0   0x0000000e   Data   RO         1405    .rodata._1081_glyph_12  oxy_8.o
    0x0802c3ce   0x0802c3ce   0x00000013   Data   RO         1570    .rodata._1081_glyph_17  oxy_12.o
    0x0802c3e1   0x0802c3e1   0x00000001   PAD
    0x0802c3e2   0x0802c3e2   0x0000003e   Data   RO         1900    .rodata._1081_glyph_30  oxy_20.o
    0x0802c420   0x0802c420   0x00000048   Data   RO         2065    .rodata._1081_glyph_35  oxy_24.o
    0x0802c468   0x0802c468   0x0000000e   Data   RO         1406    .rodata._1082_glyph_12  oxy_8.o
    0x0802c476   0x0802c476   0x00000013   Data   RO         1571    .rodata._1082_glyph_17  oxy_12.o
    0x0802c489   0x0802c489   0x00000001   PAD
    0x0802c48a   0x0802c48a   0x0000003e   Data   RO         1901    .rodata._1082_glyph_30  oxy_20.o
    0x0802c4c8   0x0802c4c8   0x00000048   Data   RO         2066    .rodata._1082_glyph_35  oxy_24.o
    0x0802c510   0x0802c510   0x0000000e   Data   RO         1407    .rodata._1083_glyph_12  oxy_8.o
    0x0802c51e   0x0802c51e   0x00000013   Data   RO         1572    .rodata._1083_glyph_17  oxy_12.o
    0x0802c531   0x0802c531   0x00000001   PAD
    0x0802c532   0x0802c532   0x0000003e   Data   RO         1902    .rodata._1083_glyph_30  oxy_20.o
    0x0802c570   0x0802c570   0x00000048   Data   RO         2067    .rodata._1083_glyph_35  oxy_24.o
    0x0802c5b8   0x0802c5b8   0x0000000e   Data   RO         1408    .rodata._1084_glyph_12  oxy_8.o
    0x0802c5c6   0x0802c5c6   0x00000024   Data   RO         1573    .rodata._1084_glyph_17  oxy_12.o
    0x0802c5ea   0x0802c5ea   0x0000003e   Data   RO         1903    .rodata._1084_glyph_30  oxy_20.o
    0x0802c628   0x0802c628   0x0000006b   Data   RO         2068    .rodata._1084_glyph_35  oxy_24.o
    0x0802c693   0x0802c693   0x00000001   PAD
    0x0802c694   0x0802c694   0x0000000e   Data   RO         1409    .rodata._1085_glyph_12  oxy_8.o
    0x0802c6a2   0x0802c6a2   0x00000013   Data   RO         1574    .rodata._1085_glyph_17  oxy_12.o
    0x0802c6b5   0x0802c6b5   0x00000001   PAD
    0x0802c6b6   0x0802c6b6   0x0000003e   Data   RO         1904    .rodata._1085_glyph_30  oxy_20.o
    0x0802c6f4   0x0802c6f4   0x00000048   Data   RO         2069    .rodata._1085_glyph_35  oxy_24.o
    0x0802c73c   0x0802c73c   0x0000000e   Data   RO         1410    .rodata._1086_glyph_12  oxy_8.o
    0x0802c74a   0x0802c74a   0x00000013   Data   RO         1575    .rodata._1086_glyph_17  oxy_12.o
    0x0802c75d   0x0802c75d   0x00000001   PAD
    0x0802c75e   0x0802c75e   0x0000003e   Data   RO         1905    .rodata._1086_glyph_30  oxy_20.o
    0x0802c79c   0x0802c79c   0x00000048   Data   RO         2070    .rodata._1086_glyph_35  oxy_24.o
    0x0802c7e4   0x0802c7e4   0x0000000e   Data   RO         1411    .rodata._1087_glyph_12  oxy_8.o
    0x0802c7f2   0x0802c7f2   0x00000013   Data   RO         1576    .rodata._1087_glyph_17  oxy_12.o
    0x0802c805   0x0802c805   0x00000001   PAD
    0x0802c806   0x0802c806   0x0000003e   Data   RO         1906    .rodata._1087_glyph_30  oxy_20.o
    0x0802c844   0x0802c844   0x00000048   Data   RO         2071    .rodata._1087_glyph_35  oxy_24.o
    0x0802c88c   0x0802c88c   0x0000000e   Data   RO         1412    .rodata._1088_glyph_12  oxy_8.o
    0x0802c89a   0x0802c89a   0x00000013   Data   RO         1577    .rodata._1088_glyph_17  oxy_12.o
    0x0802c8ad   0x0802c8ad   0x00000001   PAD
    0x0802c8ae   0x0802c8ae   0x0000003e   Data   RO         1907    .rodata._1088_glyph_30  oxy_20.o
    0x0802c8ec   0x0802c8ec   0x00000048   Data   RO         2072    .rodata._1088_glyph_35  oxy_24.o
    0x0802c934   0x0802c934   0x0000000e   Data   RO         1413    .rodata._1089_glyph_12  oxy_8.o
    0x0802c942   0x0802c942   0x00000013   Data   RO         1578    .rodata._1089_glyph_17  oxy_12.o
    0x0802c955   0x0802c955   0x00000001   PAD
    0x0802c956   0x0802c956   0x0000003e   Data   RO         1908    .rodata._1089_glyph_30  oxy_20.o
    0x0802c994   0x0802c994   0x00000048   Data   RO         2073    .rodata._1089_glyph_35  oxy_24.o
    0x0802c9dc   0x0802c9dc   0x0000000e   Data   RO         1345    .rodata._108_glyph_12  oxy_8.o
    0x0802c9ea   0x0802c9ea   0x00000013   Data   RO         1510    .rodata._108_glyph_17  oxy_12.o
    0x0802c9fd   0x0802c9fd   0x00000001   PAD
    0x0802c9fe   0x0802c9fe   0x00000020   Data   RO         1840    .rodata._108_glyph_30  oxy_20.o
    0x0802ca1e   0x0802ca1e   0x00000025   Data   RO         2005    .rodata._108_glyph_35  oxy_24.o
    0x0802ca43   0x0802ca43   0x00000001   PAD
    0x0802ca44   0x0802ca44   0x0000000e   Data   RO         1414    .rodata._1090_glyph_12  oxy_8.o
    0x0802ca52   0x0802ca52   0x00000013   Data   RO         1579    .rodata._1090_glyph_17  oxy_12.o
    0x0802ca65   0x0802ca65   0x00000001   PAD
    0x0802ca66   0x0802ca66   0x0000003e   Data   RO         1909    .rodata._1090_glyph_30  oxy_20.o
    0x0802caa4   0x0802caa4   0x00000048   Data   RO         2074    .rodata._1090_glyph_35  oxy_24.o
    0x0802caec   0x0802caec   0x0000000e   Data   RO         1415    .rodata._1091_glyph_12  oxy_8.o
    0x0802cafa   0x0802cafa   0x00000013   Data   RO         1580    .rodata._1091_glyph_17  oxy_12.o
    0x0802cb0d   0x0802cb0d   0x00000001   PAD
    0x0802cb0e   0x0802cb0e   0x0000003e   Data   RO         1910    .rodata._1091_glyph_30  oxy_20.o
    0x0802cb4c   0x0802cb4c   0x00000048   Data   RO         2075    .rodata._1091_glyph_35  oxy_24.o
    0x0802cb94   0x0802cb94   0x0000000e   Data   RO         1416    .rodata._1092_glyph_12  oxy_8.o
    0x0802cba2   0x0802cba2   0x00000024   Data   RO         1581    .rodata._1092_glyph_17  oxy_12.o
    0x0802cbc6   0x0802cbc6   0x0000003e   Data   RO         1911    .rodata._1092_glyph_30  oxy_20.o
    0x0802cc04   0x0802cc04   0x0000006b   Data   RO         2076    .rodata._1092_glyph_35  oxy_24.o
    0x0802cc6f   0x0802cc6f   0x00000001   PAD
    0x0802cc70   0x0802cc70   0x0000000e   Data   RO         1417    .rodata._1093_glyph_12  oxy_8.o
    0x0802cc7e   0x0802cc7e   0x00000013   Data   RO         1582    .rodata._1093_glyph_17  oxy_12.o
    0x0802cc91   0x0802cc91   0x00000001   PAD
    0x0802cc92   0x0802cc92   0x0000003e   Data   RO         1912    .rodata._1093_glyph_30  oxy_20.o
    0x0802ccd0   0x0802ccd0   0x00000048   Data   RO         2077    .rodata._1093_glyph_35  oxy_24.o
    0x0802cd18   0x0802cd18   0x0000000e   Data   RO         1418    .rodata._1094_glyph_12  oxy_8.o
    0x0802cd26   0x0802cd26   0x00000013   Data   RO         1583    .rodata._1094_glyph_17  oxy_12.o
    0x0802cd39   0x0802cd39   0x00000001   PAD
    0x0802cd3a   0x0802cd3a   0x0000003e   Data   RO         1913    .rodata._1094_glyph_30  oxy_20.o
    0x0802cd78   0x0802cd78   0x00000048   Data   RO         2078    .rodata._1094_glyph_35  oxy_24.o
    0x0802cdc0   0x0802cdc0   0x0000000e   Data   RO         1419    .rodata._1095_glyph_12  oxy_8.o
    0x0802cdce   0x0802cdce   0x00000013   Data   RO         1584    .rodata._1095_glyph_17  oxy_12.o
    0x0802cde1   0x0802cde1   0x00000001   PAD
    0x0802cde2   0x0802cde2   0x0000003e   Data   RO         1914    .rodata._1095_glyph_30  oxy_20.o
    0x0802ce20   0x0802ce20   0x00000048   Data   RO         2079    .rodata._1095_glyph_35  oxy_24.o
    0x0802ce68   0x0802ce68   0x0000000e   Data   RO         1420    .rodata._1096_glyph_12  oxy_8.o
    0x0802ce76   0x0802ce76   0x00000024   Data   RO         1585    .rodata._1096_glyph_17  oxy_12.o
    0x0802ce9a   0x0802ce9a   0x0000003e   Data   RO         1915    .rodata._1096_glyph_30  oxy_20.o
    0x0802ced8   0x0802ced8   0x0000006b   Data   RO         2080    .rodata._1096_glyph_35  oxy_24.o
    0x0802cf43   0x0802cf43   0x00000001   PAD
    0x0802cf44   0x0802cf44   0x0000000e   Data   RO         1421    .rodata._1097_glyph_12  oxy_8.o
    0x0802cf52   0x0802cf52   0x00000024   Data   RO         1586    .rodata._1097_glyph_17  oxy_12.o
    0x0802cf76   0x0802cf76   0x0000005c   Data   RO         1916    .rodata._1097_glyph_30  oxy_20.o
    0x0802cfd2   0x0802cfd2   0x0000006b   Data   RO         2081    .rodata._1097_glyph_35  oxy_24.o
    0x0802d03d   0x0802d03d   0x00000001   PAD
    0x0802d03e   0x0802d03e   0x0000000e   Data   RO         1422    .rodata._1098_glyph_12  oxy_8.o
    0x0802d04c   0x0802d04c   0x00000013   Data   RO         1587    .rodata._1098_glyph_17  oxy_12.o
    0x0802d05f   0x0802d05f   0x00000001   PAD
    0x0802d060   0x0802d060   0x0000003e   Data   RO         1917    .rodata._1098_glyph_30  oxy_20.o
    0x0802d09e   0x0802d09e   0x00000048   Data   RO         2082    .rodata._1098_glyph_35  oxy_24.o
    0x0802d0e6   0x0802d0e6   0x0000000e   Data   RO         1423    .rodata._1099_glyph_12  oxy_8.o
    0x0802d0f4   0x0802d0f4   0x00000024   Data   RO         1588    .rodata._1099_glyph_17  oxy_12.o
    0x0802d118   0x0802d118   0x0000003e   Data   RO         1918    .rodata._1099_glyph_30  oxy_20.o
    0x0802d156   0x0802d156   0x0000006b   Data   RO         2083    .rodata._1099_glyph_35  oxy_24.o
    0x0802d1c1   0x0802d1c1   0x00000001   PAD
    0x0802d1c2   0x0802d1c2   0x0000000e   Data   RO         1346    .rodata._109_glyph_12  oxy_8.o
    0x0802d1d0   0x0802d1d0   0x00000024   Data   RO         1511    .rodata._109_glyph_17  oxy_12.o
    0x0802d1f4   0x0802d1f4   0x0000005c   Data   RO         1841    .rodata._109_glyph_30  oxy_20.o
    0x0802d250   0x0802d250   0x0000006b   Data   RO         2006    .rodata._109_glyph_35  oxy_24.o
    0x0802d2bb   0x0802d2bb   0x00000001   PAD
    0x0802d2bc   0x0802d2bc   0x0000000e   Data   RO         1424    .rodata._1100_glyph_12  oxy_8.o
    0x0802d2ca   0x0802d2ca   0x00000013   Data   RO         1589    .rodata._1100_glyph_17  oxy_12.o
    0x0802d2dd   0x0802d2dd   0x00000001   PAD
    0x0802d2de   0x0802d2de   0x0000003e   Data   RO         1919    .rodata._1100_glyph_30  oxy_20.o
    0x0802d31c   0x0802d31c   0x00000048   Data   RO         2084    .rodata._1100_glyph_35  oxy_24.o
    0x0802d364   0x0802d364   0x0000000e   Data   RO         1425    .rodata._1101_glyph_12  oxy_8.o
    0x0802d372   0x0802d372   0x00000013   Data   RO         1590    .rodata._1101_glyph_17  oxy_12.o
    0x0802d385   0x0802d385   0x00000001   PAD
    0x0802d386   0x0802d386   0x0000003e   Data   RO         1920    .rodata._1101_glyph_30  oxy_20.o
    0x0802d3c4   0x0802d3c4   0x00000048   Data   RO         2085    .rodata._1101_glyph_35  oxy_24.o
    0x0802d40c   0x0802d40c   0x0000000e   Data   RO         1426    .rodata._1102_glyph_12  oxy_8.o
    0x0802d41a   0x0802d41a   0x00000024   Data   RO         1591    .rodata._1102_glyph_17  oxy_12.o
    0x0802d43e   0x0802d43e   0x0000005c   Data   RO         1921    .rodata._1102_glyph_30  oxy_20.o
    0x0802d49a   0x0802d49a   0x0000006b   Data   RO         2086    .rodata._1102_glyph_35  oxy_24.o
    0x0802d505   0x0802d505   0x00000001   PAD
    0x0802d506   0x0802d506   0x0000000e   Data   RO         1427    .rodata._1103_glyph_12  oxy_8.o
    0x0802d514   0x0802d514   0x00000013   Data   RO         1592    .rodata._1103_glyph_17  oxy_12.o
    0x0802d527   0x0802d527   0x00000001   PAD
    0x0802d528   0x0802d528   0x0000003e   Data   RO         1922    .rodata._1103_glyph_30  oxy_20.o
    0x0802d566   0x0802d566   0x00000048   Data   RO         2087    .rodata._1103_glyph_35  oxy_24.o
    0x0802d5ae   0x0802d5ae   0x0000000e   Data   RO         1347    .rodata._110_glyph_12  oxy_8.o
    0x0802d5bc   0x0802d5bc   0x00000013   Data   RO         1512    .rodata._110_glyph_17  oxy_12.o
    0x0802d5cf   0x0802d5cf   0x00000001   PAD
    0x0802d5d0   0x0802d5d0   0x0000003e   Data   RO         1842    .rodata._110_glyph_30  oxy_20.o
    0x0802d60e   0x0802d60e   0x00000048   Data   RO         2007    .rodata._110_glyph_35  oxy_24.o
    0x0802d656   0x0802d656   0x0000000e   Data   RO         1348    .rodata._111_glyph_12  oxy_8.o
    0x0802d664   0x0802d664   0x00000013   Data   RO         1513    .rodata._111_glyph_17  oxy_12.o
    0x0802d677   0x0802d677   0x00000001   PAD
    0x0802d678   0x0802d678   0x0000003e   Data   RO         1843    .rodata._111_glyph_30  oxy_20.o
    0x0802d6b6   0x0802d6b6   0x00000048   Data   RO         2008    .rodata._111_glyph_35  oxy_24.o
    0x0802d6fe   0x0802d6fe   0x0000000e   Data   RO         1349    .rodata._112_glyph_12  oxy_8.o
    0x0802d70c   0x0802d70c   0x00000013   Data   RO         1514    .rodata._112_glyph_17  oxy_12.o
    0x0802d71f   0x0802d71f   0x00000001   PAD
    0x0802d720   0x0802d720   0x0000003e   Data   RO         1844    .rodata._112_glyph_30  oxy_20.o
    0x0802d75e   0x0802d75e   0x00000048   Data   RO         2009    .rodata._112_glyph_35  oxy_24.o
    0x0802d7a6   0x0802d7a6   0x0000000e   Data   RO         1350    .rodata._113_glyph_12  oxy_8.o
    0x0802d7b4   0x0802d7b4   0x00000013   Data   RO         1515    .rodata._113_glyph_17  oxy_12.o
    0x0802d7c7   0x0802d7c7   0x00000001   PAD
    0x0802d7c8   0x0802d7c8   0x0000003e   Data   RO         1845    .rodata._113_glyph_30  oxy_20.o
    0x0802d806   0x0802d806   0x00000048   Data   RO         2010    .rodata._113_glyph_35  oxy_24.o
    0x0802d84e   0x0802d84e   0x0000000e   Data   RO         1351    .rodata._114_glyph_12  oxy_8.o
    0x0802d85c   0x0802d85c   0x00000013   Data   RO         1516    .rodata._114_glyph_17  oxy_12.o
    0x0802d86f   0x0802d86f   0x00000001   PAD
    0x0802d870   0x0802d870   0x00000020   Data   RO         1846    .rodata._114_glyph_30  oxy_20.o
    0x0802d890   0x0802d890   0x00000048   Data   RO         2011    .rodata._114_glyph_35  oxy_24.o
    0x0802d8d8   0x0802d8d8   0x0000000e   Data   RO         1352    .rodata._115_glyph_12  oxy_8.o
    0x0802d8e6   0x0802d8e6   0x00000013   Data   RO         1517    .rodata._115_glyph_17  oxy_12.o
    0x0802d8f9   0x0802d8f9   0x00000001   PAD
    0x0802d8fa   0x0802d8fa   0x0000003e   Data   RO         1847    .rodata._115_glyph_30  oxy_20.o
    0x0802d938   0x0802d938   0x00000048   Data   RO         2012    .rodata._115_glyph_35  oxy_24.o
    0x0802d980   0x0802d980   0x0000000e   Data   RO         1353    .rodata._116_glyph_12  oxy_8.o
    0x0802d98e   0x0802d98e   0x00000013   Data   RO         1518    .rodata._116_glyph_17  oxy_12.o
    0x0802d9a1   0x0802d9a1   0x00000001   PAD
    0x0802d9a2   0x0802d9a2   0x00000020   Data   RO         1848    .rodata._116_glyph_30  oxy_20.o
    0x0802d9c2   0x0802d9c2   0x00000048   Data   RO         2013    .rodata._116_glyph_35  oxy_24.o
    0x0802da0a   0x0802da0a   0x0000000e   Data   RO         1354    .rodata._117_glyph_12  oxy_8.o
    0x0802da18   0x0802da18   0x00000013   Data   RO         1519    .rodata._117_glyph_17  oxy_12.o
    0x0802da2b   0x0802da2b   0x00000001   PAD
    0x0802da2c   0x0802da2c   0x0000003e   Data   RO         1849    .rodata._117_glyph_30  oxy_20.o
    0x0802da6a   0x0802da6a   0x00000048   Data   RO         2014    .rodata._117_glyph_35  oxy_24.o
    0x0802dab2   0x0802dab2   0x0000000e   Data   RO         1355    .rodata._118_glyph_12  oxy_8.o
    0x0802dac0   0x0802dac0   0x00000013   Data   RO         1520    .rodata._118_glyph_17  oxy_12.o
    0x0802dad3   0x0802dad3   0x00000001   PAD
    0x0802dad4   0x0802dad4   0x0000003e   Data   RO         1850    .rodata._118_glyph_30  oxy_20.o
    0x0802db12   0x0802db12   0x00000048   Data   RO         2015    .rodata._118_glyph_35  oxy_24.o
    0x0802db5a   0x0802db5a   0x0000000e   Data   RO         1356    .rodata._119_glyph_12  oxy_8.o
    0x0802db68   0x0802db68   0x00000024   Data   RO         1521    .rodata._119_glyph_17  oxy_12.o
    0x0802db8c   0x0802db8c   0x0000003e   Data   RO         1851    .rodata._119_glyph_30  oxy_20.o
    0x0802dbca   0x0802dbca   0x0000006b   Data   RO         2016    .rodata._119_glyph_35  oxy_24.o
    0x0802dc35   0x0802dc35   0x00000001   PAD
    0x0802dc36   0x0802dc36   0x0000000e   Data   RO         1357    .rodata._120_glyph_12  oxy_8.o
    0x0802dc44   0x0802dc44   0x00000013   Data   RO         1522    .rodata._120_glyph_17  oxy_12.o
    0x0802dc57   0x0802dc57   0x00000001   PAD
    0x0802dc58   0x0802dc58   0x0000003e   Data   RO         1852    .rodata._120_glyph_30  oxy_20.o
    0x0802dc96   0x0802dc96   0x00000048   Data   RO         2017    .rodata._120_glyph_35  oxy_24.o
    0x0802dcde   0x0802dcde   0x0000000e   Data   RO         1358    .rodata._121_glyph_12  oxy_8.o
    0x0802dcec   0x0802dcec   0x00000013   Data   RO         1523    .rodata._121_glyph_17  oxy_12.o
    0x0802dcff   0x0802dcff   0x00000001   PAD
    0x0802dd00   0x0802dd00   0x0000003e   Data   RO         1853    .rodata._121_glyph_30  oxy_20.o
    0x0802dd3e   0x0802dd3e   0x00000048   Data   RO         2018    .rodata._121_glyph_35  oxy_24.o
    0x0802dd86   0x0802dd86   0x0000000e   Data   RO         1359    .rodata._122_glyph_12  oxy_8.o
    0x0802dd94   0x0802dd94   0x00000013   Data   RO         1524    .rodata._122_glyph_17  oxy_12.o
    0x0802dda7   0x0802dda7   0x00000001   PAD
    0x0802dda8   0x0802dda8   0x0000003e   Data   RO         1854    .rodata._122_glyph_30  oxy_20.o
    0x0802dde6   0x0802dde6   0x00000048   Data   RO         2019    .rodata._122_glyph_35  oxy_24.o
    0x0802de2e   0x0802de2e   0x0000000e   Data   RO         1360    .rodata._123_glyph_12  oxy_8.o
    0x0802de3c   0x0802de3c   0x00000013   Data   RO         1525    .rodata._123_glyph_17  oxy_12.o
    0x0802de4f   0x0802de4f   0x00000001   PAD
    0x0802de50   0x0802de50   0x00000020   Data   RO         1855    .rodata._123_glyph_30  oxy_20.o
    0x0802de70   0x0802de70   0x00000025   Data   RO         2020    .rodata._123_glyph_35  oxy_24.o
    0x0802de95   0x0802de95   0x00000001   PAD
    0x0802de96   0x0802de96   0x0000000e   Data   RO         1361    .rodata._124_glyph_12  oxy_8.o
    0x0802dea4   0x0802dea4   0x00000013   Data   RO         1526    .rodata._124_glyph_17  oxy_12.o
    0x0802deb7   0x0802deb7   0x00000001   PAD
    0x0802deb8   0x0802deb8   0x00000020   Data   RO         1856    .rodata._124_glyph_30  oxy_20.o
    0x0802ded8   0x0802ded8   0x00000025   Data   RO         2021    .rodata._124_glyph_35  oxy_24.o
    0x0802defd   0x0802defd   0x00000001   PAD
    0x0802defe   0x0802defe   0x0000000e   Data   RO         1362    .rodata._125_glyph_12  oxy_8.o
    0x0802df0c   0x0802df0c   0x00000013   Data   RO         1527    .rodata._125_glyph_17  oxy_12.o
    0x0802df1f   0x0802df1f   0x00000001   PAD
    0x0802df20   0x0802df20   0x00000020   Data   RO         1857    .rodata._125_glyph_30  oxy_20.o
    0x0802df40   0x0802df40   0x00000025   Data   RO         2022    .rodata._125_glyph_35  oxy_24.o
    0x0802df65   0x0802df65   0x00000001   PAD
    0x0802df66   0x0802df66   0x0000000e   Data   RO         1363    .rodata._126_glyph_12  oxy_8.o
    0x0802df74   0x0802df74   0x00000024   Data   RO         1528    .rodata._126_glyph_17  oxy_12.o
    0x0802df98   0x0802df98   0x0000003e   Data   RO         1858    .rodata._126_glyph_30  oxy_20.o
    0x0802dfd6   0x0802dfd6   0x0000006b   Data   RO         2023    .rodata._126_glyph_35  oxy_24.o
    0x0802e041   0x0802e041   0x00000001   PAD
    0x0802e042   0x0802e042   0x0000000e   Data   RO         1269    .rodata._32_glyph_12  oxy_8.o
    0x0802e050   0x0802e050   0x00000013   Data   RO         1434    .rodata._32_glyph_17  oxy_12.o
    0x0802e063   0x0802e063   0x00000001   PAD
    0x0802e064   0x0802e064   0x00000020   Data   RO         1764    .rodata._32_glyph_30  oxy_20.o
    0x0802e084   0x0802e084   0x00000025   Data   RO         1929    .rodata._32_glyph_35  oxy_24.o
    0x0802e0a9   0x0802e0a9   0x00000001   PAD
    0x0802e0aa   0x0802e0aa   0x0000000e   Data   RO         1270    .rodata._33_glyph_12  oxy_8.o
    0x0802e0b8   0x0802e0b8   0x00000013   Data   RO         1435    .rodata._33_glyph_17  oxy_12.o
    0x0802e0cb   0x0802e0cb   0x00000001   PAD
    0x0802e0cc   0x0802e0cc   0x00000020   Data   RO         1765    .rodata._33_glyph_30  oxy_20.o
    0x0802e0ec   0x0802e0ec   0x00000025   Data   RO         1930    .rodata._33_glyph_35  oxy_24.o
    0x0802e111   0x0802e111   0x00000001   PAD
    0x0802e112   0x0802e112   0x0000000e   Data   RO         1271    .rodata._34_glyph_12  oxy_8.o
    0x0802e120   0x0802e120   0x00000013   Data   RO         1436    .rodata._34_glyph_17  oxy_12.o
    0x0802e133   0x0802e133   0x00000001   PAD
    0x0802e134   0x0802e134   0x00000020   Data   RO         1766    .rodata._34_glyph_30  oxy_20.o
    0x0802e154   0x0802e154   0x00000048   Data   RO         1931    .rodata._34_glyph_35  oxy_24.o
    0x0802e19c   0x0802e19c   0x0000000e   Data   RO         1272    .rodata._35_glyph_12  oxy_8.o
    0x0802e1aa   0x0802e1aa   0x00000013   Data   RO         1437    .rodata._35_glyph_17  oxy_12.o
    0x0802e1bd   0x0802e1bd   0x00000001   PAD
    0x0802e1be   0x0802e1be   0x0000003e   Data   RO         1767    .rodata._35_glyph_30  oxy_20.o
    0x0802e1fc   0x0802e1fc   0x00000048   Data   RO         1932    .rodata._35_glyph_35  oxy_24.o
    0x0802e244   0x0802e244   0x0000000e   Data   RO         1273    .rodata._36_glyph_12  oxy_8.o
    0x0802e252   0x0802e252   0x00000013   Data   RO         1438    .rodata._36_glyph_17  oxy_12.o
    0x0802e265   0x0802e265   0x00000001   PAD
    0x0802e266   0x0802e266   0x0000003e   Data   RO         1768    .rodata._36_glyph_30  oxy_20.o
    0x0802e2a4   0x0802e2a4   0x00000048   Data   RO         1933    .rodata._36_glyph_35  oxy_24.o
    0x0802e2ec   0x0802e2ec   0x0000000e   Data   RO         1274    .rodata._37_glyph_12  oxy_8.o
    0x0802e2fa   0x0802e2fa   0x00000024   Data   RO         1439    .rodata._37_glyph_17  oxy_12.o
    0x0802e31e   0x0802e31e   0x0000005c   Data   RO         1769    .rodata._37_glyph_30  oxy_20.o
    0x0802e37a   0x0802e37a   0x0000006b   Data   RO         1934    .rodata._37_glyph_35  oxy_24.o
    0x0802e3e5   0x0802e3e5   0x00000001   PAD
    0x0802e3e6   0x0802e3e6   0x0000000e   Data   RO         1275    .rodata._38_glyph_12  oxy_8.o
    0x0802e3f4   0x0802e3f4   0x00000024   Data   RO         1440    .rodata._38_glyph_17  oxy_12.o
    0x0802e418   0x0802e418   0x0000005c   Data   RO         1770    .rodata._38_glyph_30  oxy_20.o
    0x0802e474   0x0802e474   0x0000006b   Data   RO         1935    .rodata._38_glyph_35  oxy_24.o
    0x0802e4df   0x0802e4df   0x00000001   PAD
    0x0802e4e0   0x0802e4e0   0x0000000e   Data   RO         1276    .rodata._39_glyph_12  oxy_8.o
    0x0802e4ee   0x0802e4ee   0x00000013   Data   RO         1441    .rodata._39_glyph_17  oxy_12.o
    0x0802e501   0x0802e501   0x00000001   PAD
    0x0802e502   0x0802e502   0x00000020   Data   RO         1771    .rodata._39_glyph_30  oxy_20.o
    0x0802e522   0x0802e522   0x00000025   Data   RO         1936    .rodata._39_glyph_35  oxy_24.o
    0x0802e547   0x0802e547   0x00000001   PAD
    0x0802e548   0x0802e548   0x0000000e   Data   RO         1277    .rodata._40_glyph_12  oxy_8.o
    0x0802e556   0x0802e556   0x00000013   Data   RO         1442    .rodata._40_glyph_17  oxy_12.o
    0x0802e569   0x0802e569   0x00000001   PAD
    0x0802e56a   0x0802e56a   0x00000020   Data   RO         1772    .rodata._40_glyph_30  oxy_20.o
    0x0802e58a   0x0802e58a   0x00000025   Data   RO         1937    .rodata._40_glyph_35  oxy_24.o
    0x0802e5af   0x0802e5af   0x00000001   PAD
    0x0802e5b0   0x0802e5b0   0x0000000e   Data   RO         1278    .rodata._41_glyph_12  oxy_8.o
    0x0802e5be   0x0802e5be   0x00000013   Data   RO         1443    .rodata._41_glyph_17  oxy_12.o
    0x0802e5d1   0x0802e5d1   0x00000001   PAD
    0x0802e5d2   0x0802e5d2   0x00000020   Data   RO         1773    .rodata._41_glyph_30  oxy_20.o
    0x0802e5f2   0x0802e5f2   0x00000025   Data   RO         1938    .rodata._41_glyph_35  oxy_24.o
    0x0802e617   0x0802e617   0x00000001   PAD
    0x0802e618   0x0802e618   0x0000000e   Data   RO         1279    .rodata._42_glyph_12  oxy_8.o
    0x0802e626   0x0802e626   0x00000013   Data   RO         1444    .rodata._42_glyph_17  oxy_12.o
    0x0802e639   0x0802e639   0x00000001   PAD
    0x0802e63a   0x0802e63a   0x0000003e   Data   RO         1774    .rodata._42_glyph_30  oxy_20.o
    0x0802e678   0x0802e678   0x00000048   Data   RO         1939    .rodata._42_glyph_35  oxy_24.o
    0x0802e6c0   0x0802e6c0   0x0000000e   Data   RO         1280    .rodata._43_glyph_12  oxy_8.o
    0x0802e6ce   0x0802e6ce   0x00000024   Data   RO         1445    .rodata._43_glyph_17  oxy_12.o
    0x0802e6f2   0x0802e6f2   0x0000003e   Data   RO         1775    .rodata._43_glyph_30  oxy_20.o
    0x0802e730   0x0802e730   0x0000006b   Data   RO         1940    .rodata._43_glyph_35  oxy_24.o
    0x0802e79b   0x0802e79b   0x00000001   PAD
    0x0802e79c   0x0802e79c   0x0000000e   Data   RO         1281    .rodata._44_glyph_12  oxy_8.o
    0x0802e7aa   0x0802e7aa   0x00000013   Data   RO         1446    .rodata._44_glyph_17  oxy_12.o
    0x0802e7bd   0x0802e7bd   0x00000001   PAD
    0x0802e7be   0x0802e7be   0x00000020   Data   RO         1776    .rodata._44_glyph_30  oxy_20.o
    0x0802e7de   0x0802e7de   0x00000025   Data   RO         1941    .rodata._44_glyph_35  oxy_24.o
    0x0802e803   0x0802e803   0x00000001   PAD
    0x0802e804   0x0802e804   0x0000000e   Data   RO         1282    .rodata._45_glyph_12  oxy_8.o
    0x0802e812   0x0802e812   0x00000013   Data   RO         1447    .rodata._45_glyph_17  oxy_12.o
    0x0802e825   0x0802e825   0x00000001   PAD
    0x0802e826   0x0802e826   0x00000020   Data   RO         1777    .rodata._45_glyph_30  oxy_20.o
    0x0802e846   0x0802e846   0x00000048   Data   RO         1942    .rodata._45_glyph_35  oxy_24.o
    0x0802e88e   0x0802e88e   0x0000000e   Data   RO         1283    .rodata._46_glyph_12  oxy_8.o
    0x0802e89c   0x0802e89c   0x00000013   Data   RO         1448    .rodata._46_glyph_17  oxy_12.o
    0x0802e8af   0x0802e8af   0x00000001   PAD
    0x0802e8b0   0x0802e8b0   0x00000020   Data   RO         1778    .rodata._46_glyph_30  oxy_20.o
    0x0802e8d0   0x0802e8d0   0x00000025   Data   RO         1943    .rodata._46_glyph_35  oxy_24.o
    0x0802e8f5   0x0802e8f5   0x00000001   PAD
    0x0802e8f6   0x0802e8f6   0x0000000e   Data   RO         1284    .rodata._47_glyph_12  oxy_8.o
    0x0802e904   0x0802e904   0x00000013   Data   RO         1449    .rodata._47_glyph_17  oxy_12.o
    0x0802e917   0x0802e917   0x00000001   PAD
    0x0802e918   0x0802e918   0x0000003e   Data   RO         1779    .rodata._47_glyph_30  oxy_20.o
    0x0802e956   0x0802e956   0x00000048   Data   RO         1944    .rodata._47_glyph_35  oxy_24.o
    0x0802e99e   0x0802e99e   0x0000000e   Data   RO         1285    .rodata._48_glyph_12  oxy_8.o
    0x0802e9ac   0x0802e9ac   0x00000013   Data   RO         1450    .rodata._48_glyph_17  oxy_12.o
    0x0802e9bf   0x0802e9bf   0x00000001   PAD
    0x0802e9c0   0x0802e9c0   0x0000003e   Data   RO         1780    .rodata._48_glyph_30  oxy_20.o
    0x0802e9fe   0x0802e9fe   0x00000048   Data   RO         1945    .rodata._48_glyph_35  oxy_24.o
    0x0802ea46   0x0802ea46   0x0000000e   Data   RO         1286    .rodata._49_glyph_12  oxy_8.o
    0x0802ea54   0x0802ea54   0x00000013   Data   RO         1451    .rodata._49_glyph_17  oxy_12.o
    0x0802ea67   0x0802ea67   0x00000001   PAD
    0x0802ea68   0x0802ea68   0x0000003e   Data   RO         1781    .rodata._49_glyph_30  oxy_20.o
    0x0802eaa6   0x0802eaa6   0x00000048   Data   RO         1946    .rodata._49_glyph_35  oxy_24.o
    0x0802eaee   0x0802eaee   0x0000000e   Data   RO         1287    .rodata._50_glyph_12  oxy_8.o
    0x0802eafc   0x0802eafc   0x00000013   Data   RO         1452    .rodata._50_glyph_17  oxy_12.o
    0x0802eb0f   0x0802eb0f   0x00000001   PAD
    0x0802eb10   0x0802eb10   0x0000003e   Data   RO         1782    .rodata._50_glyph_30  oxy_20.o
    0x0802eb4e   0x0802eb4e   0x00000048   Data   RO         1947    .rodata._50_glyph_35  oxy_24.o
    0x0802eb96   0x0802eb96   0x0000000e   Data   RO         1288    .rodata._51_glyph_12  oxy_8.o
    0x0802eba4   0x0802eba4   0x00000013   Data   RO         1453    .rodata._51_glyph_17  oxy_12.o
    0x0802ebb7   0x0802ebb7   0x00000001   PAD
    0x0802ebb8   0x0802ebb8   0x0000003e   Data   RO         1783    .rodata._51_glyph_30  oxy_20.o
    0x0802ebf6   0x0802ebf6   0x00000048   Data   RO         1948    .rodata._51_glyph_35  oxy_24.o
    0x0802ec3e   0x0802ec3e   0x0000000e   Data   RO         1289    .rodata._52_glyph_12  oxy_8.o
    0x0802ec4c   0x0802ec4c   0x00000013   Data   RO         1454    .rodata._52_glyph_17  oxy_12.o
    0x0802ec5f   0x0802ec5f   0x00000001   PAD
    0x0802ec60   0x0802ec60   0x0000003e   Data   RO         1784    .rodata._52_glyph_30  oxy_20.o
    0x0802ec9e   0x0802ec9e   0x00000048   Data   RO         1949    .rodata._52_glyph_35  oxy_24.o
    0x0802ece6   0x0802ece6   0x0000000e   Data   RO         1290    .rodata._53_glyph_12  oxy_8.o
    0x0802ecf4   0x0802ecf4   0x00000013   Data   RO         1455    .rodata._53_glyph_17  oxy_12.o
    0x0802ed07   0x0802ed07   0x00000001   PAD
    0x0802ed08   0x0802ed08   0x0000003e   Data   RO         1785    .rodata._53_glyph_30  oxy_20.o
    0x0802ed46   0x0802ed46   0x00000048   Data   RO         1950    .rodata._53_glyph_35  oxy_24.o
    0x0802ed8e   0x0802ed8e   0x0000000e   Data   RO         1291    .rodata._54_glyph_12  oxy_8.o
    0x0802ed9c   0x0802ed9c   0x00000013   Data   RO         1456    .rodata._54_glyph_17  oxy_12.o
    0x0802edaf   0x0802edaf   0x00000001   PAD
    0x0802edb0   0x0802edb0   0x0000003e   Data   RO         1786    .rodata._54_glyph_30  oxy_20.o
    0x0802edee   0x0802edee   0x00000048   Data   RO         1951    .rodata._54_glyph_35  oxy_24.o
    0x0802ee36   0x0802ee36   0x0000000e   Data   RO         1292    .rodata._55_glyph_12  oxy_8.o
    0x0802ee44   0x0802ee44   0x00000013   Data   RO         1457    .rodata._55_glyph_17  oxy_12.o
    0x0802ee57   0x0802ee57   0x00000001   PAD
    0x0802ee58   0x0802ee58   0x0000003e   Data   RO         1787    .rodata._55_glyph_30  oxy_20.o
    0x0802ee96   0x0802ee96   0x00000048   Data   RO         1952    .rodata._55_glyph_35  oxy_24.o
    0x0802eede   0x0802eede   0x0000000e   Data   RO         1293    .rodata._56_glyph_12  oxy_8.o
    0x0802eeec   0x0802eeec   0x00000013   Data   RO         1458    .rodata._56_glyph_17  oxy_12.o
    0x0802eeff   0x0802eeff   0x00000001   PAD
    0x0802ef00   0x0802ef00   0x0000003e   Data   RO         1788    .rodata._56_glyph_30  oxy_20.o
    0x0802ef3e   0x0802ef3e   0x00000048   Data   RO         1953    .rodata._56_glyph_35  oxy_24.o
    0x0802ef86   0x0802ef86   0x0000000e   Data   RO         1294    .rodata._57_glyph_12  oxy_8.o
    0x0802ef94   0x0802ef94   0x00000013   Data   RO         1459    .rodata._57_glyph_17  oxy_12.o
    0x0802efa7   0x0802efa7   0x00000001   PAD
    0x0802efa8   0x0802efa8   0x0000003e   Data   RO         1789    .rodata._57_glyph_30  oxy_20.o
    0x0802efe6   0x0802efe6   0x00000048   Data   RO         1954    .rodata._57_glyph_35  oxy_24.o
    0x0802f02e   0x0802f02e   0x0000000e   Data   RO         1295    .rodata._58_glyph_12  oxy_8.o
    0x0802f03c   0x0802f03c   0x00000013   Data   RO         1460    .rodata._58_glyph_17  oxy_12.o
    0x0802f04f   0x0802f04f   0x00000001   PAD
    0x0802f050   0x0802f050   0x00000020   Data   RO         1790    .rodata._58_glyph_30  oxy_20.o
    0x0802f070   0x0802f070   0x00000025   Data   RO         1955    .rodata._58_glyph_35  oxy_24.o
    0x0802f095   0x0802f095   0x00000001   PAD
    0x0802f096   0x0802f096   0x0000000e   Data   RO         1296    .rodata._59_glyph_12  oxy_8.o
    0x0802f0a4   0x0802f0a4   0x00000013   Data   RO         1461    .rodata._59_glyph_17  oxy_12.o
    0x0802f0b7   0x0802f0b7   0x00000001   PAD
    0x0802f0b8   0x0802f0b8   0x00000020   Data   RO         1791    .rodata._59_glyph_30  oxy_20.o
    0x0802f0d8   0x0802f0d8   0x00000025   Data   RO         1956    .rodata._59_glyph_35  oxy_24.o
    0x0802f0fd   0x0802f0fd   0x00000001   PAD
    0x0802f0fe   0x0802f0fe   0x0000000e   Data   RO         1297    .rodata._60_glyph_12  oxy_8.o
    0x0802f10c   0x0802f10c   0x00000024   Data   RO         1462    .rodata._60_glyph_17  oxy_12.o
    0x0802f130   0x0802f130   0x0000003e   Data   RO         1792    .rodata._60_glyph_30  oxy_20.o
    0x0802f16e   0x0802f16e   0x0000006b   Data   RO         1957    .rodata._60_glyph_35  oxy_24.o
    0x0802f1d9   0x0802f1d9   0x00000001   PAD
    0x0802f1da   0x0802f1da   0x0000000e   Data   RO         1298    .rodata._61_glyph_12  oxy_8.o
    0x0802f1e8   0x0802f1e8   0x00000024   Data   RO         1463    .rodata._61_glyph_17  oxy_12.o
    0x0802f20c   0x0802f20c   0x0000003e   Data   RO         1793    .rodata._61_glyph_30  oxy_20.o
    0x0802f24a   0x0802f24a   0x0000006b   Data   RO         1958    .rodata._61_glyph_35  oxy_24.o
    0x0802f2b5   0x0802f2b5   0x00000001   PAD
    0x0802f2b6   0x0802f2b6   0x0000000e   Data   RO         1299    .rodata._62_glyph_12  oxy_8.o
    0x0802f2c4   0x0802f2c4   0x00000024   Data   RO         1464    .rodata._62_glyph_17  oxy_12.o
    0x0802f2e8   0x0802f2e8   0x0000003e   Data   RO         1794    .rodata._62_glyph_30  oxy_20.o
    0x0802f326   0x0802f326   0x0000006b   Data   RO         1959    .rodata._62_glyph_35  oxy_24.o
    0x0802f391   0x0802f391   0x00000001   PAD
    0x0802f392   0x0802f392   0x0000000e   Data   RO         1300    .rodata._63_glyph_12  oxy_8.o
    0x0802f3a0   0x0802f3a0   0x00000013   Data   RO         1465    .rodata._63_glyph_17  oxy_12.o
    0x0802f3b3   0x0802f3b3   0x00000001   PAD
    0x0802f3b4   0x0802f3b4   0x0000003e   Data   RO         1795    .rodata._63_glyph_30  oxy_20.o
    0x0802f3f2   0x0802f3f2   0x00000048   Data   RO         1960    .rodata._63_glyph_35  oxy_24.o
    0x0802f43a   0x0802f43a   0x0000000e   Data   RO         1301    .rodata._64_glyph_12  oxy_8.o
    0x0802f448   0x0802f448   0x00000024   Data   RO         1466    .rodata._64_glyph_17  oxy_12.o
    0x0802f46c   0x0802f46c   0x0000005c   Data   RO         1796    .rodata._64_glyph_30  oxy_20.o
    0x0802f4c8   0x0802f4c8   0x0000006b   Data   RO         1961    .rodata._64_glyph_35  oxy_24.o
    0x0802f533   0x0802f533   0x00000001   PAD
    0x0802f534   0x0802f534   0x0000000e   Data   RO         1302    .rodata._65_glyph_12  oxy_8.o
    0x0802f542   0x0802f542   0x00000013   Data   RO         1467    .rodata._65_glyph_17  oxy_12.o
    0x0802f555   0x0802f555   0x00000001   PAD
    0x0802f556   0x0802f556   0x0000003e   Data   RO         1797    .rodata._65_glyph_30  oxy_20.o
    0x0802f594   0x0802f594   0x00000048   Data   RO         1962    .rodata._65_glyph_35  oxy_24.o
    0x0802f5dc   0x0802f5dc   0x0000000e   Data   RO         1303    .rodata._66_glyph_12  oxy_8.o
    0x0802f5ea   0x0802f5ea   0x00000013   Data   RO         1468    .rodata._66_glyph_17  oxy_12.o
    0x0802f5fd   0x0802f5fd   0x00000001   PAD
    0x0802f5fe   0x0802f5fe   0x0000003e   Data   RO         1798    .rodata._66_glyph_30  oxy_20.o
    0x0802f63c   0x0802f63c   0x00000048   Data   RO         1963    .rodata._66_glyph_35  oxy_24.o
    0x0802f684   0x0802f684   0x0000000e   Data   RO         1304    .rodata._67_glyph_12  oxy_8.o
    0x0802f692   0x0802f692   0x00000013   Data   RO         1469    .rodata._67_glyph_17  oxy_12.o
    0x0802f6a5   0x0802f6a5   0x00000001   PAD
    0x0802f6a6   0x0802f6a6   0x0000003e   Data   RO         1799    .rodata._67_glyph_30  oxy_20.o
    0x0802f6e4   0x0802f6e4   0x00000048   Data   RO         1964    .rodata._67_glyph_35  oxy_24.o
    0x0802f72c   0x0802f72c   0x0000000e   Data   RO         1305    .rodata._68_glyph_12  oxy_8.o
    0x0802f73a   0x0802f73a   0x00000024   Data   RO         1470    .rodata._68_glyph_17  oxy_12.o
    0x0802f75e   0x0802f75e   0x0000003e   Data   RO         1800    .rodata._68_glyph_30  oxy_20.o
    0x0802f79c   0x0802f79c   0x0000006b   Data   RO         1965    .rodata._68_glyph_35  oxy_24.o
    0x0802f807   0x0802f807   0x00000001   PAD
    0x0802f808   0x0802f808   0x0000000e   Data   RO         1306    .rodata._69_glyph_12  oxy_8.o
    0x0802f816   0x0802f816   0x00000013   Data   RO         1471    .rodata._69_glyph_17  oxy_12.o
    0x0802f829   0x0802f829   0x00000001   PAD
    0x0802f82a   0x0802f82a   0x0000003e   Data   RO         1801    .rodata._69_glyph_30  oxy_20.o
    0x0802f868   0x0802f868   0x00000048   Data   RO         1966    .rodata._69_glyph_35  oxy_24.o
    0x0802f8b0   0x0802f8b0   0x0000000e   Data   RO         1307    .rodata._70_glyph_12  oxy_8.o
    0x0802f8be   0x0802f8be   0x00000013   Data   RO         1472    .rodata._70_glyph_17  oxy_12.o
    0x0802f8d1   0x0802f8d1   0x00000001   PAD
    0x0802f8d2   0x0802f8d2   0x0000003e   Data   RO         1802    .rodata._70_glyph_30  oxy_20.o
    0x0802f910   0x0802f910   0x00000048   Data   RO         1967    .rodata._70_glyph_35  oxy_24.o
    0x0802f958   0x0802f958   0x0000000e   Data   RO         1308    .rodata._71_glyph_12  oxy_8.o
    0x0802f966   0x0802f966   0x00000024   Data   RO         1473    .rodata._71_glyph_17  oxy_12.o
    0x0802f98a   0x0802f98a   0x0000003e   Data   RO         1803    .rodata._71_glyph_30  oxy_20.o
    0x0802f9c8   0x0802f9c8   0x0000006b   Data   RO         1968    .rodata._71_glyph_35  oxy_24.o
    0x0802fa33   0x0802fa33   0x00000001   PAD
    0x0802fa34   0x0802fa34   0x0000000e   Data   RO         1309    .rodata._72_glyph_12  oxy_8.o
    0x0802fa42   0x0802fa42   0x00000024   Data   RO         1474    .rodata._72_glyph_17  oxy_12.o
    0x0802fa66   0x0802fa66   0x0000003e   Data   RO         1804    .rodata._72_glyph_30  oxy_20.o
    0x0802faa4   0x0802faa4   0x0000006b   Data   RO         1969    .rodata._72_glyph_35  oxy_24.o
    0x0802fb0f   0x0802fb0f   0x00000001   PAD
    0x0802fb10   0x0802fb10   0x0000000e   Data   RO         1310    .rodata._73_glyph_12  oxy_8.o
    0x0802fb1e   0x0802fb1e   0x00000013   Data   RO         1475    .rodata._73_glyph_17  oxy_12.o
    0x0802fb31   0x0802fb31   0x00000001   PAD
    0x0802fb32   0x0802fb32   0x00000020   Data   RO         1805    .rodata._73_glyph_30  oxy_20.o
    0x0802fb52   0x0802fb52   0x00000025   Data   RO         1970    .rodata._73_glyph_35  oxy_24.o
    0x0802fb77   0x0802fb77   0x00000001   PAD
    0x0802fb78   0x0802fb78   0x0000000e   Data   RO         1311    .rodata._74_glyph_12  oxy_8.o
    0x0802fb86   0x0802fb86   0x00000013   Data   RO         1476    .rodata._74_glyph_17  oxy_12.o
    0x0802fb99   0x0802fb99   0x00000001   PAD
    0x0802fb9a   0x0802fb9a   0x00000020   Data   RO         1806    .rodata._74_glyph_30  oxy_20.o
    0x0802fbba   0x0802fbba   0x00000048   Data   RO         1971    .rodata._74_glyph_35  oxy_24.o
    0x0802fc02   0x0802fc02   0x0000000e   Data   RO         1312    .rodata._75_glyph_12  oxy_8.o
    0x0802fc10   0x0802fc10   0x00000013   Data   RO         1477    .rodata._75_glyph_17  oxy_12.o
    0x0802fc23   0x0802fc23   0x00000001   PAD
    0x0802fc24   0x0802fc24   0x0000003e   Data   RO         1807    .rodata._75_glyph_30  oxy_20.o
    0x0802fc62   0x0802fc62   0x00000048   Data   RO         1972    .rodata._75_glyph_35  oxy_24.o
    0x0802fcaa   0x0802fcaa   0x0000000e   Data   RO         1313    .rodata._76_glyph_12  oxy_8.o
    0x0802fcb8   0x0802fcb8   0x00000013   Data   RO         1478    .rodata._76_glyph_17  oxy_12.o
    0x0802fccb   0x0802fccb   0x00000001   PAD
    0x0802fccc   0x0802fccc   0x0000003e   Data   RO         1808    .rodata._76_glyph_30  oxy_20.o
    0x0802fd0a   0x0802fd0a   0x00000048   Data   RO         1973    .rodata._76_glyph_35  oxy_24.o
    0x0802fd52   0x0802fd52   0x0000000e   Data   RO         1314    .rodata._77_glyph_12  oxy_8.o
    0x0802fd60   0x0802fd60   0x00000024   Data   RO         1479    .rodata._77_glyph_17  oxy_12.o
    0x0802fd84   0x0802fd84   0x0000005c   Data   RO         1809    .rodata._77_glyph_30  oxy_20.o
    0x0802fde0   0x0802fde0   0x0000006b   Data   RO         1974    .rodata._77_glyph_35  oxy_24.o
    0x0802fe4b   0x0802fe4b   0x00000001   PAD
    0x0802fe4c   0x0802fe4c   0x0000000e   Data   RO         1315    .rodata._78_glyph_12  oxy_8.o
    0x0802fe5a   0x0802fe5a   0x00000024   Data   RO         1480    .rodata._78_glyph_17  oxy_12.o
    0x0802fe7e   0x0802fe7e   0x0000003e   Data   RO         1810    .rodata._78_glyph_30  oxy_20.o
    0x0802febc   0x0802febc   0x0000006b   Data   RO         1975    .rodata._78_glyph_35  oxy_24.o
    0x0802ff27   0x0802ff27   0x00000001   PAD
    0x0802ff28   0x0802ff28   0x0000000e   Data   RO         1316    .rodata._79_glyph_12  oxy_8.o
    0x0802ff36   0x0802ff36   0x00000024   Data   RO         1481    .rodata._79_glyph_17  oxy_12.o
    0x0802ff5a   0x0802ff5a   0x0000003e   Data   RO         1811    .rodata._79_glyph_30  oxy_20.o
    0x0802ff98   0x0802ff98   0x0000006b   Data   RO         1976    .rodata._79_glyph_35  oxy_24.o
    0x08030003   0x08030003   0x00000001   PAD
    0x08030004   0x08030004   0x0000000e   Data   RO         1317    .rodata._80_glyph_12  oxy_8.o
    0x08030012   0x08030012   0x00000013   Data   RO         1482    .rodata._80_glyph_17  oxy_12.o
    0x08030025   0x08030025   0x00000001   PAD
    0x08030026   0x08030026   0x0000003e   Data   RO         1812    .rodata._80_glyph_30  oxy_20.o
    0x08030064   0x08030064   0x00000048   Data   RO         1977    .rodata._80_glyph_35  oxy_24.o
    0x080300ac   0x080300ac   0x0000000e   Data   RO         1318    .rodata._81_glyph_12  oxy_8.o
    0x080300ba   0x080300ba   0x00000024   Data   RO         1483    .rodata._81_glyph_17  oxy_12.o
    0x080300de   0x080300de   0x0000003e   Data   RO         1813    .rodata._81_glyph_30  oxy_20.o
    0x0803011c   0x0803011c   0x0000006b   Data   RO         1978    .rodata._81_glyph_35  oxy_24.o
    0x08030187   0x08030187   0x00000001   PAD
    0x08030188   0x08030188   0x0000000e   Data   RO         1319    .rodata._82_glyph_12  oxy_8.o
    0x08030196   0x08030196   0x00000013   Data   RO         1484    .rodata._82_glyph_17  oxy_12.o
    0x080301a9   0x080301a9   0x00000001   PAD
    0x080301aa   0x080301aa   0x0000003e   Data   RO         1814    .rodata._82_glyph_30  oxy_20.o
    0x080301e8   0x080301e8   0x00000048   Data   RO         1979    .rodata._82_glyph_35  oxy_24.o
    0x08030230   0x08030230   0x0000000e   Data   RO         1320    .rodata._83_glyph_12  oxy_8.o
    0x0803023e   0x0803023e   0x00000013   Data   RO         1485    .rodata._83_glyph_17  oxy_12.o
    0x08030251   0x08030251   0x00000001   PAD
    0x08030252   0x08030252   0x0000003e   Data   RO         1815    .rodata._83_glyph_30  oxy_20.o
    0x08030290   0x08030290   0x00000048   Data   RO         1980    .rodata._83_glyph_35  oxy_24.o
    0x080302d8   0x080302d8   0x0000000e   Data   RO         1321    .rodata._84_glyph_12  oxy_8.o
    0x080302e6   0x080302e6   0x00000013   Data   RO         1486    .rodata._84_glyph_17  oxy_12.o
    0x080302f9   0x080302f9   0x00000001   PAD
    0x080302fa   0x080302fa   0x0000003e   Data   RO         1816    .rodata._84_glyph_30  oxy_20.o
    0x08030338   0x08030338   0x00000048   Data   RO         1981    .rodata._84_glyph_35  oxy_24.o
    0x08030380   0x08030380   0x0000000e   Data   RO         1322    .rodata._85_glyph_12  oxy_8.o
    0x0803038e   0x0803038e   0x00000024   Data   RO         1487    .rodata._85_glyph_17  oxy_12.o
    0x080303b2   0x080303b2   0x0000003e   Data   RO         1817    .rodata._85_glyph_30  oxy_20.o
    0x080303f0   0x080303f0   0x0000006b   Data   RO         1982    .rodata._85_glyph_35  oxy_24.o
    0x0803045b   0x0803045b   0x00000001   PAD
    0x0803045c   0x0803045c   0x0000000e   Data   RO         1323    .rodata._86_glyph_12  oxy_8.o
    0x0803046a   0x0803046a   0x00000013   Data   RO         1488    .rodata._86_glyph_17  oxy_12.o
    0x0803047d   0x0803047d   0x00000001   PAD
    0x0803047e   0x0803047e   0x0000003e   Data   RO         1818    .rodata._86_glyph_30  oxy_20.o
    0x080304bc   0x080304bc   0x00000048   Data   RO         1983    .rodata._86_glyph_35  oxy_24.o
    0x08030504   0x08030504   0x0000000e   Data   RO         1324    .rodata._87_glyph_12  oxy_8.o
    0x08030512   0x08030512   0x00000024   Data   RO         1489    .rodata._87_glyph_17  oxy_12.o
    0x08030536   0x08030536   0x0000005c   Data   RO         1819    .rodata._87_glyph_30  oxy_20.o
    0x08030592   0x08030592   0x0000006b   Data   RO         1984    .rodata._87_glyph_35  oxy_24.o
    0x080305fd   0x080305fd   0x00000001   PAD
    0x080305fe   0x080305fe   0x0000000e   Data   RO         1325    .rodata._88_glyph_12  oxy_8.o
    0x0803060c   0x0803060c   0x00000013   Data   RO         1490    .rodata._88_glyph_17  oxy_12.o
    0x0803061f   0x0803061f   0x00000001   PAD
    0x08030620   0x08030620   0x0000003e   Data   RO         1820    .rodata._88_glyph_30  oxy_20.o
    0x0803065e   0x0803065e   0x00000048   Data   RO         1985    .rodata._88_glyph_35  oxy_24.o
    0x080306a6   0x080306a6   0x0000000e   Data   RO         1326    .rodata._89_glyph_12  oxy_8.o
    0x080306b4   0x080306b4   0x00000013   Data   RO         1491    .rodata._89_glyph_17  oxy_12.o
    0x080306c7   0x080306c7   0x00000001   PAD
    0x080306c8   0x080306c8   0x0000003e   Data   RO         1821    .rodata._89_glyph_30  oxy_20.o
    0x08030706   0x08030706   0x00000048   Data   RO         1986    .rodata._89_glyph_35  oxy_24.o
    0x0803074e   0x0803074e   0x0000000e   Data   RO         1327    .rodata._90_glyph_12  oxy_8.o
    0x0803075c   0x0803075c   0x00000013   Data   RO         1492    .rodata._90_glyph_17  oxy_12.o
    0x0803076f   0x0803076f   0x00000001   PAD
    0x08030770   0x08030770   0x0000003e   Data   RO         1822    .rodata._90_glyph_30  oxy_20.o
    0x080307ae   0x080307ae   0x00000048   Data   RO         1987    .rodata._90_glyph_35  oxy_24.o
    0x080307f6   0x080307f6   0x0000000e   Data   RO         1328    .rodata._91_glyph_12  oxy_8.o
    0x08030804   0x08030804   0x00000013   Data   RO         1493    .rodata._91_glyph_17  oxy_12.o
    0x08030817   0x08030817   0x00000001   PAD
    0x08030818   0x08030818   0x00000020   Data   RO         1823    .rodata._91_glyph_30  oxy_20.o
    0x08030838   0x08030838   0x00000025   Data   RO         1988    .rodata._91_glyph_35  oxy_24.o
    0x0803085d   0x0803085d   0x00000001   PAD
    0x0803085e   0x0803085e   0x0000000e   Data   RO         1329    .rodata._92_glyph_12  oxy_8.o
    0x0803086c   0x0803086c   0x00000013   Data   RO         1494    .rodata._92_glyph_17  oxy_12.o
    0x0803087f   0x0803087f   0x00000001   PAD
    0x08030880   0x08030880   0x0000003e   Data   RO         1824    .rodata._92_glyph_30  oxy_20.o
    0x080308be   0x080308be   0x00000048   Data   RO         1989    .rodata._92_glyph_35  oxy_24.o
    0x08030906   0x08030906   0x0000000e   Data   RO         1330    .rodata._93_glyph_12  oxy_8.o
    0x08030914   0x08030914   0x00000013   Data   RO         1495    .rodata._93_glyph_17  oxy_12.o
    0x08030927   0x08030927   0x00000001   PAD
    0x08030928   0x08030928   0x00000020   Data   RO         1825    .rodata._93_glyph_30  oxy_20.o
    0x08030948   0x08030948   0x00000025   Data   RO         1990    .rodata._93_glyph_35  oxy_24.o
    0x0803096d   0x0803096d   0x00000001   PAD
    0x0803096e   0x0803096e   0x0000000e   Data   RO         1331    .rodata._94_glyph_12  oxy_8.o
    0x0803097c   0x0803097c   0x00000024   Data   RO         1496    .rodata._94_glyph_17  oxy_12.o
    0x080309a0   0x080309a0   0x0000003e   Data   RO         1826    .rodata._94_glyph_30  oxy_20.o
    0x080309de   0x080309de   0x0000006b   Data   RO         1991    .rodata._94_glyph_35  oxy_24.o
    0x08030a49   0x08030a49   0x00000001   PAD
    0x08030a4a   0x08030a4a   0x0000000e   Data   RO         1332    .rodata._95_glyph_12  oxy_8.o
    0x08030a58   0x08030a58   0x00000013   Data   RO         1497    .rodata._95_glyph_17  oxy_12.o
    0x08030a6b   0x08030a6b   0x00000001   PAD
    0x08030a6c   0x08030a6c   0x0000003e   Data   RO         1827    .rodata._95_glyph_30  oxy_20.o
    0x08030aaa   0x08030aaa   0x00000048   Data   RO         1992    .rodata._95_glyph_35  oxy_24.o
    0x08030af2   0x08030af2   0x0000000e   Data   RO         1333    .rodata._96_glyph_12  oxy_8.o
    0x08030b00   0x08030b00   0x00000013   Data   RO         1498    .rodata._96_glyph_17  oxy_12.o
    0x08030b13   0x08030b13   0x00000001   PAD
    0x08030b14   0x08030b14   0x00000020   Data   RO         1828    .rodata._96_glyph_30  oxy_20.o
    0x08030b34   0x08030b34   0x00000025   Data   RO         1993    .rodata._96_glyph_35  oxy_24.o
    0x08030b59   0x08030b59   0x00000001   PAD
    0x08030b5a   0x08030b5a   0x0000000e   Data   RO         1334    .rodata._97_glyph_12  oxy_8.o
    0x08030b68   0x08030b68   0x00000013   Data   RO         1499    .rodata._97_glyph_17  oxy_12.o
    0x08030b7b   0x08030b7b   0x00000001   PAD
    0x08030b7c   0x08030b7c   0x0000003e   Data   RO         1829    .rodata._97_glyph_30  oxy_20.o
    0x08030bba   0x08030bba   0x00000048   Data   RO         1994    .rodata._97_glyph_35  oxy_24.o
    0x08030c02   0x08030c02   0x0000000e   Data   RO         1335    .rodata._98_glyph_12  oxy_8.o
    0x08030c10   0x08030c10   0x00000013   Data   RO         1500    .rodata._98_glyph_17  oxy_12.o
    0x08030c23   0x08030c23   0x00000001   PAD
    0x08030c24   0x08030c24   0x0000003e   Data   RO         1830    .rodata._98_glyph_30  oxy_20.o
    0x08030c62   0x08030c62   0x00000048   Data   RO         1995    .rodata._98_glyph_35  oxy_24.o
    0x08030caa   0x08030caa   0x0000000e   Data   RO         1336    .rodata._99_glyph_12  oxy_8.o
    0x08030cb8   0x08030cb8   0x00000013   Data   RO         1501    .rodata._99_glyph_17  oxy_12.o
    0x08030ccb   0x08030ccb   0x00000001   PAD
    0x08030ccc   0x08030ccc   0x0000003e   Data   RO         1831    .rodata._99_glyph_30  oxy_20.o
    0x08030d0a   0x08030d0a   0x00000048   Data   RO         1996    .rodata._99_glyph_35  oxy_24.o
    0x08030d52   0x08030d52   0x00000020   Data   RO         2574    .rodata.cst16       ili9488.o
    0x08030d72   0x08030d72   0x00000004   Data   RO         2576    .rodata.cst4        ili9488.o
    0x08030d76   0x08030d76   0x00000002   PAD
    0x08030d78   0x08030d78   0x0000053c   Data   RO         2094    .rodata.gImage_ARROWDOWN  arrowdownimg.o
    0x080312b4   0x080312b4   0x00000004   PAD
    0x080312b8   0x080312b8   0x0000053c   Data   RO         2100    .rodata.gImage_ARROWUP  arrowupimg.o
    0x080317f4   0x080317f4   0x00000004   PAD
    0x080317f8   0x080317f8   0x0000070a   Data   RO         2136    .rodata.gImage_RETURNARROW  returnarrowimg.o
    0x08031f02   0x08031f02   0x00000006   PAD
    0x08031f08   0x08031f08   0x00001390   Data   RO         1220    .rodata.gImage_SMALL_LOGO  smalllogo_16b.o
    0x08033298   0x08033298   0x00000028   Data   RO           82    .rodata.str1.1      main.o
    0x080332c0   0x080332c0   0x0000000b   Data   RO          278    .rodata.str1.1      stm32f1xx_it.o
    0x080332cb   0x080332cb   0x00000038   Data   RO          304    .rodata.str1.1      stm32f1xx_ll_gpio.o
    0x08033303   0x08033303   0x00000038   Data   RO          535    .rodata.str1.1      stm32f1xx_ll_exti.o
    0x0803333b   0x0803333b   0x00000037   Data   RO          595    .rodata.str1.1      stm32f1xx_ll_rtc.o
    0x08033372   0x08033372   0x00000037   Data   RO          631    .rodata.str1.1      stm32f1xx_ll_spi.o
    0x080333a9   0x080333a9   0x00000037   Data   RO          720    .rodata.str1.1      stm32f1xx_ll_tim.o
    0x080333e0   0x080333e0   0x00000291   Data   RO          988    .rodata.str1.1      time.o
    0x08033671   0x08033671   0x00000018   Data   RO         1053    .rodata.str1.1      util.o
    0x08033689   0x08033689   0x00000028   Data   RO         1072    .rodata.str1.1      service.o
    0x080336b1   0x080336b1   0x00000003   Data   RO         1246    .rodata.str1.1      gui.o
    0x080336b4   0x080336b4   0x000004b4   Data   RO         2190    .rodata.str1.1      items.o
    0x08033b68   0x08033b68   0x00000012   Data   RO         2243    .rodata.str1.1      widgets.o
    0x08033b7a   0x08033b7a   0x0000000b   Data   RO         2575    .rodata.str1.1      ili9488.o
    0x08033b85   0x08033b85   0x00000039   Data   RO         2597    .rodata.str1.1      mainframe.o
    0x08033bbe   0x08033bbe   0x00000015   Data   RO         2636    .rodata.str1.1      keyboardframe.o
    0x08033bd3   0x08033bd3   0x0000001b   Data   RO         2682    .rodata.str1.1      timesetframe.o
    0x08033bee   0x08033bee   0x0000001c   Data   RO         2705    .rodata.str1.1      daysbetweenregencustomerframe.o
    0x08033c0a   0x08033c0a   0x0000006b   Data   RO         2720    .rodata.str1.1      delayedregencustomerframe.o
    0x08033c75   0x08033c75   0x00000006   Data   RO         2761    .rodata.str1.1      washingtimecustomerframe.o
    0x08033c7b   0x08033c7b   0x00000003   Data   RO         2801    .rodata.str1.1      calendar.o
    0x08033c7e   0x08033c7e   0x00000007   Data   RO         2840    .rodata.str1.1      filteringframe.o
    0x08033c85   0x08033c85   0x0000001a   Data   RO         2859    .rodata.str1.1      filterselectionframe.o
    0x08033c9f   0x08033c9f   0x0000009e   Data   RO         2917    .rodata.str1.1      alarmnotiframe.o
    0x08033d3d   0x08033d3d   0x0000001a   Data   RO         2940    .rodata.str1.1      alarmlistframe.o
    0x08033d57   0x08033d57   0x00000036   Data   RO         2960    .rodata.str1.1      pincode.o
    0x08033d8d   0x08033d8d   0x0000000d   Data   RO         2984    .rodata.str1.1      servicemenuframe.o
    0x08033d9a   0x08033d9a   0x0000002f   Data   RO         3013    .rodata.str1.1      regenperiodserviceframe.o
    0x08033dc9   0x08033dc9   0x0000000c   Data   RO         3085    .rodata.str1.1      serviceinfo.o
    0x08033dd5   0x08033dd5   0x00000003   PAD
    0x08033dd8   0x08033dd8   0x00000020   Data   RO         3447    Region$$Table       anon$$obj.o


    Execution Region RW_IRAM1 (Exec base: 0x20000000, Load base: 0x08033df8, Size: 0x00001d68, Max: 0x00018000, ABSOLUTE, COMPRESSED[0x00000250])

    Exec Addr    Load Addr    Size         Type   Attr      Idx    E Section Name        Object

    0x20000000   COMPRESSED   0x0000000c   Data   RW         2200    .data.ITEM_CALENDAR_FRAME  items.o
    0x2000000c   COMPRESSED   0x00000008   Data   RW         2198    .data.ITEM_CLOCKSET_FRAME  items.o
    0x20000014   COMPRESSED   0x00000008   Data   RW         2194    .data.ITEM_FILTERING  items.o
    0x2000001c   COMPRESSED   0x0000000c   Data   RW         2193    .data.ITEM_FILTER_SELECTION  items.o
    0x20000028   COMPRESSED   0x00000014   Data   RW         2204    .data.ITEM_LOAD_TYPE  items.o
    0x2000003c   COMPRESSED   0x00000014   Data   RW         2191    .data.ITEM_MENU     items.o
    0x20000050   COMPRESSED   0x00000010   Data   RW         2199    .data.ITEM_PINCODE_FRAME  items.o
    0x20000060   COMPRESSED   0x0000002c   Data   RW         2203    .data.ITEM_SERVICE_INFO  items.o
    0x2000008c   COMPRESSED   0x0000001c   Data   RW         2192    .data.ITEM_SERVICE_MENU  items.o
    0x200000a8   COMPRESSED   0x00000014   Data   RW         2195    .data.ITEM_SOFTENING  items.o
    0x200000bc   COMPRESSED   0x0000003c   Data   RW         2205    .data.ITEM_TIME_ruText  items.o
    0x200000f8   COMPRESSED   0x00000008   Data   RW         2202    .data.ITEM_WATER_BR  items.o
    0x20000100   COMPRESSED   0x00000004   Data   RW          768    .data.SystemCoreClock  system_stm32f1xx.o
    0x20000104   COMPRESSED   0x00000010   Data   RW         1240    .data.cancelBut     gui.o
    0x20000114   COMPRESSED   0x00000004   Data   RW         1000    .data.dateName      time.o
    0x20000118   COMPRESSED   0x0000001c   Data   RW          991    .data.engDayName    time.o
    0x20000134   COMPRESSED   0x00000030   Data   RW          989    .data.engMonthName  time.o
    0x20000164   COMPRESSED   0x00000010   Data   RW          998    .data.engName       time.o
    0x20000174   COMPRESSED   0x0000001c   Data   RW          992    .data.engShortDayName  time.o
    0x20000190   COMPRESSED   0x00000030   Data   RW          990    .data.engShortMonthName  time.o
    0x200001c0   COMPRESSED   0x00000004   Data   RW         1034    .data.fp            flashparam.o
    0x200001c4   COMPRESSED   0x00000044   Data   RW         2571    .data.ili9488_drv   ili9488.o
    0x20000208   COMPRESSED   0x00000028   Data   RW         2580    .data.ili9488_ts_drv  ili9488.o
    0x20000230   COMPRESSED   0x00000004   Data   RW         2572    .data.lcd_drv       ili9488.o
    0x20000234   COMPRESSED   0x0000000c   Data   RW          997    .data.monthCodeTable  time.o
    0x20000240   COMPRESSED   0x00000010   Data   RW         1239    .data.okBut         gui.o
    0x20000250   COMPRESSED   0x00000004   Data   RW         1009    .data.ptr           time.o
    0x20000254   COMPRESSED   0x00000010   Data   RW         1238    .data.retBut        gui.o
    0x20000264   COMPRESSED   0x0000001c   Data   RW          995    .data.ruDayName     time.o
    0x20000280   COMPRESSED   0x00000030   Data   RW          993    .data.ruMonthName   time.o
    0x200002b0   COMPRESSED   0x00000010   Data   RW          999    .data.ruName        time.o
    0x200002c0   COMPRESSED   0x0000001c   Data   RW          996    .data.ruShortDayName  time.o
    0x200002dc   COMPRESSED   0x00000030   Data   RW          994    .data.ruShortMonthName  time.o
    0x2000030c   COMPRESSED   0x00000010   Data   RW         1242    .data.scrollDwnBut  gui.o
    0x2000031c   COMPRESSED   0x00000010   Data   RW         1241    .data.scrollUpBut   gui.o
    0x2000032c   COMPRESSED   0x00000004   Data   RW         2581    .data.ts_drv        ili9488.o
    0x20000330        -       0x00000060   Zero   RW         3323    .bss                c_w.l(libspace.o)
    0x20000390        -       0x0000000c   Zero   RW         2520    .bss.DrawProp       stm32_adafruit_lcd.o
    0x2000039c        -       0x00000001   Zero   RW         2573    .bss.Is_ili9488_Initialized  ili9488.o
    0x2000039d   COMPRESSED   0x00000003   PAD
    0x200003a0        -       0x00000004   Zero   RW         2430    .bss.LCD_IO_DmaTransferStatus  lcd_io_spi.o
    0x200003a4   COMPRESSED   0x00000004   PAD
    0x200003a8        -       0x00000100   Zero   RW         2433    .bss.LCD_IO_ReadMultiData16to24.dmadata  lcd_io_spi.o
    0x200004a8        -       0x00000002   Zero   RW         2432    .bss.LCD_IO_WriteMultiData16.d16s  lcd_io_spi.o
    0x200004aa        -       0x00000001   Zero   RW         2431    .bss.LCD_IO_WriteMultiData8.d8s  lcd_io_spi.o
    0x200004ab        -       0x00000001   Zero   RW         1190    .bss.PL_status      planner.o
    0x200004ac        -       0x00000001   Zero   RW         2271    .bss.TC_isTouched   touchcontroller.o
    0x200004ad        -       0x00000001   Zero   RW         2318    .bss.TS_IO_DetectToch.ts_inited  ts_xpt2046.o
    0x200004ae        -       0x00000002   Zero   RW         2287    .bss.TsXBoundary    stm32_adafruit_ts.o
    0x200004b0        -       0x00000002   Zero   RW         2288    .bss.TsYBoundary    stm32_adafruit_ts.o
    0x200004b2   COMPRESSED   0x00000002   PAD
    0x200004b4        -       0x00000010   Zero   RW         2635    .bss._0             keyboardframe.o
    0x200004c4        -       0x00000010   Zero   RW         2637    .bss._1             keyboardframe.o
    0x200004d4        -       0x00000004   Zero   RW           81    .bss._1ms_cnt       main.o
    0x200004d8        -       0x00000010   Zero   RW         2638    .bss._2             keyboardframe.o
    0x200004e8        -       0x00000010   Zero   RW         2639    .bss._3             keyboardframe.o
    0x200004f8        -       0x00000010   Zero   RW         2640    .bss._4             keyboardframe.o
    0x20000508        -       0x00000010   Zero   RW         2641    .bss._5             keyboardframe.o
    0x20000518        -       0x00000010   Zero   RW         2642    .bss._6             keyboardframe.o
    0x20000528        -       0x00000010   Zero   RW         2643    .bss._7             keyboardframe.o
    0x20000538        -       0x00000010   Zero   RW         2644    .bss._8             keyboardframe.o
    0x20000548        -       0x00000010   Zero   RW         2645    .bss._9             keyboardframe.o
    0x20000558        -       0x00000004   Zero   RW         2633    .bss._max           keyboardframe.o
    0x2000055c        -       0x00000004   Zero   RW         2632    .bss._min           keyboardframe.o
    0x20000560        -       0x00000010   Zero   RW         2916    .bss.alarmListBut   alarmnotiframe.o
    0x20000570        -       0x00000001   Zero   RW         2935    .bss.alarm_list_frame_Scroll_cnt  alarmlistframe.o
    0x20000571   COMPRESSED   0x00000001   PAD
    0x20000572        -       0x00000002   Zero   RW         2290    .bss.bX             stm32_adafruit_ts.o
    0x20000574        -       0x00000002   Zero   RW         2292    .bss.bY             stm32_adafruit_ts.o
    0x20000576        -       0x0000099a   Zero   RW         2521    .bss.bitmap         stm32_adafruit_lcd.o
    0x20000f10        -       0x00000054   Zero   RW         2269    .bss.buttonList     touchcontroller.o
    0x20000f64        -       0x00000030   Zero   RW         2858    .bss.checkBox       filterselectionframe.o
    0x20000f94        -       0x00000004   Zero   RW         1192    .bss.chosenTask     planner.o
    0x20000f98        -       0x00000010   Zero   RW         2603    .bss.contactsBut    mainframe.o
    0x20000fa8        -       0x00000004   Zero   RW         1188    .bss.currentStep    planner.o
    0x20000fac        -       0x00000008   Zero   RW         1197    .bss.currentStepDateTime  planner.o
    0x20000fb4        -       0x00000010   Zero   RW         2602    .bss.customerBut    mainframe.o
    0x20000fc4        -       0x00000040   Zero   RW         3097    .bss.dateBut        servicedateselect.o
    0x20001004        -       0x00000010   Zero   RW         2689    .bss.dateSetButton  timesetframe.o
    0x20001014        -       0x00000001   Zero   RW         1004    .bss.dayNum         time.o
    0x20001015   COMPRESSED   0x00000001   PAD
    0x20001016        -       0x00000002   Zero   RW         3010    .bss.daysBetweenRegen  regenperiodserviceframe.o
    0x20001018        -       0x00000010   Zero   RW         2646    .bss.delBut         keyboardframe.o
    0x20001028        -       0x00000004   Zero   RW          885    .bss.destination    pistoncontrol.o
    0x2000102c        -       0x00000008   Zero   RW         2687    .bss.displayedTime  timesetframe.o
    0x20001034        -       0x00000008   Zero   RW         2799    .bss.displayedTime  calendar.o
    0x2000103c        -       0x00000008   Zero   RW         2815    .bss.displayedTime  clockset.o
    0x20001044        -       0x00000001   Zero   RW         2629    .bss.dx             keyboardframe.o
    0x20001045        -       0x00000001   Zero   RW         1245    .bss.enableClockDraw  gui.o
    0x20001046   COMPRESSED   0x00000002   PAD
    0x20001048        -       0x00000010   Zero   RW         2961    .bss.enterBut       pincode.o
    0x20001058        -       0x00000004   Zero   RW         2958    .bss.enteredPin     pincode.o
    0x2000105c        -       0x00000004   Zero   RW           83    .bss.errorCause     main.o
    0x20001060        -       0x00000001   Zero   RW         2854    .bss.filter_selection_frame_Scroll_cnt  filterselectionframe.o
    0x20001061        -       0x00000001   Zero   RW         2831    .bss.fitlering_frame_Scroll_cnt  filteringframe.o
    0x20001062        -       0x00000001   Zero   RW          883    .bss.fitstInt       pistoncontrol.o
    0x20001063   COMPRESSED   0x00000001   PAD
    0x20001064        -       0x00000180   Zero   RW         1033    .bss.flashParams    flashparam.o
    0x200011e4        -       0x00000014   Zero   RW         1159    .bss.flowFilter     flowmeter.o
    0x200011f8        -       0x00000004   Zero   RW         1158    .bss.flowMeter      flowmeter.o
    0x200011fc        -       0x00000004   Zero   RW         1157    .bss.flowPeriod     flowmeter.o
    0x20001200        -       0x00000010   Zero   RW         2719    .bss.forceRegen     delayedregencustomerframe.o
    0x20001210        -       0x00000010   Zero   RW         2735    .bss.forceRegen     forcedregencustomerframe.o
    0x20001220        -       0x00000001   Zero   RW         1189    .bss.forced         planner.o
    0x20001221        -       0x0000001e   Zero   RW         1008    .bss.formatedString  time.o
    0x2000123f        -       0x00000001   Zero   RW         1244    .bss.frame          gui.o
    0x20001240        -       0x00000004   Zero   RW         2686    .bss.frameText      timesetframe.o
    0x20001244        -       0x00000004   Zero   RW         1105    .bss.funcPtr        alarm.o
    0x20001248        -       0x00000010   Zero   RW         2816    .bss.hourBut        clockset.o
    0x20001258        -       0x00000001   Zero   RW         1005    .bss.hourNum        time.o
    0x20001259   COMPRESSED   0x00000001   PAD
    0x2000125a        -       0x00000008   Zero   RW         2579    .bss.ili9488_Scroll.scrparam  ili9488.o
    0x20001262        -       0x00000001   Zero   RW         2583    .bss.ili9488_ts_DetectTouch.ret  ili9488.o
    0x20001263        -       0x00000001   Zero   RW         1160    .bss.isOverFlow     flowmeter.o
    0x20001264        -       0x00000001   Zero   RW         1255    .bss.itemIndex      gui.o
    0x20001265   COMPRESSED   0x00000001   PAD
    0x20001266        -       0x00000002   Zero   RW         2289    .bss.kX             stm32_adafruit_ts.o
    0x20001268        -       0x00000002   Zero   RW         2291    .bss.kY             stm32_adafruit_ts.o
    0x2000126a        -       0x00000008   Zero   RW         1196    .bss.lastService    planner.o
    0x20001272   COMPRESSED   0x00000002   PAD
    0x20001274        -       0x00000040   Zero   RW         3109    .bss.loadBut        loadtypeframe.o
    0x200012b4        -       0x00000004   Zero   RW         1195    .bss.loadType       planner.o
    0x200012b8        -       0x00000001   Zero   RW         2856    .bss.markItem       filterselectionframe.o
    0x200012b9   COMPRESSED   0x00000003   PAD
    0x200012bc        -       0x00000020   Zero   RW         2839    .bss.menuLine       filteringframe.o
    0x200012dc        -       0x00000030   Zero   RW         2857    .bss.menuLine       filterselectionframe.o
    0x2000130c        -       0x00000050   Zero   RW         2667    .bss.menuLines      menuframe.o
    0x2000135c        -       0x00000050   Zero   RW         2901    .bss.menuLines      softeningframe.o
    0x200013ac        -       0x00000050   Zero   RW         2939    .bss.menuLines      alarmlistframe.o
    0x200013fc        -       0x00000070   Zero   RW         2983    .bss.menuLines      servicemenuframe.o
    0x2000146c        -       0x00000001   Zero   RW         2662    .bss.menu_frame_Scroll_cnt  menuframe.o
    0x2000146d        -       0x00000001   Zero   RW         2663    .bss.menu_frame_was_Scroll  menuframe.o
    0x2000146e   COMPRESSED   0x00000002   PAD
    0x20001470        -       0x00000010   Zero   RW         2818    .bss.minBut         clockset.o
    0x20001480        -       0x00000001   Zero   RW         1006    .bss.minuteNum      time.o
    0x20001481   COMPRESSED   0x00000003   PAD
    0x20001484        -       0x00000004   Zero   RW         1194    .bss.monthBetweenService  planner.o
    0x20001488        -       0x00000001   Zero   RW         1003    .bss.monthNum       time.o
    0x20001489   COMPRESSED   0x00000003   PAD
    0x2000148c        -       0x00000024   Zero   RW          852    .bss.mot            motor.o
    0x200014b0        -       0x00000008   Zero   RW         2819    .bss.nullTime       clockset.o
    0x200014b8        -       0x0000000b   Zero   RW         1052    .bss.numBuf         util.o
    0x200014c3   COMPRESSED   0x00000001   PAD
    0x200014c4        -       0x00000010   Zero   RW          878    .bss.pcParams       pistoncontrol.o
    0x200014d4        -       0x00000004   Zero   RW         2962    .bss.pinFrameText   pincode.o
    0x200014d8        -       0x0000000e   Zero   RW         2963    .bss.pinString      pincode.o
    0x200014e6   COMPRESSED   0x00000002   PAD
    0x200014e8        -       0x00000010   Zero   RW         2959    .bss.pinTextArea    pincode.o
    0x200014f8        -       0x0000001c   Zero   RW          882    .bss.pistonPositions  pistoncontrol.o
    0x20001514        -       0x00000120   Zero   RW         1191    .bss.pistonTasks    planner.o
    0x20001634        -       0x00000004   Zero   RW         2628    .bss.qwertyResult   keyboardframe.o
    0x20001638        -       0x00000001   Zero   RW         1243    .bss.redraw         gui.o
    0x20001639   COMPRESSED   0x00000001   PAD
    0x2000163a        -       0x00000008   Zero   RW         3025    .bss.regTime        washingtimeserviceframe.o
    0x20001642        -       0x00000002   Zero   RW         2838    .bss.res            filteringframe.o
    0x20001644        -       0x00000005   Zero   RW         2900    .bss.res            softeningframe.o
    0x20001649   COMPRESSED   0x00000003   PAD
    0x2000164c        -       0x00000010   Zero   RW         3011    .bss.restartTextArea  regenperiodserviceframe.o
    0x2000165c        -       0x00000004   Zero   RW         2631    .bss.result_keyboard  keyboardframe.o
    0x20001660        -       0x00000001   Zero   RW         1007    .bss.secondNum      time.o
    0x20001661   COMPRESSED   0x00000003   PAD
    0x20001664        -       0x00000010   Zero   RW         2601    .bss.serviceBut     mainframe.o
    0x20001674        -       0x00000010   Zero   RW         3084    .bss.serviceComplBut  serviceinfo.o
    0x20001684        -       0x00000001   Zero   RW         2979    .bss.service_menu_frame_Scroll_cnt  servicemenuframe.o
    0x20001685        -       0x00000001   Zero   RW         2980    .bss.service_menu_frame_was_Scroll  servicemenuframe.o
    0x20001686   COMPRESSED   0x00000002   PAD
    0x20001688        -       0x00000010   Zero   RW         2802    .bss.setDay         calendar.o
    0x20001698        -       0x00000010   Zero   RW         2800    .bss.setMonth       calendar.o
    0x200016a8        -       0x00000010   Zero   RW         2803    .bss.setYear        calendar.o
    0x200016b8        -       0x00000001   Zero   RW         2897    .bss.softening_frame_Scroll_cnt  softeningframe.o
    0x200016b9        -       0x00000001   Zero   RW         2898    .bss.softening_frame_was_Scroll  softeningframe.o
    0x200016ba   COMPRESSED   0x00000002   PAD
    0x200016bc        -       0x00000004   Zero   RW          879    .bss.stallCnt       pistoncontrol.o
    0x200016c0        -       0x00000004   Zero   RW          880    .bss.stallTime      pistoncontrol.o
    0x200016c4        -       0x00000004   Zero   RW          884    .bss.start          pistoncontrol.o
    0x200016c8        -       0x00000001   Zero   RW         2938    .bss.startAlarmListFrame  alarmlistframe.o
    0x200016c9   COMPRESSED   0x00000001   PAD
    0x200016ca        -       0x00000002   Zero   RW         2721    .bss.statusColor    delayedregencustomerframe.o
    0x200016cc        -       0x00000002   Zero   RW         2737    .bss.statusColor    forcedregencustomerframe.o
    0x200016ce   COMPRESSED   0x00000002   PAD
    0x200016d0        -       0x00000004   Zero   RW          886    .bss.stop           pistoncontrol.o
    0x200016d4        -       0x00000001   Zero   RW         1002    .bss.strLength      time.o
    0x200016d5   COMPRESSED   0x00000003   PAD
    0x200016d8        -       0x00000014   Zero   RW         1082    .bss.sysParam       system.o
    0x200016ec        -       0x00000008   Zero   RW         1011    .bss.sysTime        time.o
    0x200016f4        -       0x00000004   Zero   RW         2762    .bss.text           washingtimecustomerframe.o
    0x200016f8        -       0x00000004   Zero   RW         3012    .bss.text           regenperiodserviceframe.o
    0x200016fc        -       0x00000004   Zero   RW         3027    .bss.text           washingtimeserviceframe.o
    0x20001700        -       0x00000004   Zero   RW         3071    .bss.text           watercountbeforeregen.o
    0x20001704        -       0x00000010   Zero   RW         3026    .bss.timeBut        washingtimeserviceframe.o
    0x20001714        -       0x00000010   Zero   RW         2688    .bss.timeSetButton  timesetframe.o
    0x20001724        -       0x00000001   Zero   RW         2685    .bss.timeSetPressed  timesetframe.o
    0x20001725   COMPRESSED   0x00000003   PAD
    0x20001728        -       0x00000004   Zero   RW         1257    .bss.touchDelay     gui.o
    0x2000172c        -       0x00000010   Zero   RW         1256    .bss.tsState        gui.o
    0x2000173c        -       0x00000002   Zero   RW         2584    .bss.tx             ili9488.o
    0x2000173e        -       0x00000002   Zero   RW         2585    .bss.ty             ili9488.o
    0x20001740        -       0x00000004   Zero   RW         1261    .bss.updateFlags    gui.o
    0x20001744        -       0x00000004   Zero   RW         1193    .bss.waterBeforeRegen  planner.o
    0x20001748        -       0x00000010   Zero   RW         3070    .bss.waterBut       watercountbeforeregen.o
    0x20001758        -       0x00000004   Zero   RW         3069    .bss.waterVal       watercountbeforeregen.o
    0x2000175c        -       0x00000002   Zero   RW         2578    .bss.yEnd           ili9488.o
    0x2000175e        -       0x00000002   Zero   RW         2577    .bss.yStart         ili9488.o
    0x20001760        -       0x00000001   Zero   RW         1001    .bss.yearNum        time.o
    0x20001761   COMPRESSED   0x00000007   PAD
    0x20001768        -       0x00000200   Zero   RW            2    HEAP                startup_stm32f103xg.o
    0x20001968        -       0x00000400   Zero   RW            1    STACK               startup_stm32f103xg.o


==============================================================================

Image component sizes


      Code (inc. data)   RO Data    RW Data    ZI Data      Debug   Object Name

       264          0          0          0          4       2953   alarm.o
      1292          0         26          0         82       2551   alarmlistframe.o
       326          0        158          0         16       1614   alarmnotiframe.o
         0          0       1340          0          0        797   arrowdownimg.o
         0          0       1340          0          0        791   arrowupimg.o
      1550          0          3          0         56       2588   calendar.o
      1092          0          0          0         48       2130   clockset.o
       322          0         28          0          0       1032   daysbetweenregencustomerframe.o
       964          4        107          0         18       2451   delayedregencustomerframe.o
       156          0          0          0          0       1359   filter.o
      1026          0          7          0         35       2227   filteringframe.o
      1328          0         26          0         98       2299   filterselectionframe.o
       646          0          0          4        384       3890   flashparam.o
       292          0          0          0         29       8210   flowmeter.o
       964          4          0          0         18       2448   forcedregencustomerframe.o
       856          0          0          0          0       5848   gpio.o
       462          0          3         80         28       3059   gui.o
      2006          0         47        116         18       6421   ili9488.o
         0          0       1204        256          0       2368   items.o
      3624          0         21          0        193       3793   keyboardframe.o
      3076          0          0          0        263      13407   lcd_io_spi.o
       520          0          0          0         64       1589   loadtypeframe.o
      1330          0         40          0          8       9164   main.o
         0          0      90008          0          0        779   main_logo.o
       638          0         57          0         48       1838   mainframe.o
      2260          0          0          0         82       2840   menuframe.o
       702          0          0          0         36       6972   motor.o
         0          0       4392          0          0       5887   oxy_12.o
         0          0      10108          0          0       5890   oxy_20.o
         0          0      12963          0          0       5891   oxy_24.o
         0          0       2890          0          0       5880   oxy_8.o
      1034          0         54          0         54       2540   pincode.o
       406          0          0          0         65       3476   pistoncontrol.o
      1110          0          0          0        326       4110   planner.o
       744          0         47          0         22       1764   regenperiodserviceframe.o
         0          0       1802          0          0        803   returnarrowimg.o
       474          0          0          0          0       5478   rtc.o
      1812          0         40          0          0       5358   service.o
       664          0          0          0         64       1647   servicedateselect.o
       646          0         12          0         16       1825   serviceinfo.o
      2574          0         13          0        114       2966   servicemenuframe.o
         0          0       5008          0          0        774   smalllogo_16b.o
         0          0      10008          0          0        777   smallogo.o
      3116          0          0          0         87       3397   softeningframe.o
       662          0          0          0          0       5945   spi.o
        64         26        304          0       1536        804   startup_stm32f103xg.o
      3456          0          0          0       2470      13374   stm32_adafruit_lcd.o
       706          0          0          0         12       2271   stm32_adafruit_ts.o
       818          0         11          0          0       4498   stm32f1xx_it.o
       614          0         56          0          0       2943   stm32f1xx_ll_exti.o
       756          0         56          0          0       3350   stm32f1xx_ll_gpio.o
      1456          0         55          0          0       7128   stm32f1xx_ll_rtc.o
       712          0         55          0          0       4655   stm32f1xx_ll_spi.o
      4170          0         55          0          0       9317   stm32f1xx_ll_tim.o
       168          0          0          0          0       6395   stm32f1xx_ll_utils.o
         0          0          0          0         20        884   system.o
         2          0          0          4          0       1570   system_stm32f1xx.o
      1162          0         14          0          0       4606   tim.o
      6184        144        657        356         45      16809   time.o
      1124          0         27          0         45       2438   timesetframe.o
       720          0          0          0         85       2132   touchcontroller.o
       508          0          0          0          1       2685   ts_xpt2046.o
       346          0         24          0         11       1719   util.o
       348          0          6          0          4       1221   washingtimecustomerframe.o
       704          0          0          0         28       1766   washingtimeserviceframe.o
       626          0          0          0         24       1665   watercountbeforeregen.o
      2450          0         18          0          0       4750   widgets.o

    ----------------------------------------------------------------------
     66428        178     143320        816       6616     256806   Object Totals
         0          0         32          0          0          0   (incl. Generated)
       396          0        198          0         59          0   (incl. Padding)

    ----------------------------------------------------------------------

      Code (inc. data)   RO Data    RW Data    ZI Data      Debug   Library Member Name

        90          0          0          0          0          0   __dczerorl2.o
         8          0          0          0          0         68   __main.o
         0          0          0          0          0          0   __rtentry.o
        12          0          0          0          0          0   __rtentry2.o
         6          0          0          0          0          0   __rtentry4.o
        52          8          0          0          0          0   __scatter.o
        28          0          0          0          0          0   __scatter_zi.o
         0          0         12          0          0          0   _monlen.o
        18          0          0          0          0         80   exit.o
         6          0          0          0          0        152   heapauxi.o
         0          0          0          0          0          0   indicate_semi.o
         2          0          0          0          0          0   libinit.o
         2          0          0          0          0          0   libinit2.o
         2          0          0          0          0          0   libshutdown.o
         2          0          0          0          0          0   libshutdown2.o
         8          4          0          0         96         68   libspace.o
       424         10          0          0          0        124   mktime.o
        78          0          0          0          0         80   rt_memclr_w.o
       100          0          0          0          0         80   rt_memcpy_w.o
         2          0          0          0          0          0   rtexit.o
        10          0          0          0          0          0   rtexit2.o
        12          4          0          0          0         68   sys_exit.o
        74          0          0          0          0         80   sys_stackheap_outer.o
         2          0          0          0          0         68   use_no_semi.o
        98          4          0          0          0         92   d2f.o
       812         16          0          0          0        296   daddsub_clz.o
        90          4          0          0          0         92   dfixu.o
        38          0          0          0          0         68   dflt_clz.o
       340         12          0          0          0        104   dmul.o
       156          4          0          0          0         92   dnaninf.o
        12          0          0          0          0         68   dretinf.o
        62          4          0          0          0         84   ffixu.o
       140          4          0          0          0         84   fnaninf.o
        10          0          0          0          0         68   fretinf.o
         0          0          0          0          0          0   usenofp.o

    ----------------------------------------------------------------------
      2708         74         16          0         96       1916   Library Totals
        12          0          4          0          0          0   (incl. Padding)

    ----------------------------------------------------------------------

      Code (inc. data)   RO Data    RW Data    ZI Data      Debug   Library Name

       938         26         12          0         96        868   c_w.l
      1758         48          0          0          0       1048   fz_ws.l

    ----------------------------------------------------------------------
      2708         74         16          0         96       1916   Library Totals

    ----------------------------------------------------------------------

==============================================================================


      Code (inc. data)   RO Data    RW Data    ZI Data      Debug   

     69136        252     143336        816       6712     256826   Grand Totals
     69136        252     143336        592       6712     256826   ELF Image Totals (compressed)
     69136        252     143336        592          0          0   ROM Totals

==============================================================================

    Total RO  Size (Code + RO Data)               212472 ( 207.49kB)
    Total RW  Size (RW Data + ZI Data)              7528 (   7.35kB)
    Total ROM Size (Code + RO Data + RW Data)     213064 ( 208.07kB)

==============================================================================

