<html>
<body>
<pre>
<h1>µVision Build Log</h1>
<h2>Tool Versions:</h2>
IDE-Version: µVision V5.38.0.0
Copyright (C) 2022 ARM Ltd and ARM Germany GmbH. All rights reserved.
License Information: A a, a, LIC=WHYH9-4TXNY-Y8HFK-ZE309-7HGER-9G8XP
 
Tool Versions:
Toolchain:       MDK-ARM Plus  Version: 5.38.0.0
Toolchain Path:  C:\Keil_v5\ARM\ARMCLANG\Bin
C Compiler:      ArmClang.exe V6.19
Assembler:       Armasm.exe V6.19
Linker/Locator:  ArmLink.exe V6.19
Library Manager: ArmAr.exe V6.19
Hex Converter:   FromElf.exe V6.19
CPU DLL:         SARMCM3.DLL V5.38.0.0
Dialog DLL:      DCM.DLL V1.17.5.0
Target DLL:      STLink\ST-LINKIII-KEIL_SWO.dll V3.1.0.0
Dialog DLL:      TCM.DLL V1.56.4.0
 
<h2>Project:</h2>
E:\MyData\Projects\water_treatment_controller\SPO2\MDK-ARM\SPO.uvprojx
Project File Date:  07/06/2023

<h2>Output:</h2>
*** Using Compiler 'V6.19', folder: 'C:\Keil_v5\ARM\ARMCLANG\Bin'
Build target 'SPO'
assembling startup_stm32f103xg.s...
compiling spi.c...
compiling gpio.c...
compiling adc.c...
compiling main.c...
compiling rtc.c...
compiling tim.c...
compiling usart.c...
compiling stm32f1xx_ll_gpio.c...
compiling stm32f1xx_ll_rcc.c...
compiling stm32f1xx_ll_dma.c...
compiling stm32f1xx_ll_adc.c...
compiling stm32f1xx_ll_utils.c...
compiling stm32f1xx_ll_exti.c...
compiling stm32f1xx_it.c...
compiling stm32f1xx_ll_pwr.c...
compiling stm32f1xx_ll_rtc.c...
compiling stm32f1xx_ll_spi.c...
compiling system_stm32f1xx.c...
compiling stm32f1xx_ll_usart.c...
compiling stm32f1xx_ll_tim.c...
compiling FIFO.c...
compiling WTC_Logic.c...
compiling Motor.c...
compiling PistonControl.c...
compiling FlashParam.c...
compiling Util.c...
compiling Time.c...
compiling Service.c...
compiling filter.c...
compiling System.c...
compiling Alarm.c...
compiling smallLogo_16b.c...
compiling FlowMeter.c...
compiling Planner.c...
compiling oxy_8.c...
compiling LOGO_MAIN2.c...
compiling oxy_12.c...
compiling oxy_16.c...
compiling arrowDownImg.c...
compiling arrowUpImg.c...
compiling oxy_20.c...
compiling GUI.c...
compiling oxy_24.c...
compiling dropButImg.c...
compiling returnArrowImg.c...
compiling pageButImg.c...
compiling pageButImgRect.c...
compiling wrenchButImg.c...
compiling MAIN_LOGO.c...
compiling leftArrowImg.c...
compiling wrenchButImgRect.c...
compiling rightArrowImg.c...
compiling arrayPicList.c...
compiling dropButImgRect.c...
compiling trashImg.c...
compiling checkMarkImg.c...
compiling arrayPicDay.c...
compiling smalLogo.c...
compiling arrayPicNight.c...
compiling items.c...
compiling TestBMP.c...
compiling layout.c...
compiling widgets.c...
compiling TouchController.c...
compiling stm32_adafruit_ts.c...
compiling ts_xpt2046.c...
compiling lcd_io_spi.c...
compiling mainFrame.c...
compiling stm32_adafruit_lcd.c...
compiling ili9488.c...
compiling keyboardFrame.c...
compiling menuFrame.c...
compiling timeSetFrame.c...
compiling daysBetweenRegenCustomerFrame.c...
compiling delayedRegenCustomerFrame.c...
compiling regenServiceFrame.c...
compiling forcedRegenCustomerFrame.c...
compiling washingTimeCustomerFrame.c...
compiling stepsFrame.c...
compiling Calendar.c...
compiling clockSet.c...
compiling filteringFrame.c...
compiling filterSelectionFrame.c...
compiling adjustmentFrame.c...
compiling softeningFrame.c...
compiling alarmNotiFrame.c...
compiling alarmListFrame.c...
compiling PinCode.c...
compiling serviceMenuFrame.c...
compiling quantityCountServiceFrame.c...
compiling regenPeriodServiceFrame.c...
compiling washingTimeServiceFrame.c...
compiling ManualFilteringSettings.c...
compiling waterCountBeforeRegen.c...
compiling ServiceInfo.c...
compiling serviceDateSelect.c...
compiling loadTypeFrame.c...
linking...
Program Size: Code=74604 RO-data=53480 RW-data=816 ZI-data=6752  
FromELF: creating hex file...
"SPO\SPO.axf" - 0 Error(s), 0 Warning(s).

<h2>Software Packages used:</h2>

Package Vendor: ARM
                http://www.keil.com/pack/ARM.CMSIS.5.9.0.pack
                ARM.CMSIS.5.9.0
                CMSIS (Common Microcontroller Software Interface Standard)
   * Component: CORE Version: 5.6.0

Package Vendor: Keil
                https://www.keil.com/pack/Keil.STM32F1xx_DFP.2.4.1.pack
                Keil.STM32F1xx_DFP.2.4.1
                STMicroelectronics STM32F1 Series Device Support, Drivers and Examples

<h2>Collection of Component include folders:</h2>
  ./RTE/_SPO
  C:/Users/Andrey.DESKTOP-GBJSSRT/AppData/Local/Arm/Packs/ARM/CMSIS/5.9.0/CMSIS/Core/Include
  C:/Users/Andrey.DESKTOP-GBJSSRT/AppData/Local/Arm/Packs/Keil/STM32F1xx_DFP/2.4.1/Device/Include

<h2>Collection of Component Files used:</h2>

   * Component: ARM::CMSIS:CORE:5.6.0
      Include file:  CMSIS/Core/Include/tz_context.h
Build Time Elapsed:  00:00:13
</pre>
</body>
</html>
