Component: Arm Compiler for Embedded 6.19 Tool: armlink [5e73cb00]

==============================================================================

Section Cross References

    startup_stm32f103xg.o(STACK) refers (Special) to heapauxi.o(.text) for __use_two_region_memory
    startup_stm32f103xg.o(HEAP) refers (Special) to heapauxi.o(.text) for __use_two_region_memory
    startup_stm32f103xg.o(RESET) refers (Special) to heapauxi.o(.text) for __use_two_region_memory
    startup_stm32f103xg.o(RESET) refers to startup_stm32f103xg.o(STACK) for __initial_sp
    startup_stm32f103xg.o(RESET) refers to startup_stm32f103xg.o(.text) for Reset_Handler
    startup_stm32f103xg.o(RESET) refers to stm32f1xx_it.o(.text.NMI_Handler) for NMI_Handler
    startup_stm32f103xg.o(RESET) refers to stm32f1xx_it.o(.text.HardFault_Handler) for HardFault_Handler
    startup_stm32f103xg.o(RESET) refers to stm32f1xx_it.o(.text.MemManage_Handler) for MemManage_Handler
    startup_stm32f103xg.o(RESET) refers to stm32f1xx_it.o(.text.BusFault_Handler) for BusFault_Handler
    startup_stm32f103xg.o(RESET) refers to stm32f1xx_it.o(.text.UsageFault_Handler) for UsageFault_Handler
    startup_stm32f103xg.o(RESET) refers to stm32f1xx_it.o(.text.SVC_Handler) for SVC_Handler
    startup_stm32f103xg.o(RESET) refers to stm32f1xx_it.o(.text.DebugMon_Handler) for DebugMon_Handler
    startup_stm32f103xg.o(RESET) refers to stm32f1xx_it.o(.text.PendSV_Handler) for PendSV_Handler
    startup_stm32f103xg.o(RESET) refers to stm32f1xx_it.o(.text.SysTick_Handler) for SysTick_Handler
    startup_stm32f103xg.o(RESET) refers to stm32f1xx_it.o(.text.RTC_IRQHandler) for RTC_IRQHandler
    startup_stm32f103xg.o(RESET) refers to stm32f1xx_it.o(.text.EXTI3_IRQHandler) for EXTI3_IRQHandler
    startup_stm32f103xg.o(RESET) refers to lcd_io_spi.o(.text.DMA1_Channel4_IRQHandler) for DMA1_Channel4_IRQHandler
    startup_stm32f103xg.o(RESET) refers to lcd_io_spi.o(.text.DMA1_Channel5_IRQHandler) for DMA1_Channel5_IRQHandler
    startup_stm32f103xg.o(RESET) refers to stm32f1xx_it.o(.text.SPI1_IRQHandler) for SPI1_IRQHandler
    startup_stm32f103xg.o(RESET) refers to stm32f1xx_it.o(.text.SPI2_IRQHandler) for SPI2_IRQHandler
    startup_stm32f103xg.o(.text) refers (Special) to heapauxi.o(.text) for __use_two_region_memory
    startup_stm32f103xg.o(.text) refers to system_stm32f1xx.o(.text.SystemInit) for SystemInit
    startup_stm32f103xg.o(.text) refers to __main.o(!!!main) for __main
    startup_stm32f103xg.o(.text) refers to startup_stm32f103xg.o(HEAP) for Heap_Mem
    startup_stm32f103xg.o(.text) refers to startup_stm32f103xg.o(STACK) for Stack_Mem
    main.o(.text.main) refers to main.o(.bss._1ms_cnt) for _1ms_cnt
    main.o(.text.main) refers to main.o(.text.SystemClock_Config) for SystemClock_Config
    main.o(.text.main) refers to gpio.o(.text.MX_GPIO_Init) for MX_GPIO_Init
    main.o(.text.main) refers to adc.o(.text.MX_ADC1_Init) for MX_ADC1_Init
    main.o(.text.main) refers to adc.o(.text.MX_ADC2_Init) for MX_ADC2_Init
    main.o(.text.main) refers to rtc.o(.text.MX_RTC_Init) for MX_RTC_Init
    main.o(.text.main) refers to spi.o(.text.MX_SPI1_Init) for MX_SPI1_Init
    main.o(.text.main) refers to spi.o(.text.MX_SPI2_Init) for MX_SPI2_Init
    main.o(.text.main) refers to spi.o(.text.MX_SPI3_Init) for MX_SPI3_Init
    main.o(.text.main) refers to tim.o(.text.MX_TIM3_Init) for MX_TIM3_Init
    main.o(.text.main) refers to tim.o(.text.MX_TIM4_Init) for MX_TIM4_Init
    main.o(.text.main) refers to tim.o(.text.MX_TIM8_Init) for MX_TIM8_Init
    main.o(.text.main) refers to usart.o(.text.MX_USART1_UART_Init) for MX_USART1_UART_Init
    main.o(.text.main) refers to flashparam.o(.text.FP_GetParam) for FP_GetParam
    main.o(.text.main) refers to system.o(.text.System_init) for System_init
    main.o(.text.main) refers to time.o(.text.Time_init) for Time_init
    main.o(.text.main) refers to gui.o(.text.initGUI) for initGUI
    main.o(.text.main) refers to pistoncontrol.o(.text.PC_Init) for PC_Init
    main.o(.text.main) refers to planner.o(.text.PL_Init) for PL_Init
    main.o(.text.main) refers to flowmeter.o(.text.FM_Init) for FM_Init
    main.o(.text.main) refers to stm32f1xx_ll_utils.o(.text.LL_mDelay) for LL_mDelay
    main.o(.text.main) refers to flashparam.o(.text.FP_SaveParam) for FP_SaveParam
    main.o(.text.main) refers to stm32_adafruit_lcd.o(.text.BSP_LCD_Clear) for BSP_LCD_Clear
    main.o(.text.main) refers to forcedregencustomerframe.o(.text.ShowForcedRegenCustFrame) for ShowForcedRegenCustFrame
    main.o(.text.main) refers to mainframe.o(.text.ShowMainFrame) for ShowMainFrame
    main.o(.ARM.exidx.text.main) refers to main.o(.text.main) for [Anonymous Symbol]
    main.o(.text.SystemClock_Config) refers to stm32f1xx_ll_utils.o(.text.LL_Init1msTick) for LL_Init1msTick
    main.o(.text.SystemClock_Config) refers to stm32f1xx_ll_utils.o(.text.LL_SetSystemCoreClock) for LL_SetSystemCoreClock
[...]
    0x0802665a   0x0802665a   0x0000003e   Data   RO         1411    .rodata._1055_glyph_30  oxy_20.o
    0x08026698   0x08026698   0x0000006b   Data   RO         1576    .rodata._1055_glyph_35  oxy_24.o
    0x08026703   0x08026703   0x00000001   PAD
    0x08026704   0x08026704   0x0000000e   Data   RO          917    .rodata._1056_glyph_12  oxy_8.o
    0x08026712   0x08026712   0x00000013   Data   RO         1082    .rodata._1056_glyph_17  oxy_12.o
    0x08026725   0x08026725   0x00000001   PAD
    0x08026726   0x08026726   0x0000003e   Data   RO         1412    .rodata._1056_glyph_30  oxy_20.o
    0x08026764   0x08026764   0x00000048   Data   RO         1577    .rodata._1056_glyph_35  oxy_24.o
    0x080267ac   0x080267ac   0x0000000e   Data   RO          918    .rodata._1057_glyph_12  oxy_8.o
    0x080267ba   0x080267ba   0x00000013   Data   RO         1083    .rodata._1057_glyph_17  oxy_12.o
    0x080267cd   0x080267cd   0x00000001   PAD
    0x080267ce   0x080267ce   0x0000003e   Data   RO         1413    .rodata._1057_glyph_30  oxy_20.o
    0x0802680c   0x0802680c   0x00000048   Data   RO         1578    .rodata._1057_glyph_35  oxy_24.o
    0x08026854   0x08026854   0x0000000e   Data   RO          919    .rodata._1058_glyph_12  oxy_8.o
    0x08026862   0x08026862   0x00000013   Data   RO         1084    .rodata._1058_glyph_17  oxy_12.o
    0x08026875   0x08026875   0x00000001   PAD
    0x08026876   0x08026876   0x0000003e   Data   RO         1414    .rodata._1058_glyph_30  oxy_20.o
    0x080268b4   0x080268b4   0x00000048   Data   RO         1579    .rodata._1058_glyph_35  oxy_24.o
    0x080268fc   0x080268fc   0x0000000e   Data   RO          920    .rodata._1059_glyph_12  oxy_8.o
    0x0802690a   0x0802690a   0x00000013   Data   RO         1085    .rodata._1059_glyph_17  oxy_12.o
    0x0802691d   0x0802691d   0x00000001   PAD
    0x0802691e   0x0802691e   0x0000003e   Data   RO         1415    .rodata._1059_glyph_30  oxy_20.o
    0x0802695c   0x0802695c   0x00000048   Data   RO         1580    .rodata._1059_glyph_35  oxy_24.o
    0x080269a4   0x080269a4   0x0000000e   Data   RO          879    .rodata._105_glyph_12  oxy_8.o
    0x080269b2   0x080269b2   0x00000013   Data   RO         1044    .rodata._105_glyph_17  oxy_12.o
    0x080269c5   0x080269c5   0x00000001   PAD
    0x080269c6   0x080269c6   0x00000020   Data   RO         1374    .rodata._105_glyph_30  oxy_20.o
    0x080269e6   0x080269e6   0x00000025   Data   RO         1539    .rodata._105_glyph_35  oxy_24.o
    0x08026a0b   0x08026a0b   0x00000001   PAD
    0x08026a0c   0x08026a0c   0x0000000e   Data   RO          921    .rodata._1060_glyph_12  oxy_8.o
    0x08026a1a   0x08026a1a   0x00000024   Data   RO         1086    .rodata._1060_glyph_17  oxy_12.o
    0x08026a3e   0x08026a3e   0x0000003e   Data   RO         1416    .rodata._1060_glyph_30  oxy_20.o
    0x08026a7c   0x08026a7c   0x0000006b   Data   RO         1581    .rodata._1060_glyph_35  oxy_24.o
    0x08026ae7   0x08026ae7   0x00000001   PAD
    0x08026ae8   0x08026ae8   0x0000000e   Data   RO          922    .rodata._1061_glyph_12  oxy_8.o
    0x08026af6   0x08026af6   0x00000013   Data   RO         1087    .rodata._1061_glyph_17  oxy_12.o
    0x08026b09   0x08026b09   0x00000001   PAD
    0x08026b0a   0x08026b0a   0x0000003e   Data   RO         1417    .rodata._1061_glyph_30  oxy_20.o
    0x08026b48   0x08026b48   0x00000048   Data   RO         1582    .rodata._1061_glyph_35  oxy_24.o
    0x08026b90   0x08026b90   0x0000000e   Data   RO          923    .rodata._1062_glyph_12  oxy_8.o
    0x08026b9e   0x08026b9e   0x00000024   Data   RO         1088    .rodata._1062_glyph_17  oxy_12.o
    0x08026bc2   0x08026bc2   0x0000003e   Data   RO         1418    .rodata._1062_glyph_30  oxy_20.o
    0x08026c00   0x08026c00   0x0000006b   Data   RO         1583    .rodata._1062_glyph_35  oxy_24.o
    0x08026c6b   0x08026c6b   0x00000001   PAD
    0x08026c6c   0x08026c6c   0x0000000e   Data   RO          924    .rodata._1063_glyph_12  oxy_8.o
    0x08026c7a   0x08026c7a   0x00000013   Data   RO         1089    .rodata._1063_glyph_17  oxy_12.o
    0x08026c8d   0x08026c8d   0x00000001   PAD
    0x08026c8e   0x08026c8e   0x0000003e   Data   RO         1419    .rodata._1063_glyph_30  oxy_20.o
    0x08026ccc   0x08026ccc   0x00000048   Data   RO         1584    .rodata._1063_glyph_35  oxy_24.o
    0x08026d14   0x08026d14   0x0000000e   Data   RO          925    .rodata._1064_glyph_12  oxy_8.o
    0x08026d22   0x08026d22   0x00000024   Data   RO         1090    .rodata._1064_glyph_17  oxy_12.o
    0x08026d46   0x08026d46   0x0000005c   Data   RO         1420    .rodata._1064_glyph_30  oxy_20.o
    0x08026da2   0x08026da2   0x0000006b   Data   RO         1585    .rodata._1064_glyph_35  oxy_24.o
    0x08026e0d   0x08026e0d   0x00000001   PAD
    0x08026e0e   0x08026e0e   0x0000000e   Data   RO          926    .rodata._1065_glyph_12  oxy_8.o
    0x08026e1c   0x08026e1c   0x00000024   Data   RO         1091    .rodata._1065_glyph_17  oxy_12.o
    0x08026e40   0x08026e40   0x0000005c   Data   RO         1421    .rodata._1065_glyph_30  oxy_20.o
    0x08026e9c   0x08026e9c   0x0000006b   Data   RO         1586    .rodata._1065_glyph_35  oxy_24.o
    0x08026f07   0x08026f07   0x00000001   PAD
    0x08026f08   0x08026f08   0x0000000e   Data   RO          927    .rodata._1066_glyph_12  oxy_8.o
    0x08026f16   0x08026f16   0x00000024   Data   RO         1092    .rodata._1066_glyph_17  oxy_12.o
    0x08026f3a   0x08026f3a   0x0000003e   Data   RO         1422    .rodata._1066_glyph_30  oxy_20.o
    0x08026f78   0x08026f78   0x0000006b   Data   RO         1587    .rodata._1066_glyph_35  oxy_24.o
    0x08026fe3   0x08026fe3   0x00000001   PAD
    0x08026fe4   0x08026fe4   0x0000000e   Data   RO          928    .rodata._1067_glyph_12  oxy_8.o
    0x08026ff2   0x08026ff2   0x00000024   Data   RO         1093    .rodata._1067_glyph_17  oxy_12.o
    0x08027016   0x08027016   0x0000003e   Data   RO         1423    .rodata._1067_glyph_30  oxy_20.o
    0x08027054   0x08027054   0x0000006b   Data   RO         1588    .rodata._1067_glyph_35  oxy_24.o
    0x080270bf   0x080270bf   0x00000001   PAD
    0x080270c0   0x080270c0   0x0000000e   Data   RO          929    .rodata._1068_glyph_12  oxy_8.o
    0x080270ce   0x080270ce   0x00000013   Data   RO         1094    .rodata._1068_glyph_17  oxy_12.o
    0x080270e1   0x080270e1   0x00000001   PAD
    0x080270e2   0x080270e2   0x0000003e   Data   RO         1424    .rodata._1068_glyph_30  oxy_20.o
    0x08027120   0x08027120   0x00000048   Data   RO         1589    .rodata._1068_glyph_35  oxy_24.o
    0x08027168   0x08027168   0x0000000e   Data   RO          930    .rodata._1069_glyph_12  oxy_8.o
    0x08027176   0x08027176   0x00000013   Data   RO         1095    .rodata._1069_glyph_17  oxy_12.o
    0x08027189   0x08027189   0x00000001   PAD
    0x0802718a   0x0802718a   0x0000003e   Data   RO         1425    .rodata._1069_glyph_30  oxy_20.o
    0x080271c8   0x080271c8   0x00000048   Data   RO         1590    .rodata._1069_glyph_35  oxy_24.o
    0x08027210   0x08027210   0x0000000e   Data   RO          880    .rodata._106_glyph_12  oxy_8.o
    0x0802721e   0x0802721e   0x00000013   Data   RO         1045    .rodata._106_glyph_17  oxy_12.o
    0x08027231   0x08027231   0x00000001   PAD
    0x08027232   0x08027232   0x00000020   Data   RO         1375    .rodata._106_glyph_30  oxy_20.o
    0x08027252   0x08027252   0x00000048   Data   RO         1540    .rodata._106_glyph_35  oxy_24.o
    0x0802729a   0x0802729a   0x0000001a   Data   RO          931    .rodata._1070_glyph_12  oxy_8.o
    0x080272b4   0x080272b4   0x00000024   Data   RO         1096    .rodata._1070_glyph_17  oxy_12.o
    0x080272d8   0x080272d8   0x0000005c   Data   RO         1426    .rodata._1070_glyph_30  oxy_20.o
    0x08027334   0x08027334   0x0000008e   Data   RO         1591    .rodata._1070_glyph_35  oxy_24.o
    0x080273c2   0x080273c2   0x0000000e   Data   RO          932    .rodata._1071_glyph_12  oxy_8.o
    0x080273d0   0x080273d0   0x00000013   Data   RO         1097    .rodata._1071_glyph_17  oxy_12.o
    0x080273e3   0x080273e3   0x00000001   PAD
    0x080273e4   0x080273e4   0x0000003e   Data   RO         1427    .rodata._1071_glyph_30  oxy_20.o
    0x08027422   0x08027422   0x00000048   Data   RO         1592    .rodata._1071_glyph_35  oxy_24.o
    0x0802746a   0x0802746a   0x0000000e   Data   RO          933    .rodata._1072_glyph_12  oxy_8.o
    0x08027478   0x08027478   0x00000013   Data   RO         1098    .rodata._1072_glyph_17  oxy_12.o
    0x0802748b   0x0802748b   0x00000001   PAD
    0x0802748c   0x0802748c   0x0000003e   Data   RO         1428    .rodata._1072_glyph_30  oxy_20.o
    0x080274ca   0x080274ca   0x00000048   Data   RO         1593    .rodata._1072_glyph_35  oxy_24.o
    0x08027512   0x08027512   0x0000000e   Data   RO          934    .rodata._1073_glyph_12  oxy_8.o
    0x08027520   0x08027520   0x00000013   Data   RO         1099    .rodata._1073_glyph_17  oxy_12.o
    0x08027533   0x08027533   0x00000001   PAD
    0x08027534   0x08027534   0x0000003e   Data   RO         1429    .rodata._1073_glyph_30  oxy_20.o
    0x08027572   0x08027572   0x00000048   Data   RO         1594    .rodata._1073_glyph_35  oxy_24.o
    0x080275ba   0x080275ba   0x0000000e   Data   RO          935    .rodata._1074_glyph_12  oxy_8.o
    0x080275c8   0x080275c8   0x00000013   Data   RO         1100    .rodata._1074_glyph_17  oxy_12.o
    0x080275db   0x080275db   0x00000001   PAD
    0x080275dc   0x080275dc   0x0000003e   Data   RO         1430    .rodata._1074_glyph_30  oxy_20.o
    0x0802761a   0x0802761a   0x00000048   Data   RO         1595    .rodata._1074_glyph_35  oxy_24.o
    0x08027662   0x08027662   0x0000000e   Data   RO          936    .rodata._1075_glyph_12  oxy_8.o
    0x08027670   0x08027670   0x00000013   Data   RO         1101    .rodata._1075_glyph_17  oxy_12.o
    0x08027683   0x08027683   0x00000001   PAD
    0x08027684   0x08027684   0x00000020   Data   RO         1431    .rodata._1075_glyph_30  oxy_20.o
    0x080276a4   0x080276a4   0x00000048   Data   RO         1596    .rodata._1075_glyph_35  oxy_24.o
    0x080276ec   0x080276ec   0x0000000e   Data   RO          937    .rodata._1076_glyph_12  oxy_8.o
    0x080276fa   0x080276fa   0x00000013   Data   RO         1102    .rodata._1076_glyph_17  oxy_12.o
    0x0802770d   0x0802770d   0x00000001   PAD
    0x0802770e   0x0802770e   0x0000003e   Data   RO         1432    .rodata._1076_glyph_30  oxy_20.o
    0x0802774c   0x0802774c   0x00000048   Data   RO         1597    .rodata._1076_glyph_35  oxy_24.o
    0x08027794   0x08027794   0x0000000e   Data   RO          938    .rodata._1077_glyph_12  oxy_8.o
    0x080277a2   0x080277a2   0x00000013   Data   RO         1103    .rodata._1077_glyph_17  oxy_12.o
    0x080277b5   0x080277b5   0x00000001   PAD
    0x080277b6   0x080277b6   0x0000003e   Data   RO         1433    .rodata._1077_glyph_30  oxy_20.o
    0x080277f4   0x080277f4   0x00000048   Data   RO         1598    .rodata._1077_glyph_35  oxy_24.o
    0x0802783c   0x0802783c   0x0000000e   Data   RO          939    .rodata._1078_glyph_12  oxy_8.o
    0x0802784a   0x0802784a   0x00000024   Data   RO         1104    .rodata._1078_glyph_17  oxy_12.o
    0x0802786e   0x0802786e   0x0000003e   Data   RO         1434    .rodata._1078_glyph_30  oxy_20.o
    0x080278ac   0x080278ac   0x0000006b   Data   RO         1599    .rodata._1078_glyph_35  oxy_24.o
    0x08027917   0x08027917   0x00000001   PAD
    0x08027918   0x08027918   0x0000000e   Data   RO          940    .rodata._1079_glyph_12  oxy_8.o
    0x08027926   0x08027926   0x00000013   Data   RO         1105    .rodata._1079_glyph_17  oxy_12.o
    0x08027939   0x08027939   0x00000001   PAD
    0x0802793a   0x0802793a   0x0000003e   Data   RO         1435    .rodata._1079_glyph_30  oxy_20.o
    0x08027978   0x08027978   0x00000048   Data   RO         1600    .rodata._1079_glyph_35  oxy_24.o
    0x080279c0   0x080279c0   0x0000000e   Data   RO          881    .rodata._107_glyph_12  oxy_8.o
    0x080279ce   0x080279ce   0x00000013   Data   RO         1046    .rodata._107_glyph_17  oxy_12.o
    0x080279e1   0x080279e1   0x00000001   PAD
    0x080279e2   0x080279e2   0x0000003e   Data   RO         1376    .rodata._107_glyph_30  oxy_20.o
    0x08027a20   0x08027a20   0x00000048   Data   RO         1541    .rodata._107_glyph_35  oxy_24.o
    0x08027a68   0x08027a68   0x0000000e   Data   RO          941    .rodata._1080_glyph_12  oxy_8.o
    0x08027a76   0x08027a76   0x00000013   Data   RO         1106    .rodata._1080_glyph_17  oxy_12.o
    0x08027a89   0x08027a89   0x00000001   PAD
    0x08027a8a   0x08027a8a   0x0000003e   Data   RO         1436    .rodata._1080_glyph_30  oxy_20.o
    0x08027ac8   0x08027ac8   0x00000048   Data   RO         1601    .rodata._1080_glyph_35  oxy_24.o
    0x08027b10   0x08027b10   0x0000000e   Data   RO          942    .rodata._1081_glyph_12  oxy_8.o
    0x08027b1e   0x08027b1e   0x00000013   Data   RO         1107    .rodata._1081_glyph_17  oxy_12.o
    0x08027b31   0x08027b31   0x00000001   PAD
    0x08027b32   0x08027b32   0x0000003e   Data   RO         1437    .rodata._1081_glyph_30  oxy_20.o
    0x08027b70   0x08027b70   0x00000048   Data   RO         1602    .rodata._1081_glyph_35  oxy_24.o
    0x08027bb8   0x08027bb8   0x0000000e   Data   RO          943    .rodata._1082_glyph_12  oxy_8.o
    0x08027bc6   0x08027bc6   0x00000013   Data   RO         1108    .rodata._1082_glyph_17  oxy_12.o
    0x08027bd9   0x08027bd9   0x00000001   PAD
    0x08027bda   0x08027bda   0x0000003e   Data   RO         1438    .rodata._1082_glyph_30  oxy_20.o
    0x08027c18   0x08027c18   0x00000048   Data   RO         1603    .rodata._1082_glyph_35  oxy_24.o
    0x08027c60   0x08027c60   0x0000000e   Data   RO          944    .rodata._1083_glyph_12  oxy_8.o
    0x08027c6e   0x08027c6e   0x00000013   Data   RO         1109    .rodata._1083_glyph_17  oxy_12.o
    0x08027c81   0x08027c81   0x00000001   PAD
    0x08027c82   0x08027c82   0x0000003e   Data   RO         1439    .rodata._1083_glyph_30  oxy_20.o
    0x08027cc0   0x08027cc0   0x00000048   Data   RO         1604    .rodata._1083_glyph_35  oxy_24.o
    0x08027d08   0x08027d08   0x0000000e   Data   RO          945    .rodata._1084_glyph_12  oxy_8.o
    0x08027d16   0x08027d16   0x00000024   Data   RO         1110    .rodata._1084_glyph_17  oxy_12.o
    0x08027d3a   0x08027d3a   0x0000003e   Data   RO         1440    .rodata._1084_glyph_30  oxy_20.o
    0x08027d78   0x08027d78   0x0000006b   Data   RO         1605    .rodata._1084_glyph_35  oxy_24.o
    0x08027de3   0x08027de3   0x00000001   PAD
    0x08027de4   0x08027de4   0x0000000e   Data   RO          946    .rodata._1085_glyph_12  oxy_8.o
    0x08027df2   0x08027df2   0x00000013   Data   RO         1111    .rodata._1085_glyph_17  oxy_12.o
    0x08027e05   0x08027e05   0x00000001   PAD
    0x08027e06   0x08027e06   0x0000003e   Data   RO         1441    .rodata._1085_glyph_30  oxy_20.o
    0x08027e44   0x08027e44   0x00000048   Data   RO         1606    .rodata._1085_glyph_35  oxy_24.o
    0x08027e8c   0x08027e8c   0x0000000e   Data   RO          947    .rodata._1086_glyph_12  oxy_8.o
    0x08027e9a   0x08027e9a   0x00000013   Data   RO         1112    .rodata._1086_glyph_17  oxy_12.o
    0x08027ead   0x08027ead   0x00000001   PAD
    0x08027eae   0x08027eae   0x0000003e   Data   RO         1442    .rodata._1086_glyph_30  oxy_20.o
    0x08027eec   0x08027eec   0x00000048   Data   RO         1607    .rodata._1086_glyph_35  oxy_24.o
    0x08027f34   0x08027f34   0x0000000e   Data   RO          948    .rodata._1087_glyph_12  oxy_8.o
    0x08027f42   0x08027f42   0x00000013   Data   RO         1113    .rodata._1087_glyph_17  oxy_12.o
    0x08027f55   0x08027f55   0x00000001   PAD
    0x08027f56   0x08027f56   0x0000003e   Data   RO         1443    .rodata._1087_glyph_30  oxy_20.o
    0x08027f94   0x08027f94   0x00000048   Data   RO         1608    .rodata._1087_glyph_35  oxy_24.o
    0x08027fdc   0x08027fdc   0x0000000e   Data   RO          949    .rodata._1088_glyph_12  oxy_8.o
    0x08027fea   0x08027fea   0x00000013   Data   RO         1114    .rodata._1088_glyph_17  oxy_12.o
    0x08027ffd   0x08027ffd   0x00000001   PAD
    0x08027ffe   0x08027ffe   0x0000003e   Data   RO         1444    .rodata._1088_glyph_30  oxy_20.o
    0x0802803c   0x0802803c   0x00000048   Data   RO         1609    .rodata._1088_glyph_35  oxy_24.o
    0x08028084   0x08028084   0x0000000e   Data   RO          950    .rodata._1089_glyph_12  oxy_8.o
    0x08028092   0x08028092   0x00000013   Data   RO         1115    .rodata._1089_glyph_17  oxy_12.o
    0x080280a5   0x080280a5   0x00000001   PAD
    0x080280a6   0x080280a6   0x0000003e   Data   RO         1445    .rodata._1089_glyph_30  oxy_20.o
    0x080280e4   0x080280e4   0x00000048   Data   RO         1610    .rodata._1089_glyph_35  oxy_24.o
    0x0802812c   0x0802812c   0x0000000e   Data   RO          882    .rodata._108_glyph_12  oxy_8.o
    0x0802813a   0x0802813a   0x00000013   Data   RO         1047    .rodata._108_glyph_17  oxy_12.o
    0x0802814d   0x0802814d   0x00000001   PAD
    0x0802814e   0x0802814e   0x00000020   Data   RO         1377    .rodata._108_glyph_30  oxy_20.o
    0x0802816e   0x0802816e   0x00000025   Data   RO         1542    .rodata._108_glyph_35  oxy_24.o
    0x08028193   0x08028193   0x00000001   PAD
    0x08028194   0x08028194   0x0000000e   Data   RO          951    .rodata._1090_glyph_12  oxy_8.o
    0x080281a2   0x080281a2   0x00000013   Data   RO         1116    .rodata._1090_glyph_17  oxy_12.o
    0x080281b5   0x080281b5   0x00000001   PAD
    0x080281b6   0x080281b6   0x0000003e   Data   RO         1446    .rodata._1090_glyph_30  oxy_20.o
    0x080281f4   0x080281f4   0x00000048   Data   RO         1611    .rodata._1090_glyph_35  oxy_24.o
    0x0802823c   0x0802823c   0x0000000e   Data   RO          952    .rodata._1091_glyph_12  oxy_8.o
    0x0802824a   0x0802824a   0x00000013   Data   RO         1117    .rodata._1091_glyph_17  oxy_12.o
    0x0802825d   0x0802825d   0x00000001   PAD
    0x0802825e   0x0802825e   0x0000003e   Data   RO         1447    .rodata._1091_glyph_30  oxy_20.o
    0x0802829c   0x0802829c   0x00000048   Data   RO         1612    .rodata._1091_glyph_35  oxy_24.o
    0x080282e4   0x080282e4   0x0000000e   Data   RO          953    .rodata._1092_glyph_12  oxy_8.o
    0x080282f2   0x080282f2   0x00000024   Data   RO         1118    .rodata._1092_glyph_17  oxy_12.o
    0x08028316   0x08028316   0x0000003e   Data   RO         1448    .rodata._1092_glyph_30  oxy_20.o
    0x08028354   0x08028354   0x0000006b   Data   RO         1613    .rodata._1092_glyph_35  oxy_24.o
    0x080283bf   0x080283bf   0x00000001   PAD
    0x080283c0   0x080283c0   0x0000000e   Data   RO          954    .rodata._1093_glyph_12  oxy_8.o
    0x080283ce   0x080283ce   0x00000013   Data   RO         1119    .rodata._1093_glyph_17  oxy_12.o
    0x080283e1   0x080283e1   0x00000001   PAD
    0x080283e2   0x080283e2   0x0000003e   Data   RO         1449    .rodata._1093_glyph_30  oxy_20.o
    0x08028420   0x08028420   0x00000048   Data   RO         1614    .rodata._1093_glyph_35  oxy_24.o
    0x08028468   0x08028468   0x0000000e   Data   RO          955    .rodata._1094_glyph_12  oxy_8.o
    0x08028476   0x08028476   0x00000013   Data   RO         1120    .rodata._1094_glyph_17  oxy_12.o
    0x08028489   0x08028489   0x00000001   PAD
    0x0802848a   0x0802848a   0x0000003e   Data   RO         1450    .rodata._1094_glyph_30  oxy_20.o
    0x080284c8   0x080284c8   0x00000048   Data   RO         1615    .rodata._1094_glyph_35  oxy_24.o
    0x08028510   0x08028510   0x0000000e   Data   RO          956    .rodata._1095_glyph_12  oxy_8.o
    0x0802851e   0x0802851e   0x00000013   Data   RO         1121    .rodata._1095_glyph_17  oxy_12.o
    0x08028531   0x08028531   0x00000001   PAD
    0x08028532   0x08028532   0x0000003e   Data   RO         1451    .rodata._1095_glyph_30  oxy_20.o
    0x08028570   0x08028570   0x00000048   Data   RO         1616    .rodata._1095_glyph_35  oxy_24.o
    0x080285b8   0x080285b8   0x0000000e   Data   RO          957    .rodata._1096_glyph_12  oxy_8.o
    0x080285c6   0x080285c6   0x00000024   Data   RO         1122    .rodata._1096_glyph_17  oxy_12.o
    0x080285ea   0x080285ea   0x0000003e   Data   RO         1452    .rodata._1096_glyph_30  oxy_20.o
    0x08028628   0x08028628   0x0000006b   Data   RO         1617    .rodata._1096_glyph_35  oxy_24.o
    0x08028693   0x08028693   0x00000001   PAD
    0x08028694   0x08028694   0x0000000e   Data   RO          958    .rodata._1097_glyph_12  oxy_8.o
    0x080286a2   0x080286a2   0x00000024   Data   RO         1123    .rodata._1097_glyph_17  oxy_12.o
    0x080286c6   0x080286c6   0x0000005c   Data   RO         1453    .rodata._1097_glyph_30  oxy_20.o
    0x08028722   0x08028722   0x0000006b   Data   RO         1618    .rodata._1097_glyph_35  oxy_24.o
    0x0802878d   0x0802878d   0x00000001   PAD
    0x0802878e   0x0802878e   0x0000000e   Data   RO          959    .rodata._1098_glyph_12  oxy_8.o
    0x0802879c   0x0802879c   0x00000013   Data   RO         1124    .rodata._1098_glyph_17  oxy_12.o
    0x080287af   0x080287af   0x00000001   PAD
    0x080287b0   0x080287b0   0x0000003e   Data   RO         1454    .rodata._1098_glyph_30  oxy_20.o
    0x080287ee   0x080287ee   0x00000048   Data   RO         1619    .rodata._1098_glyph_35  oxy_24.o
    0x08028836   0x08028836   0x0000000e   Data   RO          960    .rodata._1099_glyph_12  oxy_8.o
    0x08028844   0x08028844   0x00000024   Data   RO         1125    .rodata._1099_glyph_17  oxy_12.o
    0x08028868   0x08028868   0x0000003e   Data   RO         1455    .rodata._1099_glyph_30  oxy_20.o
    0x080288a6   0x080288a6   0x0000006b   Data   RO         1620    .rodata._1099_glyph_35  oxy_24.o
    0x08028911   0x08028911   0x00000001   PAD
    0x08028912   0x08028912   0x0000000e   Data   RO          883    .rodata._109_glyph_12  oxy_8.o
    0x08028920   0x08028920   0x00000024   Data   RO         1048    .rodata._109_glyph_17  oxy_12.o
    0x08028944   0x08028944   0x0000005c   Data   RO         1378    .rodata._109_glyph_30  oxy_20.o
    0x080289a0   0x080289a0   0x0000006b   Data   RO         1543    .rodata._109_glyph_35  oxy_24.o
    0x08028a0b   0x08028a0b   0x00000001   PAD
    0x08028a0c   0x08028a0c   0x0000000e   Data   RO          961    .rodata._1100_glyph_12  oxy_8.o
    0x08028a1a   0x08028a1a   0x00000013   Data   RO         1126    .rodata._1100_glyph_17  oxy_12.o
    0x08028a2d   0x08028a2d   0x00000001   PAD
    0x08028a2e   0x08028a2e   0x0000003e   Data   RO         1456    .rodata._1100_glyph_30  oxy_20.o
    0x08028a6c   0x08028a6c   0x00000048   Data   RO         1621    .rodata._1100_glyph_35  oxy_24.o
    0x08028ab4   0x08028ab4   0x0000000e   Data   RO          962    .rodata._1101_glyph_12  oxy_8.o
    0x08028ac2   0x08028ac2   0x00000013   Data   RO         1127    .rodata._1101_glyph_17  oxy_12.o
    0x08028ad5   0x08028ad5   0x00000001   PAD
    0x08028ad6   0x08028ad6   0x0000003e   Data   RO         1457    .rodata._1101_glyph_30  oxy_20.o
    0x08028b14   0x08028b14   0x00000048   Data   RO         1622    .rodata._1101_glyph_35  oxy_24.o
    0x08028b5c   0x08028b5c   0x0000000e   Data   RO          963    .rodata._1102_glyph_12  oxy_8.o
    0x08028b6a   0x08028b6a   0x00000024   Data   RO         1128    .rodata._1102_glyph_17  oxy_12.o
    0x08028b8e   0x08028b8e   0x0000005c   Data   RO         1458    .rodata._1102_glyph_30  oxy_20.o
    0x08028bea   0x08028bea   0x0000006b   Data   RO         1623    .rodata._1102_glyph_35  oxy_24.o
    0x08028c55   0x08028c55   0x00000001   PAD
    0x08028c56   0x08028c56   0x0000000e   Data   RO          964    .rodata._1103_glyph_12  oxy_8.o
    0x08028c64   0x08028c64   0x00000013   Data   RO         1129    .rodata._1103_glyph_17  oxy_12.o
    0x08028c77   0x08028c77   0x00000001   PAD
    0x08028c78   0x08028c78   0x0000003e   Data   RO         1459    .rodata._1103_glyph_30  oxy_20.o
    0x08028cb6   0x08028cb6   0x00000048   Data   RO         1624    .rodata._1103_glyph_35  oxy_24.o
    0x08028cfe   0x08028cfe   0x0000000e   Data   RO          884    .rodata._110_glyph_12  oxy_8.o
    0x08028d0c   0x08028d0c   0x00000013   Data   RO         1049    .rodata._110_glyph_17  oxy_12.o
    0x08028d1f   0x08028d1f   0x00000001   PAD
    0x08028d20   0x08028d20   0x0000003e   Data   RO         1379    .rodata._110_glyph_30  oxy_20.o
    0x08028d5e   0x08028d5e   0x00000048   Data   RO         1544    .rodata._110_glyph_35  oxy_24.o
    0x08028da6   0x08028da6   0x0000000e   Data   RO          885    .rodata._111_glyph_12  oxy_8.o
    0x08028db4   0x08028db4   0x00000013   Data   RO         1050    .rodata._111_glyph_17  oxy_12.o
    0x08028dc7   0x08028dc7   0x00000001   PAD
    0x08028dc8   0x08028dc8   0x0000003e   Data   RO         1380    .rodata._111_glyph_30  oxy_20.o
    0x08028e06   0x08028e06   0x00000048   Data   RO         1545    .rodata._111_glyph_35  oxy_24.o
    0x08028e4e   0x08028e4e   0x0000000e   Data   RO          886    .rodata._112_glyph_12  oxy_8.o
    0x08028e5c   0x08028e5c   0x00000013   Data   RO         1051    .rodata._112_glyph_17  oxy_12.o
    0x08028e6f   0x08028e6f   0x00000001   PAD
    0x08028e70   0x08028e70   0x0000003e   Data   RO         1381    .rodata._112_glyph_30  oxy_20.o
    0x08028eae   0x08028eae   0x00000048   Data   RO         1546    .rodata._112_glyph_35  oxy_24.o
    0x08028ef6   0x08028ef6   0x0000000e   Data   RO          887    .rodata._113_glyph_12  oxy_8.o
    0x08028f04   0x08028f04   0x00000013   Data   RO         1052    .rodata._113_glyph_17  oxy_12.o
    0x08028f17   0x08028f17   0x00000001   PAD
    0x08028f18   0x08028f18   0x0000003e   Data   RO         1382    .rodata._113_glyph_30  oxy_20.o
    0x08028f56   0x08028f56   0x00000048   Data   RO         1547    .rodata._113_glyph_35  oxy_24.o
    0x08028f9e   0x08028f9e   0x0000000e   Data   RO          888    .rodata._114_glyph_12  oxy_8.o
    0x08028fac   0x08028fac   0x00000013   Data   RO         1053    .rodata._114_glyph_17  oxy_12.o
    0x08028fbf   0x08028fbf   0x00000001   PAD
    0x08028fc0   0x08028fc0   0x00000020   Data   RO         1383    .rodata._114_glyph_30  oxy_20.o
    0x08028fe0   0x08028fe0   0x00000048   Data   RO         1548    .rodata._114_glyph_35  oxy_24.o
    0x08029028   0x08029028   0x0000000e   Data   RO          889    .rodata._115_glyph_12  oxy_8.o
    0x08029036   0x08029036   0x00000013   Data   RO         1054    .rodata._115_glyph_17  oxy_12.o
    0x08029049   0x08029049   0x00000001   PAD
    0x0802904a   0x0802904a   0x0000003e   Data   RO         1384    .rodata._115_glyph_30  oxy_20.o
    0x08029088   0x08029088   0x00000048   Data   RO         1549    .rodata._115_glyph_35  oxy_24.o
    0x080290d0   0x080290d0   0x0000000e   Data   RO          890    .rodata._116_glyph_12  oxy_8.o
    0x080290de   0x080290de   0x00000013   Data   RO         1055    .rodata._116_glyph_17  oxy_12.o
    0x080290f1   0x080290f1   0x00000001   PAD
    0x080290f2   0x080290f2   0x00000020   Data   RO         1385    .rodata._116_glyph_30  oxy_20.o
    0x08029112   0x08029112   0x00000048   Data   RO         1550    .rodata._116_glyph_35  oxy_24.o
    0x0802915a   0x0802915a   0x0000000e   Data   RO          891    .rodata._117_glyph_12  oxy_8.o
    0x08029168   0x08029168   0x00000013   Data   RO         1056    .rodata._117_glyph_17  oxy_12.o
    0x0802917b   0x0802917b   0x00000001   PAD
    0x0802917c   0x0802917c   0x0000003e   Data   RO         1386    .rodata._117_glyph_30  oxy_20.o
    0x080291ba   0x080291ba   0x00000048   Data   RO         1551    .rodata._117_glyph_35  oxy_24.o
    0x08029202   0x08029202   0x0000000e   Data   RO          892    .rodata._118_glyph_12  oxy_8.o
    0x08029210   0x08029210   0x00000013   Data   RO         1057    .rodata._118_glyph_17  oxy_12.o
    0x08029223   0x08029223   0x00000001   PAD
    0x08029224   0x08029224   0x0000003e   Data   RO         1387    .rodata._118_glyph_30  oxy_20.o
    0x08029262   0x08029262   0x00000048   Data   RO         1552    .rodata._118_glyph_35  oxy_24.o
    0x080292aa   0x080292aa   0x0000000e   Data   RO          893    .rodata._119_glyph_12  oxy_8.o
    0x080292b8   0x080292b8   0x00000024   Data   RO         1058    .rodata._119_glyph_17  oxy_12.o
    0x080292dc   0x080292dc   0x0000003e   Data   RO         1388    .rodata._119_glyph_30  oxy_20.o
    0x0802931a   0x0802931a   0x0000006b   Data   RO         1553    .rodata._119_glyph_35  oxy_24.o
    0x08029385   0x08029385   0x00000001   PAD
    0x08029386   0x08029386   0x0000000e   Data   RO          894    .rodata._120_glyph_12  oxy_8.o
    0x08029394   0x08029394   0x00000013   Data   RO         1059    .rodata._120_glyph_17  oxy_12.o
    0x080293a7   0x080293a7   0x00000001   PAD
    0x080293a8   0x080293a8   0x0000003e   Data   RO         1389    .rodata._120_glyph_30  oxy_20.o
    0x080293e6   0x080293e6   0x00000048   Data   RO         1554    .rodata._120_glyph_35  oxy_24.o
    0x0802942e   0x0802942e   0x0000000e   Data   RO          895    .rodata._121_glyph_12  oxy_8.o
    0x0802943c   0x0802943c   0x00000013   Data   RO         1060    .rodata._121_glyph_17  oxy_12.o
    0x0802944f   0x0802944f   0x00000001   PAD
    0x08029450   0x08029450   0x0000003e   Data   RO         1390    .rodata._121_glyph_30  oxy_20.o
    0x0802948e   0x0802948e   0x00000048   Data   RO         1555    .rodata._121_glyph_35  oxy_24.o
    0x080294d6   0x080294d6   0x0000000e   Data   RO          896    .rodata._122_glyph_12  oxy_8.o
    0x080294e4   0x080294e4   0x00000013   Data   RO         1061    .rodata._122_glyph_17  oxy_12.o
    0x080294f7   0x080294f7   0x00000001   PAD
    0x080294f8   0x080294f8   0x0000003e   Data   RO         1391    .rodata._122_glyph_30  oxy_20.o
    0x08029536   0x08029536   0x00000048   Data   RO         1556    .rodata._122_glyph_35  oxy_24.o
    0x0802957e   0x0802957e   0x0000000e   Data   RO          897    .rodata._123_glyph_12  oxy_8.o
    0x0802958c   0x0802958c   0x00000013   Data   RO         1062    .rodata._123_glyph_17  oxy_12.o
    0x0802959f   0x0802959f   0x00000001   PAD
    0x080295a0   0x080295a0   0x00000020   Data   RO         1392    .rodata._123_glyph_30  oxy_20.o
    0x080295c0   0x080295c0   0x00000025   Data   RO         1557    .rodata._123_glyph_35  oxy_24.o
    0x080295e5   0x080295e5   0x00000001   PAD
    0x080295e6   0x080295e6   0x0000000e   Data   RO          898    .rodata._124_glyph_12  oxy_8.o
    0x080295f4   0x080295f4   0x00000013   Data   RO         1063    .rodata._124_glyph_17  oxy_12.o
    0x08029607   0x08029607   0x00000001   PAD
    0x08029608   0x08029608   0x00000020   Data   RO         1393    .rodata._124_glyph_30  oxy_20.o
    0x08029628   0x08029628   0x00000025   Data   RO         1558    .rodata._124_glyph_35  oxy_24.o
    0x0802964d   0x0802964d   0x00000001   PAD
    0x0802964e   0x0802964e   0x0000000e   Data   RO          899    .rodata._125_glyph_12  oxy_8.o
    0x0802965c   0x0802965c   0x00000013   Data   RO         1064    .rodata._125_glyph_17  oxy_12.o
    0x0802966f   0x0802966f   0x00000001   PAD
    0x08029670   0x08029670   0x00000020   Data   RO         1394    .rodata._125_glyph_30  oxy_20.o
    0x08029690   0x08029690   0x00000025   Data   RO         1559    .rodata._125_glyph_35  oxy_24.o
    0x080296b5   0x080296b5   0x00000001   PAD
    0x080296b6   0x080296b6   0x0000000e   Data   RO          900    .rodata._126_glyph_12  oxy_8.o
    0x080296c4   0x080296c4   0x00000024   Data   RO         1065    .rodata._126_glyph_17  oxy_12.o
    0x080296e8   0x080296e8   0x0000003e   Data   RO         1395    .rodata._126_glyph_30  oxy_20.o
    0x08029726   0x08029726   0x0000006b   Data   RO         1560    .rodata._126_glyph_35  oxy_24.o
    0x08029791   0x08029791   0x00000001   PAD
    0x08029792   0x08029792   0x0000000e   Data   RO          806    .rodata._32_glyph_12  oxy_8.o
    0x080297a0   0x080297a0   0x00000013   Data   RO          971    .rodata._32_glyph_17  oxy_12.o
    0x080297b3   0x080297b3   0x00000001   PAD
    0x080297b4   0x080297b4   0x00000020   Data   RO         1301    .rodata._32_glyph_30  oxy_20.o
    0x080297d4   0x080297d4   0x00000025   Data   RO         1466    .rodata._32_glyph_35  oxy_24.o
    0x080297f9   0x080297f9   0x00000001   PAD
    0x080297fa   0x080297fa   0x0000000e   Data   RO          807    .rodata._33_glyph_12  oxy_8.o
    0x08029808   0x08029808   0x00000013   Data   RO          972    .rodata._33_glyph_17  oxy_12.o
    0x0802981b   0x0802981b   0x00000001   PAD
    0x0802981c   0x0802981c   0x00000020   Data   RO         1302    .rodata._33_glyph_30  oxy_20.o
    0x0802983c   0x0802983c   0x00000025   Data   RO         1467    .rodata._33_glyph_35  oxy_24.o
    0x08029861   0x08029861   0x00000001   PAD
    0x08029862   0x08029862   0x0000000e   Data   RO          808    .rodata._34_glyph_12  oxy_8.o
    0x08029870   0x08029870   0x00000013   Data   RO          973    .rodata._34_glyph_17  oxy_12.o
    0x08029883   0x08029883   0x00000001   PAD
    0x08029884   0x08029884   0x00000020   Data   RO         1303    .rodata._34_glyph_30  oxy_20.o
    0x080298a4   0x080298a4   0x00000048   Data   RO         1468    .rodata._34_glyph_35  oxy_24.o
    0x080298ec   0x080298ec   0x0000000e   Data   RO          809    .rodata._35_glyph_12  oxy_8.o
    0x080298fa   0x080298fa   0x00000013   Data   RO          974    .rodata._35_glyph_17  oxy_12.o
    0x0802990d   0x0802990d   0x00000001   PAD
    0x0802990e   0x0802990e   0x0000003e   Data   RO         1304    .rodata._35_glyph_30  oxy_20.o
    0x0802994c   0x0802994c   0x00000048   Data   RO         1469    .rodata._35_glyph_35  oxy_24.o
    0x08029994   0x08029994   0x0000000e   Data   RO          810    .rodata._36_glyph_12  oxy_8.o
    0x080299a2   0x080299a2   0x00000013   Data   RO          975    .rodata._36_glyph_17  oxy_12.o
    0x080299b5   0x080299b5   0x00000001   PAD
    0x080299b6   0x080299b6   0x0000003e   Data   RO         1305    .rodata._36_glyph_30  oxy_20.o
    0x080299f4   0x080299f4   0x00000048   Data   RO         1470    .rodata._36_glyph_35  oxy_24.o
    0x08029a3c   0x08029a3c   0x0000000e   Data   RO          811    .rodata._37_glyph_12  oxy_8.o
    0x08029a4a   0x08029a4a   0x00000024   Data   RO          976    .rodata._37_glyph_17  oxy_12.o
    0x08029a6e   0x08029a6e   0x0000005c   Data   RO         1306    .rodata._37_glyph_30  oxy_20.o
    0x08029aca   0x08029aca   0x0000006b   Data   RO         1471    .rodata._37_glyph_35  oxy_24.o
    0x08029b35   0x08029b35   0x00000001   PAD
    0x08029b36   0x08029b36   0x0000000e   Data   RO          812    .rodata._38_glyph_12  oxy_8.o
    0x08029b44   0x08029b44   0x00000024   Data   RO          977    .rodata._38_glyph_17  oxy_12.o
    0x08029b68   0x08029b68   0x0000005c   Data   RO         1307    .rodata._38_glyph_30  oxy_20.o
    0x08029bc4   0x08029bc4   0x0000006b   Data   RO         1472    .rodata._38_glyph_35  oxy_24.o
    0x08029c2f   0x08029c2f   0x00000001   PAD
    0x08029c30   0x08029c30   0x0000000e   Data   RO          813    .rodata._39_glyph_12  oxy_8.o
    0x08029c3e   0x08029c3e   0x00000013   Data   RO          978    .rodata._39_glyph_17  oxy_12.o
    0x08029c51   0x08029c51   0x00000001   PAD
    0x08029c52   0x08029c52   0x00000020   Data   RO         1308    .rodata._39_glyph_30  oxy_20.o
    0x08029c72   0x08029c72   0x00000025   Data   RO         1473    .rodata._39_glyph_35  oxy_24.o
    0x08029c97   0x08029c97   0x00000001   PAD
    0x08029c98   0x08029c98   0x0000000e   Data   RO          814    .rodata._40_glyph_12  oxy_8.o
    0x08029ca6   0x08029ca6   0x00000013   Data   RO          979    .rodata._40_glyph_17  oxy_12.o
    0x08029cb9   0x08029cb9   0x00000001   PAD
    0x08029cba   0x08029cba   0x00000020   Data   RO         1309    .rodata._40_glyph_30  oxy_20.o
    0x08029cda   0x08029cda   0x00000025   Data   RO         1474    .rodata._40_glyph_35  oxy_24.o
    0x08029cff   0x08029cff   0x00000001   PAD
    0x08029d00   0x08029d00   0x0000000e   Data   RO          815    .rodata._41_glyph_12  oxy_8.o
    0x08029d0e   0x08029d0e   0x00000013   Data   RO          980    .rodata._41_glyph_17  oxy_12.o
    0x08029d21   0x08029d21   0x00000001   PAD
    0x08029d22   0x08029d22   0x00000020   Data   RO         1310    .rodata._41_glyph_30  oxy_20.o
    0x08029d42   0x08029d42   0x00000025   Data   RO         1475    .rodata._41_glyph_35  oxy_24.o
    0x08029d67   0x08029d67   0x00000001   PAD
    0x08029d68   0x08029d68   0x0000000e   Data   RO          816    .rodata._42_glyph_12  oxy_8.o
    0x08029d76   0x08029d76   0x00000013   Data   RO          981    .rodata._42_glyph_17  oxy_12.o
    0x08029d89   0x08029d89   0x00000001   PAD
    0x08029d8a   0x08029d8a   0x0000003e   Data   RO         1311    .rodata._42_glyph_30  oxy_20.o
    0x08029dc8   0x08029dc8   0x00000048   Data   RO         1476    .rodata._42_glyph_35  oxy_24.o
    0x08029e10   0x08029e10   0x0000000e   Data   RO          817    .rodata._43_glyph_12  oxy_8.o
    0x08029e1e   0x08029e1e   0x00000024   Data   RO          982    .rodata._43_glyph_17  oxy_12.o
    0x08029e42   0x08029e42   0x0000003e   Data   RO         1312    .rodata._43_glyph_30  oxy_20.o
    0x08029e80   0x08029e80   0x0000006b   Data   RO         1477    .rodata._43_glyph_35  oxy_24.o
    0x08029eeb   0x08029eeb   0x00000001   PAD
    0x08029eec   0x08029eec   0x0000000e   Data   RO          818    .rodata._44_glyph_12  oxy_8.o
    0x08029efa   0x08029efa   0x00000013   Data   RO          983    .rodata._44_glyph_17  oxy_12.o
    0x08029f0d   0x08029f0d   0x00000001   PAD
    0x08029f0e   0x08029f0e   0x00000020   Data   RO         1313    .rodata._44_glyph_30  oxy_20.o
    0x08029f2e   0x08029f2e   0x00000025   Data   RO         1478    .rodata._44_glyph_35  oxy_24.o
    0x08029f53   0x08029f53   0x00000001   PAD
    0x08029f54   0x08029f54   0x0000000e   Data   RO          819    .rodata._45_glyph_12  oxy_8.o
    0x08029f62   0x08029f62   0x00000013   Data   RO          984    .rodata._45_glyph_17  oxy_12.o
    0x08029f75   0x08029f75   0x00000001   PAD
    0x08029f76   0x08029f76   0x00000020   Data   RO         1314    .rodata._45_glyph_30  oxy_20.o
    0x08029f96   0x08029f96   0x00000048   Data   RO         1479    .rodata._45_glyph_35  oxy_24.o
    0x08029fde   0x08029fde   0x0000000e   Data   RO          820    .rodata._46_glyph_12  oxy_8.o
    0x08029fec   0x08029fec   0x00000013   Data   RO          985    .rodata._46_glyph_17  oxy_12.o
    0x08029fff   0x08029fff   0x00000001   PAD
    0x0802a000   0x0802a000   0x00000020   Data   RO         1315    .rodata._46_glyph_30  oxy_20.o
    0x0802a020   0x0802a020   0x00000025   Data   RO         1480    .rodata._46_glyph_35  oxy_24.o
    0x0802a045   0x0802a045   0x00000001   PAD
    0x0802a046   0x0802a046   0x0000000e   Data   RO          821    .rodata._47_glyph_12  oxy_8.o
    0x0802a054   0x0802a054   0x00000013   Data   RO          986    .rodata._47_glyph_17  oxy_12.o
    0x0802a067   0x0802a067   0x00000001   PAD
    0x0802a068   0x0802a068   0x0000003e   Data   RO         1316    .rodata._47_glyph_30  oxy_20.o
    0x0802a0a6   0x0802a0a6   0x00000048   Data   RO         1481    .rodata._47_glyph_35  oxy_24.o
    0x0802a0ee   0x0802a0ee   0x0000000e   Data   RO          822    .rodata._48_glyph_12  oxy_8.o
    0x0802a0fc   0x0802a0fc   0x00000013   Data   RO          987    .rodata._48_glyph_17  oxy_12.o
    0x0802a10f   0x0802a10f   0x00000001   PAD
    0x0802a110   0x0802a110   0x0000003e   Data   RO         1317    .rodata._48_glyph_30  oxy_20.o
    0x0802a14e   0x0802a14e   0x00000048   Data   RO         1482    .rodata._48_glyph_35  oxy_24.o
    0x0802a196   0x0802a196   0x0000000e   Data   RO          823    .rodata._49_glyph_12  oxy_8.o
    0x0802a1a4   0x0802a1a4   0x00000013   Data   RO          988    .rodata._49_glyph_17  oxy_12.o
    0x0802a1b7   0x0802a1b7   0x00000001   PAD
    0x0802a1b8   0x0802a1b8   0x0000003e   Data   RO         1318    .rodata._49_glyph_30  oxy_20.o
    0x0802a1f6   0x0802a1f6   0x00000048   Data   RO         1483    .rodata._49_glyph_35  oxy_24.o
    0x0802a23e   0x0802a23e   0x0000000e   Data   RO          824    .rodata._50_glyph_12  oxy_8.o
    0x0802a24c   0x0802a24c   0x00000013   Data   RO          989    .rodata._50_glyph_17  oxy_12.o
    0x0802a25f   0x0802a25f   0x00000001   PAD
    0x0802a260   0x0802a260   0x0000003e   Data   RO         1319    .rodata._50_glyph_30  oxy_20.o
    0x0802a29e   0x0802a29e   0x00000048   Data   RO         1484    .rodata._50_glyph_35  oxy_24.o
    0x0802a2e6   0x0802a2e6   0x0000000e   Data   RO          825    .rodata._51_glyph_12  oxy_8.o
    0x0802a2f4   0x0802a2f4   0x00000013   Data   RO          990    .rodata._51_glyph_17  oxy_12.o
    0x0802a307   0x0802a307   0x00000001   PAD
    0x0802a308   0x0802a308   0x0000003e   Data   RO         1320    .rodata._51_glyph_30  oxy_20.o
    0x0802a346   0x0802a346   0x00000048   Data   RO         1485    .rodata._51_glyph_35  oxy_24.o
    0x0802a38e   0x0802a38e   0x0000000e   Data   RO          826    .rodata._52_glyph_12  oxy_8.o
    0x0802a39c   0x0802a39c   0x00000013   Data   RO          991    .rodata._52_glyph_17  oxy_12.o
    0x0802a3af   0x0802a3af   0x00000001   PAD
    0x0802a3b0   0x0802a3b0   0x0000003e   Data   RO         1321    .rodata._52_glyph_30  oxy_20.o
    0x0802a3ee   0x0802a3ee   0x00000048   Data   RO         1486    .rodata._52_glyph_35  oxy_24.o
    0x0802a436   0x0802a436   0x0000000e   Data   RO          827    .rodata._53_glyph_12  oxy_8.o
    0x0802a444   0x0802a444   0x00000013   Data   RO          992    .rodata._53_glyph_17  oxy_12.o
    0x0802a457   0x0802a457   0x00000001   PAD
    0x0802a458   0x0802a458   0x0000003e   Data   RO         1322    .rodata._53_glyph_30  oxy_20.o
    0x0802a496   0x0802a496   0x00000048   Data   RO         1487    .rodata._53_glyph_35  oxy_24.o
    0x0802a4de   0x0802a4de   0x0000000e   Data   RO          828    .rodata._54_glyph_12  oxy_8.o
    0x0802a4ec   0x0802a4ec   0x00000013   Data   RO          993    .rodata._54_glyph_17  oxy_12.o
    0x0802a4ff   0x0802a4ff   0x00000001   PAD
    0x0802a500   0x0802a500   0x0000003e   Data   RO         1323    .rodata._54_glyph_30  oxy_20.o
    0x0802a53e   0x0802a53e   0x00000048   Data   RO         1488    .rodata._54_glyph_35  oxy_24.o
    0x0802a586   0x0802a586   0x0000000e   Data   RO          829    .rodata._55_glyph_12  oxy_8.o
    0x0802a594   0x0802a594   0x00000013   Data   RO          994    .rodata._55_glyph_17  oxy_12.o
    0x0802a5a7   0x0802a5a7   0x00000001   PAD
    0x0802a5a8   0x0802a5a8   0x0000003e   Data   RO         1324    .rodata._55_glyph_30  oxy_20.o
    0x0802a5e6   0x0802a5e6   0x00000048   Data   RO         1489    .rodata._55_glyph_35  oxy_24.o
    0x0802a62e   0x0802a62e   0x0000000e   Data   RO          830    .rodata._56_glyph_12  oxy_8.o
    0x0802a63c   0x0802a63c   0x00000013   Data   RO          995    .rodata._56_glyph_17  oxy_12.o
    0x0802a64f   0x0802a64f   0x00000001   PAD
    0x0802a650   0x0802a650   0x0000003e   Data   RO         1325    .rodata._56_glyph_30  oxy_20.o
    0x0802a68e   0x0802a68e   0x00000048   Data   RO         1490    .rodata._56_glyph_35  oxy_24.o
    0x0802a6d6   0x0802a6d6   0x0000000e   Data   RO          831    .rodata._57_glyph_12  oxy_8.o
    0x0802a6e4   0x0802a6e4   0x00000013   Data   RO          996    .rodata._57_glyph_17  oxy_12.o
    0x0802a6f7   0x0802a6f7   0x00000001   PAD
    0x0802a6f8   0x0802a6f8   0x0000003e   Data   RO         1326    .rodata._57_glyph_30  oxy_20.o
    0x0802a736   0x0802a736   0x00000048   Data   RO         1491    .rodata._57_glyph_35  oxy_24.o
    0x0802a77e   0x0802a77e   0x0000000e   Data   RO          832    .rodata._58_glyph_12  oxy_8.o
    0x0802a78c   0x0802a78c   0x00000013   Data   RO          997    .rodata._58_glyph_17  oxy_12.o
    0x0802a79f   0x0802a79f   0x00000001   PAD
    0x0802a7a0   0x0802a7a0   0x00000020   Data   RO         1327    .rodata._58_glyph_30  oxy_20.o
    0x0802a7c0   0x0802a7c0   0x00000025   Data   RO         1492    .rodata._58_glyph_35  oxy_24.o
    0x0802a7e5   0x0802a7e5   0x00000001   PAD
    0x0802a7e6   0x0802a7e6   0x0000000e   Data   RO          833    .rodata._59_glyph_12  oxy_8.o
    0x0802a7f4   0x0802a7f4   0x00000013   Data   RO          998    .rodata._59_glyph_17  oxy_12.o
    0x0802a807   0x0802a807   0x00000001   PAD
    0x0802a808   0x0802a808   0x00000020   Data   RO         1328    .rodata._59_glyph_30  oxy_20.o
    0x0802a828   0x0802a828   0x00000025   Data   RO         1493    .rodata._59_glyph_35  oxy_24.o
    0x0802a84d   0x0802a84d   0x00000001   PAD
    0x0802a84e   0x0802a84e   0x0000000e   Data   RO          834    .rodata._60_glyph_12  oxy_8.o
    0x0802a85c   0x0802a85c   0x00000024   Data   RO          999    .rodata._60_glyph_17  oxy_12.o
    0x0802a880   0x0802a880   0x0000003e   Data   RO         1329    .rodata._60_glyph_30  oxy_20.o
    0x0802a8be   0x0802a8be   0x0000006b   Data   RO         1494    .rodata._60_glyph_35  oxy_24.o
    0x0802a929   0x0802a929   0x00000001   PAD
    0x0802a92a   0x0802a92a   0x0000000e   Data   RO          835    .rodata._61_glyph_12  oxy_8.o
    0x0802a938   0x0802a938   0x00000024   Data   RO         1000    .rodata._61_glyph_17  oxy_12.o
    0x0802a95c   0x0802a95c   0x0000003e   Data   RO         1330    .rodata._61_glyph_30  oxy_20.o
    0x0802a99a   0x0802a99a   0x0000006b   Data   RO         1495    .rodata._61_glyph_35  oxy_24.o
    0x0802aa05   0x0802aa05   0x00000001   PAD
    0x0802aa06   0x0802aa06   0x0000000e   Data   RO          836    .rodata._62_glyph_12  oxy_8.o
    0x0802aa14   0x0802aa14   0x00000024   Data   RO         1001    .rodata._62_glyph_17  oxy_12.o
    0x0802aa38   0x0802aa38   0x0000003e   Data   RO         1331    .rodata._62_glyph_30  oxy_20.o
    0x0802aa76   0x0802aa76   0x0000006b   Data   RO         1496    .rodata._62_glyph_35  oxy_24.o
    0x0802aae1   0x0802aae1   0x00000001   PAD
    0x0802aae2   0x0802aae2   0x0000000e   Data   RO          837    .rodata._63_glyph_12  oxy_8.o
    0x0802aaf0   0x0802aaf0   0x00000013   Data   RO         1002    .rodata._63_glyph_17  oxy_12.o
    0x0802ab03   0x0802ab03   0x00000001   PAD
    0x0802ab04   0x0802ab04   0x0000003e   Data   RO         1332    .rodata._63_glyph_30  oxy_20.o
    0x0802ab42   0x0802ab42   0x00000048   Data   RO         1497    .rodata._63_glyph_35  oxy_24.o
    0x0802ab8a   0x0802ab8a   0x0000000e   Data   RO          838    .rodata._64_glyph_12  oxy_8.o
    0x0802ab98   0x0802ab98   0x00000024   Data   RO         1003    .rodata._64_glyph_17  oxy_12.o
    0x0802abbc   0x0802abbc   0x0000005c   Data   RO         1333    .rodata._64_glyph_30  oxy_20.o
    0x0802ac18   0x0802ac18   0x0000006b   Data   RO         1498    .rodata._64_glyph_35  oxy_24.o
    0x0802ac83   0x0802ac83   0x00000001   PAD
    0x0802ac84   0x0802ac84   0x0000000e   Data   RO          839    .rodata._65_glyph_12  oxy_8.o
    0x0802ac92   0x0802ac92   0x00000013   Data   RO         1004    .rodata._65_glyph_17  oxy_12.o
    0x0802aca5   0x0802aca5   0x00000001   PAD
    0x0802aca6   0x0802aca6   0x0000003e   Data   RO         1334    .rodata._65_glyph_30  oxy_20.o
    0x0802ace4   0x0802ace4   0x00000048   Data   RO         1499    .rodata._65_glyph_35  oxy_24.o
    0x0802ad2c   0x0802ad2c   0x0000000e   Data   RO          840    .rodata._66_glyph_12  oxy_8.o
    0x0802ad3a   0x0802ad3a   0x00000013   Data   RO         1005    .rodata._66_glyph_17  oxy_12.o
    0x0802ad4d   0x0802ad4d   0x00000001   PAD
    0x0802ad4e   0x0802ad4e   0x0000003e   Data   RO         1335    .rodata._66_glyph_30  oxy_20.o
    0x0802ad8c   0x0802ad8c   0x00000048   Data   RO         1500    .rodata._66_glyph_35  oxy_24.o
    0x0802add4   0x0802add4   0x0000000e   Data   RO          841    .rodata._67_glyph_12  oxy_8.o
    0x0802ade2   0x0802ade2   0x00000013   Data   RO         1006    .rodata._67_glyph_17  oxy_12.o
    0x0802adf5   0x0802adf5   0x00000001   PAD
    0x0802adf6   0x0802adf6   0x0000003e   Data   RO         1336    .rodata._67_glyph_30  oxy_20.o
    0x0802ae34   0x0802ae34   0x00000048   Data   RO         1501    .rodata._67_glyph_35  oxy_24.o
    0x0802ae7c   0x0802ae7c   0x0000000e   Data   RO          842    .rodata._68_glyph_12  oxy_8.o
    0x0802ae8a   0x0802ae8a   0x00000024   Data   RO         1007    .rodata._68_glyph_17  oxy_12.o
    0x0802aeae   0x0802aeae   0x0000003e   Data   RO         1337    .rodata._68_glyph_30  oxy_20.o
    0x0802aeec   0x0802aeec   0x0000006b   Data   RO         1502    .rodata._68_glyph_35  oxy_24.o
    0x0802af57   0x0802af57   0x00000001   PAD
    0x0802af58   0x0802af58   0x0000000e   Data   RO          843    .rodata._69_glyph_12  oxy_8.o
    0x0802af66   0x0802af66   0x00000013   Data   RO         1008    .rodata._69_glyph_17  oxy_12.o
    0x0802af79   0x0802af79   0x00000001   PAD
    0x0802af7a   0x0802af7a   0x0000003e   Data   RO         1338    .rodata._69_glyph_30  oxy_20.o
    0x0802afb8   0x0802afb8   0x00000048   Data   RO         1503    .rodata._69_glyph_35  oxy_24.o
    0x0802b000   0x0802b000   0x0000000e   Data   RO          844    .rodata._70_glyph_12  oxy_8.o
    0x0802b00e   0x0802b00e   0x00000013   Data   RO         1009    .rodata._70_glyph_17  oxy_12.o
    0x0802b021   0x0802b021   0x00000001   PAD
    0x0802b022   0x0802b022   0x0000003e   Data   RO         1339    .rodata._70_glyph_30  oxy_20.o
    0x0802b060   0x0802b060   0x00000048   Data   RO         1504    .rodata._70_glyph_35  oxy_24.o
    0x0802b0a8   0x0802b0a8   0x0000000e   Data   RO          845    .rodata._71_glyph_12  oxy_8.o
    0x0802b0b6   0x0802b0b6   0x00000024   Data   RO         1010    .rodata._71_glyph_17  oxy_12.o
    0x0802b0da   0x0802b0da   0x0000003e   Data   RO         1340    .rodata._71_glyph_30  oxy_20.o
    0x0802b118   0x0802b118   0x0000006b   Data   RO         1505    .rodata._71_glyph_35  oxy_24.o
    0x0802b183   0x0802b183   0x00000001   PAD
    0x0802b184   0x0802b184   0x0000000e   Data   RO          846    .rodata._72_glyph_12  oxy_8.o
    0x0802b192   0x0802b192   0x00000024   Data   RO         1011    .rodata._72_glyph_17  oxy_12.o
    0x0802b1b6   0x0802b1b6   0x0000003e   Data   RO         1341    .rodata._72_glyph_30  oxy_20.o
    0x0802b1f4   0x0802b1f4   0x0000006b   Data   RO         1506    .rodata._72_glyph_35  oxy_24.o
    0x0802b25f   0x0802b25f   0x00000001   PAD
    0x0802b260   0x0802b260   0x0000000e   Data   RO          847    .rodata._73_glyph_12  oxy_8.o
    0x0802b26e   0x0802b26e   0x00000013   Data   RO         1012    .rodata._73_glyph_17  oxy_12.o
    0x0802b281   0x0802b281   0x00000001   PAD
    0x0802b282   0x0802b282   0x00000020   Data   RO         1342    .rodata._73_glyph_30  oxy_20.o
    0x0802b2a2   0x0802b2a2   0x00000025   Data   RO         1507    .rodata._73_glyph_35  oxy_24.o
    0x0802b2c7   0x0802b2c7   0x00000001   PAD
    0x0802b2c8   0x0802b2c8   0x0000000e   Data   RO          848    .rodata._74_glyph_12  oxy_8.o
    0x0802b2d6   0x0802b2d6   0x00000013   Data   RO         1013    .rodata._74_glyph_17  oxy_12.o
    0x0802b2e9   0x0802b2e9   0x00000001   PAD
    0x0802b2ea   0x0802b2ea   0x00000020   Data   RO         1343    .rodata._74_glyph_30  oxy_20.o
    0x0802b30a   0x0802b30a   0x00000048   Data   RO         1508    .rodata._74_glyph_35  oxy_24.o
    0x0802b352   0x0802b352   0x0000000e   Data   RO          849    .rodata._75_glyph_12  oxy_8.o
    0x0802b360   0x0802b360   0x00000013   Data   RO         1014    .rodata._75_glyph_17  oxy_12.o
    0x0802b373   0x0802b373   0x00000001   PAD
    0x0802b374   0x0802b374   0x0000003e   Data   RO         1344    .rodata._75_glyph_30  oxy_20.o
    0x0802b3b2   0x0802b3b2   0x00000048   Data   RO         1509    .rodata._75_glyph_35  oxy_24.o
    0x0802b3fa   0x0802b3fa   0x0000000e   Data   RO          850    .rodata._76_glyph_12  oxy_8.o
    0x0802b408   0x0802b408   0x00000013   Data   RO         1015    .rodata._76_glyph_17  oxy_12.o
    0x0802b41b   0x0802b41b   0x00000001   PAD
    0x0802b41c   0x0802b41c   0x0000003e   Data   RO         1345    .rodata._76_glyph_30  oxy_20.o
    0x0802b45a   0x0802b45a   0x00000048   Data   RO         1510    .rodata._76_glyph_35  oxy_24.o
    0x0802b4a2   0x0802b4a2   0x0000000e   Data   RO          851    .rodata._77_glyph_12  oxy_8.o
    0x0802b4b0   0x0802b4b0   0x00000024   Data   RO         1016    .rodata._77_glyph_17  oxy_12.o
    0x0802b4d4   0x0802b4d4   0x0000005c   Data   RO         1346    .rodata._77_glyph_30  oxy_20.o
    0x0802b530   0x0802b530   0x0000006b   Data   RO         1511    .rodata._77_glyph_35  oxy_24.o
    0x0802b59b   0x0802b59b   0x00000001   PAD
    0x0802b59c   0x0802b59c   0x0000000e   Data   RO          852    .rodata._78_glyph_12  oxy_8.o
    0x0802b5aa   0x0802b5aa   0x00000024   Data   RO         1017    .rodata._78_glyph_17  oxy_12.o
    0x0802b5ce   0x0802b5ce   0x0000003e   Data   RO         1347    .rodata._78_glyph_30  oxy_20.o
    0x0802b60c   0x0802b60c   0x0000006b   Data   RO         1512    .rodata._78_glyph_35  oxy_24.o
    0x0802b677   0x0802b677   0x00000001   PAD
    0x0802b678   0x0802b678   0x0000000e   Data   RO          853    .rodata._79_glyph_12  oxy_8.o
    0x0802b686   0x0802b686   0x00000024   Data   RO         1018    .rodata._79_glyph_17  oxy_12.o
    0x0802b6aa   0x0802b6aa   0x0000003e   Data   RO         1348    .rodata._79_glyph_30  oxy_20.o
    0x0802b6e8   0x0802b6e8   0x0000006b   Data   RO         1513    .rodata._79_glyph_35  oxy_24.o
    0x0802b753   0x0802b753   0x00000001   PAD
    0x0802b754   0x0802b754   0x0000000e   Data   RO          854    .rodata._80_glyph_12  oxy_8.o
    0x0802b762   0x0802b762   0x00000013   Data   RO         1019    .rodata._80_glyph_17  oxy_12.o
    0x0802b775   0x0802b775   0x00000001   PAD
    0x0802b776   0x0802b776   0x0000003e   Data   RO         1349    .rodata._80_glyph_30  oxy_20.o
    0x0802b7b4   0x0802b7b4   0x00000048   Data   RO         1514    .rodata._80_glyph_35  oxy_24.o
    0x0802b7fc   0x0802b7fc   0x0000000e   Data   RO          855    .rodata._81_glyph_12  oxy_8.o
    0x0802b80a   0x0802b80a   0x00000024   Data   RO         1020    .rodata._81_glyph_17  oxy_12.o
    0x0802b82e   0x0802b82e   0x0000003e   Data   RO         1350    .rodata._81_glyph_30  oxy_20.o
    0x0802b86c   0x0802b86c   0x0000006b   Data   RO         1515    .rodata._81_glyph_35  oxy_24.o
    0x0802b8d7   0x0802b8d7   0x00000001   PAD
    0x0802b8d8   0x0802b8d8   0x0000000e   Data   RO          856    .rodata._82_glyph_12  oxy_8.o
    0x0802b8e6   0x0802b8e6   0x00000013   Data   RO         1021    .rodata._82_glyph_17  oxy_12.o
    0x0802b8f9   0x0802b8f9   0x00000001   PAD
    0x0802b8fa   0x0802b8fa   0x0000003e   Data   RO         1351    .rodata._82_glyph_30  oxy_20.o
    0x0802b938   0x0802b938   0x00000048   Data   RO         1516    .rodata._82_glyph_35  oxy_24.o
    0x0802b980   0x0802b980   0x0000000e   Data   RO          857    .rodata._83_glyph_12  oxy_8.o
    0x0802b98e   0x0802b98e   0x00000013   Data   RO         1022    .rodata._83_glyph_17  oxy_12.o
    0x0802b9a1   0x0802b9a1   0x00000001   PAD
    0x0802b9a2   0x0802b9a2   0x0000003e   Data   RO         1352    .rodata._83_glyph_30  oxy_20.o
    0x0802b9e0   0x0802b9e0   0x00000048   Data   RO         1517    .rodata._83_glyph_35  oxy_24.o
    0x0802ba28   0x0802ba28   0x0000000e   Data   RO          858    .rodata._84_glyph_12  oxy_8.o
    0x0802ba36   0x0802ba36   0x00000013   Data   RO         1023    .rodata._84_glyph_17  oxy_12.o
    0x0802ba49   0x0802ba49   0x00000001   PAD
    0x0802ba4a   0x0802ba4a   0x0000003e   Data   RO         1353    .rodata._84_glyph_30  oxy_20.o
    0x0802ba88   0x0802ba88   0x00000048   Data   RO         1518    .rodata._84_glyph_35  oxy_24.o
    0x0802bad0   0x0802bad0   0x0000000e   Data   RO          859    .rodata._85_glyph_12  oxy_8.o
    0x0802bade   0x0802bade   0x00000024   Data   RO         1024    .rodata._85_glyph_17  oxy_12.o
    0x0802bb02   0x0802bb02   0x0000003e   Data   RO         1354    .rodata._85_glyph_30  oxy_20.o
    0x0802bb40   0x0802bb40   0x0000006b   Data   RO         1519    .rodata._85_glyph_35  oxy_24.o
    0x0802bbab   0x0802bbab   0x00000001   PAD
    0x0802bbac   0x0802bbac   0x0000000e   Data   RO          860    .rodata._86_glyph_12  oxy_8.o
    0x0802bbba   0x0802bbba   0x00000013   Data   RO         1025    .rodata._86_glyph_17  oxy_12.o
    0x0802bbcd   0x0802bbcd   0x00000001   PAD
    0x0802bbce   0x0802bbce   0x0000003e   Data   RO         1355    .rodata._86_glyph_30  oxy_20.o
    0x0802bc0c   0x0802bc0c   0x00000048   Data   RO         1520    .rodata._86_glyph_35  oxy_24.o
    0x0802bc54   0x0802bc54   0x0000000e   Data   RO          861    .rodata._87_glyph_12  oxy_8.o
    0x0802bc62   0x0802bc62   0x00000024   Data   RO         1026    .rodata._87_glyph_17  oxy_12.o
    0x0802bc86   0x0802bc86   0x0000005c   Data   RO         1356    .rodata._87_glyph_30  oxy_20.o
    0x0802bce2   0x0802bce2   0x0000006b   Data   RO         1521    .rodata._87_glyph_35  oxy_24.o
    0x0802bd4d   0x0802bd4d   0x00000001   PAD
    0x0802bd4e   0x0802bd4e   0x0000000e   Data   RO          862    .rodata._88_glyph_12  oxy_8.o
    0x0802bd5c   0x0802bd5c   0x00000013   Data   RO         1027    .rodata._88_glyph_17  oxy_12.o
    0x0802bd6f   0x0802bd6f   0x00000001   PAD
    0x0802bd70   0x0802bd70   0x0000003e   Data   RO         1357    .rodata._88_glyph_30  oxy_20.o
    0x0802bdae   0x0802bdae   0x00000048   Data   RO         1522    .rodata._88_glyph_35  oxy_24.o
    0x0802bdf6   0x0802bdf6   0x0000000e   Data   RO          863    .rodata._89_glyph_12  oxy_8.o
    0x0802be04   0x0802be04   0x00000013   Data   RO         1028    .rodata._89_glyph_17  oxy_12.o
    0x0802be17   0x0802be17   0x00000001   PAD
    0x0802be18   0x0802be18   0x0000003e   Data   RO         1358    .rodata._89_glyph_30  oxy_20.o
    0x0802be56   0x0802be56   0x00000048   Data   RO         1523    .rodata._89_glyph_35  oxy_24.o
    0x0802be9e   0x0802be9e   0x0000000e   Data   RO          864    .rodata._90_glyph_12  oxy_8.o
    0x0802beac   0x0802beac   0x00000013   Data   RO         1029    .rodata._90_glyph_17  oxy_12.o
    0x0802bebf   0x0802bebf   0x00000001   PAD
    0x0802bec0   0x0802bec0   0x0000003e   Data   RO         1359    .rodata._90_glyph_30  oxy_20.o
    0x0802befe   0x0802befe   0x00000048   Data   RO         1524    .rodata._90_glyph_35  oxy_24.o
    0x0802bf46   0x0802bf46   0x0000000e   Data   RO          865    .rodata._91_glyph_12  oxy_8.o
    0x0802bf54   0x0802bf54   0x00000013   Data   RO         1030    .rodata._91_glyph_17  oxy_12.o
    0x0802bf67   0x0802bf67   0x00000001   PAD
    0x0802bf68   0x0802bf68   0x00000020   Data   RO         1360    .rodata._91_glyph_30  oxy_20.o
    0x0802bf88   0x0802bf88   0x00000025   Data   RO         1525    .rodata._91_glyph_35  oxy_24.o
    0x0802bfad   0x0802bfad   0x00000001   PAD
    0x0802bfae   0x0802bfae   0x0000000e   Data   RO          866    .rodata._92_glyph_12  oxy_8.o
    0x0802bfbc   0x0802bfbc   0x00000013   Data   RO         1031    .rodata._92_glyph_17  oxy_12.o
    0x0802bfcf   0x0802bfcf   0x00000001   PAD
    0x0802bfd0   0x0802bfd0   0x0000003e   Data   RO         1361    .rodata._92_glyph_30  oxy_20.o
    0x0802c00e   0x0802c00e   0x00000048   Data   RO         1526    .rodata._92_glyph_35  oxy_24.o
    0x0802c056   0x0802c056   0x0000000e   Data   RO          867    .rodata._93_glyph_12  oxy_8.o
    0x0802c064   0x0802c064   0x00000013   Data   RO         1032    .rodata._93_glyph_17  oxy_12.o
    0x0802c077   0x0802c077   0x00000001   PAD
    0x0802c078   0x0802c078   0x00000020   Data   RO         1362    .rodata._93_glyph_30  oxy_20.o
    0x0802c098   0x0802c098   0x00000025   Data   RO         1527    .rodata._93_glyph_35  oxy_24.o
    0x0802c0bd   0x0802c0bd   0x00000001   PAD
    0x0802c0be   0x0802c0be   0x0000000e   Data   RO          868    .rodata._94_glyph_12  oxy_8.o
    0x0802c0cc   0x0802c0cc   0x00000024   Data   RO         1033    .rodata._94_glyph_17  oxy_12.o
    0x0802c0f0   0x0802c0f0   0x0000003e   Data   RO         1363    .rodata._94_glyph_30  oxy_20.o
    0x0802c12e   0x0802c12e   0x0000006b   Data   RO         1528    .rodata._94_glyph_35  oxy_24.o
    0x0802c199   0x0802c199   0x00000001   PAD
    0x0802c19a   0x0802c19a   0x0000000e   Data   RO          869    .rodata._95_glyph_12  oxy_8.o
    0x0802c1a8   0x0802c1a8   0x00000013   Data   RO         1034    .rodata._95_glyph_17  oxy_12.o
    0x0802c1bb   0x0802c1bb   0x00000001   PAD
    0x0802c1bc   0x0802c1bc   0x0000003e   Data   RO         1364    .rodata._95_glyph_30  oxy_20.o
    0x0802c1fa   0x0802c1fa   0x00000048   Data   RO         1529    .rodata._95_glyph_35  oxy_24.o
    0x0802c242   0x0802c242   0x0000000e   Data   RO          870    .rodata._96_glyph_12  oxy_8.o
    0x0802c250   0x0802c250   0x00000013   Data   RO         1035    .rodata._96_glyph_17  oxy_12.o
    0x0802c263   0x0802c263   0x00000001   PAD
    0x0802c264   0x0802c264   0x00000020   Data   RO         1365    .rodata._96_glyph_30  oxy_20.o
    0x0802c284   0x0802c284   0x00000025   Data   RO         1530    .rodata._96_glyph_35  oxy_24.o
    0x0802c2a9   0x0802c2a9   0x00000001   PAD
    0x0802c2aa   0x0802c2aa   0x0000000e   Data   RO          871    .rodata._97_glyph_12  oxy_8.o
    0x0802c2b8   0x0802c2b8   0x00000013   Data   RO         1036    .rodata._97_glyph_17  oxy_12.o
    0x0802c2cb   0x0802c2cb   0x00000001   PAD
    0x0802c2cc   0x0802c2cc   0x0000003e   Data   RO         1366    .rodata._97_glyph_30  oxy_20.o
    0x0802c30a   0x0802c30a   0x00000048   Data   RO         1531    .rodata._97_glyph_35  oxy_24.o
    0x0802c352   0x0802c352   0x0000000e   Data   RO          872    .rodata._98_glyph_12  oxy_8.o
    0x0802c360   0x0802c360   0x00000013   Data   RO         1037    .rodata._98_glyph_17  oxy_12.o
    0x0802c373   0x0802c373   0x00000001   PAD
    0x0802c374   0x0802c374   0x0000003e   Data   RO         1367    .rodata._98_glyph_30  oxy_20.o
    0x0802c3b2   0x0802c3b2   0x00000048   Data   RO         1532    .rodata._98_glyph_35  oxy_24.o
    0x0802c3fa   0x0802c3fa   0x0000000e   Data   RO          873    .rodata._99_glyph_12  oxy_8.o
    0x0802c408   0x0802c408   0x00000013   Data   RO         1038    .rodata._99_glyph_17  oxy_12.o
    0x0802c41b   0x0802c41b   0x00000001   PAD
    0x0802c41c   0x0802c41c   0x0000003e   Data   RO         1368    .rodata._99_glyph_30  oxy_20.o
    0x0802c45a   0x0802c45a   0x00000048   Data   RO         1533    .rodata._99_glyph_35  oxy_24.o
    0x0802c4a2   0x0802c4a2   0x00000010   Data   RO          640    .rodata.cst16       service.o
    0x0802c4b2   0x0802c4b2   0x00000006   PAD
    0x0802c4b8   0x0802c4b8   0x0000053c   Data   RO         1631    .rodata.gImage_ARROWDOWN  arrowdownimg.o
    0x0802c9f4   0x0802c9f4   0x00000004   PAD
    0x0802c9f8   0x0802c9f8   0x0000053c   Data   RO         1637    .rodata.gImage_ARROWUP  arrowupimg.o
    0x0802cf34   0x0802cf34   0x00000004   PAD
    0x0802cf38   0x0802cf38   0x0000070a   Data   RO         1673    .rodata.gImage_RETURNARROW  returnarrowimg.o
    0x0802d642   0x0802d642   0x00000038   Data   RO          130    .rodata.str1.1      stm32f1xx_ll_gpio.o
    0x0802d67a   0x0802d67a   0x00000037   Data   RO          159    .rodata.str1.1      stm32f1xx_ll_adc.o
    0x0802d6b1   0x0802d6b1   0x00000038   Data   RO          239    .rodata.str1.1      stm32f1xx_ll_exti.o
    0x0802d6e9   0x0802d6e9   0x00000037   Data   RO          272    .rodata.str1.1      stm32f1xx_ll_rtc.o
    0x0802d720   0x0802d720   0x00000037   Data   RO          295    .rodata.str1.1      stm32f1xx_ll_spi.o
    0x0802d757   0x0802d757   0x00000037   Data   RO          339    .rodata.str1.1      stm32f1xx_ll_tim.o
    0x0802d78e   0x0802d78e   0x00000039   Data   RO          358    .rodata.str1.1      stm32f1xx_ll_usart.o
    0x0802d7c7   0x0802d7c7   0x00000291   Data   RO          561    .rodata.str1.1      time.o
    0x0802da58   0x0802da58   0x00000006   Data   RO          782    .rodata.str1.1      gui.o
    0x0802da5e   0x0802da5e   0x000004c1   Data   RO         1727    .rodata.str1.1      items.o
    0x0802df1f   0x0802df1f   0x00000039   Data   RO         2105    .rodata.str1.1      mainframe.o
    0x0802df58   0x0802df58   0x0000000e   Data   RO         2142    .rodata.str1.1      keyboardframe.o
    0x0802df66   0x0802df66   0x0000001b   Data   RO         2189    .rodata.str1.1      timesetframe.o
    0x0802df81   0x0802df81   0x0000000d   Data   RO         2223    .rodata.str1.1      delayedregencustomerframe.o
    0x0802df8e   0x0802df8e   0x0000000b   Data   RO         2290    .rodata.str1.1      calendar.o
    0x0802df99   0x0802df99   0x00000007   Data   RO         2331    .rodata.str1.1      filteringframe.o
    0x0802dfa0   0x0802dfa0   0x00000038   Data   RO         2407    .rodata.str1.1      alarmnotiframe.o
    0x0802dfd8   0x0802dfd8   0x00000020   Data   RO         2914    Region$$Table       anon$$obj.o


    Execution Region RW_IRAM1 (Exec base: 0x20000000, Load base: 0x0802dff8, Size: 0x00001d28, Max: 0x00018000, ABSOLUTE, COMPRESSED[0x00000250])

    Exec Addr    Load Addr    Size         Type   Attr      Idx    E Section Name        Object

    0x20000000   COMPRESSED   0x0000000c   Data   RW         1737    .data.ITEM_CALENDAR_FRAME  items.o
    0x2000000c   COMPRESSED   0x00000008   Data   RW         1735    .data.ITEM_CLOCKSET_FRAME  items.o
    0x20000014   COMPRESSED   0x00000008   Data   RW         1731    .data.ITEM_FILTERING  items.o
    0x2000001c   COMPRESSED   0x0000000c   Data   RW         1730    .data.ITEM_FILTER_SELECTION  items.o
    0x20000028   COMPRESSED   0x00000014   Data   RW         1741    .data.ITEM_LOAD_TYPE  items.o
    0x2000003c   COMPRESSED   0x00000014   Data   RW         1728    .data.ITEM_MENU     items.o
    0x20000050   COMPRESSED   0x00000010   Data   RW         1736    .data.ITEM_PINCODE_FRAME  items.o
    0x20000060   COMPRESSED   0x0000002c   Data   RW         1740    .data.ITEM_SERVICE_INFO  items.o
    0x2000008c   COMPRESSED   0x0000001c   Data   RW         1729    .data.ITEM_SERVICE_MENU  items.o
    0x200000a8   COMPRESSED   0x00000014   Data   RW         1732    .data.ITEM_SOFTENING  items.o
    0x200000bc   COMPRESSED   0x0000003c   Data   RW         1742    .data.ITEM_TIME_ruText  items.o
    0x200000f8   COMPRESSED   0x00000008   Data   RW         1739    .data.ITEM_WATER_BR  items.o
    0x20000100   COMPRESSED   0x00000004   Data   RW          371    .data.SystemCoreClock  system_stm32f1xx.o
    0x20000104   COMPRESSED   0x00000010   Data   RW          776    .data.cancelBut     gui.o
    0x20000114   COMPRESSED   0x00000004   Data   RW          573    .data.dateName      time.o
    0x20000118   COMPRESSED   0x0000001c   Data   RW          564    .data.engDayName    time.o
    0x20000134   COMPRESSED   0x00000030   Data   RW          562    .data.engMonthName  time.o
    0x20000164   COMPRESSED   0x00000010   Data   RW          571    .data.engName       time.o
    0x20000174   COMPRESSED   0x0000001c   Data   RW          565    .data.engShortDayName  time.o
    0x20000190   COMPRESSED   0x00000030   Data   RW          563    .data.engShortMonthName  time.o
    0x200001c0   COMPRESSED   0x00000004   Data   RW          606    .data.fp            flashparam.o
    0x200001c4   COMPRESSED   0x00000044   Data   RW         2081    .data.ili9488_drv   ili9488.o
    0x20000208   COMPRESSED   0x00000028   Data   RW         2087    .data.ili9488_ts_drv  ili9488.o
    0x20000230   COMPRESSED   0x00000004   Data   RW         2082    .data.lcd_drv       ili9488.o
    0x20000234   COMPRESSED   0x0000000c   Data   RW          570    .data.monthCodeTable  time.o
    0x20000240   COMPRESSED   0x00000010   Data   RW          775    .data.okBut         gui.o
    0x20000250   COMPRESSED   0x00000004   Data   RW          582    .data.ptr           time.o
    0x20000254   COMPRESSED   0x00000010   Data   RW          774    .data.retBut        gui.o
    0x20000264   COMPRESSED   0x0000001c   Data   RW          568    .data.ruDayName     time.o
    0x20000280   COMPRESSED   0x00000030   Data   RW          566    .data.ruMonthName   time.o
    0x200002b0   COMPRESSED   0x00000010   Data   RW          572    .data.ruName        time.o
    0x200002c0   COMPRESSED   0x0000001c   Data   RW          569    .data.ruShortDayName  time.o
    0x200002dc   COMPRESSED   0x00000030   Data   RW          567    .data.ruShortMonthName  time.o
    0x2000030c   COMPRESSED   0x00000010   Data   RW          778    .data.scrollDwnBut  gui.o
    0x2000031c   COMPRESSED   0x00000010   Data   RW          777    .data.scrollUpBut   gui.o
    0x2000032c   COMPRESSED   0x00000004   Data   RW         2088    .data.ts_drv        ili9488.o
    0x20000330        -       0x0000002c   Zero   RW         2658    .bss                c_w.l(localtime.o)
    0x2000035c        -       0x00000060   Zero   RW         2790    .bss                c_w.l(libspace.o)
    0x200003bc        -       0x0000000c   Zero   RW         2029    .bss.DrawProp       stm32_adafruit_lcd.o
    0x200003c8        -       0x00000001   Zero   RW         2083    .bss.Is_ili9488_Initialized  ili9488.o
    0x200003c9   COMPRESSED   0x00000003   PAD
    0x200003cc        -       0x00000004   Zero   RW         1941    .bss.LCD_IO_DmaTransferStatus  lcd_io_spi.o
    0x200003d0        -       0x00000100   Zero   RW         1944    .bss.LCD_IO_ReadMultiData16to24.dmadata  lcd_io_spi.o
    0x200004d0        -       0x00000002   Zero   RW         1943    .bss.LCD_IO_WriteMultiData16.d16s  lcd_io_spi.o
    0x200004d2        -       0x00000001   Zero   RW         1942    .bss.LCD_IO_WriteMultiData8.d8s  lcd_io_spi.o
    0x200004d3        -       0x00000001   Zero   RW          725    .bss.PL_status      planner.o
    0x200004d4        -       0x00000001   Zero   RW         1856    .bss.TS_IO_DetectToch.ts_inited  ts_xpt2046.o
    0x200004d5   COMPRESSED   0x00000001   PAD
    0x200004d6        -       0x00000002   Zero   RW         1824    .bss.TsXBoundary    stm32_adafruit_ts.o
    0x200004d8        -       0x00000002   Zero   RW         1825    .bss.TsYBoundary    stm32_adafruit_ts.o
    0x200004da   COMPRESSED   0x00000002   PAD
    0x200004dc        -       0x00000010   Zero   RW         2141    .bss._0             keyboardframe.o
    0x200004ec        -       0x00000010   Zero   RW         2143    .bss._1             keyboardframe.o
    0x200004fc        -       0x00000004   Zero   RW           19    .bss._1ms_cnt       main.o
    0x20000500        -       0x00000010   Zero   RW         2144    .bss._2             keyboardframe.o
    0x20000510        -       0x00000010   Zero   RW         2145    .bss._3             keyboardframe.o
    0x20000520        -       0x00000010   Zero   RW         2146    .bss._4             keyboardframe.o
    0x20000530        -       0x00000010   Zero   RW         2147    .bss._5             keyboardframe.o
    0x20000540        -       0x00000010   Zero   RW         2148    .bss._6             keyboardframe.o
    0x20000550        -       0x00000010   Zero   RW         2149    .bss._7             keyboardframe.o
    0x20000560        -       0x00000010   Zero   RW         2150    .bss._8             keyboardframe.o
    0x20000570        -       0x00000010   Zero   RW         2151    .bss._9             keyboardframe.o
    0x20000580        -       0x00000004   Zero   RW         2139    .bss._max           keyboardframe.o
    0x20000584        -       0x00000004   Zero   RW         2138    .bss._min           keyboardframe.o
    0x20000588        -       0x00000002   Zero   RW         1827    .bss.bX             stm32_adafruit_ts.o
    0x2000058a        -       0x00000002   Zero   RW         1829    .bss.bY             stm32_adafruit_ts.o
    0x2000058c        -       0x0000099a   Zero   RW         2030    .bss.bitmap         stm32_adafruit_lcd.o
    0x20000f26   COMPRESSED   0x00000002   PAD
    0x20000f28        -       0x00000054   Zero   RW         1805    .bss.buttonList     touchcontroller.o
    0x20000f7c        -       0x00000030   Zero   RW         2348    .bss.checkBox       filterselectionframe.o
    0x20000fac        -       0x00000004   Zero   RW          727    .bss.chosenTask     planner.o
    0x20000fb0        -       0x00000010   Zero   RW         2111    .bss.contactsBut    mainframe.o
    0x20000fc0        -       0x00000004   Zero   RW          723    .bss.currentStep    planner.o
    0x20000fc4   COMPRESSED   0x00000004   PAD
    0x20000fc8        -       0x00000008   Zero   RW          732    .bss.currentStepDateTime  planner.o
    0x20000fd0        -       0x00000010   Zero   RW         2110    .bss.customerBut    mainframe.o
    0x20000fe0        -       0x00000040   Zero   RW         2571    .bss.dateBut        servicedateselect.o
    0x20001020        -       0x00000010   Zero   RW         2196    .bss.dateSetButton  timesetframe.o
    0x20001030        -       0x00000001   Zero   RW          577    .bss.dayNum         time.o
    0x20001031   COMPRESSED   0x00000001   PAD
    0x20001032        -       0x00000002   Zero   RW         2493    .bss.daysBetweenRegen  regenperiodserviceframe.o
    0x20001034        -       0x00000010   Zero   RW         2152    .bss.delBut         keyboardframe.o
    0x20001044        -       0x00000004   Zero   RW          463    .bss.destination    pistoncontrol.o
    0x20001048        -       0x00000008   Zero   RW         2194    .bss.displayedTime  timesetframe.o
    0x20001050        -       0x00000008   Zero   RW         2288    .bss.displayedTime  calendar.o
    0x20001058        -       0x00000008   Zero   RW         2305    .bss.displayedTime  clockset.o
    0x20001060        -       0x00000001   Zero   RW         2135    .bss.dx             keyboardframe.o
    0x20001061        -       0x00000001   Zero   RW          781    .bss.enableClockDraw  gui.o
    0x20001062   COMPRESSED   0x00000002   PAD
    0x20001064        -       0x00000010   Zero   RW         2449    .bss.enterBut       pincode.o
    0x20001074        -       0x00000004   Zero   RW         2447    .bss.enteredPin     pincode.o
    0x20001078        -       0x00000004   Zero   RW           20    .bss.errorCause     main.o
    0x2000107c        -       0x00000001   Zero   RW         2344    .bss.filter_selection_frame_Scroll_cnt  filterselectionframe.o
    0x2000107d        -       0x00000001   Zero   RW         2321    .bss.fitlering_frame_Scroll_cnt  filteringframe.o
    0x2000107e        -       0x00000001   Zero   RW          461    .bss.fitstInt       pistoncontrol.o
    0x2000107f   COMPRESSED   0x00000001   PAD
    0x20001080        -       0x00000180   Zero   RW          605    .bss.flashParams    flashparam.o
    0x20001200        -       0x00000014   Zero   RW          693    .bss.flowFilter     flowmeter.o
    0x20001214        -       0x00000004   Zero   RW          692    .bss.flowMeter      flowmeter.o
    0x20001218        -       0x00000010   Zero   RW         2222    .bss.forceRegen     delayedregencustomerframe.o
    0x20001228        -       0x00000010   Zero   RW         2237    .bss.forceRegen     forcedregencustomerframe.o
    0x20001238        -       0x00000001   Zero   RW          724    .bss.forced         planner.o
    0x20001239        -       0x0000001e   Zero   RW          581    .bss.formatedString  time.o
    0x20001257        -       0x00000001   Zero   RW          780    .bss.frame          gui.o
    0x20001258        -       0x00000004   Zero   RW         2193    .bss.frameText      timesetframe.o
    0x2000125c        -       0x00000004   Zero   RW          664    .bss.funcPtr        alarm.o
    0x20001260        -       0x00000010   Zero   RW         2306    .bss.hourBut        clockset.o
    0x20001270        -       0x00000001   Zero   RW          578    .bss.hourNum        time.o
    0x20001271   COMPRESSED   0x00000001   PAD
    0x20001272        -       0x00000008   Zero   RW         2086    .bss.ili9488_Scroll.scrparam  ili9488.o
    0x2000127a        -       0x00000001   Zero   RW         2090    .bss.ili9488_ts_DetectTouch.ret  ili9488.o
    0x2000127b        -       0x00000001   Zero   RW          791    .bss.itemIndex      gui.o
    0x2000127c        -       0x00000002   Zero   RW         1826    .bss.kX             stm32_adafruit_ts.o
    0x2000127e        -       0x00000002   Zero   RW         1828    .bss.kY             stm32_adafruit_ts.o
    0x20001280        -       0x00000008   Zero   RW          731    .bss.lastService    planner.o
    0x20001288        -       0x00000040   Zero   RW         2581    .bss.loadBut        loadtypeframe.o
    0x200012c8        -       0x00000004   Zero   RW          730    .bss.loadType       planner.o
    0x200012cc        -       0x00000001   Zero   RW         2346    .bss.markItem       filterselectionframe.o
    0x200012cd   COMPRESSED   0x00000003   PAD
    0x200012d0        -       0x00000020   Zero   RW         2330    .bss.menuLine       filteringframe.o
    0x200012f0        -       0x00000030   Zero   RW         2347    .bss.menuLine       filterselectionframe.o
    0x20001320        -       0x00000050   Zero   RW         2174    .bss.menuLines      menuframe.o
    0x20001370        -       0x00000050   Zero   RW         2393    .bss.menuLines      softeningframe.o
    0x200013c0        -       0x00000070   Zero   RW         2472    .bss.menuLines      servicemenuframe.o
    0x20001430        -       0x00000001   Zero   RW         2169    .bss.menu_frame_Scroll_cnt  menuframe.o
    0x20001431        -       0x00000001   Zero   RW         2170    .bss.menu_frame_was_Scroll  menuframe.o
    0x20001432   COMPRESSED   0x00000002   PAD
    0x20001434        -       0x00000010   Zero   RW         2308    .bss.minBut         clockset.o
    0x20001444        -       0x00000001   Zero   RW          579    .bss.minuteNum      time.o
    0x20001445   COMPRESSED   0x00000003   PAD
    0x20001448        -       0x00000004   Zero   RW          729    .bss.monthBetweenService  planner.o
    0x2000144c        -       0x00000001   Zero   RW          576    .bss.monthNum       time.o
    0x2000144d   COMPRESSED   0x00000003   PAD
    0x20001450        -       0x00000024   Zero   RW          431    .bss.mot            motor.o
    0x20001474        -       0x0000000b   Zero   RW          625    .bss.numBuf         util.o
    0x2000147f   COMPRESSED   0x00000001   PAD
    0x20001480        -       0x00000010   Zero   RW          456    .bss.pcParams       pistoncontrol.o
    0x20001490        -       0x00000004   Zero   RW         2450    .bss.pinFrameText   pincode.o
    0x20001494        -       0x0000000e   Zero   RW         2451    .bss.pinString      pincode.o
    0x200014a2   COMPRESSED   0x00000002   PAD
    0x200014a4        -       0x00000010   Zero   RW         2448    .bss.pinTextArea    pincode.o
    0x200014b4        -       0x0000001c   Zero   RW          460    .bss.pistonPositions  pistoncontrol.o
    0x200014d0        -       0x00000120   Zero   RW          726    .bss.pistonTasks    planner.o
    0x200015f0        -       0x00000008   Zero   RW          721    .bss.pl_dayWashTime  planner.o
    0x200015f8        -       0x00000008   Zero   RW          722    .bss.pl_nightWashTime  planner.o
    0x20001600        -       0x00000004   Zero   RW         2134    .bss.qwertyResult   keyboardframe.o
    0x20001604        -       0x00000001   Zero   RW          779    .bss.redraw         gui.o
    0x20001605   COMPRESSED   0x00000003   PAD
    0x20001608        -       0x00000008   Zero   RW         2508    .bss.regTime        washingtimeserviceframe.o
    0x20001610        -       0x00000005   Zero   RW         2392    .bss.res            softeningframe.o
    0x20001615        -       0x00000001   Zero   RW         2328    .bss.res.0          filteringframe.o
    0x20001616        -       0x00000001   Zero   RW         2329    .bss.res.1          filteringframe.o
    0x20001617   COMPRESSED   0x00000001   PAD
    0x20001618        -       0x00000010   Zero   RW         2494    .bss.restartTextArea  regenperiodserviceframe.o
    0x20001628        -       0x00000004   Zero   RW         2137    .bss.result_keyboard  keyboardframe.o
    0x2000162c        -       0x00000001   Zero   RW          580    .bss.secondNum      time.o
    0x2000162d   COMPRESSED   0x00000003   PAD
    0x20001630        -       0x00000004   Zero   RW          459    .bss.seek_cnt       pistoncontrol.o
    0x20001634        -       0x00000010   Zero   RW         2109    .bss.serviceBut     mainframe.o
    0x20001644        -       0x00000010   Zero   RW         2560    .bss.serviceComplBut  serviceinfo.o
    0x20001654        -       0x00000001   Zero   RW         2468    .bss.service_menu_frame_Scroll_cnt  servicemenuframe.o
    0x20001655        -       0x00000001   Zero   RW         2469    .bss.service_menu_frame_was_Scroll  servicemenuframe.o
    0x20001656   COMPRESSED   0x00000002   PAD
    0x20001658        -       0x00000010   Zero   RW         2291    .bss.setDay         calendar.o
    0x20001668        -       0x00000010   Zero   RW         2289    .bss.setMonth       calendar.o
    0x20001678        -       0x00000010   Zero   RW         2292    .bss.setYear        calendar.o
    0x20001688        -       0x00000001   Zero   RW         2389    .bss.softening_frame_Scroll_cnt  softeningframe.o
    0x20001689        -       0x00000001   Zero   RW         2390    .bss.softening_frame_was_Scroll  softeningframe.o
    0x2000168a   COMPRESSED   0x00000002   PAD
    0x2000168c        -       0x00000004   Zero   RW          457    .bss.stallCnt       pistoncontrol.o
    0x20001690        -       0x00000004   Zero   RW          458    .bss.stallTime      pistoncontrol.o
    0x20001694        -       0x00000004   Zero   RW          462    .bss.start          pistoncontrol.o
    0x20001698        -       0x00000002   Zero   RW         2224    .bss.statusColor    delayedregencustomerframe.o
    0x2000169a        -       0x00000002   Zero   RW         2239    .bss.statusColor    forcedregencustomerframe.o
    0x2000169c        -       0x00000001   Zero   RW          575    .bss.strLength      time.o
    0x2000169d   COMPRESSED   0x00000003   PAD
    0x200016a0        -       0x00000014   Zero   RW          651    .bss.sysParam       system.o
    0x200016b4   COMPRESSED   0x00000004   PAD
    0x200016b8        -       0x00000008   Zero   RW          583    .bss.sysTime        time.o
    0x200016c0        -       0x00000004   Zero   RW         2495    .bss.text           regenperiodserviceframe.o
    0x200016c4        -       0x00000004   Zero   RW         2510    .bss.text           washingtimeserviceframe.o
    0x200016c8        -       0x00000010   Zero   RW         2509    .bss.timeBut        washingtimeserviceframe.o
    0x200016d8        -       0x00000010   Zero   RW         2195    .bss.timeSetButton  timesetframe.o
    0x200016e8        -       0x00000001   Zero   RW         2192    .bss.timeSetPressed  timesetframe.o
    0x200016e9   COMPRESSED   0x00000003   PAD
    0x200016ec        -       0x00000004   Zero   RW          793    .bss.touchDelay     gui.o
    0x200016f0        -       0x00000010   Zero   RW          792    .bss.tsState        gui.o
    0x20001700        -       0x00000002   Zero   RW         2091    .bss.tx             ili9488.o
    0x20001702        -       0x00000002   Zero   RW         2092    .bss.ty             ili9488.o
    0x20001704        -       0x00000004   Zero   RW          797    .bss.updateFlags    gui.o
    0x20001708        -       0x00000004   Zero   RW          728    .bss.waterBeforeRegen  planner.o
    0x2000170c        -       0x00000010   Zero   RW         2547    .bss.waterBut       watercountbeforeregen.o
    0x2000171c        -       0x00000004   Zero   RW         2546    .bss.waterVal       watercountbeforeregen.o
    0x20001720        -       0x00000002   Zero   RW         2085    .bss.yEnd           ili9488.o
    0x20001722        -       0x00000002   Zero   RW         2084    .bss.yStart         ili9488.o
    0x20001724        -       0x00000001   Zero   RW          574    .bss.yearNum        time.o
    0x20001725   COMPRESSED   0x00000003   PAD
    0x20001728        -       0x00000200   Zero   RW            2    HEAP                startup_stm32f103xg.o
    0x20001928        -       0x00000400   Zero   RW            1    STACK               startup_stm32f103xg.o


==============================================================================

Image component sizes


      Code (inc. data)   RO Data    RW Data    ZI Data      Debug   Object Name

       412          0          0          0          0       3686   adc.o
       108          0          0          0          4       2958   alarm.o
       324        128         56          0          0       1536   alarmnotiframe.o
         0          0       1340          0          0        797   arrowdownimg.o
         0          0       1340          0          0        791   arrowupimg.o
      1060          0         11          0         56       2594   calendar.o
       800          0          0          0         40       2274   clockset.o
       684        164         13          0         18       2433   delayedregencustomerframe.o
        16          0          0          0          0       1657   filter.o
       838         24          7          0         35       2329   filteringframe.o
      1192         28          0          0         98       2632   filterselectionframe.o
       454          0          0          4        384       4743   flashparam.o
       310          0          0          0         24       8014   flowmeter.o
       684        164          0          0         18       2430   forcedregencustomerframe.o
       430          0          0          0          0       5652   gpio.o
       340          8          6         80         28       3246   gui.o
      1642         52          0        116         18       9877   ili9488.o
         0          0       1217        256          0       2368   items.o
      3086         16         14          0        193       4142   keyboardframe.o
      2510          0          0          0        263      19102   lcd_io_spi.o
       374          0          0          0         64       1565   loadtypeframe.o
       568          0          0          0          8       7807   main.o
         0          0      90008          0          0        779   main_logo.o
       428          4         57          0         48       1827   mainframe.o
      1552         28          0          0         82       2981   menuframe.o
      1044          0          0          0         36      10075   motor.o
         0          0       4392          0          0       5887   oxy_12.o
         0          0      10108          0          0       5890   oxy_20.o
         0          0      12963          0          0       5891   oxy_24.o
         0          0       2890          0          0       5880   oxy_8.o
       736         28          0          0         54       3527   pincode.o
       720          0          0          0         65       4173   pistoncontrol.o
      1394          0          0          0        342       5290   planner.o
       614         88          0          0         22       1783   regenperiodserviceframe.o
         0          0       1802          0          0        803   returnarrowimg.o
       160          0          0          0          0       4863   rtc.o
      1242         56         16          0          0       6231   service.o
       514          0          0          0         64       1594   servicedateselect.o
       508         12          0          0         16       1907   serviceinfo.o
      1704         16          0          0        114       3135   servicemenuframe.o
         0          0      10008          0          0        777   smallogo.o
      2098         28          0          0         87       3476   softeningframe.o
       556          0          0          0          0       5847   spi.o
        64         26        304          0       1536        804   startup_stm32f103xg.o
      2356          0          0          0       2470      33214   stm32_adafruit_lcd.o
       422          0          0          0         12       2454   stm32_adafruit_ts.o
        64         12          0          0          0       2202   stm32f1xx_it.o
       618          0         55          0          0       5665   stm32f1xx_ll_adc.o
       238          4         56          0          0       2745   stm32f1xx_ll_exti.o
       374          0         56          0          0       3929   stm32f1xx_ll_gpio.o
       138          0          0          0          0       6680   stm32f1xx_ll_rcc.o
      1702          0         55          0          0      14610   stm32f1xx_ll_rtc.o
       426          0         55          0          0       5625   stm32f1xx_ll_spi.o
      2692          0         55          0          0      13827   stm32f1xx_ll_tim.o
       502          0         57          0          0       5042   stm32f1xx_ll_usart.o
        96          0          0          0          0       7932   stm32f1xx_ll_utils.o
        82          0          0          0         20        922   system.o
         2          0         24          4          0       1631   system_stm32f1xx.o
       734          0          0          0          0       5224   tim.o
      4974        144        657        356         45      31453   time.o
      1030          0         27          0         45       2919   timesetframe.o
        80          0          0          0         84       2163   touchcontroller.o
       298          0          0          0          1       3596   ts_xpt2046.o
       192          0          0          0          0       2292   usart.o
       200         24          0          0         11       2164   util.o
       550         40          0          0         28       1774   washingtimeserviceframe.o
       482          4          0          0         20       1709   watercountbeforeregen.o
      1732         24          0          0          0       5458   widgets.o

    ----------------------------------------------------------------------
     49374       1122     137878        816       6508     341283   Object Totals
         0          0         32          0          0          0   (incl. Generated)
       224          0        197          0         55          0   (incl. Padding)

    ----------------------------------------------------------------------

      Code (inc. data)   RO Data    RW Data    ZI Data      Debug   Library Member Name

        90          0          0          0          0          0   __dczerorl2.o
         8          0          0          0          0         68   __main.o
         0          0          0          0          0          0   __rtentry.o
        12          0          0          0          0          0   __rtentry2.o
         6          0          0          0          0          0   __rtentry4.o
        52          8          0          0          0          0   __scatter.o
        28          0          0          0          0          0   __scatter_zi.o
         0          0         12          0          0          0   _monlen.o
        18          0          0          0          0         80   exit.o
         6          0          0          0          0        152   heapauxi.o
         0          0          0          0          0          0   indicate_semi.o
         2          0          0          0          0          0   libinit.o
         2          0          0          0          0          0   libinit2.o
         2          0          0          0          0          0   libshutdown.o
         2          0          0          0          0          0   libshutdown2.o
         8          4          0          0         96         68   libspace.o
        12          6          0          0         44         68   localtime.o
       184          6          0          0          0         80   localtime_internal.o
       424         10          0          0          0        124   mktime.o
        78          0          0          0          0         80   rt_memclr_w.o
       100          0          0          0          0         80   rt_memcpy_w.o
         2          0          0          0          0          0   rtexit.o
        10          0          0          0          0          0   rtexit2.o
        12          4          0          0          0         68   sys_exit.o
        74          0          0          0          0         80   sys_stackheap_outer.o
         2          0          0          0          0         68   use_no_semi.o

    ----------------------------------------------------------------------
      1144         38         12          0        140       1016   Library Totals
        10          0          0          0          0          0   (incl. Padding)

    ----------------------------------------------------------------------

      Code (inc. data)   RO Data    RW Data    ZI Data      Debug   Library Name

      1134         38         12          0        140       1016   c_w.l

    ----------------------------------------------------------------------
      1144         38         12          0        140       1016   Library Totals

    ----------------------------------------------------------------------

==============================================================================


      Code (inc. data)   RO Data    RW Data    ZI Data      Debug   

     50518       1160     137890        816       6648     340811   Grand Totals
     50518       1160     137890        592       6648     340811   ELF Image Totals (compressed)
     50518       1160     137890        592          0          0   ROM Totals

==============================================================================

    Total RO  Size (Code + RO Data)               188408 ( 183.99kB)
    Total RW  Size (RW Data + ZI Data)              7464 (   7.29kB)
    Total ROM Size (Code + RO Data + RW Data)     189000 ( 184.57kB)

==============================================================================

