<!doctype html public "-//w3c//dtd html 4.0 transitional//en">
<html><head>
<title>Static Call Graph - [SPO\SPO.axf]</title></head>
<body><HR>
<H1>Static Call Graph for image SPO\SPO.axf</H1><HR>
<BR><P>#&#060CALLGRAPH&#062# ARM Linker, 6190004: Last Updated: Sat Jul  8 21:38:34 2023
<BR><P>
<H3>Maximum Stack Usage =        952 bytes + Unknown(Functions without stacksize, Cycles, Untraceable Function Pointers)</H3><H3>
Call chain for Maximum Stack Depth:</H3>
__rt_entry_main &rArr; main &rArr; ShowMainFrame &rArr; ShowServiceMenuFrame &rArr; ShowAlarmNotiServiceFrame &rArr; ShowAlarmListFrame &rArr; TSF_showFrame &rArr; CAL_showFrame &rArr; ShowKeyboardFrame &rArr; createFrame &rArr; drawStatusBarOkCancel &rArr; BSP_LCD_DisplayStringAt &rArr; BSP_LCD_DisplayChar &rArr; DrawChar &rArr; BSP_LCD_DrawBitmap &rArr; SetDisplayWindow
<P>
<H3>
Functions with no stack information
</H3><UL>
 <LI><a href="#[71]">__user_initial_stackheap</a>
</UL>
</UL>
<P>
<H3>
Mutually Recursive functions
</H3> <LI><a href="#[30]">ADC1_2_IRQHandler</a>&nbsp;&nbsp;&nbsp;&rArr;&nbsp;&nbsp;&nbsp;<a href="#[30]">ADC1_2_IRQHandler</a><BR>
 <LI><a href="#[165]">PL_Planner</a>&nbsp;&nbsp;&nbsp;&rArr;&nbsp;&nbsp;&nbsp;<a href="#[5c]">PL_ProceedStep</a><BR>
</UL>
<P>
<H3>
Function Pointers
</H3><UL>
 <LI><a href="#[30]">ADC1_2_IRQHandler</a> from startup_stm32f103xg.o(.text) referenced from startup_stm32f103xg.o(RESET)
 <LI><a href="#[4d]">ADC3_IRQHandler</a> from startup_stm32f103xg.o(.text) referenced from startup_stm32f103xg.o(RESET)
 <LI><a href="#[18]">BusFault_Handler</a> from stm32f1xx_it.o(.text.BusFault_Handler) referenced from startup_stm32f103xg.o(RESET)
 <LI><a href="#[33]">CAN1_RX1_IRQHandler</a> from startup_stm32f103xg.o(.text) referenced from startup_stm32f103xg.o(RESET)
 <LI><a href="#[34]">CAN1_SCE_IRQHandler</a> from startup_stm32f103xg.o(.text) referenced from startup_stm32f103xg.o(RESET)
 <LI><a href="#[29]">DMA1_Channel1_IRQHandler</a> from startup_stm32f103xg.o(.text) referenced from startup_stm32f103xg.o(RESET)
 <LI><a href="#[2a]">DMA1_Channel2_IRQHandler</a> from startup_stm32f103xg.o(.text) referenced from startup_stm32f103xg.o(RESET)
 <LI><a href="#[2b]">DMA1_Channel3_IRQHandler</a> from startup_stm32f103xg.o(.text) referenced from startup_stm32f103xg.o(RESET)
 <LI><a href="#[2c]">DMA1_Channel4_IRQHandler</a> from lcd_io_spi.o(.text.DMA1_Channel4_IRQHandler) referenced from startup_stm32f103xg.o(RESET)
 <LI><a href="#[2d]">DMA1_Channel5_IRQHandler</a> from lcd_io_spi.o(.text.DMA1_Channel5_IRQHandler) referenced from startup_stm32f103xg.o(RESET)
 <LI><a href="#[2e]">DMA1_Channel6_IRQHandler</a> from startup_stm32f103xg.o(.text) referenced from startup_stm32f103xg.o(RESET)
 <LI><a href="#[2f]">DMA1_Channel7_IRQHandler</a> from startup_stm32f103xg.o(.text) referenced from startup_stm32f103xg.o(RESET)
 <LI><a href="#[56]">DMA2_Channel1_IRQHandler</a> from startup_stm32f103xg.o(.text) referenced from startup_stm32f103xg.o(RESET)
 <LI><a href="#[57]">DMA2_Channel2_IRQHandler</a> from startup_stm32f103xg.o(.text) referenced from startup_stm32f103xg.o(RESET)
 <LI><a href="#[58]">DMA2_Channel3_IRQHandler</a> from startup_stm32f103xg.o(.text) referenced from startup_stm32f103xg.o(RESET)
 <LI><a href="#[59]">DMA2_Channel4_5_IRQHandler</a> from startup_stm32f103xg.o(.text) referenced from startup_stm32f103xg.o(RESET)
 <LI><a href="#[1b]">DebugMon_Handler</a> from stm32f1xx_it.o(.text.DebugMon_Handler) referenced from startup_stm32f103xg.o(RESET)
 <LI><a href="#[24]">EXTI0_IRQHandler</a> from startup_stm32f103xg.o(.text) referenced from startup_stm32f103xg.o(RESET)
 <LI><a href="#[46]">EXTI15_10_IRQHandler</a> from stm32f1xx_it.o(.text.EXTI15_10_IRQHandler) referenced from startup_stm32f103xg.o(RESET)
 <LI><a href="#[25]">EXTI1_IRQHandler</a> from startup_stm32f103xg.o(.text) referenced from startup_stm32f103xg.o(RESET)
 <LI><a href="#[26]">EXTI2_IRQHandler</a> from startup_stm32f103xg.o(.text) referenced from startup_stm32f103xg.o(RESET)
 <LI><a href="#[27]">EXTI3_IRQHandler</a> from stm32f1xx_it.o(.text.EXTI3_IRQHandler) referenced from startup_stm32f103xg.o(RESET)
 <LI><a href="#[28]">EXTI4_IRQHandler</a> from startup_stm32f103xg.o(.text) referenced from startup_stm32f103xg.o(RESET)
 <LI><a href="#[35]">EXTI9_5_IRQHandler</a> from startup_stm32f103xg.o(.text) referenced from startup_stm32f103xg.o(RESET)
 <LI><a href="#[22]">FLASH_IRQHandler</a> from startup_stm32f103xg.o(.text) referenced from startup_stm32f103xg.o(RESET)
 <LI><a href="#[4e]">FSMC_IRQHandler</a> from startup_stm32f103xg.o(.text) referenced from startup_stm32f103xg.o(RESET)
 <LI><a href="#[16]">HardFault_Handler</a> from stm32f1xx_it.o(.text.HardFault_Handler) referenced from startup_stm32f103xg.o(RESET)
 <LI><a href="#[3e]">I2C1_ER_IRQHandler</a> from startup_stm32f103xg.o(.text) referenced from startup_stm32f103xg.o(RESET)
 <LI><a href="#[3d]">I2C1_EV_IRQHandler</a> from startup_stm32f103xg.o(.text) referenced from startup_stm32f103xg.o(RESET)
 <LI><a href="#[40]">I2C2_ER_IRQHandler</a> from startup_stm32f103xg.o(.text) referenced from startup_stm32f103xg.o(RESET)
 <LI><a href="#[3f]">I2C2_EV_IRQHandler</a> from startup_stm32f103xg.o(.text) referenced from startup_stm32f103xg.o(RESET)
 <LI><a href="#[17]">MemManage_Handler</a> from stm32f1xx_it.o(.text.MemManage_Handler) referenced from startup_stm32f103xg.o(RESET)
 <LI><a href="#[15]">NMI_Handler</a> from stm32f1xx_it.o(.text.NMI_Handler) referenced from startup_stm32f103xg.o(RESET)
 <LI><a href="#[5c]">PL_ProceedStep</a> from planner.o(.text.PL_ProceedStep) referenced 2 times from planner.o(.text.PL_Planner)
 <LI><a href="#[5c]">PL_ProceedStep</a> from planner.o(.text.PL_ProceedStep) referenced 2 times from planner.o(.text.PL_ProceedStep)
 <LI><a href="#[1f]">PVD_IRQHandler</a> from startup_stm32f103xg.o(.text) referenced from startup_stm32f103xg.o(RESET)
 <LI><a href="#[1c]">PendSV_Handler</a> from stm32f1xx_it.o(.text.PendSV_Handler) referenced from startup_stm32f103xg.o(RESET)
 <LI><a href="#[23]">RCC_IRQHandler</a> from startup_stm32f103xg.o(.text) referenced from startup_stm32f103xg.o(RESET)
 <LI><a href="#[47]">RTC_Alarm_IRQHandler</a> from startup_stm32f103xg.o(.text) referenced from startup_stm32f103xg.o(RESET)
 <LI><a href="#[21]">RTC_IRQHandler</a> from stm32f1xx_it.o(.text.RTC_IRQHandler) referenced from startup_stm32f103xg.o(RESET)
 <LI><a href="#[14]">Reset_Handler</a> from startup_stm32f103xg.o(.text) referenced from startup_stm32f103xg.o(RESET)
 <LI><a href="#[4f]">SDIO_IRQHandler</a> from startup_stm32f103xg.o(.text) referenced from startup_stm32f103xg.o(RESET)
 <LI><a href="#[41]">SPI1_IRQHandler</a> from stm32f1xx_it.o(.text.SPI1_IRQHandler) referenced from startup_stm32f103xg.o(RESET)
 <LI><a href="#[42]">SPI2_IRQHandler</a> from stm32f1xx_it.o(.text.SPI2_IRQHandler) referenced from startup_stm32f103xg.o(RESET)
 <LI><a href="#[51]">SPI3_IRQHandler</a> from startup_stm32f103xg.o(.text) referenced from startup_stm32f103xg.o(RESET)
 <LI><a href="#[1a]">SVC_Handler</a> from stm32f1xx_it.o(.text.SVC_Handler) referenced from startup_stm32f103xg.o(RESET)
 <LI><a href="#[1d]">SysTick_Handler</a> from stm32f1xx_it.o(.text.SysTick_Handler) referenced from startup_stm32f103xg.o(RESET)
 <LI><a href="#[5a]">SystemInit</a> from system_stm32f1xx.o(.text.SystemInit) referenced from startup_stm32f103xg.o(.text)
 <LI><a href="#[20]">TAMPER_IRQHandler</a> from startup_stm32f103xg.o(.text) referenced from startup_stm32f103xg.o(RESET)
 <LI><a href="#[36]">TIM1_BRK_TIM9_IRQHandler</a> from startup_stm32f103xg.o(.text) referenced from startup_stm32f103xg.o(RESET)
 <LI><a href="#[39]">TIM1_CC_IRQHandler</a> from startup_stm32f103xg.o(.text) referenced from startup_stm32f103xg.o(RESET)
 <LI><a href="#[38]">TIM1_TRG_COM_TIM11_IRQHandler</a> from startup_stm32f103xg.o(.text) referenced from startup_stm32f103xg.o(RESET)
 <LI><a href="#[37]">TIM1_UP_TIM10_IRQHandler</a> from startup_stm32f103xg.o(.text) referenced from startup_stm32f103xg.o(RESET)
 <LI><a href="#[3a]">TIM2_IRQHandler</a> from startup_stm32f103xg.o(.text) referenced from startup_stm32f103xg.o(RESET)
 <LI><a href="#[3b]">TIM3_IRQHandler</a> from startup_stm32f103xg.o(.text) referenced from startup_stm32f103xg.o(RESET)
 <LI><a href="#[3c]">TIM4_IRQHandler</a> from startup_stm32f103xg.o(.text) referenced from startup_stm32f103xg.o(RESET)
 <LI><a href="#[50]">TIM5_IRQHandler</a> from startup_stm32f103xg.o(.text) referenced from startup_stm32f103xg.o(RESET)
 <LI><a href="#[54]">TIM6_IRQHandler</a> from startup_stm32f103xg.o(.text) referenced from startup_stm32f103xg.o(RESET)
 <LI><a href="#[55]">TIM7_IRQHandler</a> from stm32f1xx_it.o(.text.TIM7_IRQHandler) referenced from startup_stm32f103xg.o(RESET)
 <LI><a href="#[49]">TIM8_BRK_TIM12_IRQHandler</a> from startup_stm32f103xg.o(.text) referenced from startup_stm32f103xg.o(RESET)
 <LI><a href="#[4c]">TIM8_CC_IRQHandler</a> from startup_stm32f103xg.o(.text) referenced from startup_stm32f103xg.o(RESET)
 <LI><a href="#[4b]">TIM8_TRG_COM_TIM14_IRQHandler</a> from startup_stm32f103xg.o(.text) referenced from startup_stm32f103xg.o(RESET)
 <LI><a href="#[4a]">TIM8_UP_TIM13_IRQHandler</a> from startup_stm32f103xg.o(.text) referenced from startup_stm32f103xg.o(RESET)
 <LI><a href="#[52]">UART4_IRQHandler</a> from startup_stm32f103xg.o(.text) referenced from startup_stm32f103xg.o(RESET)
 <LI><a href="#[53]">UART5_IRQHandler</a> from startup_stm32f103xg.o(.text) referenced from startup_stm32f103xg.o(RESET)
 <LI><a href="#[43]">USART1_IRQHandler</a> from startup_stm32f103xg.o(.text) referenced from startup_stm32f103xg.o(RESET)
 <LI><a href="#[44]">USART2_IRQHandler</a> from startup_stm32f103xg.o(.text) referenced from startup_stm32f103xg.o(RESET)
 <LI><a href="#[45]">USART3_IRQHandler</a> from startup_stm32f103xg.o(.text) referenced from startup_stm32f103xg.o(RESET)
 <LI><a href="#[48]">USBWakeUp_IRQHandler</a> from startup_stm32f103xg.o(.text) referenced from startup_stm32f103xg.o(RESET)
 <LI><a href="#[31]">USB_HP_CAN1_TX_IRQHandler</a> from startup_stm32f103xg.o(.text) referenced from startup_stm32f103xg.o(RESET)
 <LI><a href="#[32]">USB_LP_CAN1_RX0_IRQHandler</a> from startup_stm32f103xg.o(.text) referenced from startup_stm32f103xg.o(RESET)
 <LI><a href="#[19]">UsageFault_Handler</a> from stm32f1xx_it.o(.text.UsageFault_Handler) referenced from startup_stm32f103xg.o(RESET)
 <LI><a href="#[1e]">WWDG_IRQHandler</a> from startup_stm32f103xg.o(.text) referenced from startup_stm32f103xg.o(RESET)
 <LI><a href="#[5b]">__main</a> from __main.o(!!!main) referenced from startup_stm32f103xg.o(.text)
 <LI><a href="#[3]">ili9488_DisplayOff</a> from ili9488.o(.text.ili9488_DisplayOff) referenced 2 times from ili9488.o(.data.ili9488_drv)
 <LI><a href="#[2]">ili9488_DisplayOn</a> from ili9488.o(.text.ili9488_DisplayOn) referenced 2 times from ili9488.o(.data.ili9488_drv)
 <LI><a href="#[c]">ili9488_DrawBitmap</a> from ili9488.o(.text.ili9488_DrawBitmap) referenced 2 times from ili9488.o(.data.ili9488_drv)
 <LI><a href="#[8]">ili9488_DrawHLine</a> from ili9488.o(.text.ili9488_DrawHLine) referenced 2 times from ili9488.o(.data.ili9488_drv)
 <LI><a href="#[d]">ili9488_DrawRGBImage</a> from ili9488.o(.text.ili9488_DrawRGBImage) referenced 2 times from ili9488.o(.data.ili9488_drv)
 <LI><a href="#[9]">ili9488_DrawVLine</a> from ili9488.o(.text.ili9488_DrawVLine) referenced 2 times from ili9488.o(.data.ili9488_drv)
 <LI><a href="#[e]">ili9488_FillRect</a> from ili9488.o(.text.ili9488_FillRect) referenced 2 times from ili9488.o(.data.ili9488_drv)
 <LI><a href="#[b]">ili9488_GetLcdPixelHeight</a> from ili9488.o(.text.ili9488_GetLcdPixelHeight) referenced 2 times from ili9488.o(.data.ili9488_drv)
 <LI><a href="#[a]">ili9488_GetLcdPixelWidth</a> from ili9488.o(.text.ili9488_GetLcdPixelWidth) referenced 2 times from ili9488.o(.data.ili9488_drv)
 <LI><a href="#[0]">ili9488_Init</a> from ili9488.o(.text.ili9488_Init) referenced 2 times from ili9488.o(.data.ili9488_drv)
 <LI><a href="#[1]">ili9488_ReadID</a> from ili9488.o(.text.ili9488_ReadID) referenced 2 times from ili9488.o(.data.ili9488_drv)
 <LI><a href="#[6]">ili9488_ReadPixel</a> from ili9488.o(.text.ili9488_ReadPixel) referenced 2 times from ili9488.o(.data.ili9488_drv)
 <LI><a href="#[f]">ili9488_ReadRGBImage</a> from ili9488.o(.text.ili9488_ReadRGBImage) referenced 2 times from ili9488.o(.data.ili9488_drv)
 <LI><a href="#[10]">ili9488_Scroll</a> from ili9488.o(.text.ili9488_Scroll) referenced 2 times from ili9488.o(.data.ili9488_drv)
 <LI><a href="#[4]">ili9488_SetCursor</a> from ili9488.o(.text.ili9488_SetCursor) referenced 2 times from ili9488.o(.data.ili9488_drv)
 <LI><a href="#[7]">ili9488_SetDisplayWindow</a> from ili9488.o(.text.ili9488_SetDisplayWindow) referenced 2 times from ili9488.o(.data.ili9488_drv)
 <LI><a href="#[5]">ili9488_WritePixel</a> from ili9488.o(.text.ili9488_WritePixel) referenced 2 times from ili9488.o(.data.ili9488_drv)
 <LI><a href="#[12]">ili9488_ts_DetectTouch</a> from ili9488.o(.text.ili9488_ts_DetectTouch) referenced 2 times from ili9488.o(.data.ili9488_ts_drv)
 <LI><a href="#[13]">ili9488_ts_GetXY</a> from ili9488.o(.text.ili9488_ts_GetXY) referenced 2 times from ili9488.o(.data.ili9488_ts_drv)
 <LI><a href="#[11]">ili9488_ts_Init</a> from ili9488.o(.text.ili9488_ts_Init) referenced 2 times from ili9488.o(.data.ili9488_ts_drv)
</UL>
<P>
<H3>
Global Symbols
</H3>
<P><STRONG><a name="[5b]"></a>__main</STRONG> (Thumb, 8 bytes, Stack size 0 bytes, __main.o(!!!main))
<BR><BR>[Calls]<UL><LI><a href="#[5e]">&gt;&gt;</a>&nbsp;&nbsp;&nbsp;__rt_entry
<LI><a href="#[5d]">&gt;&gt;</a>&nbsp;&nbsp;&nbsp;__scatterload
</UL>
<BR>[Address Reference Count : 1]<UL><LI> startup_stm32f103xg.o(.text)
</UL>
<P><STRONG><a name="[5d]"></a>__scatterload</STRONG> (Thumb, 0 bytes, Stack size unknown bytes, __scatter.o(!!!scatter))
<BR><BR>[Called By]<UL><LI><a href="#[5b]">&gt;&gt;</a>&nbsp;&nbsp;&nbsp;__main
</UL>

<P><STRONG><a name="[5f]"></a>__scatterload_rt2</STRONG> (Thumb, 44 bytes, Stack size unknown bytes, __scatter.o(!!!scatter), UNUSED)
<BR><BR>[Calls]<UL><LI><a href="#[5e]">&gt;&gt;</a>&nbsp;&nbsp;&nbsp;__rt_entry
</UL>

<P><STRONG><a name="[228]"></a>__scatterload_rt2_thumb_only</STRONG> (Thumb, 0 bytes, Stack size unknown bytes, __scatter.o(!!!scatter), UNUSED)

<P><STRONG><a name="[229]"></a>__scatterload_null</STRONG> (Thumb, 0 bytes, Stack size unknown bytes, __scatter.o(!!!scatter), UNUSED)

<P><STRONG><a name="[22a]"></a>__decompress</STRONG> (Thumb, 90 bytes, Stack size unknown bytes, __dczerorl2.o(!!dczerorl2), UNUSED)

<P><STRONG><a name="[22b]"></a>__decompress1</STRONG> (Thumb, 0 bytes, Stack size unknown bytes, __dczerorl2.o(!!dczerorl2), UNUSED)

<P><STRONG><a name="[22c]"></a>__scatterload_zeroinit</STRONG> (Thumb, 28 bytes, Stack size unknown bytes, __scatter_zi.o(!!handler_zi), UNUSED)

<P><STRONG><a name="[63]"></a>__rt_lib_init</STRONG> (Thumb, 0 bytes, Stack size unknown bytes, libinit.o(.ARM.Collect$$libinit$$00000000))
<BR><BR>[Called By]<UL><LI><a href="#[62]">&gt;&gt;</a>&nbsp;&nbsp;&nbsp;__rt_entry_li
</UL>

<P><STRONG><a name="[22d]"></a>__rt_lib_init_alloca_1</STRONG> (Thumb, 0 bytes, Stack size unknown bytes, libinit2.o(.ARM.Collect$$libinit$$00000030))

<P><STRONG><a name="[22e]"></a>__rt_lib_init_argv_1</STRONG> (Thumb, 0 bytes, Stack size unknown bytes, libinit2.o(.ARM.Collect$$libinit$$0000002E))

<P><STRONG><a name="[22f]"></a>__rt_lib_init_atexit_1</STRONG> (Thumb, 0 bytes, Stack size unknown bytes, libinit2.o(.ARM.Collect$$libinit$$0000001D))

<P><STRONG><a name="[230]"></a>__rt_lib_init_clock_1</STRONG> (Thumb, 0 bytes, Stack size unknown bytes, libinit2.o(.ARM.Collect$$libinit$$00000023))

<P><STRONG><a name="[231]"></a>__rt_lib_init_cpp_1</STRONG> (Thumb, 0 bytes, Stack size unknown bytes, libinit2.o(.ARM.Collect$$libinit$$00000034))

<P><STRONG><a name="[232]"></a>__rt_lib_init_exceptions_1</STRONG> (Thumb, 0 bytes, Stack size unknown bytes, libinit2.o(.ARM.Collect$$libinit$$00000032))

<P><STRONG><a name="[233]"></a>__rt_lib_init_fp_1</STRONG> (Thumb, 0 bytes, Stack size unknown bytes, libinit2.o(.ARM.Collect$$libinit$$00000002))

<P><STRONG><a name="[234]"></a>__rt_lib_init_fp_trap_1</STRONG> (Thumb, 0 bytes, Stack size unknown bytes, libinit2.o(.ARM.Collect$$libinit$$00000021))

<P><STRONG><a name="[235]"></a>__rt_lib_init_getenv_1</STRONG> (Thumb, 0 bytes, Stack size unknown bytes, libinit2.o(.ARM.Collect$$libinit$$00000025))

<P><STRONG><a name="[236]"></a>__rt_lib_init_heap_1</STRONG> (Thumb, 0 bytes, Stack size unknown bytes, libinit2.o(.ARM.Collect$$libinit$$0000000C))

<P><STRONG><a name="[237]"></a>__rt_lib_init_lc_collate_1</STRONG> (Thumb, 0 bytes, Stack size unknown bytes, libinit2.o(.ARM.Collect$$libinit$$00000013))

<P><STRONG><a name="[238]"></a>__rt_lib_init_lc_ctype_1</STRONG> (Thumb, 0 bytes, Stack size unknown bytes, libinit2.o(.ARM.Collect$$libinit$$00000015))

<P><STRONG><a name="[239]"></a>__rt_lib_init_lc_monetary_1</STRONG> (Thumb, 0 bytes, Stack size unknown bytes, libinit2.o(.ARM.Collect$$libinit$$00000017))

<P><STRONG><a name="[23a]"></a>__rt_lib_init_lc_numeric_1</STRONG> (Thumb, 0 bytes, Stack size unknown bytes, libinit2.o(.ARM.Collect$$libinit$$00000019))

<P><STRONG><a name="[23b]"></a>__rt_lib_init_lc_time_1</STRONG> (Thumb, 0 bytes, Stack size unknown bytes, libinit2.o(.ARM.Collect$$libinit$$0000001B))

<P><STRONG><a name="[23c]"></a>__rt_lib_init_preinit_1</STRONG> (Thumb, 0 bytes, Stack size unknown bytes, libinit2.o(.ARM.Collect$$libinit$$00000006))

<P><STRONG><a name="[23d]"></a>__rt_lib_init_rand_1</STRONG> (Thumb, 0 bytes, Stack size unknown bytes, libinit2.o(.ARM.Collect$$libinit$$00000010))

<P><STRONG><a name="[23e]"></a>__rt_lib_init_relocate_pie_1</STRONG> (Thumb, 0 bytes, Stack size unknown bytes, libinit2.o(.ARM.Collect$$libinit$$00000004))

<P><STRONG><a name="[23f]"></a>__rt_lib_init_return</STRONG> (Thumb, 0 bytes, Stack size unknown bytes, libinit2.o(.ARM.Collect$$libinit$$00000035))

<P><STRONG><a name="[240]"></a>__rt_lib_init_signal_1</STRONG> (Thumb, 0 bytes, Stack size unknown bytes, libinit2.o(.ARM.Collect$$libinit$$0000001F))

<P><STRONG><a name="[241]"></a>__rt_lib_init_stdio_1</STRONG> (Thumb, 0 bytes, Stack size unknown bytes, libinit2.o(.ARM.Collect$$libinit$$00000027))

<P><STRONG><a name="[242]"></a>__rt_lib_init_user_alloc_1</STRONG> (Thumb, 0 bytes, Stack size unknown bytes, libinit2.o(.ARM.Collect$$libinit$$0000000E))

<P><STRONG><a name="[68]"></a>__rt_lib_shutdown</STRONG> (Thumb, 0 bytes, Stack size unknown bytes, libshutdown.o(.ARM.Collect$$libshutdown$$00000000))
<BR><BR>[Called By]<UL><LI><a href="#[67]">&gt;&gt;</a>&nbsp;&nbsp;&nbsp;__rt_exit_ls
</UL>

<P><STRONG><a name="[243]"></a>__rt_lib_shutdown_cpp_1</STRONG> (Thumb, 0 bytes, Stack size unknown bytes, libshutdown2.o(.ARM.Collect$$libshutdown$$00000002))

<P><STRONG><a name="[244]"></a>__rt_lib_shutdown_fp_trap_1</STRONG> (Thumb, 0 bytes, Stack size unknown bytes, libshutdown2.o(.ARM.Collect$$libshutdown$$00000007))

<P><STRONG><a name="[245]"></a>__rt_lib_shutdown_heap_1</STRONG> (Thumb, 0 bytes, Stack size unknown bytes, libshutdown2.o(.ARM.Collect$$libshutdown$$0000000F))

<P><STRONG><a name="[246]"></a>__rt_lib_shutdown_return</STRONG> (Thumb, 0 bytes, Stack size unknown bytes, libshutdown2.o(.ARM.Collect$$libshutdown$$00000010))

<P><STRONG><a name="[247]"></a>__rt_lib_shutdown_signal_1</STRONG> (Thumb, 0 bytes, Stack size unknown bytes, libshutdown2.o(.ARM.Collect$$libshutdown$$0000000A))

<P><STRONG><a name="[248]"></a>__rt_lib_shutdown_stdio_1</STRONG> (Thumb, 0 bytes, Stack size unknown bytes, libshutdown2.o(.ARM.Collect$$libshutdown$$00000004))

<P><STRONG><a name="[249]"></a>__rt_lib_shutdown_user_alloc_1</STRONG> (Thumb, 0 bytes, Stack size unknown bytes, libshutdown2.o(.ARM.Collect$$libshutdown$$0000000C))

<P><STRONG><a name="[5e]"></a>__rt_entry</STRONG> (Thumb, 0 bytes, Stack size unknown bytes, __rtentry.o(.ARM.Collect$$rtentry$$00000000))
<BR><BR>[Called By]<UL><LI><a href="#[5b]">&gt;&gt;</a>&nbsp;&nbsp;&nbsp;__main
<LI><a href="#[5f]">&gt;&gt;</a>&nbsp;&nbsp;&nbsp;__scatterload_rt2
</UL>

<P><STRONG><a name="[24a]"></a>__rt_entry_presh_1</STRONG> (Thumb, 0 bytes, Stack size unknown bytes, __rtentry2.o(.ARM.Collect$$rtentry$$00000002))

<P><STRONG><a name="[60]"></a>__rt_entry_sh</STRONG> (Thumb, 0 bytes, Stack size unknown bytes, __rtentry4.o(.ARM.Collect$$rtentry$$00000004))
<BR><BR>[Stack]<UL><LI>Max Depth = 8 + Unknown Stack Size
<LI>Call Chain = __rt_entry_sh &rArr; __user_setup_stackheap
</UL>
<BR>[Calls]<UL><LI><a href="#[61]">&gt;&gt;</a>&nbsp;&nbsp;&nbsp;__user_setup_stackheap
</UL>

<P><STRONG><a name="[62]"></a>__rt_entry_li</STRONG> (Thumb, 0 bytes, Stack size unknown bytes, __rtentry2.o(.ARM.Collect$$rtentry$$0000000A))
<BR><BR>[Calls]<UL><LI><a href="#[63]">&gt;&gt;</a>&nbsp;&nbsp;&nbsp;__rt_lib_init
</UL>

<P><STRONG><a name="[24b]"></a>__rt_entry_postsh_1</STRONG> (Thumb, 0 bytes, Stack size unknown bytes, __rtentry2.o(.ARM.Collect$$rtentry$$00000009))

<P><STRONG><a name="[64]"></a>__rt_entry_main</STRONG> (Thumb, 0 bytes, Stack size unknown bytes, __rtentry2.o(.ARM.Collect$$rtentry$$0000000D))
<BR><BR>[Stack]<UL><LI>Max Depth = 952 + Unknown Stack Size
<LI>Call Chain = __rt_entry_main &rArr; main &rArr; ShowMainFrame &rArr; ShowServiceMenuFrame &rArr; ShowAlarmNotiServiceFrame &rArr; ShowAlarmListFrame &rArr; TSF_showFrame &rArr; CAL_showFrame &rArr; ShowKeyboardFrame &rArr; createFrame &rArr; drawStatusBarOkCancel &rArr; BSP_LCD_DisplayStringAt &rArr; BSP_LCD_DisplayChar &rArr; DrawChar &rArr; BSP_LCD_DrawBitmap &rArr; SetDisplayWindow
</UL>
<BR>[Calls]<UL><LI><a href="#[65]">&gt;&gt;</a>&nbsp;&nbsp;&nbsp;main
<LI><a href="#[66]">&gt;&gt;</a>&nbsp;&nbsp;&nbsp;exit
</UL>

<P><STRONG><a name="[24c]"></a>__rt_entry_postli_1</STRONG> (Thumb, 0 bytes, Stack size unknown bytes, __rtentry2.o(.ARM.Collect$$rtentry$$0000000C))

<P><STRONG><a name="[72]"></a>__rt_exit</STRONG> (Thumb, 0 bytes, Stack size unknown bytes, rtexit.o(.ARM.Collect$$rtexit$$00000000))
<BR><BR>[Called By]<UL><LI><a href="#[66]">&gt;&gt;</a>&nbsp;&nbsp;&nbsp;exit
</UL>

<P><STRONG><a name="[67]"></a>__rt_exit_ls</STRONG> (Thumb, 0 bytes, Stack size unknown bytes, rtexit2.o(.ARM.Collect$$rtexit$$00000003))
<BR><BR>[Calls]<UL><LI><a href="#[68]">&gt;&gt;</a>&nbsp;&nbsp;&nbsp;__rt_lib_shutdown
</UL>

<P><STRONG><a name="[24d]"></a>__rt_exit_prels_1</STRONG> (Thumb, 0 bytes, Stack size unknown bytes, rtexit2.o(.ARM.Collect$$rtexit$$00000002))

<P><STRONG><a name="[69]"></a>__rt_exit_exit</STRONG> (Thumb, 0 bytes, Stack size unknown bytes, rtexit2.o(.ARM.Collect$$rtexit$$00000004))
<BR><BR>[Calls]<UL><LI><a href="#[6a]">&gt;&gt;</a>&nbsp;&nbsp;&nbsp;_sys_exit
</UL>

<P><STRONG><a name="[14]"></a>Reset_Handler</STRONG> (Thumb, 8 bytes, Stack size 0 bytes, startup_stm32f103xg.o(.text))
<BR>[Address Reference Count : 1]<UL><LI> startup_stm32f103xg.o(RESET)
</UL>
<P><STRONG><a name="[30]"></a>ADC1_2_IRQHandler</STRONG> (Thumb, 0 bytes, Stack size 0 bytes, startup_stm32f103xg.o(.text))
<BR><BR>[Calls]<UL><LI><a href="#[30]">&gt;&gt;</a>&nbsp;&nbsp;&nbsp;ADC1_2_IRQHandler
</UL>
<BR>[Called By]<UL><LI><a href="#[30]">&gt;&gt;</a>&nbsp;&nbsp;&nbsp;ADC1_2_IRQHandler
</UL>
<BR>[Address Reference Count : 1]<UL><LI> startup_stm32f103xg.o(RESET)
</UL>
<P><STRONG><a name="[4d]"></a>ADC3_IRQHandler</STRONG> (Thumb, 0 bytes, Stack size 0 bytes, startup_stm32f103xg.o(.text))
<BR>[Address Reference Count : 1]<UL><LI> startup_stm32f103xg.o(RESET)
</UL>
<P><STRONG><a name="[33]"></a>CAN1_RX1_IRQHandler</STRONG> (Thumb, 0 bytes, Stack size 0 bytes, startup_stm32f103xg.o(.text))
<BR>[Address Reference Count : 1]<UL><LI> startup_stm32f103xg.o(RESET)
</UL>
<P><STRONG><a name="[34]"></a>CAN1_SCE_IRQHandler</STRONG> (Thumb, 0 bytes, Stack size 0 bytes, startup_stm32f103xg.o(.text))
<BR>[Address Reference Count : 1]<UL><LI> startup_stm32f103xg.o(RESET)
</UL>
<P><STRONG><a name="[29]"></a>DMA1_Channel1_IRQHandler</STRONG> (Thumb, 0 bytes, Stack size 0 bytes, startup_stm32f103xg.o(.text))
<BR>[Address Reference Count : 1]<UL><LI> startup_stm32f103xg.o(RESET)
</UL>
<P><STRONG><a name="[2a]"></a>DMA1_Channel2_IRQHandler</STRONG> (Thumb, 0 bytes, Stack size 0 bytes, startup_stm32f103xg.o(.text))
<BR>[Address Reference Count : 1]<UL><LI> startup_stm32f103xg.o(RESET)
</UL>
<P><STRONG><a name="[2b]"></a>DMA1_Channel3_IRQHandler</STRONG> (Thumb, 0 bytes, Stack size 0 bytes, startup_stm32f103xg.o(.text))
<BR>[Address Reference Count : 1]<UL><LI> startup_stm32f103xg.o(RESET)
</UL>
<P><STRONG><a name="[2e]"></a>DMA1_Channel6_IRQHandler</STRONG> (Thumb, 0 bytes, Stack size 0 bytes, startup_stm32f103xg.o(.text))
<BR>[Address Reference Count : 1]<UL><LI> startup_stm32f103xg.o(RESET)
</UL>
<P><STRONG><a name="[2f]"></a>DMA1_Channel7_IRQHandler</STRONG> (Thumb, 0 bytes, Stack size 0 bytes, startup_stm32f103xg.o(.text))
<BR>[Address Reference Count : 1]<UL><LI> startup_stm32f103xg.o(RESET)
</UL>
<P><STRONG><a name="[56]"></a>DMA2_Channel1_IRQHandler</STRONG> (Thumb, 0 bytes, Stack size 0 bytes, startup_stm32f103xg.o(.text))
<BR>[Address Reference Count : 1]<UL><LI> startup_stm32f103xg.o(RESET)
</UL>
<P><STRONG><a name="[57]"></a>DMA2_Channel2_IRQHandler</STRONG> (Thumb, 0 bytes, Stack size 0 bytes, startup_stm32f103xg.o(.text))
<BR>[Address Reference Count : 1]<UL><LI> startup_stm32f103xg.o(RESET)
</UL>
<P><STRONG><a name="[58]"></a>DMA2_Channel3_IRQHandler</STRONG> (Thumb, 0 bytes, Stack size 0 bytes, startup_stm32f103xg.o(.text))
<BR>[Address Reference Count : 1]<UL><LI> startup_stm32f103xg.o(RESET)
</UL>
<P><STRONG><a name="[59]"></a>DMA2_Channel4_5_IRQHandler</STRONG> (Thumb, 0 bytes, Stack size 0 bytes, startup_stm32f103xg.o(.text))
<BR>[Address Reference Count : 1]<UL><LI> startup_stm32f103xg.o(RESET)
</UL>
<P><STRONG><a name="[24]"></a>EXTI0_IRQHandler</STRONG> (Thumb, 0 bytes, Stack size 0 bytes, startup_stm32f103xg.o(.text))
<BR>[Address Reference Count : 1]<UL><LI> startup_stm32f103xg.o(RESET)
</UL>
<P><STRONG><a name="[25]"></a>EXTI1_IRQHandler</STRONG> (Thumb, 0 bytes, Stack size 0 bytes, startup_stm32f103xg.o(.text))
<BR>[Address Reference Count : 1]<UL><LI> startup_stm32f103xg.o(RESET)
</UL>
<P><STRONG><a name="[26]"></a>EXTI2_IRQHandler</STRONG> (Thumb, 0 bytes, Stack size 0 bytes, startup_stm32f103xg.o(.text))
<BR>[Address Reference Count : 1]<UL><LI> startup_stm32f103xg.o(RESET)
</UL>
<P><STRONG><a name="[28]"></a>EXTI4_IRQHandler</STRONG> (Thumb, 0 bytes, Stack size 0 bytes, startup_stm32f103xg.o(.text))
<BR>[Address Reference Count : 1]<UL><LI> startup_stm32f103xg.o(RESET)
</UL>
<P><STRONG><a name="[35]"></a>EXTI9_5_IRQHandler</STRONG> (Thumb, 0 bytes, Stack size 0 bytes, startup_stm32f103xg.o(.text))
<BR>[Address Reference Count : 1]<UL><LI> startup_stm32f103xg.o(RESET)
</UL>
<P><STRONG><a name="[22]"></a>FLASH_IRQHandler</STRONG> (Thumb, 0 bytes, Stack size 0 bytes, startup_stm32f103xg.o(.text))
<BR>[Address Reference Count : 1]<UL><LI> startup_stm32f103xg.o(RESET)
</UL>
<P><STRONG><a name="[4e]"></a>FSMC_IRQHandler</STRONG> (Thumb, 0 bytes, Stack size 0 bytes, startup_stm32f103xg.o(.text))
<BR>[Address Reference Count : 1]<UL><LI> startup_stm32f103xg.o(RESET)
</UL>
<P><STRONG><a name="[3e]"></a>I2C1_ER_IRQHandler</STRONG> (Thumb, 0 bytes, Stack size 0 bytes, startup_stm32f103xg.o(.text))
<BR>[Address Reference Count : 1]<UL><LI> startup_stm32f103xg.o(RESET)
</UL>
<P><STRONG><a name="[3d]"></a>I2C1_EV_IRQHandler</STRONG> (Thumb, 0 bytes, Stack size 0 bytes, startup_stm32f103xg.o(.text))
<BR>[Address Reference Count : 1]<UL><LI> startup_stm32f103xg.o(RESET)
</UL>
<P><STRONG><a name="[40]"></a>I2C2_ER_IRQHandler</STRONG> (Thumb, 0 bytes, Stack size 0 bytes, startup_stm32f103xg.o(.text))
<BR>[Address Reference Count : 1]<UL><LI> startup_stm32f103xg.o(RESET)
</UL>
<P><STRONG><a name="[3f]"></a>I2C2_EV_IRQHandler</STRONG> (Thumb, 0 bytes, Stack size 0 bytes, startup_stm32f103xg.o(.text))
<BR>[Address Reference Count : 1]<UL><LI> startup_stm32f103xg.o(RESET)
</UL>
<P><STRONG><a name="[1f]"></a>PVD_IRQHandler</STRONG> (Thumb, 0 bytes, Stack size 0 bytes, startup_stm32f103xg.o(.text))
<BR>[Address Reference Count : 1]<UL><LI> startup_stm32f103xg.o(RESET)
</UL>
<P><STRONG><a name="[23]"></a>RCC_IRQHandler</STRONG> (Thumb, 0 bytes, Stack size 0 bytes, startup_stm32f103xg.o(.text))
<BR>[Address Reference Count : 1]<UL><LI> startup_stm32f103xg.o(RESET)
</UL>
<P><STRONG><a name="[47]"></a>RTC_Alarm_IRQHandler</STRONG> (Thumb, 0 bytes, Stack size 0 bytes, startup_stm32f103xg.o(.text))
<BR>[Address Reference Count : 1]<UL><LI> startup_stm32f103xg.o(RESET)
</UL>
<P><STRONG><a name="[4f]"></a>SDIO_IRQHandler</STRONG> (Thumb, 0 bytes, Stack size 0 bytes, startup_stm32f103xg.o(.text))
<BR>[Address Reference Count : 1]<UL><LI> startup_stm32f103xg.o(RESET)
</UL>
<P><STRONG><a name="[51]"></a>SPI3_IRQHandler</STRONG> (Thumb, 0 bytes, Stack size 0 bytes, startup_stm32f103xg.o(.text))
<BR>[Address Reference Count : 1]<UL><LI> startup_stm32f103xg.o(RESET)
</UL>
<P><STRONG><a name="[20]"></a>TAMPER_IRQHandler</STRONG> (Thumb, 0 bytes, Stack size 0 bytes, startup_stm32f103xg.o(.text))
<BR>[Address Reference Count : 1]<UL><LI> startup_stm32f103xg.o(RESET)
</UL>
<P><STRONG><a name="[36]"></a>TIM1_BRK_TIM9_IRQHandler</STRONG> (Thumb, 0 bytes, Stack size 0 bytes, startup_stm32f103xg.o(.text))
<BR>[Address Reference Count : 1]<UL><LI> startup_stm32f103xg.o(RESET)
</UL>
<P><STRONG><a name="[39]"></a>TIM1_CC_IRQHandler</STRONG> (Thumb, 0 bytes, Stack size 0 bytes, startup_stm32f103xg.o(.text))
<BR>[Address Reference Count : 1]<UL><LI> startup_stm32f103xg.o(RESET)
</UL>
<P><STRONG><a name="[38]"></a>TIM1_TRG_COM_TIM11_IRQHandler</STRONG> (Thumb, 0 bytes, Stack size 0 bytes, startup_stm32f103xg.o(.text))
<BR>[Address Reference Count : 1]<UL><LI> startup_stm32f103xg.o(RESET)
</UL>
<P><STRONG><a name="[37]"></a>TIM1_UP_TIM10_IRQHandler</STRONG> (Thumb, 0 bytes, Stack size 0 bytes, startup_stm32f103xg.o(.text))
<BR>[Address Reference Count : 1]<UL><LI> startup_stm32f103xg.o(RESET)
</UL>
<P><STRONG><a name="[3a]"></a>TIM2_IRQHandler</STRONG> (Thumb, 0 bytes, Stack size 0 bytes, startup_stm32f103xg.o(.text))
<BR>[Address Reference Count : 1]<UL><LI> startup_stm32f103xg.o(RESET)
</UL>
<P><STRONG><a name="[3b]"></a>TIM3_IRQHandler</STRONG> (Thumb, 0 bytes, Stack size 0 bytes, startup_stm32f103xg.o(.text))
<BR>[Address Reference Count : 1]<UL><LI> startup_stm32f103xg.o(RESET)
</UL>
<P><STRONG><a name="[3c]"></a>TIM4_IRQHandler</STRONG> (Thumb, 0 bytes, Stack size 0 bytes, startup_stm32f103xg.o(.text))
<BR>[Address Reference Count : 1]<UL><LI> startup_stm32f103xg.o(RESET)
</UL>
<P><STRONG><a name="[50]"></a>TIM5_IRQHandler</STRONG> (Thumb, 0 bytes, Stack size 0 bytes, startup_stm32f103xg.o(.text))
<BR>[Address Reference Count : 1]<UL><LI> startup_stm32f103xg.o(RESET)
</UL>
<P><STRONG><a name="[54]"></a>TIM6_IRQHandler</STRONG> (Thumb, 0 bytes, Stack size 0 bytes, startup_stm32f103xg.o(.text))
<BR>[Address Reference Count : 1]<UL><LI> startup_stm32f103xg.o(RESET)
</UL>
<P><STRONG><a name="[49]"></a>TIM8_BRK_TIM12_IRQHandler</STRONG> (Thumb, 0 bytes, Stack size 0 bytes, startup_stm32f103xg.o(.text))
<BR>[Address Reference Count : 1]<UL><LI> startup_stm32f103xg.o(RESET)
</UL>
<P><STRONG><a name="[4c]"></a>TIM8_CC_IRQHandler</STRONG> (Thumb, 0 bytes, Stack size 0 bytes, startup_stm32f103xg.o(.text))
<BR>[Address Reference Count : 1]<UL><LI> startup_stm32f103xg.o(RESET)
</UL>
<P><STRONG><a name="[4b]"></a>TIM8_TRG_COM_TIM14_IRQHandler</STRONG> (Thumb, 0 bytes, Stack size 0 bytes, startup_stm32f103xg.o(.text))
<BR>[Address Reference Count : 1]<UL><LI> startup_stm32f103xg.o(RESET)
</UL>
<P><STRONG><a name="[4a]"></a>TIM8_UP_TIM13_IRQHandler</STRONG> (Thumb, 0 bytes, Stack size 0 bytes, startup_stm32f103xg.o(.text))
<BR>[Address Reference Count : 1]<UL><LI> startup_stm32f103xg.o(RESET)
</UL>
<P><STRONG><a name="[52]"></a>UART4_IRQHandler</STRONG> (Thumb, 0 bytes, Stack size 0 bytes, startup_stm32f103xg.o(.text))
<BR>[Address Reference Count : 1]<UL><LI> startup_stm32f103xg.o(RESET)
</UL>
<P><STRONG><a name="[53]"></a>UART5_IRQHandler</STRONG> (Thumb, 0 bytes, Stack size 0 bytes, startup_stm32f103xg.o(.text))
<BR>[Address Reference Count : 1]<UL><LI> startup_stm32f103xg.o(RESET)
</UL>
<P><STRONG><a name="[43]"></a>USART1_IRQHandler</STRONG> (Thumb, 0 bytes, Stack size 0 bytes, startup_stm32f103xg.o(.text))
<BR>[Address Reference Count : 1]<UL><LI> startup_stm32f103xg.o(RESET)
</UL>
<P><STRONG><a name="[44]"></a>USART2_IRQHandler</STRONG> (Thumb, 0 bytes, Stack size 0 bytes, startup_stm32f103xg.o(.text))
<BR>[Address Reference Count : 1]<UL><LI> startup_stm32f103xg.o(RESET)
</UL>
<P><STRONG><a name="[45]"></a>USART3_IRQHandler</STRONG> (Thumb, 0 bytes, Stack size 0 bytes, startup_stm32f103xg.o(.text))
<BR>[Address Reference Count : 1]<UL><LI> startup_stm32f103xg.o(RESET)
</UL>
<P><STRONG><a name="[48]"></a>USBWakeUp_IRQHandler</STRONG> (Thumb, 0 bytes, Stack size 0 bytes, startup_stm32f103xg.o(.text))
<BR>[Address Reference Count : 1]<UL><LI> startup_stm32f103xg.o(RESET)
</UL>
<P><STRONG><a name="[31]"></a>USB_HP_CAN1_TX_IRQHandler</STRONG> (Thumb, 0 bytes, Stack size 0 bytes, startup_stm32f103xg.o(.text))
<BR>[Address Reference Count : 1]<UL><LI> startup_stm32f103xg.o(RESET)
</UL>
<P><STRONG><a name="[32]"></a>USB_LP_CAN1_RX0_IRQHandler</STRONG> (Thumb, 0 bytes, Stack size 0 bytes, startup_stm32f103xg.o(.text))
<BR>[Address Reference Count : 1]<UL><LI> startup_stm32f103xg.o(RESET)
</UL>
<P><STRONG><a name="[1e]"></a>WWDG_IRQHandler</STRONG> (Thumb, 0 bytes, Stack size 0 bytes, startup_stm32f103xg.o(.text))
<BR>[Address Reference Count : 1]<UL><LI> startup_stm32f103xg.o(RESET)
</UL>
<P><STRONG><a name="[71]"></a>__user_initial_stackheap</STRONG> (Thumb, 0 bytes, Stack size unknown bytes, startup_stm32f103xg.o(.text))
<BR><BR>[Called By]<UL><LI><a href="#[61]">&gt;&gt;</a>&nbsp;&nbsp;&nbsp;__user_setup_stackheap
</UL>

<P><STRONG><a name="[1e8]"></a>__aeabi_memcpy4</STRONG> (Thumb, 0 bytes, Stack size 8 bytes, rt_memcpy_w.o(.text))
<BR><BR>[Stack]<UL><LI>Max Depth = 8<LI>Call Chain = __aeabi_memcpy4
</UL>
<BR>[Called By]<UL><LI><a href="#[1e7]">&gt;&gt;</a>&nbsp;&nbsp;&nbsp;copyOneTaskToFlash
</UL>

<P><STRONG><a name="[24e]"></a>__aeabi_memcpy8</STRONG> (Thumb, 0 bytes, Stack size 8 bytes, rt_memcpy_w.o(.text), UNUSED)

<P><STRONG><a name="[24f]"></a>__rt_memcpy_w</STRONG> (Thumb, 100 bytes, Stack size 8 bytes, rt_memcpy_w.o(.text), UNUSED)

<P><STRONG><a name="[250]"></a>_memcpy_lastbytes_aligned</STRONG> (Thumb, 0 bytes, Stack size unknown bytes, rt_memcpy_w.o(.text), UNUSED)

<P><STRONG><a name="[6f]"></a>__aeabi_memclr4</STRONG> (Thumb, 0 bytes, Stack size unknown bytes, rt_memclr_w.o(.text))
<BR><BR>[Called By]<UL><LI><a href="#[147]">&gt;&gt;</a>&nbsp;&nbsp;&nbsp;MX_SPI3_Init
<LI><a href="#[13e]">&gt;&gt;</a>&nbsp;&nbsp;&nbsp;MX_SPI2_Init
<LI><a href="#[138]">&gt;&gt;</a>&nbsp;&nbsp;&nbsp;MX_SPI1_Init
<LI><a href="#[6c]">&gt;&gt;</a>&nbsp;&nbsp;&nbsp;_localtime_r
</UL>

<P><STRONG><a name="[251]"></a>__aeabi_memclr8</STRONG> (Thumb, 0 bytes, Stack size unknown bytes, rt_memclr_w.o(.text), UNUSED)

<P><STRONG><a name="[252]"></a>__rt_memclr_w</STRONG> (Thumb, 0 bytes, Stack size unknown bytes, rt_memclr_w.o(.text), UNUSED)

<P><STRONG><a name="[253]"></a>_memset_w</STRONG> (Thumb, 74 bytes, Stack size 4 bytes, rt_memclr_w.o(.text), UNUSED)

<P><STRONG><a name="[6b]"></a>localtime</STRONG> (Thumb, 6 bytes, Stack size 0 bytes, localtime.o(.text))
<BR><BR>[Stack]<UL><LI>Max Depth = 16 + Unknown Stack Size
<LI>Call Chain = localtime &rArr; _localtime_r
</UL>
<BR>[Calls]<UL><LI><a href="#[6c]">&gt;&gt;</a>&nbsp;&nbsp;&nbsp;_localtime_r
</UL>
<BR>[Called By]<UL><LI><a href="#[1d9]">&gt;&gt;</a>&nbsp;&nbsp;&nbsp;Time_init
</UL>

<P><STRONG><a name="[6d]"></a>mktime</STRONG> (Thumb, 352 bytes, Stack size 56 bytes, mktime.o(.text))
<BR><BR>[Stack]<UL><LI>Max Depth = 64<LI>Call Chain = mktime &rArr; _tm_carry
</UL>
<BR>[Calls]<UL><LI><a href="#[6e]">&gt;&gt;</a>&nbsp;&nbsp;&nbsp;_tm_carry
</UL>
<BR>[Called By]<UL><LI><a href="#[16c]">&gt;&gt;</a>&nbsp;&nbsp;&nbsp;setAlarm
<LI><a href="#[1af]">&gt;&gt;</a>&nbsp;&nbsp;&nbsp;countDaysBetween
<LI><a href="#[21a]">&gt;&gt;</a>&nbsp;&nbsp;&nbsp;wtcTimeToInt
<LI><a href="#[1d2]">&gt;&gt;</a>&nbsp;&nbsp;&nbsp;setSysTime
</UL>

<P><STRONG><a name="[254]"></a>__use_two_region_memory</STRONG> (Thumb, 2 bytes, Stack size 0 bytes, heapauxi.o(.text), UNUSED)

<P><STRONG><a name="[255]"></a>__rt_heap_escrow</STRONG> (Thumb, 2 bytes, Stack size 0 bytes, heapauxi.o(.text), UNUSED)

<P><STRONG><a name="[256]"></a>__rt_heap_expand</STRONG> (Thumb, 2 bytes, Stack size 0 bytes, heapauxi.o(.text), UNUSED)

<P><STRONG><a name="[6c]"></a>_localtime_r</STRONG> (Thumb, 178 bytes, Stack size 16 bytes, localtime_internal.o(.text))
<BR><BR>[Stack]<UL><LI>Max Depth = 16 + Unknown Stack Size
<LI>Call Chain = _localtime_r
</UL>
<BR>[Calls]<UL><LI><a href="#[6f]">&gt;&gt;</a>&nbsp;&nbsp;&nbsp;__aeabi_memclr4
</UL>
<BR>[Called By]<UL><LI><a href="#[6b]">&gt;&gt;</a>&nbsp;&nbsp;&nbsp;localtime
</UL>

<P><STRONG><a name="[257]"></a>_n$localtime_r</STRONG> (Thumb, 0 bytes, Stack size 16 bytes, localtime_internal.o(.text), UNUSED)

<P><STRONG><a name="[258]"></a>__user_libspace</STRONG> (Thumb, 8 bytes, Stack size 0 bytes, libspace.o(.text), UNUSED)

<P><STRONG><a name="[70]"></a>__user_perproc_libspace</STRONG> (Thumb, 0 bytes, Stack size 0 bytes, libspace.o(.text))
<BR><BR>[Called By]<UL><LI><a href="#[61]">&gt;&gt;</a>&nbsp;&nbsp;&nbsp;__user_setup_stackheap
</UL>

<P><STRONG><a name="[259]"></a>__user_perthread_libspace</STRONG> (Thumb, 0 bytes, Stack size 0 bytes, libspace.o(.text), UNUSED)

<P><STRONG><a name="[25a]"></a>__I$use$semihosting</STRONG> (Thumb, 0 bytes, Stack size 0 bytes, use_no_semi.o(.text), UNUSED)

<P><STRONG><a name="[25b]"></a>__use_no_semihosting_swi</STRONG> (Thumb, 2 bytes, Stack size 0 bytes, use_no_semi.o(.text), UNUSED)

<P><STRONG><a name="[25c]"></a>__semihosting_library_function</STRONG> (Thumb, 0 bytes, Stack size 8 bytes, indicate_semi.o(.text), UNUSED)

<P><STRONG><a name="[61]"></a>__user_setup_stackheap</STRONG> (Thumb, 74 bytes, Stack size 8 bytes, sys_stackheap_outer.o(.text))
<BR><BR>[Stack]<UL><LI>Max Depth = 8 + Unknown Stack Size
<LI>Call Chain = __user_setup_stackheap
</UL>
<BR>[Calls]<UL><LI><a href="#[71]">&gt;&gt;</a>&nbsp;&nbsp;&nbsp;__user_initial_stackheap
<LI><a href="#[70]">&gt;&gt;</a>&nbsp;&nbsp;&nbsp;__user_perproc_libspace
</UL>
<BR>[Called By]<UL><LI><a href="#[60]">&gt;&gt;</a>&nbsp;&nbsp;&nbsp;__rt_entry_sh
</UL>

<P><STRONG><a name="[66]"></a>exit</STRONG> (Thumb, 18 bytes, Stack size 8 bytes, exit.o(.text))
<BR><BR>[Stack]<UL><LI>Max Depth = 8 + Unknown Stack Size
<LI>Call Chain = exit
</UL>
<BR>[Calls]<UL><LI><a href="#[72]">&gt;&gt;</a>&nbsp;&nbsp;&nbsp;__rt_exit
</UL>
<BR>[Called By]<UL><LI><a href="#[64]">&gt;&gt;</a>&nbsp;&nbsp;&nbsp;__rt_entry_main
</UL>

<P><STRONG><a name="[6a]"></a>_sys_exit</STRONG> (Thumb, 8 bytes, Stack size 0 bytes, sys_exit.o(.text))
<BR><BR>[Called By]<UL><LI><a href="#[69]">&gt;&gt;</a>&nbsp;&nbsp;&nbsp;__rt_exit_exit
</UL>

<P><STRONG><a name="[17e]"></a>ALARM_INTERRUPT</STRONG> (Thumb, 32 bytes, Stack size 8 bytes, alarm.o(.text.ALARM_INTERRUPT))
<BR><BR>[Stack]<UL><LI>Max Depth = 8<LI>Call Chain = ALARM_INTERRUPT
</UL>
<BR>[Called By]<UL><LI><a href="#[21]">&gt;&gt;</a>&nbsp;&nbsp;&nbsp;RTC_IRQHandler
</UL>

<P><STRONG><a name="[73]"></a>BSP_LCD_Clear</STRONG> (Thumb, 58 bytes, Stack size 24 bytes, stm32_adafruit_lcd.o(.text.BSP_LCD_Clear))
<BR><BR>[Stack]<UL><LI>Max Depth = 32<LI>Call Chain = BSP_LCD_Clear &rArr; BSP_LCD_GetYSize
</UL>
<BR>[Calls]<UL><LI><a href="#[75]">&gt;&gt;</a>&nbsp;&nbsp;&nbsp;BSP_LCD_GetYSize
<LI><a href="#[74]">&gt;&gt;</a>&nbsp;&nbsp;&nbsp;BSP_LCD_GetXSize
</UL>
<BR>[Called By]<UL><LI><a href="#[207]">&gt;&gt;</a>&nbsp;&nbsp;&nbsp;initGUI
<LI><a href="#[85]">&gt;&gt;</a>&nbsp;&nbsp;&nbsp;BSP_LCD_Init
<LI><a href="#[89]">&gt;&gt;</a>&nbsp;&nbsp;&nbsp;createFrame
<LI><a href="#[1cf]">&gt;&gt;</a>&nbsp;&nbsp;&nbsp;createFrame
<LI><a href="#[1f5]">&gt;&gt;</a>&nbsp;&nbsp;&nbsp;createFrame
<LI><a href="#[1f4]">&gt;&gt;</a>&nbsp;&nbsp;&nbsp;createFrame
<LI><a href="#[1f3]">&gt;&gt;</a>&nbsp;&nbsp;&nbsp;createFrame
<LI><a href="#[1b2]">&gt;&gt;</a>&nbsp;&nbsp;&nbsp;createFrame
<LI><a href="#[1b0]">&gt;&gt;</a>&nbsp;&nbsp;&nbsp;createFrame
<LI><a href="#[1a8]">&gt;&gt;</a>&nbsp;&nbsp;&nbsp;createFrame
<LI><a href="#[162]">&gt;&gt;</a>&nbsp;&nbsp;&nbsp;createPinFrame
<LI><a href="#[193]">&gt;&gt;</a>&nbsp;&nbsp;&nbsp;createFrame
<LI><a href="#[199]">&gt;&gt;</a>&nbsp;&nbsp;&nbsp;createFrame
<LI><a href="#[19d]">&gt;&gt;</a>&nbsp;&nbsp;&nbsp;createFrame
<LI><a href="#[91]">&gt;&gt;</a>&nbsp;&nbsp;&nbsp;createFrame
</UL>

<P><STRONG><a name="[76]"></a>BSP_LCD_DisplayChar</STRONG> (Thumb, 78 bytes, Stack size 32 bytes, stm32_adafruit_lcd.o(.text.BSP_LCD_DisplayChar))
<BR><BR>[Stack]<UL><LI>Max Depth = 136<LI>Call Chain = BSP_LCD_DisplayChar &rArr; DrawChar &rArr; BSP_LCD_DrawBitmap &rArr; SetDisplayWindow
</UL>
<BR>[Calls]<UL><LI><a href="#[77]">&gt;&gt;</a>&nbsp;&nbsp;&nbsp;getCharIndex
<LI><a href="#[78]">&gt;&gt;</a>&nbsp;&nbsp;&nbsp;DrawChar
</UL>
<BR>[Called By]<UL><LI><a href="#[79]">&gt;&gt;</a>&nbsp;&nbsp;&nbsp;BSP_LCD_DisplayStringAt
</UL>

<P><STRONG><a name="[79]"></a>BSP_LCD_DisplayStringAt</STRONG> (Thumb, 456 bytes, Stack size 56 bytes, stm32_adafruit_lcd.o(.text.BSP_LCD_DisplayStringAt))
<BR><BR>[Stack]<UL><LI>Max Depth = 192<LI>Call Chain = BSP_LCD_DisplayStringAt &rArr; BSP_LCD_DisplayChar &rArr; DrawChar &rArr; BSP_LCD_DrawBitmap &rArr; SetDisplayWindow
</UL>
<BR>[Calls]<UL><LI><a href="#[74]">&gt;&gt;</a>&nbsp;&nbsp;&nbsp;BSP_LCD_GetXSize
<LI><a href="#[7a]">&gt;&gt;</a>&nbsp;&nbsp;&nbsp;getStringWidth
<LI><a href="#[77]">&gt;&gt;</a>&nbsp;&nbsp;&nbsp;getCharIndex
<LI><a href="#[76]">&gt;&gt;</a>&nbsp;&nbsp;&nbsp;BSP_LCD_DisplayChar
</UL>
<BR>[Called By]<UL><LI><a href="#[8b]">&gt;&gt;</a>&nbsp;&nbsp;&nbsp;drawClock
<LI><a href="#[197]">&gt;&gt;</a>&nbsp;&nbsp;&nbsp;drawFillButton
<LI><a href="#[1f1]">&gt;&gt;</a>&nbsp;&nbsp;&nbsp;drawYear
<LI><a href="#[1f0]">&gt;&gt;</a>&nbsp;&nbsp;&nbsp;drawMonth
<LI><a href="#[1ef]">&gt;&gt;</a>&nbsp;&nbsp;&nbsp;drawDay
<LI><a href="#[18e]">&gt;&gt;</a>&nbsp;&nbsp;&nbsp;ShowWashTimCustFrame
<LI><a href="#[19f]">&gt;&gt;</a>&nbsp;&nbsp;&nbsp;showRemeiningTime
<LI><a href="#[196]">&gt;&gt;</a>&nbsp;&nbsp;&nbsp;showRemeiningTime
<LI><a href="#[191]">&gt;&gt;</a>&nbsp;&nbsp;&nbsp;ShowDaysBetweenRegenCustFrame
<LI><a href="#[194]">&gt;&gt;</a>&nbsp;&nbsp;&nbsp;createFrame
<LI><a href="#[183]">&gt;&gt;</a>&nbsp;&nbsp;&nbsp;RefreshScrollBarMenuFrame
<LI><a href="#[1a5]">&gt;&gt;</a>&nbsp;&nbsp;&nbsp;createFrame
<LI><a href="#[170]">&gt;&gt;</a>&nbsp;&nbsp;&nbsp;PrintResultFromKeyboard
<LI><a href="#[8e]">&gt;&gt;</a>&nbsp;&nbsp;&nbsp;ShowKeyboardFrame
<LI><a href="#[1a0]">&gt;&gt;</a>&nbsp;&nbsp;&nbsp;createFrame
<LI><a href="#[1a4]">&gt;&gt;</a>&nbsp;&nbsp;&nbsp;ShowMenuFrame
<LI><a href="#[1a3]">&gt;&gt;</a>&nbsp;&nbsp;&nbsp;ShowServiceMenuFrame
<LI><a href="#[161]">&gt;&gt;</a>&nbsp;&nbsp;&nbsp;PIN_showFrame
<LI><a href="#[1ee]">&gt;&gt;</a>&nbsp;&nbsp;&nbsp;drawStatusBarLabel
<LI><a href="#[1ed]">&gt;&gt;</a>&nbsp;&nbsp;&nbsp;drawStatusBarOkCancel
<LI><a href="#[1ea]">&gt;&gt;</a>&nbsp;&nbsp;&nbsp;drawMainBar
<LI><a href="#[8d]">&gt;&gt;</a>&nbsp;&nbsp;&nbsp;drawDarkTextLabel
<LI><a href="#[93]">&gt;&gt;</a>&nbsp;&nbsp;&nbsp;drawTextLabel
<LI><a href="#[1f5]">&gt;&gt;</a>&nbsp;&nbsp;&nbsp;createFrame
<LI><a href="#[1f4]">&gt;&gt;</a>&nbsp;&nbsp;&nbsp;createFrame
<LI><a href="#[1f3]">&gt;&gt;</a>&nbsp;&nbsp;&nbsp;createFrame
<LI><a href="#[1b2]">&gt;&gt;</a>&nbsp;&nbsp;&nbsp;createFrame
<LI><a href="#[1a8]">&gt;&gt;</a>&nbsp;&nbsp;&nbsp;createFrame
<LI><a href="#[187]">&gt;&gt;</a>&nbsp;&nbsp;&nbsp;RefreshScrollBarServiceMenuFrame
<LI><a href="#[1a9]">&gt;&gt;</a>&nbsp;&nbsp;&nbsp;createFrame
<LI><a href="#[162]">&gt;&gt;</a>&nbsp;&nbsp;&nbsp;createPinFrame
<LI><a href="#[18c]">&gt;&gt;</a>&nbsp;&nbsp;&nbsp;createFrame
<LI><a href="#[193]">&gt;&gt;</a>&nbsp;&nbsp;&nbsp;createFrame
<LI><a href="#[189]">&gt;&gt;</a>&nbsp;&nbsp;&nbsp;RefreshScrollBarSofteningFrame
<LI><a href="#[1ad]">&gt;&gt;</a>&nbsp;&nbsp;&nbsp;createFrame
<LI><a href="#[19d]">&gt;&gt;</a>&nbsp;&nbsp;&nbsp;createFrame
<LI><a href="#[91]">&gt;&gt;</a>&nbsp;&nbsp;&nbsp;createFrame
</UL>

<P><STRONG><a name="[7b]"></a>BSP_LCD_DrawBitmap</STRONG> (Thumb, 160 bytes, Stack size 32 bytes, stm32_adafruit_lcd.o(.text.BSP_LCD_DrawBitmap))
<BR><BR>[Stack]<UL><LI>Max Depth = 48<LI>Call Chain = BSP_LCD_DrawBitmap &rArr; SetDisplayWindow
</UL>
<BR>[Calls]<UL><LI><a href="#[75]">&gt;&gt;</a>&nbsp;&nbsp;&nbsp;BSP_LCD_GetYSize
<LI><a href="#[74]">&gt;&gt;</a>&nbsp;&nbsp;&nbsp;BSP_LCD_GetXSize
<LI><a href="#[7c]">&gt;&gt;</a>&nbsp;&nbsp;&nbsp;SetDisplayWindow
</UL>
<BR>[Called By]<UL><LI><a href="#[207]">&gt;&gt;</a>&nbsp;&nbsp;&nbsp;initGUI
<LI><a href="#[78]">&gt;&gt;</a>&nbsp;&nbsp;&nbsp;DrawChar
<LI><a href="#[185]">&gt;&gt;</a>&nbsp;&nbsp;&nbsp;drawScrollButton
<LI><a href="#[1ea]">&gt;&gt;</a>&nbsp;&nbsp;&nbsp;drawMainBar
<LI><a href="#[18c]">&gt;&gt;</a>&nbsp;&nbsp;&nbsp;createFrame
</UL>

<P><STRONG><a name="[7d]"></a>BSP_LCD_DrawCircle</STRONG> (Thumb, 344 bytes, Stack size 32 bytes, stm32_adafruit_lcd.o(.text.BSP_LCD_DrawCircle))
<BR><BR>[Stack]<UL><LI>Max Depth = 48<LI>Call Chain = BSP_LCD_DrawCircle &rArr; BSP_LCD_DrawPixel
</UL>
<BR>[Calls]<UL><LI><a href="#[7e]">&gt;&gt;</a>&nbsp;&nbsp;&nbsp;BSP_LCD_DrawPixel
</UL>
<BR>[Called By]<UL><LI><a href="#[83]">&gt;&gt;</a>&nbsp;&nbsp;&nbsp;BSP_LCD_FillCircle
</UL>

<P><STRONG><a name="[7f]"></a>BSP_LCD_DrawHLine</STRONG> (Thumb, 138 bytes, Stack size 24 bytes, stm32_adafruit_lcd.o(.text.BSP_LCD_DrawHLine))
<BR><BR>[Stack]<UL><LI>Max Depth = 40<LI>Call Chain = BSP_LCD_DrawHLine &rArr; BSP_LCD_DrawPixel
</UL>
<BR>[Calls]<UL><LI><a href="#[7e]">&gt;&gt;</a>&nbsp;&nbsp;&nbsp;BSP_LCD_DrawPixel
</UL>
<BR>[Called By]<UL><LI><a href="#[161]">&gt;&gt;</a>&nbsp;&nbsp;&nbsp;PIN_showFrame
<LI><a href="#[81]">&gt;&gt;</a>&nbsp;&nbsp;&nbsp;BSP_LCD_DrawRect
<LI><a href="#[83]">&gt;&gt;</a>&nbsp;&nbsp;&nbsp;BSP_LCD_FillCircle
</UL>

<P><STRONG><a name="[80]"></a>BSP_LCD_DrawLine</STRONG> (Thumb, 548 bytes, Stack size 56 bytes, stm32_adafruit_lcd.o(.text.BSP_LCD_DrawLine))
<BR><BR>[Stack]<UL><LI>Max Depth = 72<LI>Call Chain = BSP_LCD_DrawLine &rArr; BSP_LCD_DrawPixel
</UL>
<BR>[Calls]<UL><LI><a href="#[7e]">&gt;&gt;</a>&nbsp;&nbsp;&nbsp;BSP_LCD_DrawPixel
</UL>
<BR>[Called By]<UL><LI><a href="#[19e]">&gt;&gt;</a>&nbsp;&nbsp;&nbsp;createFrame
<LI><a href="#[195]">&gt;&gt;</a>&nbsp;&nbsp;&nbsp;createFrame
<LI><a href="#[1a0]">&gt;&gt;</a>&nbsp;&nbsp;&nbsp;createFrame
<LI><a href="#[186]">&gt;&gt;</a>&nbsp;&nbsp;&nbsp;drawStaticLines
</UL>

<P><STRONG><a name="[7e]"></a>BSP_LCD_DrawPixel</STRONG> (Thumb, 64 bytes, Stack size 16 bytes, stm32_adafruit_lcd.o(.text.BSP_LCD_DrawPixel))
<BR><BR>[Stack]<UL><LI>Max Depth = 16<LI>Call Chain = BSP_LCD_DrawPixel
</UL>
<BR>[Called By]<UL><LI><a href="#[82]">&gt;&gt;</a>&nbsp;&nbsp;&nbsp;BSP_LCD_DrawVLine
<LI><a href="#[7f]">&gt;&gt;</a>&nbsp;&nbsp;&nbsp;BSP_LCD_DrawHLine
<LI><a href="#[7d]">&gt;&gt;</a>&nbsp;&nbsp;&nbsp;BSP_LCD_DrawCircle
<LI><a href="#[80]">&gt;&gt;</a>&nbsp;&nbsp;&nbsp;BSP_LCD_DrawLine
</UL>

<P><STRONG><a name="[81]"></a>BSP_LCD_DrawRect</STRONG> (Thumb, 108 bytes, Stack size 16 bytes, stm32_adafruit_lcd.o(.text.BSP_LCD_DrawRect))
<BR><BR>[Stack]<UL><LI>Max Depth = 56<LI>Call Chain = BSP_LCD_DrawRect &rArr; BSP_LCD_DrawVLine &rArr; BSP_LCD_DrawPixel
</UL>
<BR>[Calls]<UL><LI><a href="#[82]">&gt;&gt;</a>&nbsp;&nbsp;&nbsp;BSP_LCD_DrawVLine
<LI><a href="#[7f]">&gt;&gt;</a>&nbsp;&nbsp;&nbsp;BSP_LCD_DrawHLine
</UL>
<BR>[Called By]<UL><LI><a href="#[18c]">&gt;&gt;</a>&nbsp;&nbsp;&nbsp;createFrame
</UL>

<P><STRONG><a name="[82]"></a>BSP_LCD_DrawVLine</STRONG> (Thumb, 138 bytes, Stack size 24 bytes, stm32_adafruit_lcd.o(.text.BSP_LCD_DrawVLine))
<BR><BR>[Stack]<UL><LI>Max Depth = 40<LI>Call Chain = BSP_LCD_DrawVLine &rArr; BSP_LCD_DrawPixel
</UL>
<BR>[Calls]<UL><LI><a href="#[7e]">&gt;&gt;</a>&nbsp;&nbsp;&nbsp;BSP_LCD_DrawPixel
</UL>
<BR>[Called By]<UL><LI><a href="#[81]">&gt;&gt;</a>&nbsp;&nbsp;&nbsp;BSP_LCD_DrawRect
</UL>

<P><STRONG><a name="[83]"></a>BSP_LCD_FillCircle</STRONG> (Thumb, 268 bytes, Stack size 32 bytes, stm32_adafruit_lcd.o(.text.BSP_LCD_FillCircle))
<BR><BR>[Stack]<UL><LI>Max Depth = 80<LI>Call Chain = BSP_LCD_FillCircle &rArr; BSP_LCD_DrawCircle &rArr; BSP_LCD_DrawPixel
</UL>
<BR>[Calls]<UL><LI><a href="#[84]">&gt;&gt;</a>&nbsp;&nbsp;&nbsp;BSP_LCD_SetTextColor
<LI><a href="#[7f]">&gt;&gt;</a>&nbsp;&nbsp;&nbsp;BSP_LCD_DrawHLine
<LI><a href="#[7d]">&gt;&gt;</a>&nbsp;&nbsp;&nbsp;BSP_LCD_DrawCircle
</UL>
<BR>[Called By]<UL><LI><a href="#[197]">&gt;&gt;</a>&nbsp;&nbsp;&nbsp;drawFillButton
<LI><a href="#[19f]">&gt;&gt;</a>&nbsp;&nbsp;&nbsp;showRemeiningTime
<LI><a href="#[196]">&gt;&gt;</a>&nbsp;&nbsp;&nbsp;showRemeiningTime
<LI><a href="#[185]">&gt;&gt;</a>&nbsp;&nbsp;&nbsp;drawScrollButton
<LI><a href="#[8d]">&gt;&gt;</a>&nbsp;&nbsp;&nbsp;drawDarkTextLabel
<LI><a href="#[93]">&gt;&gt;</a>&nbsp;&nbsp;&nbsp;drawTextLabel
<LI><a href="#[171]">&gt;&gt;</a>&nbsp;&nbsp;&nbsp;drawFillArcRec
</UL>

<P><STRONG><a name="[182]"></a>BSP_LCD_FillRect</STRONG> (Thumb, 74 bytes, Stack size 24 bytes, stm32_adafruit_lcd.o(.text.BSP_LCD_FillRect))
<BR><BR>[Stack]<UL><LI>Max Depth = 24<LI>Call Chain = BSP_LCD_FillRect
</UL>
<BR>[Called By]<UL><LI><a href="#[207]">&gt;&gt;</a>&nbsp;&nbsp;&nbsp;initGUI
<LI><a href="#[197]">&gt;&gt;</a>&nbsp;&nbsp;&nbsp;drawFillButton
<LI><a href="#[19f]">&gt;&gt;</a>&nbsp;&nbsp;&nbsp;showRemeiningTime
<LI><a href="#[196]">&gt;&gt;</a>&nbsp;&nbsp;&nbsp;showRemeiningTime
<LI><a href="#[180]">&gt;&gt;</a>&nbsp;&nbsp;&nbsp;RefreshCursor
<LI><a href="#[8e]">&gt;&gt;</a>&nbsp;&nbsp;&nbsp;ShowKeyboardFrame
<LI><a href="#[1a0]">&gt;&gt;</a>&nbsp;&nbsp;&nbsp;createFrame
<LI><a href="#[185]">&gt;&gt;</a>&nbsp;&nbsp;&nbsp;drawScrollButton
<LI><a href="#[1ec]">&gt;&gt;</a>&nbsp;&nbsp;&nbsp;drawStatusBarEmpty
<LI><a href="#[1ee]">&gt;&gt;</a>&nbsp;&nbsp;&nbsp;drawStatusBarLabel
<LI><a href="#[1ed]">&gt;&gt;</a>&nbsp;&nbsp;&nbsp;drawStatusBarOkCancel
<LI><a href="#[1eb]">&gt;&gt;</a>&nbsp;&nbsp;&nbsp;drawMainWindow
<LI><a href="#[1ea]">&gt;&gt;</a>&nbsp;&nbsp;&nbsp;drawMainBar
<LI><a href="#[8d]">&gt;&gt;</a>&nbsp;&nbsp;&nbsp;drawDarkTextLabel
<LI><a href="#[93]">&gt;&gt;</a>&nbsp;&nbsp;&nbsp;drawTextLabel
<LI><a href="#[171]">&gt;&gt;</a>&nbsp;&nbsp;&nbsp;drawFillArcRec
<LI><a href="#[18c]">&gt;&gt;</a>&nbsp;&nbsp;&nbsp;createFrame
</UL>

<P><STRONG><a name="[1fd]"></a>BSP_LCD_GetBackColor</STRONG> (Thumb, 12 bytes, Stack size 0 bytes, stm32_adafruit_lcd.o(.text.BSP_LCD_GetBackColor))
<BR><BR>[Called By]<UL><LI><a href="#[8b]">&gt;&gt;</a>&nbsp;&nbsp;&nbsp;drawClock
<LI><a href="#[171]">&gt;&gt;</a>&nbsp;&nbsp;&nbsp;drawFillArcRec
</UL>

<P><STRONG><a name="[92]"></a>BSP_LCD_GetFont</STRONG> (Thumb, 12 bytes, Stack size 0 bytes, stm32_adafruit_lcd.o(.text.BSP_LCD_GetFont))
<BR><BR>[Called By]<UL><LI><a href="#[90]">&gt;&gt;</a>&nbsp;&nbsp;&nbsp;CSF_showFrame
<LI><a href="#[1d0]">&gt;&gt;</a>&nbsp;&nbsp;&nbsp;drawMidClock
<LI><a href="#[1cf]">&gt;&gt;</a>&nbsp;&nbsp;&nbsp;createFrame
<LI><a href="#[18d]">&gt;&gt;</a>&nbsp;&nbsp;&nbsp;TSF_showFrame
<LI><a href="#[1a0]">&gt;&gt;</a>&nbsp;&nbsp;&nbsp;createFrame
<LI><a href="#[162]">&gt;&gt;</a>&nbsp;&nbsp;&nbsp;createPinFrame
<LI><a href="#[91]">&gt;&gt;</a>&nbsp;&nbsp;&nbsp;createFrame
</UL>

<P><STRONG><a name="[181]"></a>BSP_LCD_GetTextColor</STRONG> (Thumb, 12 bytes, Stack size 0 bytes, stm32_adafruit_lcd.o(.text.BSP_LCD_GetTextColor))
<BR><BR>[Called By]<UL><LI><a href="#[8b]">&gt;&gt;</a>&nbsp;&nbsp;&nbsp;drawClock
<LI><a href="#[180]">&gt;&gt;</a>&nbsp;&nbsp;&nbsp;RefreshCursor
<LI><a href="#[171]">&gt;&gt;</a>&nbsp;&nbsp;&nbsp;drawFillArcRec
</UL>

<P><STRONG><a name="[74]"></a>BSP_LCD_GetXSize</STRONG> (Thumb, 18 bytes, Stack size 8 bytes, stm32_adafruit_lcd.o(.text.BSP_LCD_GetXSize))
<BR><BR>[Stack]<UL><LI>Max Depth = 8<LI>Call Chain = BSP_LCD_GetXSize
</UL>
<BR>[Called By]<UL><LI><a href="#[7b]">&gt;&gt;</a>&nbsp;&nbsp;&nbsp;BSP_LCD_DrawBitmap
<LI><a href="#[79]">&gt;&gt;</a>&nbsp;&nbsp;&nbsp;BSP_LCD_DisplayStringAt
<LI><a href="#[73]">&gt;&gt;</a>&nbsp;&nbsp;&nbsp;BSP_LCD_Clear
<LI><a href="#[1f1]">&gt;&gt;</a>&nbsp;&nbsp;&nbsp;drawYear
<LI><a href="#[1f0]">&gt;&gt;</a>&nbsp;&nbsp;&nbsp;drawMonth
<LI><a href="#[1ef]">&gt;&gt;</a>&nbsp;&nbsp;&nbsp;drawDay
<LI><a href="#[88]">&gt;&gt;</a>&nbsp;&nbsp;&nbsp;CAL_showFrame
<LI><a href="#[90]">&gt;&gt;</a>&nbsp;&nbsp;&nbsp;CSF_showFrame
<LI><a href="#[1d0]">&gt;&gt;</a>&nbsp;&nbsp;&nbsp;drawMidClock
<LI><a href="#[1cf]">&gt;&gt;</a>&nbsp;&nbsp;&nbsp;createFrame
<LI><a href="#[1a7]">&gt;&gt;</a>&nbsp;&nbsp;&nbsp;ShowRegenPeriodServiceFrame
<LI><a href="#[1a6]">&gt;&gt;</a>&nbsp;&nbsp;&nbsp;ShowWashingTimeServiceFrame
<LI><a href="#[18d]">&gt;&gt;</a>&nbsp;&nbsp;&nbsp;TSF_showFrame
<LI><a href="#[1a0]">&gt;&gt;</a>&nbsp;&nbsp;&nbsp;createFrame
<LI><a href="#[161]">&gt;&gt;</a>&nbsp;&nbsp;&nbsp;PIN_showFrame
<LI><a href="#[1ec]">&gt;&gt;</a>&nbsp;&nbsp;&nbsp;drawStatusBarEmpty
<LI><a href="#[1ee]">&gt;&gt;</a>&nbsp;&nbsp;&nbsp;drawStatusBarLabel
<LI><a href="#[1ed]">&gt;&gt;</a>&nbsp;&nbsp;&nbsp;drawStatusBarOkCancel
<LI><a href="#[1eb]">&gt;&gt;</a>&nbsp;&nbsp;&nbsp;drawMainWindow
<LI><a href="#[1ea]">&gt;&gt;</a>&nbsp;&nbsp;&nbsp;drawMainBar
<LI><a href="#[1f4]">&gt;&gt;</a>&nbsp;&nbsp;&nbsp;createFrame
<LI><a href="#[219]">&gt;&gt;</a>&nbsp;&nbsp;&nbsp;showServiceDateSelectFrame
<LI><a href="#[1f3]">&gt;&gt;</a>&nbsp;&nbsp;&nbsp;createFrame
<LI><a href="#[1b2]">&gt;&gt;</a>&nbsp;&nbsp;&nbsp;createFrame
<LI><a href="#[1b0]">&gt;&gt;</a>&nbsp;&nbsp;&nbsp;createFrame
<LI><a href="#[1a8]">&gt;&gt;</a>&nbsp;&nbsp;&nbsp;createFrame
<LI><a href="#[162]">&gt;&gt;</a>&nbsp;&nbsp;&nbsp;createPinFrame
<LI><a href="#[18c]">&gt;&gt;</a>&nbsp;&nbsp;&nbsp;createFrame
<LI><a href="#[193]">&gt;&gt;</a>&nbsp;&nbsp;&nbsp;createFrame
<LI><a href="#[91]">&gt;&gt;</a>&nbsp;&nbsp;&nbsp;createFrame
</UL>

<P><STRONG><a name="[75]"></a>BSP_LCD_GetYSize</STRONG> (Thumb, 18 bytes, Stack size 8 bytes, stm32_adafruit_lcd.o(.text.BSP_LCD_GetYSize))
<BR><BR>[Stack]<UL><LI>Max Depth = 8<LI>Call Chain = BSP_LCD_GetYSize
</UL>
<BR>[Called By]<UL><LI><a href="#[8b]">&gt;&gt;</a>&nbsp;&nbsp;&nbsp;drawClock
<LI><a href="#[7b]">&gt;&gt;</a>&nbsp;&nbsp;&nbsp;BSP_LCD_DrawBitmap
<LI><a href="#[73]">&gt;&gt;</a>&nbsp;&nbsp;&nbsp;BSP_LCD_Clear
<LI><a href="#[1f1]">&gt;&gt;</a>&nbsp;&nbsp;&nbsp;drawYear
<LI><a href="#[1f0]">&gt;&gt;</a>&nbsp;&nbsp;&nbsp;drawMonth
<LI><a href="#[1ef]">&gt;&gt;</a>&nbsp;&nbsp;&nbsp;drawDay
<LI><a href="#[88]">&gt;&gt;</a>&nbsp;&nbsp;&nbsp;CAL_showFrame
<LI><a href="#[90]">&gt;&gt;</a>&nbsp;&nbsp;&nbsp;CSF_showFrame
<LI><a href="#[183]">&gt;&gt;</a>&nbsp;&nbsp;&nbsp;RefreshScrollBarMenuFrame
<LI><a href="#[1a7]">&gt;&gt;</a>&nbsp;&nbsp;&nbsp;ShowRegenPeriodServiceFrame
<LI><a href="#[1a6]">&gt;&gt;</a>&nbsp;&nbsp;&nbsp;ShowWashingTimeServiceFrame
<LI><a href="#[184]">&gt;&gt;</a>&nbsp;&nbsp;&nbsp;calcButParam
<LI><a href="#[1a5]">&gt;&gt;</a>&nbsp;&nbsp;&nbsp;createFrame
<LI><a href="#[1ec]">&gt;&gt;</a>&nbsp;&nbsp;&nbsp;drawStatusBarEmpty
<LI><a href="#[1ee]">&gt;&gt;</a>&nbsp;&nbsp;&nbsp;drawStatusBarLabel
<LI><a href="#[1ed]">&gt;&gt;</a>&nbsp;&nbsp;&nbsp;drawStatusBarOkCancel
<LI><a href="#[186]">&gt;&gt;</a>&nbsp;&nbsp;&nbsp;drawStaticLines
<LI><a href="#[1f5]">&gt;&gt;</a>&nbsp;&nbsp;&nbsp;createFrame
<LI><a href="#[1f4]">&gt;&gt;</a>&nbsp;&nbsp;&nbsp;createFrame
<LI><a href="#[219]">&gt;&gt;</a>&nbsp;&nbsp;&nbsp;showServiceDateSelectFrame
<LI><a href="#[1f3]">&gt;&gt;</a>&nbsp;&nbsp;&nbsp;createFrame
<LI><a href="#[1b2]">&gt;&gt;</a>&nbsp;&nbsp;&nbsp;createFrame
<LI><a href="#[1b0]">&gt;&gt;</a>&nbsp;&nbsp;&nbsp;createFrame
<LI><a href="#[1a8]">&gt;&gt;</a>&nbsp;&nbsp;&nbsp;createFrame
<LI><a href="#[187]">&gt;&gt;</a>&nbsp;&nbsp;&nbsp;RefreshScrollBarServiceMenuFrame
<LI><a href="#[1aa]">&gt;&gt;</a>&nbsp;&nbsp;&nbsp;showLoadTypeFrame
<LI><a href="#[188]">&gt;&gt;</a>&nbsp;&nbsp;&nbsp;calcButParam
<LI><a href="#[1a9]">&gt;&gt;</a>&nbsp;&nbsp;&nbsp;createFrame
<LI><a href="#[18c]">&gt;&gt;</a>&nbsp;&nbsp;&nbsp;createFrame
<LI><a href="#[18a]">&gt;&gt;</a>&nbsp;&nbsp;&nbsp;calcButParam
<LI><a href="#[189]">&gt;&gt;</a>&nbsp;&nbsp;&nbsp;RefreshScrollBarSofteningFrame
<LI><a href="#[1ad]">&gt;&gt;</a>&nbsp;&nbsp;&nbsp;createFrame
<LI><a href="#[19b]">&gt;&gt;</a>&nbsp;&nbsp;&nbsp;ShowSofteningFrame
<LI><a href="#[198]">&gt;&gt;</a>&nbsp;&nbsp;&nbsp;ShowFilterSelectionFrame
<LI><a href="#[19c]">&gt;&gt;</a>&nbsp;&nbsp;&nbsp;markLines
<LI><a href="#[199]">&gt;&gt;</a>&nbsp;&nbsp;&nbsp;createFrame
<LI><a href="#[19a]">&gt;&gt;</a>&nbsp;&nbsp;&nbsp;ShowFilteringFrame
<LI><a href="#[19d]">&gt;&gt;</a>&nbsp;&nbsp;&nbsp;createFrame
<LI><a href="#[91]">&gt;&gt;</a>&nbsp;&nbsp;&nbsp;createFrame
</UL>

<P><STRONG><a name="[85]"></a>BSP_LCD_Init</STRONG> (Thumb, 90 bytes, Stack size 24 bytes, stm32_adafruit_lcd.o(.text.BSP_LCD_Init))
<BR><BR>[Stack]<UL><LI>Max Depth = 56<LI>Call Chain = BSP_LCD_Init &rArr; BSP_LCD_Clear &rArr; BSP_LCD_GetYSize
</UL>
<BR>[Calls]<UL><LI><a href="#[73]">&gt;&gt;</a>&nbsp;&nbsp;&nbsp;BSP_LCD_Clear
</UL>
<BR>[Called By]<UL><LI><a href="#[207]">&gt;&gt;</a>&nbsp;&nbsp;&nbsp;initGUI
</UL>

<P><STRONG><a name="[164]"></a>BSP_LCD_SetBackColor</STRONG> (Thumb, 24 bytes, Stack size 4 bytes, stm32_adafruit_lcd.o(.text.BSP_LCD_SetBackColor))
<BR><BR>[Stack]<UL><LI>Max Depth = 4<LI>Call Chain = BSP_LCD_SetBackColor
</UL>
<BR>[Called By]<UL><LI><a href="#[8b]">&gt;&gt;</a>&nbsp;&nbsp;&nbsp;drawClock
<LI><a href="#[197]">&gt;&gt;</a>&nbsp;&nbsp;&nbsp;drawFillButton
<LI><a href="#[1f1]">&gt;&gt;</a>&nbsp;&nbsp;&nbsp;drawYear
<LI><a href="#[1f0]">&gt;&gt;</a>&nbsp;&nbsp;&nbsp;drawMonth
<LI><a href="#[1ef]">&gt;&gt;</a>&nbsp;&nbsp;&nbsp;drawDay
<LI><a href="#[18e]">&gt;&gt;</a>&nbsp;&nbsp;&nbsp;ShowWashTimCustFrame
<LI><a href="#[1ae]">&gt;&gt;</a>&nbsp;&nbsp;&nbsp;createFrame
<LI><a href="#[19f]">&gt;&gt;</a>&nbsp;&nbsp;&nbsp;showRemeiningTime
<LI><a href="#[19e]">&gt;&gt;</a>&nbsp;&nbsp;&nbsp;createFrame
<LI><a href="#[196]">&gt;&gt;</a>&nbsp;&nbsp;&nbsp;showRemeiningTime
<LI><a href="#[195]">&gt;&gt;</a>&nbsp;&nbsp;&nbsp;createFrame
<LI><a href="#[191]">&gt;&gt;</a>&nbsp;&nbsp;&nbsp;ShowDaysBetweenRegenCustFrame
<LI><a href="#[194]">&gt;&gt;</a>&nbsp;&nbsp;&nbsp;createFrame
<LI><a href="#[183]">&gt;&gt;</a>&nbsp;&nbsp;&nbsp;RefreshScrollBarMenuFrame
<LI><a href="#[1a5]">&gt;&gt;</a>&nbsp;&nbsp;&nbsp;createFrame
<LI><a href="#[170]">&gt;&gt;</a>&nbsp;&nbsp;&nbsp;PrintResultFromKeyboard
<LI><a href="#[8e]">&gt;&gt;</a>&nbsp;&nbsp;&nbsp;ShowKeyboardFrame
<LI><a href="#[1a0]">&gt;&gt;</a>&nbsp;&nbsp;&nbsp;createFrame
<LI><a href="#[1a4]">&gt;&gt;</a>&nbsp;&nbsp;&nbsp;ShowMenuFrame
<LI><a href="#[1a3]">&gt;&gt;</a>&nbsp;&nbsp;&nbsp;ShowServiceMenuFrame
<LI><a href="#[161]">&gt;&gt;</a>&nbsp;&nbsp;&nbsp;PIN_showFrame
<LI><a href="#[1ee]">&gt;&gt;</a>&nbsp;&nbsp;&nbsp;drawStatusBarLabel
<LI><a href="#[1ed]">&gt;&gt;</a>&nbsp;&nbsp;&nbsp;drawStatusBarOkCancel
<LI><a href="#[1ea]">&gt;&gt;</a>&nbsp;&nbsp;&nbsp;drawMainBar
<LI><a href="#[8d]">&gt;&gt;</a>&nbsp;&nbsp;&nbsp;drawDarkTextLabel
<LI><a href="#[93]">&gt;&gt;</a>&nbsp;&nbsp;&nbsp;drawTextLabel
<LI><a href="#[171]">&gt;&gt;</a>&nbsp;&nbsp;&nbsp;drawFillArcRec
<LI><a href="#[1f5]">&gt;&gt;</a>&nbsp;&nbsp;&nbsp;createFrame
<LI><a href="#[1f4]">&gt;&gt;</a>&nbsp;&nbsp;&nbsp;createFrame
<LI><a href="#[1f3]">&gt;&gt;</a>&nbsp;&nbsp;&nbsp;createFrame
<LI><a href="#[1a8]">&gt;&gt;</a>&nbsp;&nbsp;&nbsp;createFrame
<LI><a href="#[187]">&gt;&gt;</a>&nbsp;&nbsp;&nbsp;RefreshScrollBarServiceMenuFrame
<LI><a href="#[1a9]">&gt;&gt;</a>&nbsp;&nbsp;&nbsp;createFrame
<LI><a href="#[162]">&gt;&gt;</a>&nbsp;&nbsp;&nbsp;createPinFrame
<LI><a href="#[18c]">&gt;&gt;</a>&nbsp;&nbsp;&nbsp;createFrame
<LI><a href="#[193]">&gt;&gt;</a>&nbsp;&nbsp;&nbsp;createFrame
<LI><a href="#[189]">&gt;&gt;</a>&nbsp;&nbsp;&nbsp;RefreshScrollBarSofteningFrame
<LI><a href="#[1ad]">&gt;&gt;</a>&nbsp;&nbsp;&nbsp;createFrame
<LI><a href="#[19d]">&gt;&gt;</a>&nbsp;&nbsp;&nbsp;createFrame
<LI><a href="#[91]">&gt;&gt;</a>&nbsp;&nbsp;&nbsp;createFrame
</UL>

<P><STRONG><a name="[1f2]"></a>BSP_LCD_SetFont</STRONG> (Thumb, 20 bytes, Stack size 4 bytes, stm32_adafruit_lcd.o(.text.BSP_LCD_SetFont))
<BR><BR>[Stack]<UL><LI>Max Depth = 4<LI>Call Chain = BSP_LCD_SetFont
</UL>
<BR>[Called By]<UL><LI><a href="#[8b]">&gt;&gt;</a>&nbsp;&nbsp;&nbsp;drawClock
<LI><a href="#[207]">&gt;&gt;</a>&nbsp;&nbsp;&nbsp;initGUI
<LI><a href="#[1b2]">&gt;&gt;</a>&nbsp;&nbsp;&nbsp;createFrame
<LI><a href="#[1a8]">&gt;&gt;</a>&nbsp;&nbsp;&nbsp;createFrame
<LI><a href="#[162]">&gt;&gt;</a>&nbsp;&nbsp;&nbsp;createPinFrame
<LI><a href="#[193]">&gt;&gt;</a>&nbsp;&nbsp;&nbsp;createFrame
</UL>

<P><STRONG><a name="[84]"></a>BSP_LCD_SetTextColor</STRONG> (Thumb, 24 bytes, Stack size 4 bytes, stm32_adafruit_lcd.o(.text.BSP_LCD_SetTextColor))
<BR><BR>[Stack]<UL><LI>Max Depth = 4<LI>Call Chain = BSP_LCD_SetTextColor
</UL>
<BR>[Called By]<UL><LI><a href="#[8b]">&gt;&gt;</a>&nbsp;&nbsp;&nbsp;drawClock
<LI><a href="#[207]">&gt;&gt;</a>&nbsp;&nbsp;&nbsp;initGUI
<LI><a href="#[197]">&gt;&gt;</a>&nbsp;&nbsp;&nbsp;drawFillButton
<LI><a href="#[1f1]">&gt;&gt;</a>&nbsp;&nbsp;&nbsp;drawYear
<LI><a href="#[1f0]">&gt;&gt;</a>&nbsp;&nbsp;&nbsp;drawMonth
<LI><a href="#[1ef]">&gt;&gt;</a>&nbsp;&nbsp;&nbsp;drawDay
<LI><a href="#[18e]">&gt;&gt;</a>&nbsp;&nbsp;&nbsp;ShowWashTimCustFrame
<LI><a href="#[1ae]">&gt;&gt;</a>&nbsp;&nbsp;&nbsp;createFrame
<LI><a href="#[19f]">&gt;&gt;</a>&nbsp;&nbsp;&nbsp;showRemeiningTime
<LI><a href="#[19e]">&gt;&gt;</a>&nbsp;&nbsp;&nbsp;createFrame
<LI><a href="#[196]">&gt;&gt;</a>&nbsp;&nbsp;&nbsp;showRemeiningTime
<LI><a href="#[195]">&gt;&gt;</a>&nbsp;&nbsp;&nbsp;createFrame
<LI><a href="#[191]">&gt;&gt;</a>&nbsp;&nbsp;&nbsp;ShowDaysBetweenRegenCustFrame
<LI><a href="#[194]">&gt;&gt;</a>&nbsp;&nbsp;&nbsp;createFrame
<LI><a href="#[183]">&gt;&gt;</a>&nbsp;&nbsp;&nbsp;RefreshScrollBarMenuFrame
<LI><a href="#[1a5]">&gt;&gt;</a>&nbsp;&nbsp;&nbsp;createFrame
<LI><a href="#[170]">&gt;&gt;</a>&nbsp;&nbsp;&nbsp;PrintResultFromKeyboard
<LI><a href="#[180]">&gt;&gt;</a>&nbsp;&nbsp;&nbsp;RefreshCursor
<LI><a href="#[8e]">&gt;&gt;</a>&nbsp;&nbsp;&nbsp;ShowKeyboardFrame
<LI><a href="#[1a0]">&gt;&gt;</a>&nbsp;&nbsp;&nbsp;createFrame
<LI><a href="#[1a4]">&gt;&gt;</a>&nbsp;&nbsp;&nbsp;ShowMenuFrame
<LI><a href="#[1a3]">&gt;&gt;</a>&nbsp;&nbsp;&nbsp;ShowServiceMenuFrame
<LI><a href="#[161]">&gt;&gt;</a>&nbsp;&nbsp;&nbsp;PIN_showFrame
<LI><a href="#[185]">&gt;&gt;</a>&nbsp;&nbsp;&nbsp;drawScrollButton
<LI><a href="#[1ec]">&gt;&gt;</a>&nbsp;&nbsp;&nbsp;drawStatusBarEmpty
<LI><a href="#[1ee]">&gt;&gt;</a>&nbsp;&nbsp;&nbsp;drawStatusBarLabel
<LI><a href="#[1ed]">&gt;&gt;</a>&nbsp;&nbsp;&nbsp;drawStatusBarOkCancel
<LI><a href="#[186]">&gt;&gt;</a>&nbsp;&nbsp;&nbsp;drawStaticLines
<LI><a href="#[1eb]">&gt;&gt;</a>&nbsp;&nbsp;&nbsp;drawMainWindow
<LI><a href="#[1ea]">&gt;&gt;</a>&nbsp;&nbsp;&nbsp;drawMainBar
<LI><a href="#[8d]">&gt;&gt;</a>&nbsp;&nbsp;&nbsp;drawDarkTextLabel
<LI><a href="#[93]">&gt;&gt;</a>&nbsp;&nbsp;&nbsp;drawTextLabel
<LI><a href="#[171]">&gt;&gt;</a>&nbsp;&nbsp;&nbsp;drawFillArcRec
<LI><a href="#[83]">&gt;&gt;</a>&nbsp;&nbsp;&nbsp;BSP_LCD_FillCircle
<LI><a href="#[1f5]">&gt;&gt;</a>&nbsp;&nbsp;&nbsp;createFrame
<LI><a href="#[1f4]">&gt;&gt;</a>&nbsp;&nbsp;&nbsp;createFrame
<LI><a href="#[1f3]">&gt;&gt;</a>&nbsp;&nbsp;&nbsp;createFrame
<LI><a href="#[1a8]">&gt;&gt;</a>&nbsp;&nbsp;&nbsp;createFrame
<LI><a href="#[187]">&gt;&gt;</a>&nbsp;&nbsp;&nbsp;RefreshScrollBarServiceMenuFrame
<LI><a href="#[1a9]">&gt;&gt;</a>&nbsp;&nbsp;&nbsp;createFrame
<LI><a href="#[162]">&gt;&gt;</a>&nbsp;&nbsp;&nbsp;createPinFrame
<LI><a href="#[18c]">&gt;&gt;</a>&nbsp;&nbsp;&nbsp;createFrame
<LI><a href="#[193]">&gt;&gt;</a>&nbsp;&nbsp;&nbsp;createFrame
<LI><a href="#[189]">&gt;&gt;</a>&nbsp;&nbsp;&nbsp;RefreshScrollBarSofteningFrame
<LI><a href="#[1ad]">&gt;&gt;</a>&nbsp;&nbsp;&nbsp;createFrame
<LI><a href="#[19d]">&gt;&gt;</a>&nbsp;&nbsp;&nbsp;createFrame
<LI><a href="#[91]">&gt;&gt;</a>&nbsp;&nbsp;&nbsp;createFrame
</UL>

<P><STRONG><a name="[86]"></a>BSP_TS_GetState</STRONG> (Thumb, 342 bytes, Stack size 40 bytes, stm32_adafruit_ts.o(.text.BSP_TS_GetState))
<BR><BR>[Stack]<UL><LI>Max Depth = 48<LI>Call Chain = BSP_TS_GetState &rArr; LL_mDelay
</UL>
<BR>[Calls]<UL><LI><a href="#[87]">&gt;&gt;</a>&nbsp;&nbsp;&nbsp;LL_mDelay
</UL>
<BR>[Called By]<UL><LI><a href="#[27]">&gt;&gt;</a>&nbsp;&nbsp;&nbsp;EXTI3_IRQHandler
</UL>

<P><STRONG><a name="[18]"></a>BusFault_Handler</STRONG> (Thumb, 4 bytes, Stack size 0 bytes, stm32f1xx_it.o(.text.BusFault_Handler))
<BR>[Address Reference Count : 1]<UL><LI> startup_stm32f103xg.o(RESET)
</UL>
<P><STRONG><a name="[88]"></a>CAL_showFrame</STRONG> (Thumb, 892 bytes, Stack size 136 bytes, calendar.o(.text.CAL_showFrame))
<BR><BR>[Stack]<UL><LI>Max Depth = 640<LI>Call Chain = CAL_showFrame &rArr; ShowKeyboardFrame &rArr; createFrame &rArr; drawStatusBarOkCancel &rArr; BSP_LCD_DisplayStringAt &rArr; BSP_LCD_DisplayChar &rArr; DrawChar &rArr; BSP_LCD_DrawBitmap &rArr; SetDisplayWindow
</UL>
<BR>[Calls]<UL><LI><a href="#[8b]">&gt;&gt;</a>&nbsp;&nbsp;&nbsp;drawClock
<LI><a href="#[75]">&gt;&gt;</a>&nbsp;&nbsp;&nbsp;BSP_LCD_GetYSize
<LI><a href="#[74]">&gt;&gt;</a>&nbsp;&nbsp;&nbsp;BSP_LCD_GetXSize
<LI><a href="#[8c]">&gt;&gt;</a>&nbsp;&nbsp;&nbsp;getFormatedTimeFromSource
<LI><a href="#[8a]">&gt;&gt;</a>&nbsp;&nbsp;&nbsp;addSec
<LI><a href="#[8f]">&gt;&gt;</a>&nbsp;&nbsp;&nbsp;maxDayInMonth
<LI><a href="#[89]">&gt;&gt;</a>&nbsp;&nbsp;&nbsp;createFrame
<LI><a href="#[8e]">&gt;&gt;</a>&nbsp;&nbsp;&nbsp;ShowKeyboardFrame
<LI><a href="#[8d]">&gt;&gt;</a>&nbsp;&nbsp;&nbsp;drawDarkTextLabel
</UL>
<BR>[Called By]<UL><LI><a href="#[18d]">&gt;&gt;</a>&nbsp;&nbsp;&nbsp;TSF_showFrame
</UL>

<P><STRONG><a name="[90]"></a>CSF_showFrame</STRONG> (Thumb, 630 bytes, Stack size 96 bytes, clockset.o(.text.CSF_showFrame))
<BR><BR>[Stack]<UL><LI>Max Depth = 600<LI>Call Chain = CSF_showFrame &rArr; ShowKeyboardFrame &rArr; createFrame &rArr; drawStatusBarOkCancel &rArr; BSP_LCD_DisplayStringAt &rArr; BSP_LCD_DisplayChar &rArr; DrawChar &rArr; BSP_LCD_DrawBitmap &rArr; SetDisplayWindow
</UL>
<BR>[Calls]<UL><LI><a href="#[8b]">&gt;&gt;</a>&nbsp;&nbsp;&nbsp;drawClock
<LI><a href="#[75]">&gt;&gt;</a>&nbsp;&nbsp;&nbsp;BSP_LCD_GetYSize
<LI><a href="#[74]">&gt;&gt;</a>&nbsp;&nbsp;&nbsp;BSP_LCD_GetXSize
<LI><a href="#[92]">&gt;&gt;</a>&nbsp;&nbsp;&nbsp;BSP_LCD_GetFont
<LI><a href="#[8c]">&gt;&gt;</a>&nbsp;&nbsp;&nbsp;getFormatedTimeFromSource
<LI><a href="#[8e]">&gt;&gt;</a>&nbsp;&nbsp;&nbsp;ShowKeyboardFrame
<LI><a href="#[93]">&gt;&gt;</a>&nbsp;&nbsp;&nbsp;drawTextLabel
<LI><a href="#[91]">&gt;&gt;</a>&nbsp;&nbsp;&nbsp;createFrame
</UL>
<BR>[Called By]<UL><LI><a href="#[1a6]">&gt;&gt;</a>&nbsp;&nbsp;&nbsp;ShowWashingTimeServiceFrame
<LI><a href="#[18d]">&gt;&gt;</a>&nbsp;&nbsp;&nbsp;TSF_showFrame
</UL>

<P><STRONG><a name="[2c]"></a>DMA1_Channel4_IRQHandler</STRONG> (Thumb, 208 bytes, Stack size 16 bytes, lcd_io_spi.o(.text.DMA1_Channel4_IRQHandler))
<BR><BR>[Stack]<UL><LI>Max Depth = 20<LI>Call Chain = DMA1_Channel4_IRQHandler &rArr; LCD_IO_Delay
</UL>
<BR>[Calls]<UL><LI><a href="#[94]">&gt;&gt;</a>&nbsp;&nbsp;&nbsp;LCD_IO_Delay
</UL>
<BR>[Address Reference Count : 1]<UL><LI> startup_stm32f103xg.o(RESET)
</UL>
<P><STRONG><a name="[2d]"></a>DMA1_Channel5_IRQHandler</STRONG> (Thumb, 236 bytes, Stack size 8 bytes, lcd_io_spi.o(.text.DMA1_Channel5_IRQHandler))
<BR><BR>[Stack]<UL><LI>Max Depth = 16<LI>Call Chain = DMA1_Channel5_IRQHandler &rArr; LL_GPIO_SetOutputPin
</UL>
<BR>[Calls]<UL><LI><a href="#[94]">&gt;&gt;</a>&nbsp;&nbsp;&nbsp;LCD_IO_Delay
<LI><a href="#[95]">&gt;&gt;</a>&nbsp;&nbsp;&nbsp;LL_GPIO_SetOutputPin
</UL>
<BR>[Address Reference Count : 1]<UL><LI> startup_stm32f103xg.o(RESET)
</UL>
<P><STRONG><a name="[1b]"></a>DebugMon_Handler</STRONG> (Thumb, 2 bytes, Stack size 0 bytes, stm32f1xx_it.o(.text.DebugMon_Handler))
<BR>[Address Reference Count : 1]<UL><LI> startup_stm32f103xg.o(RESET)
</UL>
<P><STRONG><a name="[46]"></a>EXTI15_10_IRQHandler</STRONG> (Thumb, 144 bytes, Stack size 8 bytes, stm32f1xx_it.o(.text.EXTI15_10_IRQHandler))
<BR><BR>[Stack]<UL><LI>Max Depth = 56<LI>Call Chain = EXTI15_10_IRQHandler &rArr; PC_OpticSensInterrupt &rArr; MOT_Stop &rArr; MOT_Brake &rArr; LL_TIM_OC_SetCompareCH3
</UL>
<BR>[Calls]<UL><LI><a href="#[9a]">&gt;&gt;</a>&nbsp;&nbsp;&nbsp;FM_Sense_Interrupt
<LI><a href="#[99]">&gt;&gt;</a>&nbsp;&nbsp;&nbsp;PC_OpticSensInterrupt
<LI><a href="#[98]">&gt;&gt;</a>&nbsp;&nbsp;&nbsp;LL_GPIO_IsInputPinSet
<LI><a href="#[97]">&gt;&gt;</a>&nbsp;&nbsp;&nbsp;LL_EXTI_ClearFlag_0_31
<LI><a href="#[96]">&gt;&gt;</a>&nbsp;&nbsp;&nbsp;LL_EXTI_IsActiveFlag_0_31
</UL>
<BR>[Address Reference Count : 1]<UL><LI> startup_stm32f103xg.o(RESET)
</UL>
<P><STRONG><a name="[27]"></a>EXTI3_IRQHandler</STRONG> (Thumb, 134 bytes, Stack size 16 bytes, stm32f1xx_it.o(.text.EXTI3_IRQHandler))
<BR><BR>[Stack]<UL><LI>Max Depth = 64<LI>Call Chain = EXTI3_IRQHandler &rArr; TC_checkButtons &rArr; isInRectangle
</UL>
<BR>[Calls]<UL><LI><a href="#[9c]">&gt;&gt;</a>&nbsp;&nbsp;&nbsp;TC_releaseButtons
<LI><a href="#[9b]">&gt;&gt;</a>&nbsp;&nbsp;&nbsp;TC_checkButtons
<LI><a href="#[86]">&gt;&gt;</a>&nbsp;&nbsp;&nbsp;BSP_TS_GetState
<LI><a href="#[98]">&gt;&gt;</a>&nbsp;&nbsp;&nbsp;LL_GPIO_IsInputPinSet
<LI><a href="#[97]">&gt;&gt;</a>&nbsp;&nbsp;&nbsp;LL_EXTI_ClearFlag_0_31
<LI><a href="#[96]">&gt;&gt;</a>&nbsp;&nbsp;&nbsp;LL_EXTI_IsActiveFlag_0_31
<LI><a href="#[87]">&gt;&gt;</a>&nbsp;&nbsp;&nbsp;LL_mDelay
</UL>
<BR>[Address Reference Count : 1]<UL><LI> startup_stm32f103xg.o(RESET)
</UL>
<P><STRONG><a name="[1cb]"></a>Error_Handler</STRONG> (Thumb, 14 bytes, Stack size 4 bytes, main.o(.text.Error_Handler))
<BR><BR>[Stack]<UL><LI>Max Depth = 4<LI>Call Chain = Error_Handler
</UL>
<BR>[Called By]<UL><LI><a href="#[8f]">&gt;&gt;</a>&nbsp;&nbsp;&nbsp;maxDayInMonth
<LI><a href="#[1ca]">&gt;&gt;</a>&nbsp;&nbsp;&nbsp;TC_addButton
</UL>

<P><STRONG><a name="[1cd]"></a>FM_OVF_Interrupt</STRONG> (Thumb, 26 bytes, Stack size 0 bytes, flowmeter.o(.text.FM_OVF_Interrupt))
<BR><BR>[Called By]<UL><LI><a href="#[55]">&gt;&gt;</a>&nbsp;&nbsp;&nbsp;TIM7_IRQHandler
</UL>

<P><STRONG><a name="[9a]"></a>FM_Sense_Interrupt</STRONG> (Thumb, 86 bytes, Stack size 8 bytes, flowmeter.o(.text.FM_Sense_Interrupt))
<BR><BR>[Stack]<UL><LI>Max Depth = 36<LI>Call Chain = FM_Sense_Interrupt &rArr; filter &rArr; isFiltered
</UL>
<BR>[Calls]<UL><LI><a href="#[9e]">&gt;&gt;</a>&nbsp;&nbsp;&nbsp;filter
<LI><a href="#[9f]">&gt;&gt;</a>&nbsp;&nbsp;&nbsp;LL_TIM_SetCounter
<LI><a href="#[9d]">&gt;&gt;</a>&nbsp;&nbsp;&nbsp;LL_TIM_GetCounter
</UL>
<BR>[Called By]<UL><LI><a href="#[46]">&gt;&gt;</a>&nbsp;&nbsp;&nbsp;EXTI15_10_IRQHandler
</UL>

<P><STRONG><a name="[a0]"></a>FM_getFlowSpeed</STRONG> (Thumb, 64 bytes, Stack size 16 bytes, flowmeter.o(.text.FM_getFlowSpeed))
<BR><BR>[Stack]<UL><LI>Max Depth = 48<LI>Call Chain = FM_getFlowSpeed &rArr; __aeabi_d2f
</UL>
<BR>[Calls]<UL><LI><a href="#[a1]">&gt;&gt;</a>&nbsp;&nbsp;&nbsp;__aeabi_ui2d
<LI><a href="#[a2]">&gt;&gt;</a>&nbsp;&nbsp;&nbsp;__aeabi_d2f
</UL>
<BR>[Called By]<UL><LI><a href="#[a3]">&gt;&gt;</a>&nbsp;&nbsp;&nbsp;FM_incFlowMeter
</UL>

<P><STRONG><a name="[a3]"></a>FM_incFlowMeter</STRONG> (Thumb, 88 bytes, Stack size 32 bytes, flowmeter.o(.text.FM_incFlowMeter))
<BR><BR>[Stack]<UL><LI>Max Depth = 80<LI>Call Chain = FM_incFlowMeter &rArr; FM_getFlowSpeed &rArr; __aeabi_d2f
</UL>
<BR>[Calls]<UL><LI><a href="#[a0]">&gt;&gt;</a>&nbsp;&nbsp;&nbsp;FM_getFlowSpeed
<LI><a href="#[a4]">&gt;&gt;</a>&nbsp;&nbsp;&nbsp;__aeabi_f2uiz
<LI><a href="#[a5]">&gt;&gt;</a>&nbsp;&nbsp;&nbsp;__aeabi_dmul
<LI><a href="#[a1]">&gt;&gt;</a>&nbsp;&nbsp;&nbsp;__aeabi_ui2d
<LI><a href="#[a7]">&gt;&gt;</a>&nbsp;&nbsp;&nbsp;__aeabi_d2uiz
<LI><a href="#[a6]">&gt;&gt;</a>&nbsp;&nbsp;&nbsp;__aeabi_dadd
</UL>
<BR>[Called By]<UL><LI><a href="#[21]">&gt;&gt;</a>&nbsp;&nbsp;&nbsp;RTC_IRQHandler
</UL>

<P><STRONG><a name="[a8]"></a>FP_DeleteParam</STRONG> (Thumb, 176 bytes, Stack size 16 bytes, flashparam.o(.text.FP_DeleteParam))
<BR><BR>[Stack]<UL><LI>Max Depth = 16<LI>Call Chain = FP_DeleteParam
</UL>
<BR>[Calls]<UL><LI><a href="#[aa]">&gt;&gt;</a>&nbsp;&nbsp;&nbsp;lockFlash
<LI><a href="#[a9]">&gt;&gt;</a>&nbsp;&nbsp;&nbsp;unlockFlash
</UL>
<BR>[Called By]<UL><LI><a href="#[ad]">&gt;&gt;</a>&nbsp;&nbsp;&nbsp;FP_SaveParam
</UL>

<P><STRONG><a name="[ab]"></a>FP_GetParam</STRONG> (Thumb, 34 bytes, Stack size 8 bytes, flashparam.o(.text.FP_GetParam))
<BR><BR>[Stack]<UL><LI>Max Depth = 28<LI>Call Chain = FP_GetParam &rArr; loadParams
</UL>
<BR>[Calls]<UL><LI><a href="#[ac]">&gt;&gt;</a>&nbsp;&nbsp;&nbsp;loadParams
</UL>
<BR>[Called By]<UL><LI><a href="#[65]">&gt;&gt;</a>&nbsp;&nbsp;&nbsp;main
</UL>

<P><STRONG><a name="[ad]"></a>FP_SaveParam</STRONG> (Thumb, 432 bytes, Stack size 32 bytes, flashparam.o(.text.FP_SaveParam))
<BR><BR>[Stack]<UL><LI>Max Depth = 48<LI>Call Chain = FP_SaveParam &rArr; FP_DeleteParam
</UL>
<BR>[Calls]<UL><LI><a href="#[aa]">&gt;&gt;</a>&nbsp;&nbsp;&nbsp;lockFlash
<LI><a href="#[a9]">&gt;&gt;</a>&nbsp;&nbsp;&nbsp;unlockFlash
<LI><a href="#[a8]">&gt;&gt;</a>&nbsp;&nbsp;&nbsp;FP_DeleteParam
</UL>
<BR>[Called By]<UL><LI><a href="#[65]">&gt;&gt;</a>&nbsp;&nbsp;&nbsp;main
<LI><a href="#[5c]">&gt;&gt;</a>&nbsp;&nbsp;&nbsp;PL_ProceedStep
<LI><a href="#[1a7]">&gt;&gt;</a>&nbsp;&nbsp;&nbsp;ShowRegenPeriodServiceFrame
<LI><a href="#[1a6]">&gt;&gt;</a>&nbsp;&nbsp;&nbsp;ShowWashingTimeServiceFrame
<LI><a href="#[1ac]">&gt;&gt;</a>&nbsp;&nbsp;&nbsp;showServiceInfoFrame
<LI><a href="#[1ab]">&gt;&gt;</a>&nbsp;&nbsp;&nbsp;ShowWaterCountBeforeRegenFrame
<LI><a href="#[1aa]">&gt;&gt;</a>&nbsp;&nbsp;&nbsp;showLoadTypeFrame
<LI><a href="#[19b]">&gt;&gt;</a>&nbsp;&nbsp;&nbsp;ShowSofteningFrame
<LI><a href="#[198]">&gt;&gt;</a>&nbsp;&nbsp;&nbsp;ShowFilterSelectionFrame
<LI><a href="#[19a]">&gt;&gt;</a>&nbsp;&nbsp;&nbsp;ShowFilteringFrame
</UL>

<P><STRONG><a name="[16]"></a>HardFault_Handler</STRONG> (Thumb, 70 bytes, Stack size 16 bytes, stm32f1xx_it.o(.text.HardFault_Handler))
<BR><BR>[Stack]<UL><LI>Max Depth = 32<LI>Call Chain = HardFault_Handler &rArr; LL_GPIO_TogglePin
</UL>
<BR>[Calls]<UL><LI><a href="#[af]">&gt;&gt;</a>&nbsp;&nbsp;&nbsp;LL_GPIO_TogglePin
<LI><a href="#[ae]">&gt;&gt;</a>&nbsp;&nbsp;&nbsp;LL_GPIO_ResetOutputPin
</UL>
<BR>[Address Reference Count : 1]<UL><LI> startup_stm32f103xg.o(RESET)
</UL>
<P><STRONG><a name="[b0]"></a>LCD_Delay</STRONG> (Thumb, 16 bytes, Stack size 16 bytes, lcd_io_spi.o(.text.LCD_Delay))
<BR><BR>[Stack]<UL><LI>Max Depth = 24<LI>Call Chain = LCD_Delay &rArr; LL_mDelay
</UL>
<BR>[Calls]<UL><LI><a href="#[87]">&gt;&gt;</a>&nbsp;&nbsp;&nbsp;LL_mDelay
</UL>
<BR>[Called By]<UL><LI><a href="#[0]">&gt;&gt;</a>&nbsp;&nbsp;&nbsp;ili9488_Init
<LI><a href="#[b1]">&gt;&gt;</a>&nbsp;&nbsp;&nbsp;LCD_IO_Init
</UL>

<P><STRONG><a name="[204]"></a>LCD_IO_Bl_OnOff</STRONG> (Thumb, 46 bytes, Stack size 4 bytes, lcd_io_spi.o(.text.LCD_IO_Bl_OnOff))
<BR><BR>[Stack]<UL><LI>Max Depth = 4<LI>Call Chain = LCD_IO_Bl_OnOff
</UL>
<BR>[Called By]<UL><LI><a href="#[3]">&gt;&gt;</a>&nbsp;&nbsp;&nbsp;ili9488_DisplayOff
<LI><a href="#[2]">&gt;&gt;</a>&nbsp;&nbsp;&nbsp;ili9488_DisplayOn
</UL>

<P><STRONG><a name="[94]"></a>LCD_IO_Delay</STRONG> (Thumb, 22 bytes, Stack size 4 bytes, lcd_io_spi.o(.text.LCD_IO_Delay))
<BR><BR>[Stack]<UL><LI>Max Depth = 4<LI>Call Chain = LCD_IO_Delay
</UL>
<BR>[Called By]<UL><LI><a href="#[ba]">&gt;&gt;</a>&nbsp;&nbsp;&nbsp;LCD_IO_ReadMultiData16to24
<LI><a href="#[2c]">&gt;&gt;</a>&nbsp;&nbsp;&nbsp;DMA1_Channel4_IRQHandler
<LI><a href="#[2d]">&gt;&gt;</a>&nbsp;&nbsp;&nbsp;DMA1_Channel5_IRQHandler
<LI><a href="#[b8]">&gt;&gt;</a>&nbsp;&nbsp;&nbsp;LcdCmdWrite8
<LI><a href="#[c8]">&gt;&gt;</a>&nbsp;&nbsp;&nbsp;LcdWrite8
<LI><a href="#[bd]">&gt;&gt;</a>&nbsp;&nbsp;&nbsp;LcdDirWrite
</UL>

<P><STRONG><a name="[b1]"></a>LCD_IO_Init</STRONG> (Thumb, 162 bytes, Stack size 32 bytes, lcd_io_spi.o(.text.LCD_IO_Init))
<BR><BR>[Stack]<UL><LI>Max Depth = 56<LI>Call Chain = LCD_IO_Init &rArr; LCD_Delay &rArr; LL_mDelay
</UL>
<BR>[Calls]<UL><LI><a href="#[b0]">&gt;&gt;</a>&nbsp;&nbsp;&nbsp;LCD_Delay
<LI><a href="#[b4]">&gt;&gt;</a>&nbsp;&nbsp;&nbsp;__NVIC_EnableIRQ
<LI><a href="#[b3]">&gt;&gt;</a>&nbsp;&nbsp;&nbsp;__NVIC_SetPriority
<LI><a href="#[95]">&gt;&gt;</a>&nbsp;&nbsp;&nbsp;LL_GPIO_SetOutputPin
<LI><a href="#[b2]">&gt;&gt;</a>&nbsp;&nbsp;&nbsp;LL_GPIO_ResetOutputPin
</UL>
<BR>[Called By]<UL><LI><a href="#[11]">&gt;&gt;</a>&nbsp;&nbsp;&nbsp;ili9488_ts_Init
<LI><a href="#[0]">&gt;&gt;</a>&nbsp;&nbsp;&nbsp;ili9488_Init
</UL>

<P><STRONG><a name="[b5]"></a>LCD_IO_ReadCmd8MultipleData24to16</STRONG> (Thumb, 80 bytes, Stack size 24 bytes, lcd_io_spi.o(.text.LCD_IO_ReadCmd8MultipleData24to16))
<BR><BR>[Stack]<UL><LI>Max Depth = 84<LI>Call Chain = LCD_IO_ReadCmd8MultipleData24to16 &rArr; LCD_IO_ReadMultiData16to24 &rArr; LcdDirWrite &rArr; LCD_IO_Delay
</UL>
<BR>[Calls]<UL><LI><a href="#[ba]">&gt;&gt;</a>&nbsp;&nbsp;&nbsp;LCD_IO_ReadMultiData16to24
<LI><a href="#[b6]">&gt;&gt;</a>&nbsp;&nbsp;&nbsp;WaitForDmaEnd
<LI><a href="#[b8]">&gt;&gt;</a>&nbsp;&nbsp;&nbsp;LcdCmdWrite8
<LI><a href="#[b9]">&gt;&gt;</a>&nbsp;&nbsp;&nbsp;LcdDirRead
<LI><a href="#[b7]">&gt;&gt;</a>&nbsp;&nbsp;&nbsp;LL_SPI_SetDataWidth
<LI><a href="#[b2]">&gt;&gt;</a>&nbsp;&nbsp;&nbsp;LL_GPIO_ResetOutputPin
</UL>
<BR>[Called By]<UL><LI><a href="#[f]">&gt;&gt;</a>&nbsp;&nbsp;&nbsp;ili9488_ReadRGBImage
<LI><a href="#[6]">&gt;&gt;</a>&nbsp;&nbsp;&nbsp;ili9488_ReadPixel
</UL>

<P><STRONG><a name="[bb]"></a>LCD_IO_ReadCmd8MultipleData8</STRONG> (Thumb, 80 bytes, Stack size 24 bytes, lcd_io_spi.o(.text.LCD_IO_ReadCmd8MultipleData8))
<BR><BR>[Stack]<UL><LI>Max Depth = 68<LI>Call Chain = LCD_IO_ReadCmd8MultipleData8 &rArr; LCD_IO_ReadMultiData8 &rArr; LcdDirWrite &rArr; LCD_IO_Delay
</UL>
<BR>[Calls]<UL><LI><a href="#[bc]">&gt;&gt;</a>&nbsp;&nbsp;&nbsp;LCD_IO_ReadMultiData8
<LI><a href="#[b6]">&gt;&gt;</a>&nbsp;&nbsp;&nbsp;WaitForDmaEnd
<LI><a href="#[b8]">&gt;&gt;</a>&nbsp;&nbsp;&nbsp;LcdCmdWrite8
<LI><a href="#[b9]">&gt;&gt;</a>&nbsp;&nbsp;&nbsp;LcdDirRead
<LI><a href="#[b7]">&gt;&gt;</a>&nbsp;&nbsp;&nbsp;LL_SPI_SetDataWidth
<LI><a href="#[b2]">&gt;&gt;</a>&nbsp;&nbsp;&nbsp;LL_GPIO_ResetOutputPin
</UL>
<BR>[Called By]<UL><LI><a href="#[1]">&gt;&gt;</a>&nbsp;&nbsp;&nbsp;ili9488_ReadID
</UL>

<P><STRONG><a name="[be]"></a>LCD_IO_ReadMultiData</STRONG> (Thumb, 116 bytes, Stack size 12 bytes, lcd_io_spi.o(.text.LCD_IO_ReadMultiData))
<BR><BR>[Stack]<UL><LI>Max Depth = 12<LI>Call Chain = LCD_IO_ReadMultiData
</UL>
<BR>[Called By]<UL><LI><a href="#[bc]">&gt;&gt;</a>&nbsp;&nbsp;&nbsp;LCD_IO_ReadMultiData8
</UL>

<P><STRONG><a name="[ba]"></a>LCD_IO_ReadMultiData16to24</STRONG> (Thumb, 436 bytes, Stack size 40 bytes, lcd_io_spi.o(.text.LCD_IO_ReadMultiData16to24))
<BR><BR>[Stack]<UL><LI>Max Depth = 60<LI>Call Chain = LCD_IO_ReadMultiData16to24 &rArr; LcdDirWrite &rArr; LCD_IO_Delay
</UL>
<BR>[Calls]<UL><LI><a href="#[94]">&gt;&gt;</a>&nbsp;&nbsp;&nbsp;LCD_IO_Delay
<LI><a href="#[bd]">&gt;&gt;</a>&nbsp;&nbsp;&nbsp;LcdDirWrite
<LI><a href="#[95]">&gt;&gt;</a>&nbsp;&nbsp;&nbsp;LL_GPIO_SetOutputPin
</UL>
<BR>[Called By]<UL><LI><a href="#[b5]">&gt;&gt;</a>&nbsp;&nbsp;&nbsp;LCD_IO_ReadCmd8MultipleData24to16
</UL>

<P><STRONG><a name="[bc]"></a>LCD_IO_ReadMultiData8</STRONG> (Thumb, 134 bytes, Stack size 24 bytes, lcd_io_spi.o(.text.LCD_IO_ReadMultiData8))
<BR><BR>[Stack]<UL><LI>Max Depth = 44<LI>Call Chain = LCD_IO_ReadMultiData8 &rArr; LcdDirWrite &rArr; LCD_IO_Delay
</UL>
<BR>[Calls]<UL><LI><a href="#[be]">&gt;&gt;</a>&nbsp;&nbsp;&nbsp;LCD_IO_ReadMultiData
[...]
</UL>
<BR>[Calls]<UL><LI><a href="#[75]">&gt;&gt;</a>&nbsp;&nbsp;&nbsp;BSP_LCD_GetYSize
<LI><a href="#[74]">&gt;&gt;</a>&nbsp;&nbsp;&nbsp;BSP_LCD_GetXSize
<LI><a href="#[79]">&gt;&gt;</a>&nbsp;&nbsp;&nbsp;BSP_LCD_DisplayStringAt
<LI><a href="#[84]">&gt;&gt;</a>&nbsp;&nbsp;&nbsp;BSP_LCD_SetTextColor
<LI><a href="#[164]">&gt;&gt;</a>&nbsp;&nbsp;&nbsp;BSP_LCD_SetBackColor
<LI><a href="#[8c]">&gt;&gt;</a>&nbsp;&nbsp;&nbsp;getFormatedTimeFromSource
<LI><a href="#[93]">&gt;&gt;</a>&nbsp;&nbsp;&nbsp;drawTextLabel
</UL>
<BR>[Called By]<UL><LI><a href="#[89]">&gt;&gt;</a>&nbsp;&nbsp;&nbsp;createFrame
</UL>

<P><STRONG><a name="[1f1]"></a>drawYear</STRONG> (Thumb, 176 bytes, Stack size 48 bytes, calendar.o(.text.drawYear))
<BR><BR>[Stack]<UL><LI>Max Depth = 272<LI>Call Chain = drawYear &rArr; drawTextLabel &rArr; BSP_LCD_DisplayStringAt &rArr; BSP_LCD_DisplayChar &rArr; DrawChar &rArr; BSP_LCD_DrawBitmap &rArr; SetDisplayWindow
</UL>
<BR>[Calls]<UL><LI><a href="#[75]">&gt;&gt;</a>&nbsp;&nbsp;&nbsp;BSP_LCD_GetYSize
<LI><a href="#[74]">&gt;&gt;</a>&nbsp;&nbsp;&nbsp;BSP_LCD_GetXSize
<LI><a href="#[79]">&gt;&gt;</a>&nbsp;&nbsp;&nbsp;BSP_LCD_DisplayStringAt
<LI><a href="#[84]">&gt;&gt;</a>&nbsp;&nbsp;&nbsp;BSP_LCD_SetTextColor
<LI><a href="#[164]">&gt;&gt;</a>&nbsp;&nbsp;&nbsp;BSP_LCD_SetBackColor
<LI><a href="#[8c]">&gt;&gt;</a>&nbsp;&nbsp;&nbsp;getFormatedTimeFromSource
<LI><a href="#[93]">&gt;&gt;</a>&nbsp;&nbsp;&nbsp;drawTextLabel
</UL>
<BR>[Called By]<UL><LI><a href="#[89]">&gt;&gt;</a>&nbsp;&nbsp;&nbsp;createFrame
</UL>

<P><STRONG><a name="[91]"></a>createFrame</STRONG> (Thumb, 462 bytes, Stack size 128 bytes, clockset.o(.text.createFrame))
<BR><BR>[Stack]<UL><LI>Max Depth = 352<LI>Call Chain = createFrame &rArr; drawStatusBarOkCancel &rArr; BSP_LCD_DisplayStringAt &rArr; BSP_LCD_DisplayChar &rArr; DrawChar &rArr; BSP_LCD_DrawBitmap &rArr; SetDisplayWindow
</UL>
<BR>[Calls]<UL><LI><a href="#[75]">&gt;&gt;</a>&nbsp;&nbsp;&nbsp;BSP_LCD_GetYSize
<LI><a href="#[74]">&gt;&gt;</a>&nbsp;&nbsp;&nbsp;BSP_LCD_GetXSize
<LI><a href="#[79]">&gt;&gt;</a>&nbsp;&nbsp;&nbsp;BSP_LCD_DisplayStringAt
<LI><a href="#[84]">&gt;&gt;</a>&nbsp;&nbsp;&nbsp;BSP_LCD_SetTextColor
<LI><a href="#[164]">&gt;&gt;</a>&nbsp;&nbsp;&nbsp;BSP_LCD_SetBackColor
<LI><a href="#[92]">&gt;&gt;</a>&nbsp;&nbsp;&nbsp;BSP_LCD_GetFont
<LI><a href="#[73]">&gt;&gt;</a>&nbsp;&nbsp;&nbsp;BSP_LCD_Clear
<LI><a href="#[8c]">&gt;&gt;</a>&nbsp;&nbsp;&nbsp;getFormatedTimeFromSource
<LI><a href="#[1e1]">&gt;&gt;</a>&nbsp;&nbsp;&nbsp;TC_clearButtons
<LI><a href="#[1ca]">&gt;&gt;</a>&nbsp;&nbsp;&nbsp;TC_addButton
<LI><a href="#[1ed]">&gt;&gt;</a>&nbsp;&nbsp;&nbsp;drawStatusBarOkCancel
<LI><a href="#[1ea]">&gt;&gt;</a>&nbsp;&nbsp;&nbsp;drawMainBar
<LI><a href="#[93]">&gt;&gt;</a>&nbsp;&nbsp;&nbsp;drawTextLabel
</UL>
<BR>[Called By]<UL><LI><a href="#[90]">&gt;&gt;</a>&nbsp;&nbsp;&nbsp;CSF_showFrame
</UL>

<P><STRONG><a name="[19d]"></a>createFrame</STRONG> (Thumb, 460 bytes, Stack size 120 bytes, filteringframe.o(.text.createFrame))
<BR><BR>[Stack]<UL><LI>Max Depth = 344<LI>Call Chain = createFrame &rArr; drawStatusBarOkCancel &rArr; BSP_LCD_DisplayStringAt &rArr; BSP_LCD_DisplayChar &rArr; DrawChar &rArr; BSP_LCD_DrawBitmap &rArr; SetDisplayWindow
</UL>
<BR>[Calls]<UL><LI><a href="#[75]">&gt;&gt;</a>&nbsp;&nbsp;&nbsp;BSP_LCD_GetYSize
<LI><a href="#[79]">&gt;&gt;</a>&nbsp;&nbsp;&nbsp;BSP_LCD_DisplayStringAt
<LI><a href="#[84]">&gt;&gt;</a>&nbsp;&nbsp;&nbsp;BSP_LCD_SetTextColor
<LI><a href="#[164]">&gt;&gt;</a>&nbsp;&nbsp;&nbsp;BSP_LCD_SetBackColor
<LI><a href="#[73]">&gt;&gt;</a>&nbsp;&nbsp;&nbsp;BSP_LCD_Clear
<LI><a href="#[172]">&gt;&gt;</a>&nbsp;&nbsp;&nbsp;intToStr
<LI><a href="#[1e1]">&gt;&gt;</a>&nbsp;&nbsp;&nbsp;TC_clearButtons
<LI><a href="#[1ca]">&gt;&gt;</a>&nbsp;&nbsp;&nbsp;TC_addButton
<LI><a href="#[1ed]">&gt;&gt;</a>&nbsp;&nbsp;&nbsp;drawStatusBarOkCancel
<LI><a href="#[1ea]">&gt;&gt;</a>&nbsp;&nbsp;&nbsp;drawMainBar
<LI><a href="#[93]">&gt;&gt;</a>&nbsp;&nbsp;&nbsp;drawTextLabel
</UL>
<BR>[Called By]<UL><LI><a href="#[19a]">&gt;&gt;</a>&nbsp;&nbsp;&nbsp;ShowFilteringFrame
</UL>

<P><STRONG><a name="[199]"></a>createFrame</STRONG> (Thumb, 308 bytes, Stack size 48 bytes, filterselectionframe.o(.text.createFrame))
<BR><BR>[Stack]<UL><LI>Max Depth = 320<LI>Call Chain = createFrame &rArr; markLines &rArr; drawFillButton &rArr; BSP_LCD_DisplayStringAt &rArr; BSP_LCD_DisplayChar &rArr; DrawChar &rArr; BSP_LCD_DrawBitmap &rArr; SetDisplayWindow
</UL>
<BR>[Calls]<UL><LI><a href="#[75]">&gt;&gt;</a>&nbsp;&nbsp;&nbsp;BSP_LCD_GetYSize
<LI><a href="#[73]">&gt;&gt;</a>&nbsp;&nbsp;&nbsp;BSP_LCD_Clear
<LI><a href="#[1e1]">&gt;&gt;</a>&nbsp;&nbsp;&nbsp;TC_clearButtons
<LI><a href="#[1ca]">&gt;&gt;</a>&nbsp;&nbsp;&nbsp;TC_addButton
<LI><a href="#[1ed]">&gt;&gt;</a>&nbsp;&nbsp;&nbsp;drawStatusBarOkCancel
<LI><a href="#[1ea]">&gt;&gt;</a>&nbsp;&nbsp;&nbsp;drawMainBar
<LI><a href="#[93]">&gt;&gt;</a>&nbsp;&nbsp;&nbsp;drawTextLabel
<LI><a href="#[19c]">&gt;&gt;</a>&nbsp;&nbsp;&nbsp;markLines
</UL>
<BR>[Called By]<UL><LI><a href="#[198]">&gt;&gt;</a>&nbsp;&nbsp;&nbsp;ShowFilterSelectionFrame
</UL>

<P><STRONG><a name="[19c]"></a>markLines</STRONG> (Thumb, 174 bytes, Stack size 48 bytes, filterselectionframe.o(.text.markLines))
<BR><BR>[Stack]<UL><LI>Max Depth = 272<LI>Call Chain = markLines &rArr; drawFillButton &rArr; BSP_LCD_DisplayStringAt &rArr; BSP_LCD_DisplayChar &rArr; DrawChar &rArr; BSP_LCD_DrawBitmap &rArr; SetDisplayWindow
</UL>
<BR>[Calls]<UL><LI><a href="#[197]">&gt;&gt;</a>&nbsp;&nbsp;&nbsp;drawFillButton
<LI><a href="#[75]">&gt;&gt;</a>&nbsp;&nbsp;&nbsp;BSP_LCD_GetYSize
</UL>
<BR>[Called By]<UL><LI><a href="#[198]">&gt;&gt;</a>&nbsp;&nbsp;&nbsp;ShowFilterSelectionFrame
<LI><a href="#[199]">&gt;&gt;</a>&nbsp;&nbsp;&nbsp;createFrame
</UL>

<P><STRONG><a name="[1ad]"></a>createFrame</STRONG> (Thumb, 660 bytes, Stack size 152 bytes, softeningframe.o(.text.createFrame))
<BR><BR>[Stack]<UL><LI>Max Depth = 376<LI>Call Chain = createFrame &rArr; drawClock &rArr; BSP_LCD_DisplayStringAt &rArr; BSP_LCD_DisplayChar &rArr; DrawChar &rArr; BSP_LCD_DrawBitmap &rArr; SetDisplayWindow
</UL>
<BR>[Calls]<UL><LI><a href="#[8b]">&gt;&gt;</a>&nbsp;&nbsp;&nbsp;drawClock
<LI><a href="#[75]">&gt;&gt;</a>&nbsp;&nbsp;&nbsp;BSP_LCD_GetYSize
<LI><a href="#[79]">&gt;&gt;</a>&nbsp;&nbsp;&nbsp;BSP_LCD_DisplayStringAt
<LI><a href="#[84]">&gt;&gt;</a>&nbsp;&nbsp;&nbsp;BSP_LCD_SetTextColor
<LI><a href="#[164]">&gt;&gt;</a>&nbsp;&nbsp;&nbsp;BSP_LCD_SetBackColor
<LI><a href="#[172]">&gt;&gt;</a>&nbsp;&nbsp;&nbsp;intToStr
<LI><a href="#[1e1]">&gt;&gt;</a>&nbsp;&nbsp;&nbsp;TC_clearButtons
<LI><a href="#[185]">&gt;&gt;</a>&nbsp;&nbsp;&nbsp;drawScrollButton
<LI><a href="#[1ed]">&gt;&gt;</a>&nbsp;&nbsp;&nbsp;drawStatusBarOkCancel
<LI><a href="#[186]">&gt;&gt;</a>&nbsp;&nbsp;&nbsp;drawStaticLines
<LI><a href="#[1eb]">&gt;&gt;</a>&nbsp;&nbsp;&nbsp;drawMainWindow
<LI><a href="#[1ea]">&gt;&gt;</a>&nbsp;&nbsp;&nbsp;drawMainBar
<LI><a href="#[93]">&gt;&gt;</a>&nbsp;&nbsp;&nbsp;drawTextLabel
<LI><a href="#[18a]">&gt;&gt;</a>&nbsp;&nbsp;&nbsp;calcButParam
</UL>
<BR>[Called By]<UL><LI><a href="#[19b]">&gt;&gt;</a>&nbsp;&nbsp;&nbsp;ShowSofteningFrame
</UL>

<P><STRONG><a name="[193]"></a>createFrame</STRONG> (Thumb, 184 bytes, Stack size 16 bytes, alarmnotiframe.o(.text.createFrame))
<BR><BR>[Stack]<UL><LI>Max Depth = 232<LI>Call Chain = createFrame &rArr; drawMainBar &rArr; BSP_LCD_DisplayStringAt &rArr; BSP_LCD_DisplayChar &rArr; DrawChar &rArr; BSP_LCD_DrawBitmap &rArr; SetDisplayWindow
</UL>
<BR>[Calls]<UL><LI><a href="#[74]">&gt;&gt;</a>&nbsp;&nbsp;&nbsp;BSP_LCD_GetXSize
<LI><a href="#[79]">&gt;&gt;</a>&nbsp;&nbsp;&nbsp;BSP_LCD_DisplayStringAt
<LI><a href="#[84]">&gt;&gt;</a>&nbsp;&nbsp;&nbsp;BSP_LCD_SetTextColor
<LI><a href="#[164]">&gt;&gt;</a>&nbsp;&nbsp;&nbsp;BSP_LCD_SetBackColor
<LI><a href="#[1f2]">&gt;&gt;</a>&nbsp;&nbsp;&nbsp;BSP_LCD_SetFont
<LI><a href="#[73]">&gt;&gt;</a>&nbsp;&nbsp;&nbsp;BSP_LCD_Clear
<LI><a href="#[1e1]">&gt;&gt;</a>&nbsp;&nbsp;&nbsp;TC_clearButtons
<LI><a href="#[1ca]">&gt;&gt;</a>&nbsp;&nbsp;&nbsp;TC_addButton
<LI><a href="#[1ec]">&gt;&gt;</a>&nbsp;&nbsp;&nbsp;drawStatusBarEmpty
<LI><a href="#[1ea]">&gt;&gt;</a>&nbsp;&nbsp;&nbsp;drawMainBar
</UL>
<BR>[Called By]<UL><LI><a href="#[192]">&gt;&gt;</a>&nbsp;&nbsp;&nbsp;ShowAlarmNotiServiceFrame
</UL>

<P><STRONG><a name="[18c]"></a>createFrame</STRONG> (Thumb, 678 bytes, Stack size 72 bytes, alarmlistframe.o(.text.createFrame))
<BR><BR>[Stack]<UL><LI>Max Depth = 264<LI>Call Chain = createFrame &rArr; BSP_LCD_DisplayStringAt &rArr; BSP_LCD_DisplayChar &rArr; DrawChar &rArr; BSP_LCD_DrawBitmap &rArr; SetDisplayWindow
</UL>
<BR>[Calls]<UL><LI><a href="#[7b]">&gt;&gt;</a>&nbsp;&nbsp;&nbsp;BSP_LCD_DrawBitmap
<LI><a href="#[75]">&gt;&gt;</a>&nbsp;&nbsp;&nbsp;BSP_LCD_GetYSize
<LI><a href="#[74]">&gt;&gt;</a>&nbsp;&nbsp;&nbsp;BSP_LCD_GetXSize
<LI><a href="#[79]">&gt;&gt;</a>&nbsp;&nbsp;&nbsp;BSP_LCD_DisplayStringAt
<LI><a href="#[182]">&gt;&gt;</a>&nbsp;&nbsp;&nbsp;BSP_LCD_FillRect
<LI><a href="#[84]">&gt;&gt;</a>&nbsp;&nbsp;&nbsp;BSP_LCD_SetTextColor
<LI><a href="#[164]">&gt;&gt;</a>&nbsp;&nbsp;&nbsp;BSP_LCD_SetBackColor
<LI><a href="#[81]">&gt;&gt;</a>&nbsp;&nbsp;&nbsp;BSP_LCD_DrawRect
<LI><a href="#[1e1]">&gt;&gt;</a>&nbsp;&nbsp;&nbsp;TC_clearButtons
<LI><a href="#[1ca]">&gt;&gt;</a>&nbsp;&nbsp;&nbsp;TC_addButton
</UL>
<BR>[Called By]<UL><LI><a href="#[18b]">&gt;&gt;</a>&nbsp;&nbsp;&nbsp;ShowAlarmListFrame
</UL>

<P><STRONG><a name="[1a9]"></a>createFrame</STRONG> (Thumb, 294 bytes, Stack size 32 bytes, servicemenuframe.o(.text.createFrame))
<BR><BR>[Stack]<UL><LI>Max Depth = 256<LI>Call Chain = createFrame &rArr; drawClock &rArr; BSP_LCD_DisplayStringAt &rArr; BSP_LCD_DisplayChar &rArr; DrawChar &rArr; BSP_LCD_DrawBitmap &rArr; SetDisplayWindow
</UL>
<BR>[Calls]<UL><LI><a href="#[8b]">&gt;&gt;</a>&nbsp;&nbsp;&nbsp;drawClock
<LI><a href="#[75]">&gt;&gt;</a>&nbsp;&nbsp;&nbsp;BSP_LCD_GetYSize
<LI><a href="#[79]">&gt;&gt;</a>&nbsp;&nbsp;&nbsp;BSP_LCD_DisplayStringAt
<LI><a href="#[84]">&gt;&gt;</a>&nbsp;&nbsp;&nbsp;BSP_LCD_SetTextColor
<LI><a href="#[164]">&gt;&gt;</a>&nbsp;&nbsp;&nbsp;BSP_LCD_SetBackColor
<LI><a href="#[185]">&gt;&gt;</a>&nbsp;&nbsp;&nbsp;drawScrollButton
<LI><a href="#[1ec]">&gt;&gt;</a>&nbsp;&nbsp;&nbsp;drawStatusBarEmpty
<LI><a href="#[186]">&gt;&gt;</a>&nbsp;&nbsp;&nbsp;drawStaticLines
<LI><a href="#[1eb]">&gt;&gt;</a>&nbsp;&nbsp;&nbsp;drawMainWindow
<LI><a href="#[1ea]">&gt;&gt;</a>&nbsp;&nbsp;&nbsp;drawMainBar
<LI><a href="#[188]">&gt;&gt;</a>&nbsp;&nbsp;&nbsp;calcButParam
</UL>
<BR>[Called By]<UL><LI><a href="#[1a3]">&gt;&gt;</a>&nbsp;&nbsp;&nbsp;ShowServiceMenuFrame
</UL>

<P><STRONG><a name="[188]"></a>calcButParam</STRONG> (Thumb, 454 bytes, Stack size 32 bytes, servicemenuframe.o(.text.calcButParam))
<BR><BR>[Stack]<UL><LI>Max Depth = 52<LI>Call Chain = calcButParam &rArr; TC_addButton &rArr; Error_Handler
</UL>
<BR>[Calls]<UL><LI><a href="#[75]">&gt;&gt;</a>&nbsp;&nbsp;&nbsp;BSP_LCD_GetYSize
<LI><a href="#[1e1]">&gt;&gt;</a>&nbsp;&nbsp;&nbsp;TC_clearButtons
<LI><a href="#[1ca]">&gt;&gt;</a>&nbsp;&nbsp;&nbsp;TC_addButton
</UL>
<BR>[Called By]<UL><LI><a href="#[187]">&gt;&gt;</a>&nbsp;&nbsp;&nbsp;RefreshScrollBarServiceMenuFrame
<LI><a href="#[1a9]">&gt;&gt;</a>&nbsp;&nbsp;&nbsp;createFrame
</UL>

<P><STRONG><a name="[1a8]"></a>createFrame</STRONG> (Thumb, 304 bytes, Stack size 48 bytes, regenperiodserviceframe.o(.text.createFrame))
<BR><BR>[Stack]<UL><LI>Max Depth = 272<LI>Call Chain = createFrame &rArr; drawClock &rArr; BSP_LCD_DisplayStringAt &rArr; BSP_LCD_DisplayChar &rArr; DrawChar &rArr; BSP_LCD_DrawBitmap &rArr; SetDisplayWindow
</UL>
<BR>[Calls]<UL><LI><a href="#[8b]">&gt;&gt;</a>&nbsp;&nbsp;&nbsp;drawClock
<LI><a href="#[75]">&gt;&gt;</a>&nbsp;&nbsp;&nbsp;BSP_LCD_GetYSize
<LI><a href="#[74]">&gt;&gt;</a>&nbsp;&nbsp;&nbsp;BSP_LCD_GetXSize
<LI><a href="#[79]">&gt;&gt;</a>&nbsp;&nbsp;&nbsp;BSP_LCD_DisplayStringAt
<LI><a href="#[84]">&gt;&gt;</a>&nbsp;&nbsp;&nbsp;BSP_LCD_SetTextColor
<LI><a href="#[164]">&gt;&gt;</a>&nbsp;&nbsp;&nbsp;BSP_LCD_SetBackColor
<LI><a href="#[1f2]">&gt;&gt;</a>&nbsp;&nbsp;&nbsp;BSP_LCD_SetFont
<LI><a href="#[73]">&gt;&gt;</a>&nbsp;&nbsp;&nbsp;BSP_LCD_Clear
<LI><a href="#[172]">&gt;&gt;</a>&nbsp;&nbsp;&nbsp;intToStr
<LI><a href="#[1e1]">&gt;&gt;</a>&nbsp;&nbsp;&nbsp;TC_clearButtons
<LI><a href="#[1ca]">&gt;&gt;</a>&nbsp;&nbsp;&nbsp;TC_addButton
<LI><a href="#[1ed]">&gt;&gt;</a>&nbsp;&nbsp;&nbsp;drawStatusBarOkCancel
<LI><a href="#[1ea]">&gt;&gt;</a>&nbsp;&nbsp;&nbsp;drawMainBar
<LI><a href="#[93]">&gt;&gt;</a>&nbsp;&nbsp;&nbsp;drawTextLabel
</UL>
<BR>[Called By]<UL><LI><a href="#[1a7]">&gt;&gt;</a>&nbsp;&nbsp;&nbsp;ShowRegenPeriodServiceFrame
</UL>

<P><STRONG><a name="[1b0]"></a>createFrame</STRONG> (Thumb, 232 bytes, Stack size 40 bytes, washingtimeserviceframe.o(.text.createFrame))
<BR><BR>[Stack]<UL><LI>Max Depth = 264<LI>Call Chain = createFrame &rArr; drawClock &rArr; BSP_LCD_DisplayStringAt &rArr; BSP_LCD_DisplayChar &rArr; DrawChar &rArr; BSP_LCD_DrawBitmap &rArr; SetDisplayWindow
</UL>
<BR>[Calls]<UL><LI><a href="#[8b]">&gt;&gt;</a>&nbsp;&nbsp;&nbsp;drawClock
<LI><a href="#[75]">&gt;&gt;</a>&nbsp;&nbsp;&nbsp;BSP_LCD_GetYSize
<LI><a href="#[74]">&gt;&gt;</a>&nbsp;&nbsp;&nbsp;BSP_LCD_GetXSize
<LI><a href="#[73]">&gt;&gt;</a>&nbsp;&nbsp;&nbsp;BSP_LCD_Clear
<LI><a href="#[8c]">&gt;&gt;</a>&nbsp;&nbsp;&nbsp;getFormatedTimeFromSource
<LI><a href="#[1e1]">&gt;&gt;</a>&nbsp;&nbsp;&nbsp;TC_clearButtons
<LI><a href="#[1ca]">&gt;&gt;</a>&nbsp;&nbsp;&nbsp;TC_addButton
<LI><a href="#[1ed]">&gt;&gt;</a>&nbsp;&nbsp;&nbsp;drawStatusBarOkCancel
<LI><a href="#[1ea]">&gt;&gt;</a>&nbsp;&nbsp;&nbsp;drawMainBar
<LI><a href="#[93]">&gt;&gt;</a>&nbsp;&nbsp;&nbsp;drawTextLabel
</UL>
<BR>[Called By]<UL><LI><a href="#[1a6]">&gt;&gt;</a>&nbsp;&nbsp;&nbsp;ShowWashingTimeServiceFrame
</UL>

<P><STRONG><a name="[1b2]"></a>createFrame</STRONG> (Thumb, 300 bytes, Stack size 72 bytes, watercountbeforeregen.o(.text.createFrame))
<BR><BR>[Stack]<UL><LI>Max Depth = 296<LI>Call Chain = createFrame &rArr; drawClock &rArr; BSP_LCD_DisplayStringAt &rArr; BSP_LCD_DisplayChar &rArr; DrawChar &rArr; BSP_LCD_DrawBitmap &rArr; SetDisplayWindow
</UL>
<BR>[Calls]<UL><LI><a href="#[8b]">&gt;&gt;</a>&nbsp;&nbsp;&nbsp;drawClock
<LI><a href="#[75]">&gt;&gt;</a>&nbsp;&nbsp;&nbsp;BSP_LCD_GetYSize
<LI><a href="#[74]">&gt;&gt;</a>&nbsp;&nbsp;&nbsp;BSP_LCD_GetXSize
<LI><a href="#[79]">&gt;&gt;</a>&nbsp;&nbsp;&nbsp;BSP_LCD_DisplayStringAt
<LI><a href="#[1f2]">&gt;&gt;</a>&nbsp;&nbsp;&nbsp;BSP_LCD_SetFont
<LI><a href="#[73]">&gt;&gt;</a>&nbsp;&nbsp;&nbsp;BSP_LCD_Clear
<LI><a href="#[172]">&gt;&gt;</a>&nbsp;&nbsp;&nbsp;intToStr
<LI><a href="#[1e1]">&gt;&gt;</a>&nbsp;&nbsp;&nbsp;TC_clearButtons
<LI><a href="#[1ca]">&gt;&gt;</a>&nbsp;&nbsp;&nbsp;TC_addButton
<LI><a href="#[1ed]">&gt;&gt;</a>&nbsp;&nbsp;&nbsp;drawStatusBarOkCancel
<LI><a href="#[1ea]">&gt;&gt;</a>&nbsp;&nbsp;&nbsp;drawMainBar
<LI><a href="#[93]">&gt;&gt;</a>&nbsp;&nbsp;&nbsp;drawTextLabel
</UL>
<BR>[Called By]<UL><LI><a href="#[1ab]">&gt;&gt;</a>&nbsp;&nbsp;&nbsp;ShowWaterCountBeforeRegenFrame
</UL>

<P><STRONG><a name="[1f3]"></a>createFrame</STRONG> (Thumb, 370 bytes, Stack size 104 bytes, serviceinfo.o(.text.createFrame))
<BR><BR>[Stack]<UL><LI>Max Depth = 328<LI>Call Chain = createFrame &rArr; drawClock &rArr; BSP_LCD_DisplayStringAt &rArr; BSP_LCD_DisplayChar &rArr; DrawChar &rArr; BSP_LCD_DrawBitmap &rArr; SetDisplayWindow
</UL>
<BR>[Calls]<UL><LI><a href="#[8b]">&gt;&gt;</a>&nbsp;&nbsp;&nbsp;drawClock
<LI><a href="#[197]">&gt;&gt;</a>&nbsp;&nbsp;&nbsp;drawFillButton
<LI><a href="#[75]">&gt;&gt;</a>&nbsp;&nbsp;&nbsp;BSP_LCD_GetYSize
<LI><a href="#[74]">&gt;&gt;</a>&nbsp;&nbsp;&nbsp;BSP_LCD_GetXSize
<LI><a href="#[79]">&gt;&gt;</a>&nbsp;&nbsp;&nbsp;BSP_LCD_DisplayStringAt
<LI><a href="#[84]">&gt;&gt;</a>&nbsp;&nbsp;&nbsp;BSP_LCD_SetTextColor
<LI><a href="#[164]">&gt;&gt;</a>&nbsp;&nbsp;&nbsp;BSP_LCD_SetBackColor
<LI><a href="#[73]">&gt;&gt;</a>&nbsp;&nbsp;&nbsp;BSP_LCD_Clear
<LI><a href="#[8c]">&gt;&gt;</a>&nbsp;&nbsp;&nbsp;getFormatedTimeFromSource
<LI><a href="#[1e2]">&gt;&gt;</a>&nbsp;&nbsp;&nbsp;compareDate
<LI><a href="#[1de]">&gt;&gt;</a>&nbsp;&nbsp;&nbsp;addMonth
<LI><a href="#[167]">&gt;&gt;</a>&nbsp;&nbsp;&nbsp;getTime
<LI><a href="#[1e1]">&gt;&gt;</a>&nbsp;&nbsp;&nbsp;TC_clearButtons
<LI><a href="#[1ca]">&gt;&gt;</a>&nbsp;&nbsp;&nbsp;TC_addButton
<LI><a href="#[1ec]">&gt;&gt;</a>&nbsp;&nbsp;&nbsp;drawStatusBarEmpty
<LI><a href="#[1ea]">&gt;&gt;</a>&nbsp;&nbsp;&nbsp;drawMainBar
<LI><a href="#[93]">&gt;&gt;</a>&nbsp;&nbsp;&nbsp;drawTextLabel
</UL>
<BR>[Called By]<UL><LI><a href="#[1ac]">&gt;&gt;</a>&nbsp;&nbsp;&nbsp;showServiceInfoFrame
</UL>

<P><STRONG><a name="[1f4]"></a>createFrame</STRONG> (Thumb, 370 bytes, Stack size 80 bytes, servicedateselect.o(.text.createFrame))
<BR><BR>[Stack]<UL><LI>Max Depth = 304<LI>Call Chain = createFrame &rArr; drawClock &rArr; BSP_LCD_DisplayStringAt &rArr; BSP_LCD_DisplayChar &rArr; DrawChar &rArr; BSP_LCD_DrawBitmap &rArr; SetDisplayWindow
</UL>
<BR>[Calls]<UL><LI><a href="#[8b]">&gt;&gt;</a>&nbsp;&nbsp;&nbsp;drawClock
<LI><a href="#[197]">&gt;&gt;</a>&nbsp;&nbsp;&nbsp;drawFillButton
<LI><a href="#[75]">&gt;&gt;</a>&nbsp;&nbsp;&nbsp;BSP_LCD_GetYSize
<LI><a href="#[74]">&gt;&gt;</a>&nbsp;&nbsp;&nbsp;BSP_LCD_GetXSize
<LI><a href="#[79]">&gt;&gt;</a>&nbsp;&nbsp;&nbsp;BSP_LCD_DisplayStringAt
<LI><a href="#[84]">&gt;&gt;</a>&nbsp;&nbsp;&nbsp;BSP_LCD_SetTextColor
<LI><a href="#[164]">&gt;&gt;</a>&nbsp;&nbsp;&nbsp;BSP_LCD_SetBackColor
<LI><a href="#[73]">&gt;&gt;</a>&nbsp;&nbsp;&nbsp;BSP_LCD_Clear
<LI><a href="#[1e1]">&gt;&gt;</a>&nbsp;&nbsp;&nbsp;TC_clearButtons
<LI><a href="#[1ca]">&gt;&gt;</a>&nbsp;&nbsp;&nbsp;TC_addButton
<LI><a href="#[1ec]">&gt;&gt;</a>&nbsp;&nbsp;&nbsp;drawStatusBarEmpty
<LI><a href="#[1ea]">&gt;&gt;</a>&nbsp;&nbsp;&nbsp;drawMainBar
</UL>
<BR>[Called By]<UL><LI><a href="#[219]">&gt;&gt;</a>&nbsp;&nbsp;&nbsp;showServiceDateSelectFrame
</UL>

<P><STRONG><a name="[1f5]"></a>createFrame</STRONG> (Thumb, 244 bytes, Stack size 24 bytes, loadtypeframe.o(.text.createFrame))
<BR><BR>[Stack]<UL><LI>Max Depth = 248<LI>Call Chain = createFrame &rArr; drawClock &rArr; BSP_LCD_DisplayStringAt &rArr; BSP_LCD_DisplayChar &rArr; DrawChar &rArr; BSP_LCD_DrawBitmap &rArr; SetDisplayWindow
</UL>
<BR>[Calls]<UL><LI><a href="#[8b]">&gt;&gt;</a>&nbsp;&nbsp;&nbsp;drawClock
<LI><a href="#[75]">&gt;&gt;</a>&nbsp;&nbsp;&nbsp;BSP_LCD_GetYSize
<LI><a href="#[79]">&gt;&gt;</a>&nbsp;&nbsp;&nbsp;BSP_LCD_DisplayStringAt
<LI><a href="#[84]">&gt;&gt;</a>&nbsp;&nbsp;&nbsp;BSP_LCD_SetTextColor
<LI><a href="#[164]">&gt;&gt;</a>&nbsp;&nbsp;&nbsp;BSP_LCD_SetBackColor
<LI><a href="#[73]">&gt;&gt;</a>&nbsp;&nbsp;&nbsp;BSP_LCD_Clear
<LI><a href="#[1e1]">&gt;&gt;</a>&nbsp;&nbsp;&nbsp;TC_clearButtons
<LI><a href="#[1ca]">&gt;&gt;</a>&nbsp;&nbsp;&nbsp;TC_addButton
<LI><a href="#[1ec]">&gt;&gt;</a>&nbsp;&nbsp;&nbsp;drawStatusBarEmpty
<LI><a href="#[186]">&gt;&gt;</a>&nbsp;&nbsp;&nbsp;drawStaticLines
<LI><a href="#[1ea]">&gt;&gt;</a>&nbsp;&nbsp;&nbsp;drawMainBar
</UL>
<BR>[Called By]<UL><LI><a href="#[1aa]">&gt;&gt;</a>&nbsp;&nbsp;&nbsp;showLoadTypeFrame
</UL>

<P><STRONG><a name="[6e]"></a>_tm_carry</STRONG> (Thumb, 62 bytes, Stack size 8 bytes, mktime.o(.text))
<BR><BR>[Stack]<UL><LI>Max Depth = 8<LI>Call Chain = _tm_carry
</UL>
<BR>[Called By]<UL><LI><a href="#[6d]">&gt;&gt;</a>&nbsp;&nbsp;&nbsp;mktime
</UL>

<P><STRONG><a name="[225]"></a>_dadd1</STRONG> (Thumb, 0 bytes, Stack size unknown bytes, daddsub_clz.o(x$fpl$dadd), UNUSED)
<BR><BR>[Called By]<UL><LI><a href="#[224]">&gt;&gt;</a>&nbsp;&nbsp;&nbsp;_dsub
</UL>

<P><STRONG><a name="[220]"></a>_dsub1</STRONG> (Thumb, 0 bytes, Stack size unknown bytes, daddsub_clz.o(x$fpl$dsub), UNUSED)
<BR><BR>[Called By]<UL><LI><a href="#[21f]">&gt;&gt;</a>&nbsp;&nbsp;&nbsp;_dadd
</UL>
<P>
<H3>
Undefined Global Symbols
</H3><HR></body></html>
