Component: ARM Compiler 6.16 Tool: armlink [5dfeaa00]

==============================================================================

Section Cross References

    startup_stm32f103xe.o(STACK) refers (Special) to heapauxi.o(.text) for __use_two_region_memory
    startup_stm32f103xe.o(HEAP) refers (Special) to heapauxi.o(.text) for __use_two_region_memory
    startup_stm32f103xe.o(RESET) refers (Special) to heapauxi.o(.text) for __use_two_region_memory
    startup_stm32f103xe.o(RESET) refers to startup_stm32f103xe.o(STACK) for __initial_sp
    startup_stm32f103xe.o(RESET) refers to startup_stm32f103xe.o(.text) for Reset_Handler
    startup_stm32f103xe.o(RESET) refers to stm32f1xx_it.o(.text.NMI_Handler) for NMI_Handler
    startup_stm32f103xe.o(RESET) refers to stm32f1xx_it.o(.text.HardFault_Handler) for HardFault_Handler
    startup_stm32f103xe.o(RESET) refers to stm32f1xx_it.o(.text.MemManage_Handler) for MemManage_Handler
    startup_stm32f103xe.o(RESET) refers to stm32f1xx_it.o(.text.BusFault_Handler) for BusFault_Handler
    startup_stm32f103xe.o(RESET) refers to stm32f1xx_it.o(.text.UsageFault_Handler) for UsageFault_Handler
    startup_stm32f103xe.o(RESET) refers to stm32f1xx_it.o(.text.SVC_Handler) for SVC_Handler
    startup_stm32f103xe.o(RESET) refers to stm32f1xx_it.o(.text.DebugMon_Handler) for DebugMon_Handler
    startup_stm32f103xe.o(RESET) refers to stm32f1xx_it.o(.text.PendSV_Handler) for PendSV_Handler
    startup_stm32f103xe.o(RESET) refers to stm32f1xx_it.o(.text.SysTick_Handler) for SysTick_Handler
    startup_stm32f103xe.o(RESET) refers to stm32f1xx_it.o(.text.RTC_IRQHandler) for RTC_IRQHandler
    startup_stm32f103xe.o(RESET) refers to stm32f1xx_it.o(.text.EXTI3_IRQHandler) for EXTI3_IRQHandler
    startup_stm32f103xe.o(RESET) refers to lcd_io_spi.o(.text.DMA1_Channel4_IRQHandler) for DMA1_Channel4_IRQHandler
    startup_stm32f103xe.o(RESET) refers to lcd_io_spi.o(.text.DMA1_Channel5_IRQHandler) for DMA1_Channel5_IRQHandler
    startup_stm32f103xe.o(RESET) refers to stm32f1xx_it.o(.text.SPI1_IRQHandler) for SPI1_IRQHandler
    startup_stm32f103xe.o(RESET) refers to stm32f1xx_it.o(.text.SPI2_IRQHandler) for SPI2_IRQHandler
    startup_stm32f103xe.o(RESET) refers to stm32f1xx_it.o(.text.EXTI15_10_IRQHandler) for EXTI15_10_IRQHandler
    startup_stm32f103xe.o(.text) refers (Special) to heapauxi.o(.text) for __use_two_region_memory
    startup_stm32f103xe.o(.text) refers to system_stm32f1xx.o(.text.SystemInit) for SystemInit
    startup_stm32f103xe.o(.text) refers to __main.o(!!!main) for __main
    startup_stm32f103xe.o(.text) refers to startup_stm32f103xe.o(HEAP) for Heap_Mem
    startup_stm32f103xe.o(.text) refers to startup_stm32f103xe.o(STACK) for Stack_Mem
    main.o(.text.main) refers to main.o(.bss._1ms_cnt) for _1ms_cnt
    main.o(.text.main) refers to main.o(.text.LL_APB2_GRP1_EnableClock) for LL_APB2_GRP1_EnableClock
    main.o(.text.main) refers to main.o(.text.LL_APB1_GRP1_EnableClock) for LL_APB1_GRP1_EnableClock
    main.o(.text.main) refers to main.o(.text.__NVIC_SetPriorityGrouping) for __NVIC_SetPriorityGrouping
    main.o(.text.main) refers to main.o(.text.__NVIC_GetPriorityGrouping) for __NVIC_GetPriorityGrouping
    main.o(.text.main) refers to main.o(.text.NVIC_EncodePriority) for NVIC_EncodePriority
    main.o(.text.main) refers to main.o(.text.__NVIC_SetPriority) for __NVIC_SetPriority
    main.o(.text.main) refers to main.o(.text.LL_GPIO_AF_Remap_SWJ_NOJTAG) for LL_GPIO_AF_Remap_SWJ_NOJTAG
    main.o(.text.main) refers to main.o(.text.SystemClock_Config) for SystemClock_Config
    main.o(.text.main) refers to gpio.o(.text.MX_GPIO_Init) for MX_GPIO_Init
    main.o(.text.main) refers to spi.o(.text.MX_SPI1_Init) for MX_SPI1_Init
    main.o(.text.main) refers to spi.o(.text.MX_SPI2_Init) for MX_SPI2_Init
    main.o(.text.main) refers to tim.o(.text.MX_TIM3_Init) for MX_TIM3_Init
    main.o(.text.main) refers to usart.o(.text.MX_USART1_UART_Init) for MX_USART1_UART_Init
    main.o(.text.main) refers to main.o(.text.LL_SYSTICK_EnableIT) for LL_SYSTICK_EnableIT
    main.o(.text.main) refers to stm32f1xx_ll_utils.o(.text.LL_mDelay) for LL_mDelay
    main.o(.text.main) refers to gui.o(.text.initGUI) for initGUI
    main.o(.text.main) refers to gui.o(.bss.redraw) for redraw
    main.o(.text.main) refers to gui.o(.text.translateMessage) for translateMessage
    main.o(.ARM.exidx.text.main) refers to main.o(.text.main) for [Anonymous Symbol]
    main.o(.ARM.exidx.text.LL_APB2_GRP1_EnableClock) refers to main.o(.text.LL_APB2_GRP1_EnableClock) for [Anonymous Symbol]
    main.o(.ARM.exidx.text.LL_APB1_GRP1_EnableClock) refers to main.o(.text.LL_APB1_GRP1_EnableClock) for [Anonymous Symbol]
    main.o(.ARM.exidx.text.__NVIC_SetPriorityGrouping) refers to main.o(.text.__NVIC_SetPriorityGrouping) for [Anonymous Symbol]
[...]
    __NVIC_EnableIRQ                         0x08004225   Thumb Code    48  gpio.o(.text.__NVIC_EnableIRQ)
    [Anonymous Symbol]                       0x08004224   Section        0  gpio.o(.text.__NVIC_EnableIRQ)
    __NVIC_EnableIRQ                         0x08004255   Thumb Code    48  spi.o(.text.__NVIC_EnableIRQ)
    [Anonymous Symbol]                       0x08004254   Section        0  spi.o(.text.__NVIC_EnableIRQ)
    __NVIC_EnableIRQ                         0x08004285   Thumb Code    48  lcd_io_spi.o(.text.__NVIC_EnableIRQ)
    [Anonymous Symbol]                       0x08004284   Section        0  lcd_io_spi.o(.text.__NVIC_EnableIRQ)
    __NVIC_GetPriorityGrouping               0x080042b5   Thumb Code    16  main.o(.text.__NVIC_GetPriorityGrouping)
    [Anonymous Symbol]                       0x080042b4   Section        0  main.o(.text.__NVIC_GetPriorityGrouping)
    __NVIC_GetPriorityGrouping               0x080042c5   Thumb Code    16  gpio.o(.text.__NVIC_GetPriorityGrouping)
    [Anonymous Symbol]                       0x080042c4   Section        0  gpio.o(.text.__NVIC_GetPriorityGrouping)
    __NVIC_GetPriorityGrouping               0x080042d5   Thumb Code    16  spi.o(.text.__NVIC_GetPriorityGrouping)
    [Anonymous Symbol]                       0x080042d4   Section        0  spi.o(.text.__NVIC_GetPriorityGrouping)
    __NVIC_SetPriority                       0x080042e5   Thumb Code    66  main.o(.text.__NVIC_SetPriority)
    [Anonymous Symbol]                       0x080042e4   Section        0  main.o(.text.__NVIC_SetPriority)
    __NVIC_SetPriority                       0x08004329   Thumb Code    66  gpio.o(.text.__NVIC_SetPriority)
    [Anonymous Symbol]                       0x08004328   Section        0  gpio.o(.text.__NVIC_SetPriority)
    __NVIC_SetPriority                       0x0800436d   Thumb Code    66  spi.o(.text.__NVIC_SetPriority)
    [Anonymous Symbol]                       0x0800436c   Section        0  spi.o(.text.__NVIC_SetPriority)
    __NVIC_SetPriority                       0x080043b1   Thumb Code    66  lcd_io_spi.o(.text.__NVIC_SetPriority)
    [Anonymous Symbol]                       0x080043b0   Section        0  lcd_io_spi.o(.text.__NVIC_SetPriority)
    __NVIC_SetPriorityGrouping               0x080043f5   Thumb Code    60  main.o(.text.__NVIC_SetPriorityGrouping)
    [Anonymous Symbol]                       0x080043f4   Section        0  main.o(.text.__NVIC_SetPriorityGrouping)
    [Anonymous Symbol]                       0x08004430   Section        0  main.o(.text.assert_failed)
    [Anonymous Symbol]                       0x0800443c   Section        0  ili9486.o(.text.ili9486_DisplayOff)
    [Anonymous Symbol]                       0x0800444c   Section        0  ili9486.o(.text.ili9486_DisplayOn)
    [Anonymous Symbol]                       0x0800445c   Section        0  ili9486.o(.text.ili9486_DrawBitmap)
    [Anonymous Symbol]                       0x0800449c   Section        0  ili9486.o(.text.ili9486_DrawHLine)
    [Anonymous Symbol]                       0x08004524   Section        0  ili9486.o(.text.ili9486_DrawRGBImage)
    [Anonymous Symbol]                       0x08004568   Section        0  ili9486.o(.text.ili9486_DrawVLine)
    [Anonymous Symbol]                       0x080045f0   Section        0  ili9486.o(.text.ili9486_FillRect)
    [Anonymous Symbol]                       0x0800469c   Section        0  ili9486.o(.text.ili9486_GetLcdPixelHeight)
    [Anonymous Symbol]                       0x080046a4   Section        0  ili9486.o(.text.ili9486_GetLcdPixelWidth)
    [Anonymous Symbol]                       0x080046ac   Section        0  ili9486.o(.text.ili9486_Init)
    [Anonymous Symbol]                       0x080047f0   Section        0  ili9486.o(.text.ili9486_ReadID)
    [Anonymous Symbol]                       0x08004830   Section        0  ili9486.o(.text.ili9486_ReadPixel)
    [Anonymous Symbol]                       0x080048c4   Section        0  ili9486.o(.text.ili9486_ReadRGBImage)
    [Anonymous Symbol]                       0x0800492c   Section        0  ili9486.o(.text.ili9486_Scroll)
    [Anonymous Symbol]                       0x08004a1c   Section        0  ili9486.o(.text.ili9486_SetCursor)
    [Anonymous Symbol]                       0x08004a78   Section        0  ili9486.o(.text.ili9486_SetDisplayWindow)
    [Anonymous Symbol]                       0x08004b2c   Section        0  ili9486.o(.text.ili9486_WritePixel)
    [Anonymous Symbol]                       0x08004b9c   Section        0  ili9486.o(.text.ili9486_ts_DetectTouch)
    [Anonymous Symbol]                       0x08004c9c   Section        0  ili9486.o(.text.ili9486_ts_GetXY)
    [Anonymous Symbol]                       0x08004cc8   Section        0  ili9486.o(.text.ili9486_ts_Init)
    [Anonymous Symbol]                       0x08004cfc   Section        0  gui.o(.text.initGUI)
    [Anonymous Symbol]                       0x08004d6c   Section        0  gui.o(.text.intToStr)
    [Anonymous Symbol]                       0x08004e78   Section        0  gui.o(.text.isInRectangle)
    [Anonymous Symbol]                       0x08004ef0   Section        0  main.o(.text.main)
    [Anonymous Symbol]                       0x08004f88   Section        0  gui.o(.text.refresh)
    [Anonymous Symbol]                       0x08005a14   Section        0  gui.o(.text.translateMessage)
    .L.str                                   0x08005d9e   Data           2  ili9486.o(.rodata..L.str)
    .L.str.2                                 0x08005da0   Data           5  ili9486.o(.rodata..L.str.2)
    OFFSET_TAB_CCMRx                         0x08007b6d   Data           7  tim.o(.rodata.OFFSET_TAB_CCMRx)
    [Anonymous Symbol]                       0x08007b6d   Section        0  tim.o(.rodata.OFFSET_TAB_CCMRx)
    SHIFT_TAB_OCxx                           0x08007b74   Data           7  tim.o(.rodata.SHIFT_TAB_OCxx)
    [Anonymous Symbol]                       0x08007b74   Section        0  tim.o(.rodata.SHIFT_TAB_OCxx)
    .L.str.3                                 0x08007b7b   Data          16  ili9486.o(.rodata.cst16)
    .L.str.4                                 0x08007b8b   Data          16  ili9486.o(.rodata.cst16)
    .L.str                                   0x0802f7b6   Data          56  stm32f1xx_ll_gpio.o(.rodata.str1.1)
    [Anonymous Symbol]                       0x0802f7b6   Section        0  stm32f1xx_ll_gpio.o(.rodata.str1.1)
    .L.str                                   0x0802f7ee   Data          56  stm32f1xx_ll_exti.o(.rodata.str1.1)
    [Anonymous Symbol]                       0x0802f7ee   Section        0  stm32f1xx_ll_exti.o(.rodata.str1.1)
    .L.str                                   0x0802f826   Data          55  stm32f1xx_ll_spi.o(.rodata.str1.1)
    [Anonymous Symbol]                       0x0802f826   Section        0  stm32f1xx_ll_spi.o(.rodata.str1.1)
    .L.str                                   0x0802f85d   Data          55  stm32f1xx_ll_tim.o(.rodata.str1.1)
    [Anonymous Symbol]                       0x0802f85d   Section        0  stm32f1xx_ll_tim.o(.rodata.str1.1)
    .L.str                                   0x0802f894   Data          57  stm32f1xx_ll_usart.o(.rodata.str1.1)
    [Anonymous Symbol]                       0x0802f894   Section        0  stm32f1xx_ll_usart.o(.rodata.str1.1)
    [Anonymous Symbol]                       0x0802f8cd   Section        0  gui.o(.rodata.str1.1)
    .L.str                                   0x0802f8d8   Data           8  gui.o(.rodata.str1.1)
    .L.str.21                                0x0802f8e0   Data           5  gui.o(.rodata.str1.1)
    .L.str.24                                0x0802f8ee   Data          16  gui.o(.rodata.str1.1)
    .L.str.1                                 0x0802f945   Data           2  gui.o(.rodata.str1.1)
    .L.str.1                                 0x0802f96f   Data          13  gui.o(.rodata.str1.1)
    .L.str.22                                0x0802f984   Data           9  gui.o(.rodata.str1.1)
    .L.str.23                                0x0802f98d   Data          14  gui.o(.rodata.str1.1)
    .L.str.6                                 0x0802f9b7   Data           2  ili9486.o(.rodata.str1.1)
    [Anonymous Symbol]                       0x0802f9b7   Section        0  ili9486.o(.rodata.str1.1)
    .L.str.5                                 0x0802f9b9   Data           2  ili9486.o(.rodata.str1.1)
    .bss                                     0x200000d0   Section       96  libspace.o(.bss)
    Is_ili9486_Initialized                   0x2000013c   Data           1  ili9486.o(.bss.Is_ili9486_Initialized)
    [Anonymous Symbol]                       0x2000013c   Section        0  ili9486.o(.bss.Is_ili9486_Initialized)
    LCD_IO_ReadMultiData16to24.dmadata       0x20000148   Data         256  lcd_io_spi.o(.bss.LCD_IO_ReadMultiData16to24.dmadata)
    [Anonymous Symbol]                       0x20000148   Section        0  lcd_io_spi.o(.bss.LCD_IO_ReadMultiData16to24.dmadata)
    LCD_IO_WriteMultiData16.d16s             0x20000248   Data           2  lcd_io_spi.o(.bss.LCD_IO_WriteMultiData16.d16s)
    [Anonymous Symbol]                       0x20000248   Section        0  lcd_io_spi.o(.bss.LCD_IO_WriteMultiData16.d16s)
    LCD_IO_WriteMultiData8.d8s               0x2000024a   Data           1  lcd_io_spi.o(.bss.LCD_IO_WriteMultiData8.d8s)
    [Anonymous Symbol]                       0x2000024a   Section        0  lcd_io_spi.o(.bss.LCD_IO_WriteMultiData8.d8s)
    TS_IO_DetectToch.ts_inited               0x2000024b   Data           1  ts_xpt2046.o(.bss.TS_IO_DetectToch.ts_inited)
    [Anonymous Symbol]                       0x2000024b   Section        0  ts_xpt2046.o(.bss.TS_IO_DetectToch.ts_inited)
    TsXBoundary                              0x2000024c   Data           2  stm32_adafruit_ts.o(.bss.TsXBoundary)
    [Anonymous Symbol]                       0x2000024c   Section        0  stm32_adafruit_ts.o(.bss.TsXBoundary)
    TsYBoundary                              0x2000024e   Data           2  stm32_adafruit_ts.o(.bss.TsYBoundary)
    [Anonymous Symbol]                       0x2000024e   Section        0  stm32_adafruit_ts.o(.bss.TsYBoundary)
    bitmap                                   0x2000025c   Data         870  stm32_adafruit_lcd.o(.bss.bitmap)
    [Anonymous Symbol]                       0x2000025c   Section        0  stm32_adafruit_lcd.o(.bss.bitmap)
    ili9486_Scroll.scrparam                  0x200005c4   Data           8  ili9486.o(.bss.ili9486_Scroll.scrparam)
    [Anonymous Symbol]                       0x200005c4   Section        0  ili9486.o(.bss.ili9486_Scroll.scrparam)
    ili9486_ts_DetectTouch.ret               0x200005cc   Data           1  ili9486.o(.bss.ili9486_ts_DetectTouch.ret)
    [Anonymous Symbol]                       0x200005cc   Section        0  ili9486.o(.bss.ili9486_ts_DetectTouch.ret)
    yEnd                                     0x200005fa   Data           2  ili9486.o(.bss.yEnd)
    [Anonymous Symbol]                       0x200005fa   Section        0  ili9486.o(.bss.yEnd)
    yStart                                   0x200005fc   Data           2  ili9486.o(.bss.yStart)
    [Anonymous Symbol]                       0x200005fc   Section        0  ili9486.o(.bss.yStart)
    Heap_Mem                                 0x20000600   Data         512  startup_stm32f103xe.o(HEAP)
    HEAP                                     0x20000600   Section      512  startup_stm32f103xe.o(HEAP)
    Stack_Mem                                0x20000800   Data        1024  startup_stm32f103xe.o(STACK)
    STACK                                    0x20000800   Section     1024  startup_stm32f103xe.o(STACK)
    __initial_sp                             0x20000c00   Data           0  startup_stm32f103xe.o(STACK)

    Global Symbols

    Symbol Name                              Value     Ov Type        Size  Object(Section)

    BuildAttributes$$THM_ISAv4$P$D$K$B$S$PE$A:L22UL41UL21$X:L11$S22US41US21$IEEE1$IW$~IW$USESV6$~STKCKD$USESV7$~SHL$OTIME$ROPI$EBA8$UX$STANDARDLIB$REQ8$PRES8$EABIv2 0x00000000   Number         0  anon$$obj.o ABSOLUTE
    __fp_init_empty                          0x00000000   Number         0  fpinit_empty.o ABSOLUTE
    __ARM_exceptions_init                     - Undefined Weak Reference
    __alloca_initialize                       - Undefined Weak Reference
    __arm_preinit_                            - Undefined Weak Reference
    __cpp_initialize__aeabi_                  - Undefined Weak Reference
    __cxa_finalize                            - Undefined Weak Reference
    __rt_locale                               - Undefined Weak Reference
    __sigvec_lookup                           - Undefined Weak Reference
    __user_heap_extent                        - Undefined Weak Reference
    _atexit_init                              - Undefined Weak Reference
    _call_atexit_fns                          - Undefined Weak Reference
    _clock_init                               - Undefined Weak Reference
    _fp_trap_init                             - Undefined Weak Reference
    _fp_trap_shutdown                         - Undefined Weak Reference
    _get_lc_collate                           - Undefined Weak Reference
    _get_lc_ctype                             - Undefined Weak Reference
    _get_lc_monetary                          - Undefined Weak Reference
    _get_lc_numeric                           - Undefined Weak Reference
    _get_lc_time                              - Undefined Weak Reference
    _getenv_init                              - Undefined Weak Reference
    _handle_redirection                       - Undefined Weak Reference
    _initio                                   - Undefined Weak Reference
    _mutex_acquire                            - Undefined Weak Reference
    _mutex_free                               - Undefined Weak Reference
    _mutex_release                            - Undefined Weak Reference
    _rand_init                                - Undefined Weak Reference
    _signal_finish                            - Undefined Weak Reference
    _signal_init                              - Undefined Weak Reference
    _terminateio                              - Undefined Weak Reference
    __Vectors_Size                           0x00000130   Number         0  startup_stm32f103xe.o ABSOLUTE
    __Vectors                                0x08000000   Data           4  startup_stm32f103xe.o(RESET)
    __Vectors_End                            0x08000130   Data           0  startup_stm32f103xe.o(RESET)
    __main                                   0x08000131   Thumb Code     8  __main.o(!!!main)
    __scatterload                            0x08000139   Thumb Code     0  __scatter.o(!!!scatter)
    __scatterload_rt2                        0x08000139   Thumb Code    44  __scatter.o(!!!scatter)
    __scatterload_rt2_thumb_only             0x08000139   Thumb Code     0  __scatter.o(!!!scatter)
    __scatterload_null                       0x08000147   Thumb Code     0  __scatter.o(!!!scatter)
    __scatterload_copy                       0x0800016d   Thumb Code    26  __scatter_copy.o(!!handler_copy)
    __scatterload_zeroinit                   0x08000189   Thumb Code    28  __scatter_zi.o(!!handler_zi)
    __rt_lib_init                            0x080001a5   Thumb Code     0  libinit.o(.ARM.Collect$$libinit$$00000000)
    __rt_lib_init_alloca_1                   0x080001a7   Thumb Code     0  libinit2.o(.ARM.Collect$$libinit$$0000002E)
    __rt_lib_init_argv_1                     0x080001a7   Thumb Code     0  libinit2.o(.ARM.Collect$$libinit$$0000002C)
    __rt_lib_init_atexit_1                   0x080001a7   Thumb Code     0  libinit2.o(.ARM.Collect$$libinit$$0000001B)
    __rt_lib_init_clock_1                    0x080001a7   Thumb Code     0  libinit2.o(.ARM.Collect$$libinit$$00000021)
    __rt_lib_init_cpp_1                      0x080001a7   Thumb Code     0  libinit2.o(.ARM.Collect$$libinit$$00000032)
    __rt_lib_init_exceptions_1               0x080001a7   Thumb Code     0  libinit2.o(.ARM.Collect$$libinit$$00000030)
    __rt_lib_init_fp_1                       0x080001a7   Thumb Code     0  libinit2.o(.ARM.Collect$$libinit$$00000002)
    __rt_lib_init_fp_trap_1                  0x080001a7   Thumb Code     0  libinit2.o(.ARM.Collect$$libinit$$0000001F)
    __rt_lib_init_getenv_1                   0x080001a7   Thumb Code     0  libinit2.o(.ARM.Collect$$libinit$$00000023)
    __rt_lib_init_heap_1                     0x080001a7   Thumb Code     0  libinit2.o(.ARM.Collect$$libinit$$0000000A)
    __rt_lib_init_lc_collate_1               0x080001a7   Thumb Code     0  libinit2.o(.ARM.Collect$$libinit$$00000011)
    __rt_lib_init_lc_ctype_1                 0x080001a7   Thumb Code     0  libinit2.o(.ARM.Collect$$libinit$$00000013)
    __rt_lib_init_lc_monetary_1              0x080001a7   Thumb Code     0  libinit2.o(.ARM.Collect$$libinit$$00000015)
    __rt_lib_init_lc_numeric_1               0x080001a7   Thumb Code     0  libinit2.o(.ARM.Collect$$libinit$$00000017)
    __rt_lib_init_lc_time_1                  0x080001a7   Thumb Code     0  libinit2.o(.ARM.Collect$$libinit$$00000019)
    __rt_lib_init_preinit_1                  0x080001a7   Thumb Code     0  libinit2.o(.ARM.Collect$$libinit$$00000004)
    __rt_lib_init_rand_1                     0x080001a7   Thumb Code     0  libinit2.o(.ARM.Collect$$libinit$$0000000E)
    __rt_lib_init_return                     0x080001a7   Thumb Code     0  libinit2.o(.ARM.Collect$$libinit$$00000033)
    __rt_lib_init_signal_1                   0x080001a7   Thumb Code     0  libinit2.o(.ARM.Collect$$libinit$$0000001D)
    __rt_lib_init_stdio_1                    0x080001a7   Thumb Code     0  libinit2.o(.ARM.Collect$$libinit$$00000025)
    __rt_lib_init_user_alloc_1               0x080001a7   Thumb Code     0  libinit2.o(.ARM.Collect$$libinit$$0000000C)
    __rt_lib_shutdown                        0x080001a9   Thumb Code     0  libshutdown.o(.ARM.Collect$$libshutdown$$00000000)
    __rt_lib_shutdown_cpp_1                  0x080001ab   Thumb Code     0  libshutdown2.o(.ARM.Collect$$libshutdown$$00000002)
    __rt_lib_shutdown_fp_trap_1              0x080001ab   Thumb Code     0  libshutdown2.o(.ARM.Collect$$libshutdown$$00000007)
    __rt_lib_shutdown_heap_1                 0x080001ab   Thumb Code     0  libshutdown2.o(.ARM.Collect$$libshutdown$$0000000F)
    __rt_lib_shutdown_return                 0x080001ab   Thumb Code     0  libshutdown2.o(.ARM.Collect$$libshutdown$$00000010)
    __rt_lib_shutdown_signal_1               0x080001ab   Thumb Code     0  libshutdown2.o(.ARM.Collect$$libshutdown$$0000000A)
    __rt_lib_shutdown_stdio_1                0x080001ab   Thumb Code     0  libshutdown2.o(.ARM.Collect$$libshutdown$$00000004)
    __rt_lib_shutdown_user_alloc_1           0x080001ab   Thumb Code     0  libshutdown2.o(.ARM.Collect$$libshutdown$$0000000C)
    __rt_entry                               0x080001ad   Thumb Code     0  __rtentry.o(.ARM.Collect$$rtentry$$00000000)
    __rt_entry_presh_1                       0x080001ad   Thumb Code     0  __rtentry2.o(.ARM.Collect$$rtentry$$00000002)
    __rt_entry_sh                            0x080001ad   Thumb Code     0  __rtentry4.o(.ARM.Collect$$rtentry$$00000004)
    __rt_entry_li                            0x080001b3   Thumb Code     0  __rtentry2.o(.ARM.Collect$$rtentry$$0000000A)
    __rt_entry_postsh_1                      0x080001b3   Thumb Code     0  __rtentry2.o(.ARM.Collect$$rtentry$$00000009)
    __rt_entry_main                          0x080001b7   Thumb Code     0  __rtentry2.o(.ARM.Collect$$rtentry$$0000000D)
    __rt_entry_postli_1                      0x080001b7   Thumb Code     0  __rtentry2.o(.ARM.Collect$$rtentry$$0000000C)
    __rt_exit                                0x080001bf   Thumb Code     0  rtexit.o(.ARM.Collect$$rtexit$$00000000)
    __rt_exit_ls                             0x080001c1   Thumb Code     0  rtexit2.o(.ARM.Collect$$rtexit$$00000003)
    __rt_exit_prels_1                        0x080001c1   Thumb Code     0  rtexit2.o(.ARM.Collect$$rtexit$$00000002)
    __rt_exit_exit                           0x080001c5   Thumb Code     0  rtexit2.o(.ARM.Collect$$rtexit$$00000004)
    Reset_Handler                            0x080001cd   Thumb Code     8  startup_stm32f103xe.o(.text)
    ADC1_2_IRQHandler                        0x080001e7   Thumb Code     0  startup_stm32f103xe.o(.text)
    ADC3_IRQHandler                          0x080001e7   Thumb Code     0  startup_stm32f103xe.o(.text)
    CAN1_RX1_IRQHandler                      0x080001e7   Thumb Code     0  startup_stm32f103xe.o(.text)
    CAN1_SCE_IRQHandler                      0x080001e7   Thumb Code     0  startup_stm32f103xe.o(.text)
    DMA1_Channel1_IRQHandler                 0x080001e7   Thumb Code     0  startup_stm32f103xe.o(.text)
    DMA1_Channel2_IRQHandler                 0x080001e7   Thumb Code     0  startup_stm32f103xe.o(.text)
    DMA1_Channel3_IRQHandler                 0x080001e7   Thumb Code     0  startup_stm32f103xe.o(.text)
    DMA1_Channel6_IRQHandler                 0x080001e7   Thumb Code     0  startup_stm32f103xe.o(.text)
    DMA1_Channel7_IRQHandler                 0x080001e7   Thumb Code     0  startup_stm32f103xe.o(.text)
    DMA2_Channel1_IRQHandler                 0x080001e7   Thumb Code     0  startup_stm32f103xe.o(.text)
    DMA2_Channel2_IRQHandler                 0x080001e7   Thumb Code     0  startup_stm32f103xe.o(.text)
    DMA2_Channel3_IRQHandler                 0x080001e7   Thumb Code     0  startup_stm32f103xe.o(.text)
    DMA2_Channel4_5_IRQHandler               0x080001e7   Thumb Code     0  startup_stm32f103xe.o(.text)
    EXTI0_IRQHandler                         0x080001e7   Thumb Code     0  startup_stm32f103xe.o(.text)
    EXTI1_IRQHandler                         0x080001e7   Thumb Code     0  startup_stm32f103xe.o(.text)
    EXTI2_IRQHandler                         0x080001e7   Thumb Code     0  startup_stm32f103xe.o(.text)
    EXTI4_IRQHandler                         0x080001e7   Thumb Code     0  startup_stm32f103xe.o(.text)
    EXTI9_5_IRQHandler                       0x080001e7   Thumb Code     0  startup_stm32f103xe.o(.text)
    FLASH_IRQHandler                         0x080001e7   Thumb Code     0  startup_stm32f103xe.o(.text)
    FSMC_IRQHandler                          0x080001e7   Thumb Code     0  startup_stm32f103xe.o(.text)
    I2C1_ER_IRQHandler                       0x080001e7   Thumb Code     0  startup_stm32f103xe.o(.text)
    I2C1_EV_IRQHandler                       0x080001e7   Thumb Code     0  startup_stm32f103xe.o(.text)
    I2C2_ER_IRQHandler                       0x080001e7   Thumb Code     0  startup_stm32f103xe.o(.text)
    I2C2_EV_IRQHandler                       0x080001e7   Thumb Code     0  startup_stm32f103xe.o(.text)
    PVD_IRQHandler                           0x080001e7   Thumb Code     0  startup_stm32f103xe.o(.text)
    RCC_IRQHandler                           0x080001e7   Thumb Code     0  startup_stm32f103xe.o(.text)
    RTC_Alarm_IRQHandler                     0x080001e7   Thumb Code     0  startup_stm32f103xe.o(.text)
    SDIO_IRQHandler                          0x080001e7   Thumb Code     0  startup_stm32f103xe.o(.text)
    SPI3_IRQHandler                          0x080001e7   Thumb Code     0  startup_stm32f103xe.o(.text)
    TAMPER_IRQHandler                        0x080001e7   Thumb Code     0  startup_stm32f103xe.o(.text)
    TIM1_BRK_IRQHandler                      0x080001e7   Thumb Code     0  startup_stm32f103xe.o(.text)
    TIM1_CC_IRQHandler                       0x080001e7   Thumb Code     0  startup_stm32f103xe.o(.text)
    TIM1_TRG_COM_IRQHandler                  0x080001e7   Thumb Code     0  startup_stm32f103xe.o(.text)
    TIM1_UP_IRQHandler                       0x080001e7   Thumb Code     0  startup_stm32f103xe.o(.text)
    TIM2_IRQHandler                          0x080001e7   Thumb Code     0  startup_stm32f103xe.o(.text)
    TIM3_IRQHandler                          0x080001e7   Thumb Code     0  startup_stm32f103xe.o(.text)
    TIM4_IRQHandler                          0x080001e7   Thumb Code     0  startup_stm32f103xe.o(.text)
    TIM5_IRQHandler                          0x080001e7   Thumb Code     0  startup_stm32f103xe.o(.text)
    TIM6_IRQHandler                          0x080001e7   Thumb Code     0  startup_stm32f103xe.o(.text)
    TIM7_IRQHandler                          0x080001e7   Thumb Code     0  startup_stm32f103xe.o(.text)
    TIM8_BRK_IRQHandler                      0x080001e7   Thumb Code     0  startup_stm32f103xe.o(.text)
    TIM8_CC_IRQHandler                       0x080001e7   Thumb Code     0  startup_stm32f103xe.o(.text)
    TIM8_TRG_COM_IRQHandler                  0x080001e7   Thumb Code     0  startup_stm32f103xe.o(.text)
    TIM8_UP_IRQHandler                       0x080001e7   Thumb Code     0  startup_stm32f103xe.o(.text)
    UART4_IRQHandler                         0x080001e7   Thumb Code     0  startup_stm32f103xe.o(.text)
    UART5_IRQHandler                         0x080001e7   Thumb Code     0  startup_stm32f103xe.o(.text)
    USART1_IRQHandler                        0x080001e7   Thumb Code     0  startup_stm32f103xe.o(.text)
    USART2_IRQHandler                        0x080001e7   Thumb Code     0  startup_stm32f103xe.o(.text)
    USART3_IRQHandler                        0x080001e7   Thumb Code     0  startup_stm32f103xe.o(.text)
    USBWakeUp_IRQHandler                     0x080001e7   Thumb Code     0  startup_stm32f103xe.o(.text)
    USB_HP_CAN1_TX_IRQHandler                0x080001e7   Thumb Code     0  startup_stm32f103xe.o(.text)
    USB_LP_CAN1_RX0_IRQHandler               0x080001e7   Thumb Code     0  startup_stm32f103xe.o(.text)
    WWDG_IRQHandler                          0x080001e7   Thumb Code     0  startup_stm32f103xe.o(.text)
    __user_initial_stackheap                 0x080001e9   Thumb Code     0  startup_stm32f103xe.o(.text)
    __aeabi_memclr4                          0x0800020d   Thumb Code     0  rt_memclr_w.o(.text)
    __aeabi_memclr8                          0x0800020d   Thumb Code     0  rt_memclr_w.o(.text)
    __rt_memclr_w                            0x0800020d   Thumb Code     0  rt_memclr_w.o(.text)
    _memset_w                                0x08000211   Thumb Code    74  rt_memclr_w.o(.text)
    __use_two_region_memory                  0x0800025b   Thumb Code     2  heapauxi.o(.text)
    __rt_heap_escrow                         0x0800025d   Thumb Code     2  heapauxi.o(.text)
    __rt_heap_expand                         0x0800025f   Thumb Code     2  heapauxi.o(.text)
    __user_libspace                          0x08000261   Thumb Code     8  libspace.o(.text)
    __user_perproc_libspace                  0x08000261   Thumb Code     0  libspace.o(.text)
    __user_perthread_libspace                0x08000261   Thumb Code     0  libspace.o(.text)
    __I$use$semihosting                      0x08000269   Thumb Code     0  use_no_semi.o(.text)
    __use_no_semihosting_swi                 0x08000269   Thumb Code     2  use_no_semi.o(.text)
    __semihosting_library_function           0x0800026b   Thumb Code     0  indicate_semi.o(.text)
    __user_setup_stackheap                   0x0800026b   Thumb Code    74  sys_stackheap_outer.o(.text)
    exit                                     0x080002b5   Thumb Code    18  exit.o(.text)
    _sys_exit                                0x080002c9   Thumb Code     8  sys_exit.o(.text)
    BSP_LCD_Clear                            0x080002d5   Thumb Code    58  stm32_adafruit_lcd.o(.text.BSP_LCD_Clear)
    BSP_LCD_DisplayChar                      0x08000311   Thumb Code    70  stm32_adafruit_lcd.o(.text.BSP_LCD_DisplayChar)
    BSP_LCD_DisplayStringAt                  0x08000359   Thumb Code   312  stm32_adafruit_lcd.o(.text.BSP_LCD_DisplayStringAt)
    BSP_LCD_DrawBitmap                       0x08000491   Thumb Code   124  stm32_adafruit_lcd.o(.text.BSP_LCD_DrawBitmap)
    BSP_LCD_DrawHLine                        0x0800050d   Thumb Code   138  stm32_adafruit_lcd.o(.text.BSP_LCD_DrawHLine)
    BSP_LCD_DrawPixel                        0x08000599   Thumb Code    64  stm32_adafruit_lcd.o(.text.BSP_LCD_DrawPixel)
    BSP_LCD_DrawRect                         0x080005d9   Thumb Code   108  stm32_adafruit_lcd.o(.text.BSP_LCD_DrawRect)
    BSP_LCD_DrawVLine                        0x08000645   Thumb Code   138  stm32_adafruit_lcd.o(.text.BSP_LCD_DrawVLine)
    BSP_LCD_FillRect                         0x080006d1   Thumb Code    74  stm32_adafruit_lcd.o(.text.BSP_LCD_FillRect)
    BSP_LCD_GetXSize                         0x0800071d   Thumb Code    18  stm32_adafruit_lcd.o(.text.BSP_LCD_GetXSize)
    BSP_LCD_GetYSize                         0x08000731   Thumb Code    18  stm32_adafruit_lcd.o(.text.BSP_LCD_GetYSize)
    BSP_LCD_Init                             0x08000745   Thumb Code    72  stm32_adafruit_lcd.o(.text.BSP_LCD_Init)
    BSP_LCD_SetBackColor                     0x0800078d   Thumb Code    24  stm32_adafruit_lcd.o(.text.BSP_LCD_SetBackColor)
    BSP_LCD_SetFont                          0x080007a5   Thumb Code    20  stm32_adafruit_lcd.o(.text.BSP_LCD_SetFont)
    BSP_LCD_SetTextColor                     0x080007b9   Thumb Code    24  stm32_adafruit_lcd.o(.text.BSP_LCD_SetTextColor)
    BSP_TS_GetState                          0x080007d1   Thumb Code   302  stm32_adafruit_ts.o(.text.BSP_TS_GetState)
    BSP_TS_Init                              0x08000901   Thumb Code   194  stm32_adafruit_ts.o(.text.BSP_TS_Init)
    BusFault_Handler                         0x080009c5   Thumb Code     4  stm32f1xx_it.o(.text.BusFault_Handler)
    DMA1_Channel4_IRQHandler                 0x080009c9   Thumb Code   208  lcd_io_spi.o(.text.DMA1_Channel4_IRQHandler)
    DMA1_Channel5_IRQHandler                 0x08000a99   Thumb Code   152  lcd_io_spi.o(.text.DMA1_Channel5_IRQHandler)
    DebugMon_Handler                         0x08000b31   Thumb Code     2  stm32f1xx_it.o(.text.DebugMon_Handler)
    EXTI15_10_IRQHandler                     0x08000cf5   Thumb Code    84  stm32f1xx_it.o(.text.EXTI15_10_IRQHandler)
    EXTI3_IRQHandler                         0x08000d49   Thumb Code    62  stm32f1xx_it.o(.text.EXTI3_IRQHandler)
    HardFault_Handler                        0x08000d89   Thumb Code     4  stm32f1xx_it.o(.text.HardFault_Handler)
    LCD_Delay                                0x08000d8d   Thumb Code    16  lcd_io_spi.o(.text.LCD_Delay)
    LCD_IO_Bl_OnOff                          0x08000d9d   Thumb Code    46  lcd_io_spi.o(.text.LCD_IO_Bl_OnOff)
    LCD_IO_Delay                             0x08000dcd   Thumb Code    22  lcd_io_spi.o(.text.LCD_IO_Delay)
    LCD_IO_Init                              0x08000de5   Thumb Code   300  lcd_io_spi.o(.text.LCD_IO_Init)
    LCD_IO_ReadCmd8MultipleData24to16        0x08000f11   Thumb Code    70  lcd_io_spi.o(.text.LCD_IO_ReadCmd8MultipleData24to16)
    LCD_IO_ReadCmd8MultipleData8             0x08000f59   Thumb Code    70  lcd_io_spi.o(.text.LCD_IO_ReadCmd8MultipleData8)
    LCD_IO_ReadMultiData                     0x08000fa1   Thumb Code   116  lcd_io_spi.o(.text.LCD_IO_ReadMultiData)
    LCD_IO_ReadMultiData16to24               0x08001015   Thumb Code   432  lcd_io_spi.o(.text.LCD_IO_ReadMultiData16to24)
    LCD_IO_ReadMultiData8                    0x080011c5   Thumb Code   130  lcd_io_spi.o(.text.LCD_IO_ReadMultiData8)
    LCD_IO_WriteCmd8                         0x08001249   Thumb Code    52  lcd_io_spi.o(.text.LCD_IO_WriteCmd8)
    LCD_IO_WriteCmd8DataFill16               0x0800127d   Thumb Code    70  lcd_io_spi.o(.text.LCD_IO_WriteCmd8DataFill16)
    LCD_IO_WriteCmd8MultipleData16           0x080012c5   Thumb Code    64  lcd_io_spi.o(.text.LCD_IO_WriteCmd8MultipleData16)
    LCD_IO_WriteCmd8MultipleData8            0x08001305   Thumb Code    58  lcd_io_spi.o(.text.LCD_IO_WriteCmd8MultipleData8)
    LCD_IO_WriteData16                       0x08001341   Thumb Code    56  lcd_io_spi.o(.text.LCD_IO_WriteData16)
    LCD_IO_WriteData8                        0x08001379   Thumb Code    52  lcd_io_spi.o(.text.LCD_IO_WriteData8)
    LCD_IO_WriteMultiData                    0x080013ad   Thumb Code   148  lcd_io_spi.o(.text.LCD_IO_WriteMultiData)
    LCD_IO_WriteMultiData16                  0x08001441   Thumb Code   262  lcd_io_spi.o(.text.LCD_IO_WriteMultiData16)
    LCD_IO_WriteMultiData8                   0x08001549   Thumb Code   172  lcd_io_spi.o(.text.LCD_IO_WriteMultiData8)
    LL_EXTI_Init                             0x080017e9   Thumb Code   422  stm32f1xx_ll_exti.o(.text.LL_EXTI_Init)
    LL_GPIO_Init                             0x08001a45   Thumb Code   560  stm32f1xx_ll_gpio.o(.text.LL_GPIO_Init)
    LL_Init1msTick                           0x08001ddd   Thumb Code    20  stm32f1xx_ll_utils.o(.text.LL_Init1msTick)
    LL_RCC_GetSystemClocksFreq               0x08001e79   Thumb Code    54  stm32f1xx_ll_rcc.o(.text.LL_RCC_GetSystemClocksFreq)
    LL_SPI_Init                              0x08001fd5   Thumb Code   678  stm32f1xx_ll_spi.o(.text.LL_SPI_Init)
    LL_SetSystemCoreClock                    0x080022b5   Thumb Code    20  stm32f1xx_ll_utils.o(.text.LL_SetSystemCoreClock)
    LL_TIM_Init                              0x08002305   Thumb Code   570  stm32f1xx_ll_tim.o(.text.LL_TIM_Init)
    LL_TIM_OC_Init                           0x080026a9   Thumb Code   120  stm32f1xx_ll_tim.o(.text.LL_TIM_OC_Init)
    LL_USART_Init                            0x080027dd   Thumb Code   680  stm32f1xx_ll_usart.o(.text.LL_USART_Init)
    LL_mDelay                                0x08002b1d   Thumb Code    74  stm32f1xx_ll_utils.o(.text.LL_mDelay)
    LcdCmdWrite8                             0x08002b69   Thumb Code    74  lcd_io_spi.o(.text.LcdCmdWrite8)
    LcdDirRead                               0x08002bb5   Thumb Code   124  lcd_io_spi.o(.text.LcdDirRead)
    LcdDirWrite                              0x08002c31   Thumb Code   122  lcd_io_spi.o(.text.LcdDirWrite)
    LcdWrite16                               0x08002cad   Thumb Code    50  lcd_io_spi.o(.text.LcdWrite16)
    LcdWrite8                                0x08002ce1   Thumb Code    50  lcd_io_spi.o(.text.LcdWrite8)
    MX_GPIO_Init                             0x08002d15   Thumb Code   540  gpio.o(.text.MX_GPIO_Init)
    MX_SPI1_Init                             0x08002f31   Thumb Code   186  spi.o(.text.MX_SPI1_Init)
    MX_SPI2_Init                             0x08002fed   Thumb Code   186  spi.o(.text.MX_SPI2_Init)
    MX_TIM3_Init                             0x080030a9   Thumb Code   192  tim.o(.text.MX_TIM3_Init)
    MX_USART1_UART_Init                      0x08003169   Thumb Code   160  usart.o(.text.MX_USART1_UART_Init)
    MemManage_Handler                        0x08003209   Thumb Code     4  stm32f1xx_it.o(.text.MemManage_Handler)
    NMI_Handler                              0x0800320d   Thumb Code     4  stm32f1xx_it.o(.text.NMI_Handler)
    PendSV_Handler                           0x08003d7d   Thumb Code     2  stm32f1xx_it.o(.text.PendSV_Handler)
    RCC_GetHCLKClockFreq                     0x08003d81   Thumb Code    38  stm32f1xx_ll_rcc.o(.text.RCC_GetHCLKClockFreq)
    RCC_GetPCLK1ClockFreq                    0x08003da9   Thumb Code    36  stm32f1xx_ll_rcc.o(.text.RCC_GetPCLK1ClockFreq)
    RCC_GetPCLK2ClockFreq                    0x08003dcd   Thumb Code    36  stm32f1xx_ll_rcc.o(.text.RCC_GetPCLK2ClockFreq)
    RCC_GetSystemClockFreq                   0x08003df1   Thumb Code    86  stm32f1xx_ll_rcc.o(.text.RCC_GetSystemClockFreq)
    RCC_PLL_GetFreqDomain_SYS                0x08003e49   Thumb Code   104  stm32f1xx_ll_rcc.o(.text.RCC_PLL_GetFreqDomain_SYS)
    RTC_IRQHandler                           0x08003eb1   Thumb Code     2  stm32f1xx_it.o(.text.RTC_IRQHandler)
    SPI1_IRQHandler                          0x08003eb5   Thumb Code     2  stm32f1xx_it.o(.text.SPI1_IRQHandler)
    SPI2_IRQHandler                          0x08003eb9   Thumb Code    16  stm32f1xx_it.o(.text.SPI2_IRQHandler)
    SVC_Handler                              0x08003ec9   Thumb Code     2  stm32f1xx_it.o(.text.SVC_Handler)
    SysTick_Handler                          0x08003f19   Thumb Code    98  stm32f1xx_it.o(.text.SysTick_Handler)
    SystemClock_Config                       0x08003f7d   Thumb Code   138  main.o(.text.SystemClock_Config)
    SystemInit                               0x08004009   Thumb Code     2  system_stm32f1xx.o(.text.SystemInit)
    TS_IO_Delay                              0x0800400d   Thumb Code    22  ts_xpt2046.o(.text.TS_IO_Delay)
    TS_IO_DetectToch                         0x08004025   Thumb Code    74  ts_xpt2046.o(.text.TS_IO_DetectToch)
    TS_IO_GetX                               0x08004071   Thumb Code    48  ts_xpt2046.o(.text.TS_IO_GetX)
    TS_IO_GetY                               0x080040a1   Thumb Code    48  ts_xpt2046.o(.text.TS_IO_GetY)
    TS_IO_Init                               0x080040d1   Thumb Code   140  ts_xpt2046.o(.text.TS_IO_Init)
    TsRead16                                 0x0800415d   Thumb Code   112  ts_xpt2046.o(.text.TsRead16)
    TsWrite8                                 0x080041cd   Thumb Code    64  ts_xpt2046.o(.text.TsWrite8)
    UsageFault_Handler                       0x0800420d   Thumb Code     4  stm32f1xx_it.o(.text.UsageFault_Handler)
    WaitForDmaEnd                            0x08004211   Thumb Code    20  lcd_io_spi.o(.text.WaitForDmaEnd)
    assert_failed                            0x08004431   Thumb Code    10  main.o(.text.assert_failed)
    ili9486_DisplayOff                       0x0800443d   Thumb Code    16  ili9486.o(.text.ili9486_DisplayOff)
    ili9486_DisplayOn                        0x0800444d   Thumb Code    16  ili9486.o(.text.ili9486_DisplayOn)
    ili9486_DrawBitmap                       0x0800445d   Thumb Code    62  ili9486.o(.text.ili9486_DrawBitmap)
    ili9486_DrawHLine                        0x0800449d   Thumb Code   136  ili9486.o(.text.ili9486_DrawHLine)
    ili9486_DrawRGBImage                     0x08004525   Thumb Code    66  ili9486.o(.text.ili9486_DrawRGBImage)
    ili9486_DrawVLine                        0x08004569   Thumb Code   136  ili9486.o(.text.ili9486_DrawVLine)
    ili9486_FillRect                         0x080045f1   Thumb Code   172  ili9486.o(.text.ili9486_FillRect)
    ili9486_GetLcdPixelHeight                0x0800469d   Thumb Code     6  ili9486.o(.text.ili9486_GetLcdPixelHeight)
    ili9486_GetLcdPixelWidth                 0x080046a5   Thumb Code     6  ili9486.o(.text.ili9486_GetLcdPixelWidth)
    ili9486_Init                             0x080046ad   Thumb Code   322  ili9486.o(.text.ili9486_Init)
    ili9486_ReadID                           0x080047f1   Thumb Code    62  ili9486.o(.text.ili9486_ReadID)
    ili9486_ReadPixel                        0x08004831   Thumb Code   146  ili9486.o(.text.ili9486_ReadPixel)
    ili9486_ReadRGBImage                     0x080048c5   Thumb Code   104  ili9486.o(.text.ili9486_ReadRGBImage)
    ili9486_Scroll                           0x0800492d   Thumb Code   240  ili9486.o(.text.ili9486_Scroll)
    ili9486_SetCursor                        0x08004a1d   Thumb Code    92  ili9486.o(.text.ili9486_SetCursor)
    ili9486_SetDisplayWindow                 0x08004a79   Thumb Code   180  ili9486.o(.text.ili9486_SetDisplayWindow)
    ili9486_WritePixel                       0x08004b2d   Thumb Code   110  ili9486.o(.text.ili9486_WritePixel)
    ili9486_ts_DetectTouch                   0x08004b9d   Thumb Code   256  ili9486.o(.text.ili9486_ts_DetectTouch)
    ili9486_ts_GetXY                         0x08004c9d   Thumb Code    42  ili9486.o(.text.ili9486_ts_GetXY)
    ili9486_ts_Init                          0x08004cc9   Thumb Code    52  ili9486.o(.text.ili9486_ts_Init)
    initGUI                                  0x08004cfd   Thumb Code   112  gui.o(.text.initGUI)
    intToStr                                 0x08004d6d   Thumb Code   268  gui.o(.text.intToStr)
    isInRectangle                            0x08004e79   Thumb Code   120  gui.o(.text.isInRectangle)
    main                                     0x08004ef1   Thumb Code   152  main.o(.text.main)
    refresh                                  0x08004f89   Thumb Code  2700  gui.o(.text.refresh)
    translateMessage                         0x08005a15   Thumb Code   906  gui.o(.text.translateMessage)
    AHBPrescTable                            0x08005da5   Data          16  system_stm32f1xx.o(.rodata.AHBPrescTable)
    APBPrescTable                            0x08005db5   Data           8  system_stm32f1xx.o(.rodata.APBPrescTable)
    Font24_Table                             0x08005dbd   Data        6840  font24.o(.rodata.Font24_Table)
    Font8_Table                              0x08007875   Data         760  font8.o(.rodata.Font8_Table)
    gImage_ARROWDOWN                         0x08007ba0   Data        1608  arrowdownimg.o(.rodata.gImage_ARROWDOWN)
    gImage_ARROWUP                           0x080081e8   Data        1608  arrowupimg.o(.rodata.gImage_ARROWUP)
    gImage_DROPBUT                           0x08008830   Data       35966  dropbutimg.o(.rodata.gImage_DROPBUT)
    gImage_LOGO_MAIN                         0x080114b0   Data       45054  logo_main2.o(.rodata.gImage_LOGO_MAIN)
    gImage_PAGEBUT                           0x0801c4b0   Data       35966  pagebutimg.o(.rodata.gImage_PAGEBUT)
    gImage_RETURNARROW                       0x08025130   Data        1608  returnarrowimg.o(.rodata.gImage_RETURNARROW)
    gImage_SMALL_LOGO                        0x08025778   Data        5054  smalllogo_16b.o(.rodata.gImage_SMALL_LOGO)
    gImage_WRENCHBUT                         0x08026b38   Data       35966  wrenchbutimg.o(.rodata.gImage_WRENCHBUT)
    Region$$Table$$Base                      0x0802f9bc   Number         0  anon$$obj.o(Region$$Table)
    Region$$Table$$Limit                     0x0802f9dc   Number         0  anon$$obj.o(Region$$Table)
    Font24                                   0x20000000   Data           8  font24.o(.data.Font24)
    Font8                                    0x20000008   Data           8  font8.o(.data.Font8)
    ITEM_MENU_DROP                           0x20000010   Data          12  gui.o(.data.ITEM_MENU_DROP)
    ITEM_MENU_PAGE                           0x2000001c   Data          12  gui.o(.data.ITEM_MENU_PAGE)
    ITEM_MENU_REGENERATION                   0x20000028   Data          24  gui.o(.data.ITEM_MENU_REGENERATION)
    ITEM_MENU_SERVICE                        0x20000040   Data          12  gui.o(.data.ITEM_MENU_SERVICE)
    ITEM_MENU_WRENCH                         0x2000004c   Data          12  gui.o(.data.ITEM_MENU_WRENCH)
    SystemCoreClock                          0x20000058   Data           4  system_stm32f1xx.o(.data.SystemCoreClock)
    ili9486_drv                              0x2000005c   Data          68  ili9486.o(.data.ili9486_drv)
    ili9486_ts_drv                           0x200000a0   Data          40  ili9486.o(.data.ili9486_ts_drv)
    lcd_drv                                  0x200000c8   Data           4  ili9486.o(.data.lcd_drv)
    ts_drv                                   0x200000cc   Data           4  ili9486.o(.data.ts_drv)
    __libspace_start                         0x200000d0   Data          96  libspace.o(.bss)
    DrawProp                                 0x20000130   Data          12  stm32_adafruit_lcd.o(.bss.DrawProp)
    __temporary_stack_top$libspace           0x20000130   Data           0  libspace.o(.bss)
    LCD_IO_DmaTransferStatus                 0x20000140   Data           4  lcd_io_spi.o(.bss.LCD_IO_DmaTransferStatus)
    _1ms_cnt                                 0x20000250   Data           4  main.o(.bss._1ms_cnt)
    bX                                       0x20000254   Data           4  stm32_adafruit_ts.o(.bss.bX)
    bY                                       0x20000258   Data           4  stm32_adafruit_ts.o(.bss.bY)
    dropBut                                  0x200005c2   Data           1  gui.o(.bss.dropBut)
    frame                                    0x200005c3   Data           1  gui.o(.bss.frame)
    itCnt                                    0x200005cd   Data           1  stm32f1xx_it.o(.bss.itCnt)
    itemIndex                                0x200005ce   Data           1  gui.o(.bss.itemIndex)
    kX                                       0x200005d0   Data           4  stm32_adafruit_ts.o(.bss.kX)
    kY                                       0x200005d4   Data           4  stm32_adafruit_ts.o(.bss.kY)
    numBuf                                   0x200005d8   Data          11  gui.o(.bss.numBuf)
    pageBut                                  0x200005e3   Data           1  gui.o(.bss.pageBut)
    redraw                                   0x200005e4   Data           1  gui.o(.bss.redraw)
    touchDelay                               0x200005e8   Data           4  gui.o(.bss.touchDelay)
    tsState                                  0x200005ec   Data           8  gui.o(.bss.tsState)
    tx                                       0x200005f4   Data           2  ili9486.o(.bss.tx)
    ty                                       0x200005f6   Data           2  ili9486.o(.bss.ty)
    wasScroll                                0x200005f8   Data           1  gui.o(.bss.wasScroll)
    wrenchBut                                0x200005f9   Data           1  gui.o(.bss.wrenchBut)



==============================================================================

Memory Map of the image

  Image Entry point : 0x08000131

  Load Region LR_IROM1 (Base: 0x08000000, Size: 0x0002fab0, Max: 0x00040000, ABSOLUTE)

    Execution Region ER_IROM1 (Exec base: 0x08000000, Load base: 0x08000000, Size: 0x0002f9dc, Max: 0x00040000, ABSOLUTE)

    Exec Addr    Load Addr    Size         Type   Attr      Idx    E Section Name        Object

    0x08000000   0x08000000   0x00000130   Data   RO            3    RESET               startup_stm32f103xe.o
    0x08000130   0x08000130   0x00000008   Code   RO         1279  * !!!main             c_w.l(__main.o)
    0x08000138   0x08000138   0x00000034   Code   RO         1505    !!!scatter          c_w.l(__scatter.o)
    0x0800016c   0x0800016c   0x0000001a   Code   RO         1507    !!handler_copy      c_w.l(__scatter_copy.o)
    0x08000186   0x08000186   0x00000002   PAD
    0x08000188   0x08000188   0x0000001c   Code   RO         1509    !!handler_zi        c_w.l(__scatter_zi.o)
    0x080001a4   0x080001a4   0x00000002   Code   RO         1440    .ARM.Collect$$libinit$$00000000  c_w.l(libinit.o)
    0x080001a6   0x080001a6   0x00000000   Code   RO         1326    .ARM.Collect$$libinit$$00000002  c_w.l(libinit2.o)
    0x080001a6   0x080001a6   0x00000000   Code   RO         1328    .ARM.Collect$$libinit$$00000004  c_w.l(libinit2.o)
    0x080001a6   0x080001a6   0x00000000   Code   RO         1331    .ARM.Collect$$libinit$$0000000A  c_w.l(libinit2.o)
    0x080001a6   0x080001a6   0x00000000   Code   RO         1333    .ARM.Collect$$libinit$$0000000C  c_w.l(libinit2.o)
    0x080001a6   0x080001a6   0x00000000   Code   RO         1335    .ARM.Collect$$libinit$$0000000E  c_w.l(libinit2.o)
    0x080001a6   0x080001a6   0x00000000   Code   RO         1338    .ARM.Collect$$libinit$$00000011  c_w.l(libinit2.o)
    0x080001a6   0x080001a6   0x00000000   Code   RO         1340    .ARM.Collect$$libinit$$00000013  c_w.l(libinit2.o)
    0x080001a6   0x080001a6   0x00000000   Code   RO         1342    .ARM.Collect$$libinit$$00000015  c_w.l(libinit2.o)
    0x080001a6   0x080001a6   0x00000000   Code   RO         1344    .ARM.Collect$$libinit$$00000017  c_w.l(libinit2.o)
    0x080001a6   0x080001a6   0x00000000   Code   RO         1346    .ARM.Collect$$libinit$$00000019  c_w.l(libinit2.o)
    0x080001a6   0x080001a6   0x00000000   Code   RO         1348    .ARM.Collect$$libinit$$0000001B  c_w.l(libinit2.o)
    0x080001a6   0x080001a6   0x00000000   Code   RO         1350    .ARM.Collect$$libinit$$0000001D  c_w.l(libinit2.o)
    0x080001a6   0x080001a6   0x00000000   Code   RO         1352    .ARM.Collect$$libinit$$0000001F  c_w.l(libinit2.o)
    0x080001a6   0x080001a6   0x00000000   Code   RO         1354    .ARM.Collect$$libinit$$00000021  c_w.l(libinit2.o)
    0x080001a6   0x080001a6   0x00000000   Code   RO         1356    .ARM.Collect$$libinit$$00000023  c_w.l(libinit2.o)
    0x080001a6   0x080001a6   0x00000000   Code   RO         1358    .ARM.Collect$$libinit$$00000025  c_w.l(libinit2.o)
    0x080001a6   0x080001a6   0x00000000   Code   RO         1362    .ARM.Collect$$libinit$$0000002C  c_w.l(libinit2.o)
    0x080001a6   0x080001a6   0x00000000   Code   RO         1364    .ARM.Collect$$libinit$$0000002E  c_w.l(libinit2.o)
    0x080001a6   0x080001a6   0x00000000   Code   RO         1366    .ARM.Collect$$libinit$$00000030  c_w.l(libinit2.o)
    0x080001a6   0x080001a6   0x00000000   Code   RO         1368    .ARM.Collect$$libinit$$00000032  c_w.l(libinit2.o)
    0x080001a6   0x080001a6   0x00000002   Code   RO         1369    .ARM.Collect$$libinit$$00000033  c_w.l(libinit2.o)
    0x080001a8   0x080001a8   0x00000002   Code   RO         1502    .ARM.Collect$$libshutdown$$00000000  c_w.l(libshutdown.o)
    0x080001aa   0x080001aa   0x00000000   Code   RO         1456    .ARM.Collect$$libshutdown$$00000002  c_w.l(libshutdown2.o)
    0x080001aa   0x080001aa   0x00000000   Code   RO         1458    .ARM.Collect$$libshutdown$$00000004  c_w.l(libshutdown2.o)
    0x080001aa   0x080001aa   0x00000000   Code   RO         1461    .ARM.Collect$$libshutdown$$00000007  c_w.l(libshutdown2.o)
    0x080001aa   0x080001aa   0x00000000   Code   RO         1464    .ARM.Collect$$libshutdown$$0000000A  c_w.l(libshutdown2.o)
    0x080001aa   0x080001aa   0x00000000   Code   RO         1466    .ARM.Collect$$libshutdown$$0000000C  c_w.l(libshutdown2.o)
    0x080001aa   0x080001aa   0x00000000   Code   RO         1469    .ARM.Collect$$libshutdown$$0000000F  c_w.l(libshutdown2.o)
    0x080001aa   0x080001aa   0x00000002   Code   RO         1470    .ARM.Collect$$libshutdown$$00000010  c_w.l(libshutdown2.o)
    0x080001ac   0x080001ac   0x00000000   Code   RO         1297    .ARM.Collect$$rtentry$$00000000  c_w.l(__rtentry.o)
    0x080001ac   0x080001ac   0x00000000   Code   RO         1383    .ARM.Collect$$rtentry$$00000002  c_w.l(__rtentry2.o)
    0x080001ac   0x080001ac   0x00000006   Code   RO         1395    .ARM.Collect$$rtentry$$00000004  c_w.l(__rtentry4.o)
    0x080001b2   0x080001b2   0x00000000   Code   RO         1385    .ARM.Collect$$rtentry$$00000009  c_w.l(__rtentry2.o)
    0x080001b2   0x080001b2   0x00000004   Code   RO         1386    .ARM.Collect$$rtentry$$0000000A  c_w.l(__rtentry2.o)
    0x080001b6   0x080001b6   0x00000000   Code   RO         1388    .ARM.Collect$$rtentry$$0000000C  c_w.l(__rtentry2.o)
    0x080001b6   0x080001b6   0x00000008   Code   RO         1389    .ARM.Collect$$rtentry$$0000000D  c_w.l(__rtentry2.o)
    0x080001be   0x080001be   0x00000002   Code   RO         1445    .ARM.Collect$$rtexit$$00000000  c_w.l(rtexit.o)
    0x080001c0   0x080001c0   0x00000000   Code   RO         1476    .ARM.Collect$$rtexit$$00000002  c_w.l(rtexit2.o)
    0x080001c0   0x080001c0   0x00000004   Code   RO         1477    .ARM.Collect$$rtexit$$00000003  c_w.l(rtexit2.o)
    0x080001c4   0x080001c4   0x00000006   Code   RO         1478    .ARM.Collect$$rtexit$$00000004  c_w.l(rtexit2.o)
    0x080001ca   0x080001ca   0x00000002   PAD
    0x080001cc   0x080001cc   0x00000040   Code   RO            4    .text               startup_stm32f103xe.o
    0x0800020c   0x0800020c   0x0000004e   Code   RO         1275    .text               c_w.l(rt_memclr_w.o)
    0x0800025a   0x0800025a   0x00000006   Code   RO         1277    .text               c_w.l(heapauxi.o)
    0x08000260   0x08000260   0x00000008   Code   RO         1379    .text               c_w.l(libspace.o)
    0x08000268   0x08000268   0x00000002   Code   RO         1416    .text               c_w.l(use_no_semi.o)
    0x0800026a   0x0800026a   0x00000000   Code   RO         1418    .text               c_w.l(indicate_semi.o)
    0x0800026a   0x0800026a   0x0000004a   Code   RO         1419    .text               c_w.l(sys_stackheap_outer.o)
    0x080002b4   0x080002b4   0x00000012   Code   RO         1425    .text               c_w.l(exit.o)
    0x080002c6   0x080002c6   0x00000002   PAD
    0x080002c8   0x080002c8   0x0000000c   Code   RO         1441    .text               c_w.l(sys_exit.o)
    0x080002d4   0x080002d4   0x0000003a   Code   RO          933    .text.BSP_LCD_Clear  stm32_adafruit_lcd.o
    0x0800030e   0x0800030e   0x00000002   PAD
    0x08000310   0x08000310   0x00000046   Code   RO          955    .text.BSP_LCD_DisplayChar  stm32_adafruit_lcd.o
    0x08000356   0x08000356   0x00000002   PAD
    0x08000358   0x08000358   0x00000138   Code   RO          959    .text.BSP_LCD_DisplayStringAt  stm32_adafruit_lcd.o
    0x08000490   0x08000490   0x0000007c   Code   RO          979    .text.BSP_LCD_DrawBitmap  stm32_adafruit_lcd.o
    0x0800050c   0x0800050c   0x0000008a   Code   RO          965    .text.BSP_LCD_DrawHLine  stm32_adafruit_lcd.o
    0x08000596   0x08000596   0x00000002   PAD
    0x08000598   0x08000598   0x00000040   Code   RO          963    .text.BSP_LCD_DrawPixel  stm32_adafruit_lcd.o
    0x080005d8   0x080005d8   0x0000006c   Code   RO          971    .text.BSP_LCD_DrawRect  stm32_adafruit_lcd.o
    0x08000644   0x08000644   0x0000008a   Code   RO          967    .text.BSP_LCD_DrawVLine  stm32_adafruit_lcd.o
    0x080006ce   0x080006ce   0x00000002   PAD
    0x080006d0   0x080006d0   0x0000004a   Code   RO          953    .text.BSP_LCD_FillRect  stm32_adafruit_lcd.o
    0x0800071a   0x0800071a   0x00000002   PAD
    0x0800071c   0x0800071c   0x00000012   Code   RO          935    .text.BSP_LCD_GetXSize  stm32_adafruit_lcd.o
    0x0800072e   0x0800072e   0x00000002   PAD
    0x08000730   0x08000730   0x00000012   Code   RO          937    .text.BSP_LCD_GetYSize  stm32_adafruit_lcd.o
    0x08000742   0x08000742   0x00000002   PAD
    0x08000744   0x08000744   0x00000048   Code   RO          931    .text.BSP_LCD_Init  stm32_adafruit_lcd.o
    0x0800078c   0x0800078c   0x00000018   Code   RO          945    .text.BSP_LCD_SetBackColor  stm32_adafruit_lcd.o
    0x080007a4   0x080007a4   0x00000014   Code   RO          947    .text.BSP_LCD_SetFont  stm32_adafruit_lcd.o
    0x080007b8   0x080007b8   0x00000018   Code   RO          943    .text.BSP_LCD_SetTextColor  stm32_adafruit_lcd.o
    0x080007d0   0x080007d0   0x0000012e   Code   RO         1016    .text.BSP_TS_GetState  stm32_adafruit_ts.o
    0x080008fe   0x080008fe   0x00000002   PAD
    0x08000900   0x08000900   0x000000c2   Code   RO         1014    .text.BSP_TS_Init   stm32_adafruit_ts.o
    0x080009c2   0x080009c2   0x00000002   PAD
    0x080009c4   0x080009c4   0x00000004   Code   RO          197    .text.BusFault_Handler  stm32f1xx_it.o
    0x080009c8   0x080009c8   0x000000d0   Code   RO         1148    .text.DMA1_Channel4_IRQHandler  lcd_io_spi.o
    0x08000a98   0x08000a98   0x00000098   Code   RO         1140    .text.DMA1_Channel5_IRQHandler  lcd_io_spi.o
    0x08000b30   0x08000b30   0x00000002   Code   RO          203    .text.DebugMon_Handler  stm32f1xx_it.o
    0x08000b32   0x08000b32   0x00000002   PAD
    0x08000b34   0x08000b34   0x000001be   Code   RO          957    .text.DrawChar      stm32_adafruit_lcd.o
    0x08000cf2   0x08000cf2   0x00000002   PAD
    0x08000cf4   0x08000cf4   0x00000054   Code   RO          225    .text.EXTI15_10_IRQHandler  stm32f1xx_it.o
    0x08000d48   0x08000d48   0x0000003e   Code   RO          213    .text.EXTI3_IRQHandler  stm32f1xx_it.o
    0x08000d86   0x08000d86   0x00000002   PAD
    0x08000d88   0x08000d88   0x00000004   Code   RO          193    .text.HardFault_Handler  stm32f1xx_it.o
    0x08000d8c   0x08000d8c   0x00000010   Code   RO         1158    .text.LCD_Delay     lcd_io_spi.o
    0x08000d9c   0x08000d9c   0x0000002e   Code   RO         1160    .text.LCD_IO_Bl_OnOff  lcd_io_spi.o
    0x08000dca   0x08000dca   0x00000002   PAD
    0x08000dcc   0x08000dcc   0x00000016   Code   RO         1124    .text.LCD_IO_Delay  lcd_io_spi.o
    0x08000de2   0x08000de2   0x00000002   PAD
    0x08000de4   0x08000de4   0x0000012c   Code   RO         1162    .text.LCD_IO_Init   lcd_io_spi.o
    0x08000f10   0x08000f10   0x00000046   Code   RO         1192    .text.LCD_IO_ReadCmd8MultipleData24to16  lcd_io_spi.o
    0x08000f56   0x08000f56   0x00000002   PAD
    0x08000f58   0x08000f58   0x00000046   Code   RO         1188    .text.LCD_IO_ReadCmd8MultipleData8  lcd_io_spi.o
    0x08000f9e   0x08000f9e   0x00000002   PAD
    0x08000fa0   0x08000fa0   0x00000074   Code   RO         1150    .text.LCD_IO_ReadMultiData  lcd_io_spi.o
    0x08001014   0x08001014   0x000001b0   Code   RO         1156    .text.LCD_IO_ReadMultiData16to24  lcd_io_spi.o
    0x080011c4   0x080011c4   0x00000082   Code   RO         1152    .text.LCD_IO_ReadMultiData8  lcd_io_spi.o
    0x08001246   0x08001246   0x00000002   PAD
    0x08001248   0x08001248   0x00000034   Code   RO         1168    .text.LCD_IO_WriteCmd8  lcd_io_spi.o
    0x0800127c   0x0800127c   0x00000046   Code   RO         1176    .text.LCD_IO_WriteCmd8DataFill16  lcd_io_spi.o
    0x080012c2   0x080012c2   0x00000002   PAD
    0x080012c4   0x080012c4   0x00000040   Code   RO         1180    .text.LCD_IO_WriteCmd8MultipleData16  lcd_io_spi.o
    0x08001304   0x08001304   0x0000003a   Code   RO         1178    .text.LCD_IO_WriteCmd8MultipleData8  lcd_io_spi.o
    0x0800133e   0x0800133e   0x00000002   PAD
    0x08001340   0x08001340   0x00000038   Code   RO         1174    .text.LCD_IO_WriteData16  lcd_io_spi.o
    0x08001378   0x08001378   0x00000034   Code   RO         1172    .text.LCD_IO_WriteData8  lcd_io_spi.o
    0x080013ac   0x080013ac   0x00000094   Code   RO         1142    .text.LCD_IO_WriteMultiData  lcd_io_spi.o
    0x08001440   0x08001440   0x00000106   Code   RO         1146    .text.LCD_IO_WriteMultiData16  lcd_io_spi.o
    0x08001546   0x08001546   0x00000002   PAD
    0x08001548   0x08001548   0x000000ac   Code   RO         1144    .text.LCD_IO_WriteMultiData8  lcd_io_spi.o
    0x080015f4   0x080015f4   0x00000022   Code   RO           15    .text.LL_APB1_GRP1_EnableClock  main.o
    0x08001616   0x08001616   0x00000002   PAD
    0x08001618   0x08001618   0x00000022   Code   RO          136    .text.LL_APB1_GRP1_EnableClock  spi.o
    0x0800163a   0x0800163a   0x00000002   PAD
    0x0800163c   0x0800163c   0x00000022   Code   RO          147    .text.LL_APB1_GRP1_EnableClock  tim.o
    0x0800165e   0x0800165e   0x00000002   PAD
    0x08001660   0x08001660   0x00000022   Code   RO           13    .text.LL_APB2_GRP1_EnableClock  main.o
    0x08001682   0x08001682   0x00000002   PAD
    0x08001684   0x08001684   0x00000022   Code   RO           70    .text.LL_APB2_GRP1_EnableClock  gpio.o
    0x080016a6   0x080016a6   0x00000002   PAD
    0x080016a8   0x080016a8   0x00000022   Code   RO          122    .text.LL_APB2_GRP1_EnableClock  spi.o
    0x080016ca   0x080016ca   0x00000002   PAD
    0x080016cc   0x080016cc   0x00000022   Code   RO          159    .text.LL_APB2_GRP1_EnableClock  tim.o
    0x080016ee   0x080016ee   0x00000002   PAD
    0x080016f0   0x080016f0   0x00000022   Code   RO          178    .text.LL_APB2_GRP1_EnableClock  usart.o
    0x08001712   0x08001712   0x00000002   PAD
    0x08001714   0x08001714   0x00000014   Code   RO          217    .text.LL_EXTI_ClearFlag_0_31  stm32f1xx_it.o
    0x08001728   0x08001728   0x00000018   Code   RO          445    .text.LL_EXTI_DisableEvent_0_31  stm32f1xx_ll_exti.o
    0x08001740   0x08001740   0x00000018   Code   RO          453    .text.LL_EXTI_DisableFallingTrig_0_31  stm32f1xx_ll_exti.o
    0x08001758   0x08001758   0x00000018   Code   RO          449    .text.LL_EXTI_DisableIT_0_31  stm32f1xx_ll_exti.o
    0x08001770   0x08001770   0x00000018   Code   RO          457    .text.LL_EXTI_DisableRisingTrig_0_31  stm32f1xx_ll_exti.o
    0x08001788   0x08001788   0x00000018   Code   RO          451    .text.LL_EXTI_EnableEvent_0_31  stm32f1xx_ll_exti.o
    0x080017a0   0x080017a0   0x00000018   Code   RO          459    .text.LL_EXTI_EnableFallingTrig_0_31  stm32f1xx_ll_exti.o
    0x080017b8   0x080017b8   0x00000018   Code   RO          447    .text.LL_EXTI_EnableIT_0_31  stm32f1xx_ll_exti.o
    0x080017d0   0x080017d0   0x00000018   Code   RO          455    .text.LL_EXTI_EnableRisingTrig_0_31  stm32f1xx_ll_exti.o
    0x080017e8   0x080017e8   0x000001a6   Code   RO          443    .text.LL_EXTI_Init  stm32f1xx_ll_exti.o
    0x0800198e   0x0800198e   0x00000002   PAD
    0x08001990   0x08001990   0x0000001e   Code   RO          215    .text.LL_EXTI_IsActiveFlag_0_31  stm32f1xx_it.o
    0x080019ae   0x080019ae   0x00000002   PAD
    0x080019b0   0x080019b0   0x00000010   Code   RO           33    .text.LL_FLASH_GetLatency  main.o
    0x080019c0   0x080019c0   0x0000001c   Code   RO           31    .text.LL_FLASH_SetLatency  main.o
    0x080019dc   0x080019dc   0x00000016   Code   RO          161    .text.LL_GPIO_AF_EnableRemap_TIM3  tim.o
    0x080019f2   0x080019f2   0x00000002   PAD
    0x080019f4   0x080019f4   0x00000018   Code   RO           25    .text.LL_GPIO_AF_Remap_SWJ_NOJTAG  main.o
    0x08001a0c   0x08001a0c   0x00000038   Code   RO           76    .text.LL_GPIO_AF_SetEXTISource  gpio.o
    0x08001a44   0x08001a44   0x00000230   Code   RO          241    .text.LL_GPIO_Init  stm32f1xx_ll_gpio.o
    0x08001c74   0x08001c74   0x0000001c   Code   RO          219    .text.LL_GPIO_IsInputPinSet  stm32f1xx_it.o
    0x08001c90   0x08001c90   0x00000012   Code   RO           72    .text.LL_GPIO_ResetOutputPin  gpio.o
    0x08001ca2   0x08001ca2   0x00000002   PAD
    0x08001ca4   0x08001ca4   0x00000012   Code   RO           74    .text.LL_GPIO_SetOutputPin  gpio.o
    0x08001cb6   0x08001cb6   0x00000002   PAD
    0x08001cb8   0x08001cb8   0x00000034   Code   RO           78    .text.LL_GPIO_SetPinMode  gpio.o
    0x08001cec   0x08001cec   0x00000034   Code   RO          245    .text.LL_GPIO_SetPinMode  stm32f1xx_ll_gpio.o
    0x08001d20   0x08001d20   0x00000034   Code   RO          249    .text.LL_GPIO_SetPinOutputType  stm32f1xx_ll_gpio.o
    0x08001d54   0x08001d54   0x0000002a   Code   RO          243    .text.LL_GPIO_SetPinPull  stm32f1xx_ll_gpio.o
    0x08001d7e   0x08001d7e   0x00000002   PAD
    0x08001d80   0x08001d80   0x00000034   Code   RO          247    .text.LL_GPIO_SetPinSpeed  stm32f1xx_ll_gpio.o
    0x08001db4   0x08001db4   0x00000028   Code   RO          209    .text.LL_GPIO_TogglePin  stm32f1xx_it.o
    0x08001ddc   0x08001ddc   0x00000014   Code   RO          377    .text.LL_Init1msTick  stm32f1xx_ll_utils.o
    0x08001df0   0x08001df0   0x00000036   Code   RO          379    .text.LL_InitTick   stm32f1xx_ll_utils.o
    0x08001e26   0x08001e26   0x00000002   PAD
    0x08001e28   0x08001e28   0x00000010   Code   RO          357    .text.LL_RCC_GetAHBPrescaler  stm32f1xx_ll_rcc.o
    0x08001e38   0x08001e38   0x00000010   Code   RO          359    .text.LL_RCC_GetAPB1Prescaler  stm32f1xx_ll_rcc.o
    0x08001e48   0x08001e48   0x00000010   Code   RO          361    .text.LL_RCC_GetAPB2Prescaler  stm32f1xx_ll_rcc.o
    0x08001e58   0x08001e58   0x00000010   Code   RO           53    .text.LL_RCC_GetSysClkSource  main.o
    0x08001e68   0x08001e68   0x00000010   Code   RO          329    .text.LL_RCC_GetSysClkSource  stm32f1xx_ll_rcc.o
    0x08001e78   0x08001e78   0x00000036   Code   RO          337    .text.LL_RCC_GetSystemClocksFreq  stm32f1xx_ll_rcc.o
    0x08001eae   0x08001eae   0x00000002   PAD
    0x08001eb0   0x08001eb0   0x00000012   Code   RO           35    .text.LL_RCC_HSE_Enable  main.o
    0x08001ec2   0x08001ec2   0x00000002   PAD
    0x08001ec4   0x08001ec4   0x00000010   Code   RO           37    .text.LL_RCC_HSE_IsReady  main.o
    0x08001ed4   0x08001ed4   0x00000026   Code   RO           39    .text.LL_RCC_PLL_ConfigDomain_SYS  main.o
    0x08001efa   0x08001efa   0x00000002   PAD
    0x08001efc   0x08001efc   0x00000012   Code   RO           41    .text.LL_RCC_PLL_Enable  main.o
    0x08001f0e   0x08001f0e   0x00000002   PAD
    0x08001f10   0x08001f10   0x00000010   Code   RO          363    .text.LL_RCC_PLL_GetMainSource  stm32f1xx_ll_rcc.o
    0x08001f20   0x08001f20   0x00000010   Code   RO          367    .text.LL_RCC_PLL_GetMultiplicator  stm32f1xx_ll_rcc.o
    0x08001f30   0x08001f30   0x00000010   Code   RO          365    .text.LL_RCC_PLL_GetPrediv  stm32f1xx_ll_rcc.o
    0x08001f40   0x08001f40   0x00000010   Code   RO           43    .text.LL_RCC_PLL_IsReady  main.o
    0x08001f50   0x08001f50   0x0000001c   Code   RO           45    .text.LL_RCC_SetAHBPrescaler  main.o
    0x08001f6c   0x08001f6c   0x0000001c   Code   RO           47    .text.LL_RCC_SetAPB1Prescaler  main.o
    0x08001f88   0x08001f88   0x0000001c   Code   RO           49    .text.LL_RCC_SetAPB2Prescaler  main.o
    0x08001fa4   0x08001fa4   0x0000001c   Code   RO           51    .text.LL_RCC_SetSysClkSource  main.o
    0x08001fc0   0x08001fc0   0x00000012   Code   RO          132    .text.LL_SPI_Enable  spi.o
    0x08001fd2   0x08001fd2   0x00000002   PAD
    0x08001fd4   0x08001fd4   0x000002a6   Code   RO          481    .text.LL_SPI_Init   stm32f1xx_ll_spi.o
    0x0800227a   0x0800227a   0x00000002   PAD
    0x0800227c   0x0800227c   0x00000010   Code   RO          483    .text.LL_SPI_IsEnabled  stm32f1xx_ll_spi.o
    0x0800228c   0x0800228c   0x00000012   Code   RO          485    .text.LL_SPI_SetCRCPolynomial  stm32f1xx_ll_spi.o
    0x0800229e   0x0800229e   0x00000002   PAD
    0x080022a0   0x080022a0   0x00000012   Code   RO           29    .text.LL_SYSTICK_EnableIT  main.o
    0x080022b2   0x080022b2   0x00000002   PAD
    0x080022b4   0x080022b4   0x00000014   Code   RO          383    .text.LL_SetSystemCoreClock  stm32f1xx_ll_utils.o
    0x080022c8   0x080022c8   0x00000012   Code   RO          149    .text.LL_TIM_DisableARRPreload  tim.o
    0x080022da   0x080022da   0x00000002   PAD
    0x080022dc   0x080022dc   0x00000012   Code   RO          157    .text.LL_TIM_DisableMasterSlaveMode  tim.o
    0x080022ee   0x080022ee   0x00000002   PAD
    0x080022f0   0x080022f0   0x00000012   Code   RO          577    .text.LL_TIM_GenerateEvent_UPDATE  stm32f1xx_ll_tim.o
    0x08002302   0x08002302   0x00000002   PAD
    0x08002304   0x08002304   0x0000023a   Code   RO          569    .text.LL_TIM_Init   stm32f1xx_ll_tim.o
    0x0800253e   0x0800253e   0x00000002   PAD
    0x08002540   0x08002540   0x000000b2   Code   RO          153    .text.LL_TIM_OC_DisableFast  tim.o
    0x080025f2   0x080025f2   0x00000002   PAD
    0x080025f4   0x080025f4   0x000000b2   Code   RO          151    .text.LL_TIM_OC_EnablePreload  tim.o
    0x080026a6   0x080026a6   0x00000002   PAD
    0x080026a8   0x080026a8   0x00000078   Code   RO          581    .text.LL_TIM_OC_Init  stm32f1xx_ll_tim.o
    0x08002720   0x08002720   0x00000010   Code   RO          619    .text.LL_TIM_OC_SetCompareCH1  stm32f1xx_ll_tim.o
    0x08002730   0x08002730   0x00000010   Code   RO          613    .text.LL_TIM_OC_SetCompareCH2  stm32f1xx_ll_tim.o
    0x08002740   0x08002740   0x00000010   Code   RO          621    .text.LL_TIM_OC_SetCompareCH3  stm32f1xx_ll_tim.o
    0x08002750   0x08002750   0x00000010   Code   RO          623    .text.LL_TIM_OC_SetCompareCH4  stm32f1xx_ll_tim.o
    0x08002760   0x08002760   0x00000010   Code   RO          571    .text.LL_TIM_SetAutoReload  stm32f1xx_ll_tim.o
    0x08002770   0x08002770   0x00000010   Code   RO          573    .text.LL_TIM_SetPrescaler  stm32f1xx_ll_tim.o
    0x08002780   0x08002780   0x00000010   Code   RO          575    .text.LL_TIM_SetRepetitionCounter  stm32f1xx_ll_tim.o
    0x08002790   0x08002790   0x0000001a   Code   RO          155    .text.LL_TIM_SetTriggerOutput  tim.o
    0x080027aa   0x080027aa   0x00000002   PAD
    0x080027ac   0x080027ac   0x0000001c   Code   RO          180    .text.LL_USART_ConfigAsyncMode  usart.o
    0x080027c8   0x080027c8   0x00000012   Code   RO          182    .text.LL_USART_Enable  usart.o
    0x080027da   0x080027da   0x00000002   PAD
    0x080027dc   0x080027dc   0x000002a8   Code   RO          643    .text.LL_USART_Init  stm32f1xx_ll_usart.o
    0x08002a84   0x08002a84   0x00000010   Code   RO          645    .text.LL_USART_IsEnabled  stm32f1xx_ll_usart.o
    0x08002a94   0x08002a94   0x0000004e   Code   RO          651    .text.LL_USART_SetBaudRate  stm32f1xx_ll_usart.o
    0x08002ae2   0x08002ae2   0x00000002   PAD
    0x08002ae4   0x08002ae4   0x0000001a   Code   RO          649    .text.LL_USART_SetHWFlowCtrl  stm32f1xx_ll_usart.o
    0x08002afe   0x08002afe   0x00000002   PAD
    0x08002b00   0x08002b00   0x0000001a   Code   RO          647    .text.LL_USART_SetStopBitsLength  stm32f1xx_ll_usart.o
    0x08002b1a   0x08002b1a   0x00000002   PAD
    0x08002b1c   0x08002b1c   0x0000004a   Code   RO          381    .text.LL_mDelay     stm32f1xx_ll_utils.o
    0x08002b66   0x08002b66   0x00000002   PAD
    0x08002b68   0x08002b68   0x0000004a   Code   RO         1130    .text.LcdCmdWrite8  lcd_io_spi.o
    0x08002bb2   0x08002bb2   0x00000002   PAD
    0x08002bb4   0x08002bb4   0x0000007c   Code   RO         1120    .text.LcdDirRead    lcd_io_spi.o
    0x08002c30   0x08002c30   0x0000007a   Code   RO         1122    .text.LcdDirWrite   lcd_io_spi.o
    0x08002caa   0x08002caa   0x00000002   PAD
    0x08002cac   0x08002cac   0x00000032   Code   RO         1132    .text.LcdWrite16    lcd_io_spi.o
    0x08002cde   0x08002cde   0x00000002   PAD
    0x08002ce0   0x08002ce0   0x00000032   Code   RO         1126    .text.LcdWrite8     lcd_io_spi.o
    0x08002d12   0x08002d12   0x00000002   PAD
    0x08002d14   0x08002d14   0x0000021c   Code   RO           68    .text.MX_GPIO_Init  gpio.o
    0x08002f30   0x08002f30   0x000000ba   Code   RO          120    .text.MX_SPI1_Init  spi.o
    0x08002fea   0x08002fea   0x00000002   PAD
    0x08002fec   0x08002fec   0x000000ba   Code   RO          134    .text.MX_SPI2_Init  spi.o
    0x080030a6   0x080030a6   0x00000002   PAD
    0x080030a8   0x080030a8   0x000000c0   Code   RO          145    .text.MX_TIM3_Init  tim.o
    0x08003168   0x08003168   0x000000a0   Code   RO          176    .text.MX_USART1_UART_Init  usart.o
    0x08003208   0x08003208   0x00000004   Code   RO          195    .text.MemManage_Handler  stm32f1xx_it.o
    0x0800320c   0x0800320c   0x00000004   Code   RO          191    .text.NMI_Handler   stm32f1xx_it.o
    0x08003210   0x08003210   0x0000006c   Code   RO           21    .text.NVIC_EncodePriority  main.o
    0x0800327c   0x0800327c   0x0000006c   Code   RO           82    .text.NVIC_EncodePriority  gpio.o
    0x080032e8   0x080032e8   0x0000006c   Code   RO          126    .text.NVIC_EncodePriority  spi.o
    0x08003354   0x08003354   0x00000290   Code   RO          583    .text.OC1Config     stm32f1xx_ll_tim.o
    0x080035e4   0x080035e4   0x00000298   Code   RO          585    .text.OC2Config     stm32f1xx_ll_tim.o
    0x0800387c   0x0800387c   0x00000296   Code   RO          587    .text.OC3Config     stm32f1xx_ll_tim.o
    0x08003b12   0x08003b12   0x00000002   PAD
    0x08003b14   0x08003b14   0x00000268   Code   RO          589    .text.OC4Config     stm32f1xx_ll_tim.o
    0x08003d7c   0x08003d7c   0x00000002   Code   RO          205    .text.PendSV_Handler  stm32f1xx_it.o
    0x08003d7e   0x08003d7e   0x00000002   PAD
    0x08003d80   0x08003d80   0x00000026   Code   RO          341    .text.RCC_GetHCLKClockFreq  stm32f1xx_ll_rcc.o
    0x08003da6   0x08003da6   0x00000002   PAD
    0x08003da8   0x08003da8   0x00000024   Code   RO          343    .text.RCC_GetPCLK1ClockFreq  stm32f1xx_ll_rcc.o
    0x08003dcc   0x08003dcc   0x00000024   Code   RO          345    .text.RCC_GetPCLK2ClockFreq  stm32f1xx_ll_rcc.o
    0x08003df0   0x08003df0   0x00000056   Code   RO          339    .text.RCC_GetSystemClockFreq  stm32f1xx_ll_rcc.o
    0x08003e46   0x08003e46   0x00000002   PAD
    0x08003e48   0x08003e48   0x00000068   Code   RO          351    .text.RCC_PLL_GetFreqDomain_SYS  stm32f1xx_ll_rcc.o
    0x08003eb0   0x08003eb0   0x00000002   Code   RO          211    .text.RTC_IRQHandler  stm32f1xx_it.o
    0x08003eb2   0x08003eb2   0x00000002   PAD
    0x08003eb4   0x08003eb4   0x00000002   Code   RO          221    .text.SPI1_IRQHandler  stm32f1xx_it.o
    0x08003eb6   0x08003eb6   0x00000002   PAD
    0x08003eb8   0x08003eb8   0x00000010   Code   RO          223    .text.SPI2_IRQHandler  stm32f1xx_it.o
    0x08003ec8   0x08003ec8   0x00000002   Code   RO          201    .text.SVC_Handler   stm32f1xx_it.o
    0x08003eca   0x08003eca   0x00000002   PAD
    0x08003ecc   0x08003ecc   0x0000004a   Code   RO          981    .text.SetDisplayWindow  stm32_adafruit_lcd.o
    0x08003f16   0x08003f16   0x00000002   PAD
    0x08003f18   0x08003f18   0x00000062   Code   RO          207    .text.SysTick_Handler  stm32f1xx_it.o
    0x08003f7a   0x08003f7a   0x00000002   PAD
    0x08003f7c   0x08003f7c   0x0000008a   Code   RO           27    .text.SystemClock_Config  main.o
    0x08004006   0x08004006   0x00000002   PAD
    0x08004008   0x08004008   0x00000002   Code   RO          669    .text.SystemInit    system_stm32f1xx.o
    0x0800400a   0x0800400a   0x00000002   PAD
    0x0800400c   0x0800400c   0x00000016   Code   RO         1094    .text.TS_IO_Delay   ts_xpt2046.o
    0x08004022   0x08004022   0x00000002   PAD
    0x08004024   0x08004024   0x0000004a   Code   RO         1110    .text.TS_IO_DetectToch  ts_xpt2046.o
    0x0800406e   0x0800406e   0x00000002   PAD
    0x08004070   0x08004070   0x00000030   Code   RO         1102    .text.TS_IO_GetX    ts_xpt2046.o
    0x080040a0   0x080040a0   0x00000030   Code   RO         1104    .text.TS_IO_GetY    ts_xpt2046.o
    0x080040d0   0x080040d0   0x0000008c   Code   RO         1100    .text.TS_IO_Init    ts_xpt2046.o
    0x0800415c   0x0800415c   0x00000070   Code   RO         1098    .text.TsRead16      ts_xpt2046.o
    0x080041cc   0x080041cc   0x00000040   Code   RO         1096    .text.TsWrite8      ts_xpt2046.o
    0x0800420c   0x0800420c   0x00000004   Code   RO          199    .text.UsageFault_Handler  stm32f1xx_it.o
    0x08004210   0x08004210   0x00000014   Code   RO         1138    .text.WaitForDmaEnd  lcd_io_spi.o
    0x08004224   0x08004224   0x00000030   Code   RO           86    .text.__NVIC_EnableIRQ  gpio.o
    0x08004254   0x08004254   0x00000030   Code   RO          130    .text.__NVIC_EnableIRQ  spi.o
    0x08004284   0x08004284   0x00000030   Code   RO         1166    .text.__NVIC_EnableIRQ  lcd_io_spi.o
    0x080042b4   0x080042b4   0x00000010   Code   RO           23    .text.__NVIC_GetPriorityGrouping  main.o
    0x080042c4   0x080042c4   0x00000010   Code   RO           84    .text.__NVIC_GetPriorityGrouping  gpio.o
    0x080042d4   0x080042d4   0x00000010   Code   RO          128    .text.__NVIC_GetPriorityGrouping  spi.o
    0x080042e4   0x080042e4   0x00000042   Code   RO           19    .text.__NVIC_SetPriority  main.o
    0x08004326   0x08004326   0x00000002   PAD
    0x08004328   0x08004328   0x00000042   Code   RO           80    .text.__NVIC_SetPriority  gpio.o
    0x0800436a   0x0800436a   0x00000002   PAD
    0x0800436c   0x0800436c   0x00000042   Code   RO          124    .text.__NVIC_SetPriority  spi.o
    0x080043ae   0x080043ae   0x00000002   PAD
    0x080043b0   0x080043b0   0x00000042   Code   RO         1164    .text.__NVIC_SetPriority  lcd_io_spi.o
    0x080043f2   0x080043f2   0x00000002   PAD
    0x080043f4   0x080043f4   0x0000003c   Code   RO           17    .text.__NVIC_SetPriorityGrouping  main.o
    0x08004430   0x08004430   0x0000000a   Code   RO           57    .text.assert_failed  main.o
    0x0800443a   0x0800443a   0x00000002   PAD
    0x0800443c   0x0800443c   0x00000010   Code   RO         1037    .text.ili9486_DisplayOff  ili9486.o
    0x0800444c   0x0800444c   0x00000010   Code   RO         1035    .text.ili9486_DisplayOn  ili9486.o
    0x0800445c   0x0800445c   0x0000003e   Code   RO         1055    .text.ili9486_DrawBitmap  ili9486.o
    0x0800449a   0x0800449a   0x00000002   PAD
    0x0800449c   0x0800449c   0x00000088   Code   RO         1047    .text.ili9486_DrawHLine  ili9486.o
    0x08004524   0x08004524   0x00000042   Code   RO         1057    .text.ili9486_DrawRGBImage  ili9486.o
    0x08004566   0x08004566   0x00000002   PAD
    0x08004568   0x08004568   0x00000088   Code   RO         1049    .text.ili9486_DrawVLine  ili9486.o
    0x080045f0   0x080045f0   0x000000ac   Code   RO         1059    .text.ili9486_FillRect  ili9486.o
    0x0800469c   0x0800469c   0x00000006   Code   RO         1053    .text.ili9486_GetLcdPixelHeight  ili9486.o
    0x080046a2   0x080046a2   0x00000002   PAD
    0x080046a4   0x080046a4   0x00000006   Code   RO         1051    .text.ili9486_GetLcdPixelWidth  ili9486.o
    0x080046aa   0x080046aa   0x00000002   PAD
    0x080046ac   0x080046ac   0x00000142   Code   RO         1031    .text.ili9486_Init  ili9486.o
    0x080047ee   0x080047ee   0x00000002   PAD
    0x080047f0   0x080047f0   0x0000003e   Code   RO         1033    .text.ili9486_ReadID  ili9486.o
    0x0800482e   0x0800482e   0x00000002   PAD
    0x08004830   0x08004830   0x00000092   Code   RO         1043    .text.ili9486_ReadPixel  ili9486.o
    0x080048c2   0x080048c2   0x00000002   PAD
    0x080048c4   0x080048c4   0x00000068   Code   RO         1061    .text.ili9486_ReadRGBImage  ili9486.o
    0x0800492c   0x0800492c   0x000000f0   Code   RO         1063    .text.ili9486_Scroll  ili9486.o
    0x08004a1c   0x08004a1c   0x0000005c   Code   RO         1039    .text.ili9486_SetCursor  ili9486.o
    0x08004a78   0x08004a78   0x000000b4   Code   RO         1045    .text.ili9486_SetDisplayWindow  ili9486.o
    0x08004b2c   0x08004b2c   0x0000006e   Code   RO         1041    .text.ili9486_WritePixel  ili9486.o
    0x08004b9a   0x08004b9a   0x00000002   PAD
    0x08004b9c   0x08004b9c   0x00000100   Code   RO         1067    .text.ili9486_ts_DetectTouch  ili9486.o
    0x08004c9c   0x08004c9c   0x0000002a   Code   RO         1069    .text.ili9486_ts_GetXY  ili9486.o
    0x08004cc6   0x08004cc6   0x00000002   PAD
    0x08004cc8   0x08004cc8   0x00000034   Code   RO         1065    .text.ili9486_ts_Init  ili9486.o
    0x08004cfc   0x08004cfc   0x00000070   Code   RO          834    .text.initGUI       gui.o
    0x08004d6c   0x08004d6c   0x0000010c   Code   RO          842    .text.intToStr      gui.o
    0x08004e78   0x08004e78   0x00000078   Code   RO          838    .text.isInRectangle  gui.o
    0x08004ef0   0x08004ef0   0x00000098   Code   RO           11    .text.main          main.o
    0x08004f88   0x08004f88   0x00000a8c   Code   RO          840    .text.refresh       gui.o
    0x08005a14   0x08005a14   0x0000038a   Code   RO          836    .text.translateMessage  gui.o
    0x08005d9e   0x08005d9e   0x00000002   Data   RO         1074    .rodata..L.str      ili9486.o
    0x08005da0   0x08005da0   0x00000005   Data   RO         1076    .rodata..L.str.2    ili9486.o
    0x08005da5   0x08005da5   0x00000010   Data   RO          674    .rodata.AHBPrescTable  system_stm32f1xx.o
    0x08005db5   0x08005db5   0x00000008   Data   RO          675    .rodata.APBPrescTable  system_stm32f1xx.o
    0x08005dbd   0x08005dbd   0x00001ab8   Data   RO          821    .rodata.Font24_Table  font24.o
    0x08007875   0x08007875   0x000002f8   Data   RO          793    .rodata.Font8_Table  font8.o
    0x08007b6d   0x08007b6d   0x00000007   Data   RO          167    .rodata.OFFSET_TAB_CCMRx  tim.o
    0x08007b74   0x08007b74   0x00000007   Data   RO          168    .rodata.SHIFT_TAB_OCxx  tim.o
    0x08007b7b   0x08007b7b   0x00000020   Data   RO         1077    .rodata.cst16       ili9486.o
    0x08007b9b   0x08007b9b   0x00000005   PAD
    0x08007ba0   0x08007ba0   0x00000648   Data   RO          907    .rodata.gImage_ARROWDOWN  arrowdownimg.o
    0x080081e8   0x080081e8   0x00000648   Data   RO          901    .rodata.gImage_ARROWUP  arrowupimg.o
    0x08008830   0x08008830   0x00008c7e   Data   RO          877    .rodata.gImage_DROPBUT  dropbutimg.o
    0x080114ae   0x080114ae   0x00000002   PAD
    0x080114b0   0x080114b0   0x0000affe   Data   RO          787    .rodata.gImage_LOGO_MAIN  logo_main2.o
    0x0801c4ae   0x0801c4ae   0x00000002   PAD
    0x0801c4b0   0x0801c4b0   0x00008c7e   Data   RO          889    .rodata.gImage_PAGEBUT  pagebutimg.o
    0x0802512e   0x0802512e   0x00000002   PAD
    0x08025130   0x08025130   0x00000648   Data   RO          895    .rodata.gImage_RETURNARROW  returnarrowimg.o
    0x08025778   0x08025778   0x000013be   Data   RO          828    .rodata.gImage_SMALL_LOGO  smalllogo_16b.o
    0x08026b36   0x08026b36   0x00000002   PAD
    0x08026b38   0x08026b38   0x00008c7e   Data   RO          883    .rodata.gImage_WRENCHBUT  wrenchbutimg.o
    0x0802f7b6   0x0802f7b6   0x00000038   Data   RO          253    .rodata.str1.1      stm32f1xx_ll_gpio.o
    0x0802f7ee   0x0802f7ee   0x00000038   Data   RO          463    .rodata.str1.1      stm32f1xx_ll_exti.o
    0x0802f826   0x0802f826   0x00000037   Data   RO          499    .rodata.str1.1      stm32f1xx_ll_spi.o
    0x0802f85d   0x0802f85d   0x00000037   Data   RO          625    .rodata.str1.1      stm32f1xx_ll_tim.o
    0x0802f894   0x0802f894   0x00000039   Data   RO          661    .rodata.str1.1      stm32f1xx_ll_usart.o
    0x0802f8cd   0x0802f8cd   0x000000ea   Data   RO          850    .rodata.str1.1      gui.o
    0x0802f9b7   0x0802f9b7   0x00000004   Data   RO         1075    .rodata.str1.1      ili9486.o
    0x0802f9bb   0x0802f9bb   0x00000001   PAD
    0x0802f9bc   0x0802f9bc   0x00000020   Data   RO         1504    Region$$Table       anon$$obj.o


    Execution Region RW_IRAM1 (Exec base: 0x20000000, Load base: 0x0802f9e0, Size: 0x00000c00, Max: 0x0000c000, ABSOLUTE)

    Exec Addr    Load Addr    Size         Type   Attr      Idx    E Section Name        Object

    0x20000000   0x0802f9e0   0x00000008   Data   RW          822    .data.Font24        font24.o
    0x20000008   0x0802f9e8   0x00000008   Data   RW          794    .data.Font8         font8.o
    0x20000010   0x0802f9f0   0x0000000c   Data   RW          851    .data.ITEM_MENU_DROP  gui.o
    0x2000001c   0x0802f9fc   0x0000000c   Data   RW          853    .data.ITEM_MENU_PAGE  gui.o
    0x20000028   0x0802fa08   0x00000018   Data   RW          855    .data.ITEM_MENU_REGENERATION  gui.o
    0x20000040   0x0802fa20   0x0000000c   Data   RW          854    .data.ITEM_MENU_SERVICE  gui.o
    0x2000004c   0x0802fa2c   0x0000000c   Data   RW          852    .data.ITEM_MENU_WRENCH  gui.o
    0x20000058   0x0802fa38   0x00000004   Data   RW          673    .data.SystemCoreClock  system_stm32f1xx.o
    0x2000005c   0x0802fa3c   0x00000044   Data   RW         1071    .data.ili9486_drv   ili9486.o
    0x200000a0   0x0802fa80   0x00000028   Data   RW         1081    .data.ili9486_ts_drv  ili9486.o
    0x200000c8   0x0802faa8   0x00000004   Data   RW         1072    .data.lcd_drv       ili9486.o
    0x200000cc   0x0802faac   0x00000004   Data   RW         1082    .data.ts_drv        ili9486.o
    0x200000d0        -       0x00000060   Zero   RW         1380    .bss                c_w.l(libspace.o)
    0x20000130        -       0x0000000c   Zero   RW         1005    .bss.DrawProp       stm32_adafruit_lcd.o
    0x2000013c        -       0x00000001   Zero   RW         1073    .bss.Is_ili9486_Initialized  ili9486.o
    0x2000013d   0x0802fab0   0x00000003   PAD
    0x20000140        -       0x00000004   Zero   RW         1200    .bss.LCD_IO_DmaTransferStatus  lcd_io_spi.o
    0x20000144   0x0802fab0   0x00000004   PAD
    0x20000148        -       0x00000100   Zero   RW         1203    .bss.LCD_IO_ReadMultiData16to24.dmadata  lcd_io_spi.o
    0x20000248        -       0x00000002   Zero   RW         1202    .bss.LCD_IO_WriteMultiData16.d16s  lcd_io_spi.o
    0x2000024a        -       0x00000001   Zero   RW         1201    .bss.LCD_IO_WriteMultiData8.d8s  lcd_io_spi.o
    0x2000024b        -       0x00000001   Zero   RW         1112    .bss.TS_IO_DetectToch.ts_inited  ts_xpt2046.o
    0x2000024c        -       0x00000002   Zero   RW         1018    .bss.TsXBoundary    stm32_adafruit_ts.o
    0x2000024e        -       0x00000002   Zero   RW         1019    .bss.TsYBoundary    stm32_adafruit_ts.o
    0x20000250        -       0x00000004   Zero   RW           59    .bss._1ms_cnt       main.o
    0x20000254        -       0x00000004   Zero   RW         1022    .bss.bX             stm32_adafruit_ts.o
    0x20000258        -       0x00000004   Zero   RW         1023    .bss.bY             stm32_adafruit_ts.o
    0x2000025c        -       0x00000366   Zero   RW         1006    .bss.bitmap         stm32_adafruit_lcd.o
    0x200005c2        -       0x00000001   Zero   RW          860    .bss.dropBut        gui.o
    0x200005c3        -       0x00000001   Zero   RW          848    .bss.frame          gui.o
    0x200005c4        -       0x00000008   Zero   RW         1080    .bss.ili9486_Scroll.scrparam  ili9486.o
    0x200005cc        -       0x00000001   Zero   RW         1084    .bss.ili9486_ts_DetectTouch.ret  ili9486.o
    0x200005cd        -       0x00000001   Zero   RW          227    .bss.itCnt          stm32f1xx_it.o
    0x200005ce        -       0x00000001   Zero   RW          857    .bss.itemIndex      gui.o
    0x200005cf   0x0802fab0   0x00000001   PAD
    0x200005d0        -       0x00000004   Zero   RW         1020    .bss.kX             stm32_adafruit_ts.o
    0x200005d4        -       0x00000004   Zero   RW         1021    .bss.kY             stm32_adafruit_ts.o
    0x200005d8        -       0x0000000b   Zero   RW          846    .bss.numBuf         gui.o
    0x200005e3        -       0x00000001   Zero   RW          862    .bss.pageBut        gui.o
    0x200005e4        -       0x00000001   Zero   RW          847    .bss.redraw         gui.o
    0x200005e5   0x0802fab0   0x00000003   PAD
    0x200005e8        -       0x00000004   Zero   RW          859    .bss.touchDelay     gui.o
    0x200005ec        -       0x00000008   Zero   RW          858    .bss.tsState        gui.o
    0x200005f4        -       0x00000002   Zero   RW         1085    .bss.tx             ili9486.o
    0x200005f6        -       0x00000002   Zero   RW         1086    .bss.ty             ili9486.o
    0x200005f8        -       0x00000001   Zero   RW          849    .bss.wasScroll      gui.o
    0x200005f9        -       0x00000001   Zero   RW          861    .bss.wrenchBut      gui.o
    0x200005fa        -       0x00000002   Zero   RW         1079    .bss.yEnd           ili9486.o
    0x200005fc        -       0x00000002   Zero   RW         1078    .bss.yStart         ili9486.o
    0x200005fe   0x0802fab0   0x00000002   PAD
    0x20000600        -       0x00000200   Zero   RW            2    HEAP                startup_stm32f103xe.o
    0x20000800        -       0x00000400   Zero   RW            1    STACK               startup_stm32f103xe.o


==============================================================================

Image component sizes


      Code (inc. data)   RO Data    RW Data    ZI Data      Debug   Object Name

         0          0       1608          0          0       1149   arrowdownimg.o
         0          0       1608          0          0       1143   arrowupimg.o
         0          0      35966          0          0       1143   dropbutimg.o
         0          0       6840          8          0        711   font24.o
         0          0        760          8          0        707   font8.o
       956          0          0          0          0       5935   gpio.o
      4106         26        234         72         30       3666   gui.o
      2222          0         43        116         18       6496   ili9486.o
      3050          0          0          0        263      11712   lcd_io_spi.o
         0          0      45054          0          0       1175   logo_main2.o
       938          0          0          0          4       7130   main.o
         0          0      35966          0          0       1143   pagebutimg.o
         0          0       1608          0          0       1155   returnarrowimg.o
         0          0       5054          0          0       1182   smalllogo_16b.o
       696          0          0          0          0       5820   spi.o
        64         26        304          0       1536        784   startup_stm32f103xe.o
      1782          0          0          0        882      12310   stm32_adafruit_lcd.o
       496          0          0          0         20       1831   stm32_adafruit_ts.o
       408          0          0          0          1       2999   stm32f1xx_it.o
       614          0         56          0          0       2825   stm32f1xx_ll_exti.o
       758          0         56          0          0       3235   stm32f1xx_ll_gpio.o
       466          0          0          0          0       4534   stm32f1xx_ll_rcc.o
       712          0         55          0          0       4545   stm32f1xx_ll_spi.o
      3418          0         55          0          0       9034   stm32f1xx_ll_tim.o
       826          0         57          0          0       4282   stm32f1xx_ll_usart.o
       168          0          0          0          0       6162   stm32f1xx_ll_utils.o
         2          0         24          4          0       1550   system_stm32f1xx.o
       700          0         14          0          0       4530   tim.o
       508          0          0          0          1       2659   ts_xpt2046.o
       240          0          0          0          0       2180   usart.o
         0          0      35966          0          0       1149   wrenchbutimg.o

    ----------------------------------------------------------------------
     23306         52     171374        208       2768     114876   Object Totals
         0          0         32          0          0          0   (incl. Generated)
       176          0         14          0         13          0   (incl. Padding)

    ----------------------------------------------------------------------

      Code (inc. data)   RO Data    RW Data    ZI Data      Debug   Library Member Name

         8          0          0          0          0         68   __main.o
         0          0          0          0          0          0   __rtentry.o
        12          0          0          0          0          0   __rtentry2.o
         6          0          0          0          0          0   __rtentry4.o
        52          8          0          0          0          0   __scatter.o
        26          0          0          0          0          0   __scatter_copy.o
        28          0          0          0          0          0   __scatter_zi.o
        18          0          0          0          0         80   exit.o
         6          0          0          0          0        152   heapauxi.o
         0          0          0          0          0          0   indicate_semi.o
         2          0          0          0          0          0   libinit.o
         2          0          0          0          0          0   libinit2.o
         2          0          0          0          0          0   libshutdown.o
         2          0          0          0          0          0   libshutdown2.o
         8          4          0          0         96         68   libspace.o
        78          0          0          0          0         80   rt_memclr_w.o
         2          0          0          0          0          0   rtexit.o
        10          0          0          0          0          0   rtexit2.o
        12          4          0          0          0         68   sys_exit.o
        74          0          0          0          0         80   sys_stackheap_outer.o
         2          0          0          0          0         68   use_no_semi.o

    ----------------------------------------------------------------------
       356         16          0          0         96        664   Library Totals
         6          0          0          0          0          0   (incl. Padding)

    ----------------------------------------------------------------------

      Code (inc. data)   RO Data    RW Data    ZI Data      Debug   Library Name

       350         16          0          0         96        664   c_w.l

    ----------------------------------------------------------------------
       356         16          0          0         96        664   Library Totals

    ----------------------------------------------------------------------

==============================================================================


      Code (inc. data)   RO Data    RW Data    ZI Data      Debug   

     23662         68     171374        208       2864     115000   Grand Totals
     23662         68     171374        208       2864     115000   ELF Image Totals
     23662         68     171374        208          0          0   ROM Totals

==============================================================================

    Total RO  Size (Code + RO Data)               195036 ( 190.46kB)
    Total RW  Size (RW Data + ZI Data)              3072 (   3.00kB)
    Total ROM Size (Code + RO Data + RW Data)     195244 ( 190.67kB)

==============================================================================

