Component: Arm Compiler for Embedded 6.18 Tool: armlink [5e4cc100]

==============================================================================

Section Cross References

    startup_stm32f103xe.o(STACK) refers (Special) to heapauxi.o(.text) for __use_two_region_memory
    startup_stm32f103xe.o(HEAP) refers (Special) to heapauxi.o(.text) for __use_two_region_memory
    startup_stm32f103xe.o(RESET) refers (Special) to heapauxi.o(.text) for __use_two_region_memory
    startup_stm32f103xe.o(RESET) refers to startup_stm32f103xe.o(STACK) for __initial_sp
    startup_stm32f103xe.o(RESET) refers to startup_stm32f103xe.o(.text) for Reset_Handler
    startup_stm32f103xe.o(RESET) refers to stm32f1xx_it.o(.text.NMI_Handler) for NMI_Handler
    startup_stm32f103xe.o(RESET) refers to stm32f1xx_it.o(.text.HardFault_Handler) for HardFault_Handler
    startup_stm32f103xe.o(RESET) refers to stm32f1xx_it.o(.text.MemManage_Handler) for MemManage_Handler
    startup_stm32f103xe.o(RESET) refers to stm32f1xx_it.o(.text.BusFault_Handler) for BusFault_Handler
    startup_stm32f103xe.o(RESET) refers to stm32f1xx_it.o(.text.UsageFault_Handler) for UsageFault_Handler
    startup_stm32f103xe.o(RESET) refers to stm32f1xx_it.o(.text.SVC_Handler) for SVC_Handler
    startup_stm32f103xe.o(RESET) refers to stm32f1xx_it.o(.text.DebugMon_Handler) for DebugMon_Handler
    startup_stm32f103xe.o(RESET) refers to stm32f1xx_it.o(.text.PendSV_Handler) for PendSV_Handler
    startup_stm32f103xe.o(RESET) refers to stm32f1xx_it.o(.text.SysTick_Handler) for SysTick_Handler
    startup_stm32f103xe.o(.text) refers (Special) to heapauxi.o(.text) for __use_two_region_memory
    startup_stm32f103xe.o(.text) refers to system_stm32f1xx.o(.text.SystemInit) for SystemInit
    startup_stm32f103xe.o(.text) refers to __main.o(!!!main) for __main
    startup_stm32f103xe.o(.text) refers to startup_stm32f103xe.o(HEAP) for Heap_Mem
    startup_stm32f103xe.o(.text) refers to startup_stm32f103xe.o(STACK) for Stack_Mem
    main.o(.text.main) refers to main.o(.text.LL_APB2_GRP1_EnableClock) for LL_APB2_GRP1_EnableClock
    main.o(.text.main) refers to main.o(.text.LL_APB1_GRP1_EnableClock) for LL_APB1_GRP1_EnableClock
    main.o(.text.main) refers to main.o(.text.__NVIC_SetPriorityGrouping) for __NVIC_SetPriorityGrouping
    main.o(.text.main) refers to main.o(.text.__NVIC_GetPriorityGrouping) for __NVIC_GetPriorityGrouping
    main.o(.text.main) refers to main.o(.text.NVIC_EncodePriority) for NVIC_EncodePriority
    main.o(.text.main) refers to main.o(.text.__NVIC_SetPriority) for __NVIC_SetPriority
    main.o(.text.main) refers to main.o(.text.LL_GPIO_AF_Remap_SWJ_NOJTAG) for LL_GPIO_AF_Remap_SWJ_NOJTAG
    main.o(.text.main) refers to main.o(.text.SystemClock_Config) for SystemClock_Config
    main.o(.text.main) refers to gpio.o(.text.MX_GPIO_Init) for MX_GPIO_Init
    main.o(.text.main) refers to spi.o(.text.MX_SPI1_Init) for MX_SPI1_Init
    main.o(.text.main) refers to spi.o(.text.MX_SPI2_Init) for MX_SPI2_Init
    main.o(.text.main) refers to tim.o(.text.MX_TIM3_Init) for MX_TIM3_Init
    main.o(.text.main) refers to usart.o(.text.MX_USART1_UART_Init) for MX_USART1_UART_Init
    main.o(.text.main) refers to rtc.o(.text.MX_RTC_Init) for MX_RTC_Init
    main.o(.ARM.exidx.text.main) refers to main.o(.text.main) for [Anonymous Symbol]
    main.o(.ARM.exidx.text.LL_APB2_GRP1_EnableClock) refers to main.o(.text.LL_APB2_GRP1_EnableClock) for [Anonymous Symbol]
    main.o(.ARM.exidx.text.LL_APB1_GRP1_EnableClock) refers to main.o(.text.LL_APB1_GRP1_EnableClock) for [Anonymous Symbol]
    main.o(.ARM.exidx.text.__NVIC_SetPriorityGrouping) refers to main.o(.text.__NVIC_SetPriorityGrouping) for [Anonymous Symbol]
    main.o(.ARM.exidx.text.__NVIC_SetPriority) refers to main.o(.text.__NVIC_SetPriority) for [Anonymous Symbol]
    main.o(.ARM.exidx.text.NVIC_EncodePriority) refers to main.o(.text.NVIC_EncodePriority) for [Anonymous Symbol]
    main.o(.ARM.exidx.text.__NVIC_GetPriorityGrouping) refers to main.o(.text.__NVIC_GetPriorityGrouping) for [Anonymous Symbol]
    main.o(.ARM.exidx.text.LL_GPIO_AF_Remap_SWJ_NOJTAG) refers to main.o(.text.LL_GPIO_AF_Remap_SWJ_NOJTAG) for [Anonymous Symbol]
    main.o(.text.SystemClock_Config) refers to main.o(.text.LL_FLASH_SetLatency) for LL_FLASH_SetLatency
    main.o(.text.SystemClock_Config) refers to main.o(.text.LL_FLASH_GetLatency) for LL_FLASH_GetLatency
    main.o(.text.SystemClock_Config) refers to main.o(.text.LL_RCC_HSE_Enable) for LL_RCC_HSE_Enable
    main.o(.text.SystemClock_Config) refers to main.o(.text.LL_RCC_HSE_IsReady) for LL_RCC_HSE_IsReady
    main.o(.text.SystemClock_Config) refers to main.o(.text.LL_PWR_EnableBkUpAccess) for LL_PWR_EnableBkUpAccess
    main.o(.text.SystemClock_Config) refers to main.o(.text.LL_RCC_GetRTCClockSource) for LL_RCC_GetRTCClockSource
[...]
    ../clib/signal.s                         0x00000000   Number         0  defsig.o ABSOLUTE
    ../clib/stdlib.c                         0x00000000   Number         0  exit.o ABSOLUTE
    ../fplib/fpinit.s                        0x00000000   Number         0  fpinit.o ABSOLUTE
    ../fplib/fpinit_empty.s                  0x00000000   Number         0  fpinit_empty.o ABSOLUTE
    FIFO.c                                   0x00000000   Number         0  fifo.o ABSOLUTE
    SPI_Handler.c                            0x00000000   Number         0  spi_handler.o ABSOLUTE
    TFT.c                                    0x00000000   Number         0  tft.o ABSOLUTE
    WTC_Logic.c                              0x00000000   Number         0  wtc_logic.o ABSOLUTE
    dc.s                                     0x00000000   Number         0  dc.o ABSOLUTE
    gpio.c                                   0x00000000   Number         0  gpio.o ABSOLUTE
    main.c                                   0x00000000   Number         0  main.o ABSOLUTE
    rtc.c                                    0x00000000   Number         0  rtc.o ABSOLUTE
    spi.c                                    0x00000000   Number         0  spi.o ABSOLUTE
    startup_stm32f103xe.s                    0x00000000   Number         0  startup_stm32f103xe.o ABSOLUTE
    stm32f1xx_it.c                           0x00000000   Number         0  stm32f1xx_it.o ABSOLUTE
    stm32f1xx_ll_dma.c                       0x00000000   Number         0  stm32f1xx_ll_dma.o ABSOLUTE
    stm32f1xx_ll_exti.c                      0x00000000   Number         0  stm32f1xx_ll_exti.o ABSOLUTE
    stm32f1xx_ll_gpio.c                      0x00000000   Number         0  stm32f1xx_ll_gpio.o ABSOLUTE
    stm32f1xx_ll_pwr.c                       0x00000000   Number         0  stm32f1xx_ll_pwr.o ABSOLUTE
    stm32f1xx_ll_rcc.c                       0x00000000   Number         0  stm32f1xx_ll_rcc.o ABSOLUTE
    stm32f1xx_ll_rtc.c                       0x00000000   Number         0  stm32f1xx_ll_rtc.o ABSOLUTE
    stm32f1xx_ll_spi.c                       0x00000000   Number         0  stm32f1xx_ll_spi.o ABSOLUTE
    stm32f1xx_ll_tim.c                       0x00000000   Number         0  stm32f1xx_ll_tim.o ABSOLUTE
    stm32f1xx_ll_usart.c                     0x00000000   Number         0  stm32f1xx_ll_usart.o ABSOLUTE
    stm32f1xx_ll_utils.c                     0x00000000   Number         0  stm32f1xx_ll_utils.o ABSOLUTE
    system_stm32f1xx.c                       0x00000000   Number         0  system_stm32f1xx.o ABSOLUTE
    tim.c                                    0x00000000   Number         0  tim.o ABSOLUTE
    usart.c                                  0x00000000   Number         0  usart.o ABSOLUTE
    RESET                                    0x08000000   Section      304  startup_stm32f103xe.o(RESET)
    !!!main                                  0x08000130   Section        8  __main.o(!!!main)
    !!!scatter                               0x08000138   Section       52  __scatter.o(!!!scatter)
    !!handler_copy                           0x0800016c   Section       26  __scatter_copy.o(!!handler_copy)
    !!handler_zi                             0x08000188   Section       28  __scatter_zi.o(!!handler_zi)
    .ARM.Collect$$libinit$$00000000          0x080001a4   Section        2  libinit.o(.ARM.Collect$$libinit$$00000000)
    .ARM.Collect$$libinit$$00000002          0x080001a6   Section        0  libinit2.o(.ARM.Collect$$libinit$$00000002)
    .ARM.Collect$$libinit$$00000004          0x080001a6   Section        0  libinit2.o(.ARM.Collect$$libinit$$00000004)
    .ARM.Collect$$libinit$$00000006          0x080001a6   Section        0  libinit2.o(.ARM.Collect$$libinit$$00000006)
    .ARM.Collect$$libinit$$0000000C          0x080001a6   Section        0  libinit2.o(.ARM.Collect$$libinit$$0000000C)
    .ARM.Collect$$libinit$$0000000E          0x080001a6   Section        0  libinit2.o(.ARM.Collect$$libinit$$0000000E)
    .ARM.Collect$$libinit$$00000010          0x080001a6   Section        0  libinit2.o(.ARM.Collect$$libinit$$00000010)
    .ARM.Collect$$libinit$$00000013          0x080001a6   Section        0  libinit2.o(.ARM.Collect$$libinit$$00000013)
    .ARM.Collect$$libinit$$00000015          0x080001a6   Section        0  libinit2.o(.ARM.Collect$$libinit$$00000015)
    .ARM.Collect$$libinit$$00000017          0x080001a6   Section        0  libinit2.o(.ARM.Collect$$libinit$$00000017)
    .ARM.Collect$$libinit$$00000019          0x080001a6   Section        0  libinit2.o(.ARM.Collect$$libinit$$00000019)
    .ARM.Collect$$libinit$$0000001B          0x080001a6   Section        0  libinit2.o(.ARM.Collect$$libinit$$0000001B)
    .ARM.Collect$$libinit$$0000001D          0x080001a6   Section        0  libinit2.o(.ARM.Collect$$libinit$$0000001D)
    .ARM.Collect$$libinit$$0000001F          0x080001a6   Section        0  libinit2.o(.ARM.Collect$$libinit$$0000001F)
    .ARM.Collect$$libinit$$00000021          0x080001a6   Section        0  libinit2.o(.ARM.Collect$$libinit$$00000021)
    .ARM.Collect$$libinit$$00000023          0x080001a6   Section        0  libinit2.o(.ARM.Collect$$libinit$$00000023)
    .ARM.Collect$$libinit$$00000025          0x080001a6   Section        0  libinit2.o(.ARM.Collect$$libinit$$00000025)
    .ARM.Collect$$libinit$$00000027          0x080001a6   Section        0  libinit2.o(.ARM.Collect$$libinit$$00000027)
    .ARM.Collect$$libinit$$0000002E          0x080001a6   Section        0  libinit2.o(.ARM.Collect$$libinit$$0000002E)
    .ARM.Collect$$libinit$$00000030          0x080001a6   Section        0  libinit2.o(.ARM.Collect$$libinit$$00000030)
    .ARM.Collect$$libinit$$00000032          0x080001a6   Section        0  libinit2.o(.ARM.Collect$$libinit$$00000032)
    .ARM.Collect$$libinit$$00000034          0x080001a6   Section        0  libinit2.o(.ARM.Collect$$libinit$$00000034)
    .ARM.Collect$$libinit$$00000035          0x080001a6   Section        2  libinit2.o(.ARM.Collect$$libinit$$00000035)
    .ARM.Collect$$libshutdown$$00000000      0x080001a8   Section        2  libshutdown.o(.ARM.Collect$$libshutdown$$00000000)
    .ARM.Collect$$libshutdown$$00000002      0x080001aa   Section        0  libshutdown2.o(.ARM.Collect$$libshutdown$$00000002)
    .ARM.Collect$$libshutdown$$00000004      0x080001aa   Section        0  libshutdown2.o(.ARM.Collect$$libshutdown$$00000004)
    .ARM.Collect$$libshutdown$$00000007      0x080001aa   Section        0  libshutdown2.o(.ARM.Collect$$libshutdown$$00000007)
    .ARM.Collect$$libshutdown$$0000000A      0x080001aa   Section        0  libshutdown2.o(.ARM.Collect$$libshutdown$$0000000A)
    .ARM.Collect$$libshutdown$$0000000C      0x080001aa   Section        0  libshutdown2.o(.ARM.Collect$$libshutdown$$0000000C)
    .ARM.Collect$$libshutdown$$0000000F      0x080001aa   Section        0  libshutdown2.o(.ARM.Collect$$libshutdown$$0000000F)
    .ARM.Collect$$libshutdown$$00000010      0x080001aa   Section        2  libshutdown2.o(.ARM.Collect$$libshutdown$$00000010)
    .ARM.Collect$$rtentry$$00000000          0x080001ac   Section        0  __rtentry.o(.ARM.Collect$$rtentry$$00000000)
    .ARM.Collect$$rtentry$$00000002          0x080001ac   Section        0  __rtentry2.o(.ARM.Collect$$rtentry$$00000002)
    .ARM.Collect$$rtentry$$00000004          0x080001ac   Section        6  __rtentry4.o(.ARM.Collect$$rtentry$$00000004)
    .ARM.Collect$$rtentry$$00000009          0x080001b2   Section        0  __rtentry2.o(.ARM.Collect$$rtentry$$00000009)
    .ARM.Collect$$rtentry$$0000000A          0x080001b2   Section        4  __rtentry2.o(.ARM.Collect$$rtentry$$0000000A)
    .ARM.Collect$$rtentry$$0000000C          0x080001b6   Section        0  __rtentry2.o(.ARM.Collect$$rtentry$$0000000C)
    .ARM.Collect$$rtentry$$0000000D          0x080001b6   Section        8  __rtentry2.o(.ARM.Collect$$rtentry$$0000000D)
    .ARM.Collect$$rtexit$$00000000           0x080001be   Section        2  rtexit.o(.ARM.Collect$$rtexit$$00000000)
    .ARM.Collect$$rtexit$$00000002           0x080001c0   Section        0  rtexit2.o(.ARM.Collect$$rtexit$$00000002)
    .ARM.Collect$$rtexit$$00000003           0x080001c0   Section        4  rtexit2.o(.ARM.Collect$$rtexit$$00000003)
    .ARM.Collect$$rtexit$$00000004           0x080001c4   Section        6  rtexit2.o(.ARM.Collect$$rtexit$$00000004)
    .text                                    0x080001cc   Section       64  startup_stm32f103xe.o(.text)
    .text                                    0x0800020c   Section       78  rt_memclr_w.o(.text)
    .text                                    0x0800025a   Section        0  heapauxi.o(.text)
    .text                                    0x08000260   Section       74  sys_stackheap_outer.o(.text)
    .text                                    0x080002aa   Section        0  exit.o(.text)
    .text                                    0x080002bc   Section        8  libspace.o(.text)
    .text                                    0x080002c4   Section        0  sys_exit.o(.text)
    .text                                    0x080002d0   Section        2  use_no_semi.o(.text)
    .text                                    0x080002d2   Section        0  indicate_semi.o(.text)
    [Anonymous Symbol]                       0x080002d4   Section        0  stm32f1xx_it.o(.text.BusFault_Handler)
    [Anonymous Symbol]                       0x080002d8   Section        0  stm32f1xx_it.o(.text.DebugMon_Handler)
    [Anonymous Symbol]                       0x080002dc   Section        0  stm32f1xx_it.o(.text.HardFault_Handler)
    LL_APB1_GRP1_EnableClock                 0x080002e1   Thumb Code    34  main.o(.text.LL_APB1_GRP1_EnableClock)
    [Anonymous Symbol]                       0x080002e0   Section        0  main.o(.text.LL_APB1_GRP1_EnableClock)
    LL_APB1_GRP1_EnableClock                 0x08000305   Thumb Code    34  rtc.o(.text.LL_APB1_GRP1_EnableClock)
    [Anonymous Symbol]                       0x08000304   Section        0  rtc.o(.text.LL_APB1_GRP1_EnableClock)
    LL_APB1_GRP1_EnableClock                 0x08000329   Thumb Code    34  spi.o(.text.LL_APB1_GRP1_EnableClock)
    [Anonymous Symbol]                       0x08000328   Section        0  spi.o(.text.LL_APB1_GRP1_EnableClock)
    LL_APB1_GRP1_EnableClock                 0x0800034d   Thumb Code    34  tim.o(.text.LL_APB1_GRP1_EnableClock)
    [Anonymous Symbol]                       0x0800034c   Section        0  tim.o(.text.LL_APB1_GRP1_EnableClock)
    LL_APB2_GRP1_EnableClock                 0x08000371   Thumb Code    34  main.o(.text.LL_APB2_GRP1_EnableClock)
    [Anonymous Symbol]                       0x08000370   Section        0  main.o(.text.LL_APB2_GRP1_EnableClock)
    LL_APB2_GRP1_EnableClock                 0x08000395   Thumb Code    34  gpio.o(.text.LL_APB2_GRP1_EnableClock)
    [Anonymous Symbol]                       0x08000394   Section        0  gpio.o(.text.LL_APB2_GRP1_EnableClock)
    LL_APB2_GRP1_EnableClock                 0x080003b9   Thumb Code    34  spi.o(.text.LL_APB2_GRP1_EnableClock)
    [Anonymous Symbol]                       0x080003b8   Section        0  spi.o(.text.LL_APB2_GRP1_EnableClock)
    LL_APB2_GRP1_EnableClock                 0x080003dd   Thumb Code    34  tim.o(.text.LL_APB2_GRP1_EnableClock)
    [Anonymous Symbol]                       0x080003dc   Section        0  tim.o(.text.LL_APB2_GRP1_EnableClock)
    LL_APB2_GRP1_EnableClock                 0x08000401   Thumb Code    34  usart.o(.text.LL_APB2_GRP1_EnableClock)
    [Anonymous Symbol]                       0x08000400   Section        0  usart.o(.text.LL_APB2_GRP1_EnableClock)
    LL_EXTI_DisableEvent_0_31                0x08000425   Thumb Code    24  stm32f1xx_ll_exti.o(.text.LL_EXTI_DisableEvent_0_31)
    [Anonymous Symbol]                       0x08000424   Section        0  stm32f1xx_ll_exti.o(.text.LL_EXTI_DisableEvent_0_31)
    LL_EXTI_DisableFallingTrig_0_31          0x0800043d   Thumb Code    24  stm32f1xx_ll_exti.o(.text.LL_EXTI_DisableFallingTrig_0_31)
    [Anonymous Symbol]                       0x0800043c   Section        0  stm32f1xx_ll_exti.o(.text.LL_EXTI_DisableFallingTrig_0_31)
    LL_EXTI_DisableIT_0_31                   0x08000455   Thumb Code    24  stm32f1xx_ll_exti.o(.text.LL_EXTI_DisableIT_0_31)
    [Anonymous Symbol]                       0x08000454   Section        0  stm32f1xx_ll_exti.o(.text.LL_EXTI_DisableIT_0_31)
    LL_EXTI_DisableRisingTrig_0_31           0x0800046d   Thumb Code    24  stm32f1xx_ll_exti.o(.text.LL_EXTI_DisableRisingTrig_0_31)
    [Anonymous Symbol]                       0x0800046c   Section        0  stm32f1xx_ll_exti.o(.text.LL_EXTI_DisableRisingTrig_0_31)
    LL_EXTI_EnableEvent_0_31                 0x08000485   Thumb Code    24  stm32f1xx_ll_exti.o(.text.LL_EXTI_EnableEvent_0_31)
    [Anonymous Symbol]                       0x08000484   Section        0  stm32f1xx_ll_exti.o(.text.LL_EXTI_EnableEvent_0_31)
    LL_EXTI_EnableFallingTrig_0_31           0x0800049d   Thumb Code    24  stm32f1xx_ll_exti.o(.text.LL_EXTI_EnableFallingTrig_0_31)
    [Anonymous Symbol]                       0x0800049c   Section        0  stm32f1xx_ll_exti.o(.text.LL_EXTI_EnableFallingTrig_0_31)
    LL_EXTI_EnableIT_0_31                    0x080004b5   Thumb Code    24  stm32f1xx_ll_exti.o(.text.LL_EXTI_EnableIT_0_31)
    [Anonymous Symbol]                       0x080004b4   Section        0  stm32f1xx_ll_exti.o(.text.LL_EXTI_EnableIT_0_31)
    LL_EXTI_EnableRisingTrig_0_31            0x080004cd   Thumb Code    24  stm32f1xx_ll_exti.o(.text.LL_EXTI_EnableRisingTrig_0_31)
    [Anonymous Symbol]                       0x080004cc   Section        0  stm32f1xx_ll_exti.o(.text.LL_EXTI_EnableRisingTrig_0_31)
    [Anonymous Symbol]                       0x080004e4   Section        0  stm32f1xx_ll_exti.o(.text.LL_EXTI_Init)
    LL_FLASH_GetLatency                      0x0800068d   Thumb Code    16  main.o(.text.LL_FLASH_GetLatency)
    [Anonymous Symbol]                       0x0800068c   Section        0  main.o(.text.LL_FLASH_GetLatency)
    LL_FLASH_SetLatency                      0x0800069d   Thumb Code    28  main.o(.text.LL_FLASH_SetLatency)
    [Anonymous Symbol]                       0x0800069c   Section        0  main.o(.text.LL_FLASH_SetLatency)
    LL_GPIO_AF_EnableRemap_TIM3              0x080006b9   Thumb Code    22  tim.o(.text.LL_GPIO_AF_EnableRemap_TIM3)
    [Anonymous Symbol]                       0x080006b8   Section        0  tim.o(.text.LL_GPIO_AF_EnableRemap_TIM3)
    LL_GPIO_AF_Remap_SWJ_NOJTAG              0x080006d1   Thumb Code    24  main.o(.text.LL_GPIO_AF_Remap_SWJ_NOJTAG)
    [Anonymous Symbol]                       0x080006d0   Section        0  main.o(.text.LL_GPIO_AF_Remap_SWJ_NOJTAG)
    LL_GPIO_AF_SetEXTISource                 0x080006e9   Thumb Code    56  gpio.o(.text.LL_GPIO_AF_SetEXTISource)
    [Anonymous Symbol]                       0x080006e8   Section        0  gpio.o(.text.LL_GPIO_AF_SetEXTISource)
    [Anonymous Symbol]                       0x08000720   Section        0  stm32f1xx_ll_gpio.o(.text.LL_GPIO_Init)
    LL_GPIO_ResetOutputPin                   0x08000951   Thumb Code    18  gpio.o(.text.LL_GPIO_ResetOutputPin)
    [Anonymous Symbol]                       0x08000950   Section        0  gpio.o(.text.LL_GPIO_ResetOutputPin)
    LL_GPIO_SetPinMode                       0x08000965   Thumb Code    52  gpio.o(.text.LL_GPIO_SetPinMode)
    [Anonymous Symbol]                       0x08000964   Section        0  gpio.o(.text.LL_GPIO_SetPinMode)
    LL_GPIO_SetPinMode                       0x08000999   Thumb Code    52  stm32f1xx_ll_gpio.o(.text.LL_GPIO_SetPinMode)
    [Anonymous Symbol]                       0x08000998   Section        0  stm32f1xx_ll_gpio.o(.text.LL_GPIO_SetPinMode)
    LL_GPIO_SetPinOutputType                 0x080009cd   Thumb Code    52  stm32f1xx_ll_gpio.o(.text.LL_GPIO_SetPinOutputType)
    [Anonymous Symbol]                       0x080009cc   Section        0  stm32f1xx_ll_gpio.o(.text.LL_GPIO_SetPinOutputType)
    LL_GPIO_SetPinPull                       0x08000a01   Thumb Code    42  stm32f1xx_ll_gpio.o(.text.LL_GPIO_SetPinPull)
    [Anonymous Symbol]                       0x08000a00   Section        0  stm32f1xx_ll_gpio.o(.text.LL_GPIO_SetPinPull)
    LL_GPIO_SetPinSpeed                      0x08000a2d   Thumb Code    52  stm32f1xx_ll_gpio.o(.text.LL_GPIO_SetPinSpeed)
    [Anonymous Symbol]                       0x08000a2c   Section        0  stm32f1xx_ll_gpio.o(.text.LL_GPIO_SetPinSpeed)
    [Anonymous Symbol]                       0x08000a60   Section        0  stm32f1xx_ll_utils.o(.text.LL_Init1msTick)
    LL_InitTick                              0x08000a75   Thumb Code    54  stm32f1xx_ll_utils.o(.text.LL_InitTick)
    [Anonymous Symbol]                       0x08000a74   Section        0  stm32f1xx_ll_utils.o(.text.LL_InitTick)
    LL_PWR_EnableBkUpAccess                  0x08000aad   Thumb Code    18  main.o(.text.LL_PWR_EnableBkUpAccess)
    [Anonymous Symbol]                       0x08000aac   Section        0  main.o(.text.LL_PWR_EnableBkUpAccess)
    LL_PWR_EnableBkUpAccess                  0x08000ac1   Thumb Code    18  rtc.o(.text.LL_PWR_EnableBkUpAccess)
    [Anonymous Symbol]                       0x08000ac0   Section        0  rtc.o(.text.LL_PWR_EnableBkUpAccess)
    LL_RCC_EnableRTC                         0x08000ad5   Thumb Code    18  main.o(.text.LL_RCC_EnableRTC)
    [Anonymous Symbol]                       0x08000ad4   Section        0  main.o(.text.LL_RCC_EnableRTC)
    LL_RCC_EnableRTC                         0x08000ae9   Thumb Code    18  rtc.o(.text.LL_RCC_EnableRTC)
    [Anonymous Symbol]                       0x08000ae8   Section        0  rtc.o(.text.LL_RCC_EnableRTC)
    LL_RCC_ForceBackupDomainReset            0x08000afd   Thumb Code    18  main.o(.text.LL_RCC_ForceBackupDomainReset)
    [Anonymous Symbol]                       0x08000afc   Section        0  main.o(.text.LL_RCC_ForceBackupDomainReset)
    LL_RCC_GetAHBPrescaler                   0x08000b11   Thumb Code    16  stm32f1xx_ll_rcc.o(.text.LL_RCC_GetAHBPrescaler)
    [Anonymous Symbol]                       0x08000b10   Section        0  stm32f1xx_ll_rcc.o(.text.LL_RCC_GetAHBPrescaler)
    LL_RCC_GetAPB1Prescaler                  0x08000b21   Thumb Code    16  stm32f1xx_ll_rcc.o(.text.LL_RCC_GetAPB1Prescaler)
    [Anonymous Symbol]                       0x08000b20   Section        0  stm32f1xx_ll_rcc.o(.text.LL_RCC_GetAPB1Prescaler)
    LL_RCC_GetAPB2Prescaler                  0x08000b31   Thumb Code    16  stm32f1xx_ll_rcc.o(.text.LL_RCC_GetAPB2Prescaler)
    [Anonymous Symbol]                       0x08000b30   Section        0  stm32f1xx_ll_rcc.o(.text.LL_RCC_GetAPB2Prescaler)
    LL_RCC_GetRTCClockSource                 0x08000b41   Thumb Code    16  main.o(.text.LL_RCC_GetRTCClockSource)
    [Anonymous Symbol]                       0x08000b40   Section        0  main.o(.text.LL_RCC_GetRTCClockSource)
    LL_RCC_GetSysClkSource                   0x08000b51   Thumb Code    16  main.o(.text.LL_RCC_GetSysClkSource)
    [Anonymous Symbol]                       0x08000b50   Section        0  main.o(.text.LL_RCC_GetSysClkSource)
    LL_RCC_GetSysClkSource                   0x08000b61   Thumb Code    16  stm32f1xx_ll_rcc.o(.text.LL_RCC_GetSysClkSource)
    [Anonymous Symbol]                       0x08000b60   Section        0  stm32f1xx_ll_rcc.o(.text.LL_RCC_GetSysClkSource)
    [Anonymous Symbol]                       0x08000b70   Section        0  stm32f1xx_ll_rcc.o(.text.LL_RCC_GetSystemClocksFreq)
    LL_RCC_HSE_Enable                        0x08000ba9   Thumb Code    18  main.o(.text.LL_RCC_HSE_Enable)
    [Anonymous Symbol]                       0x08000ba8   Section        0  main.o(.text.LL_RCC_HSE_Enable)
    LL_RCC_HSE_IsReady                       0x08000bbd   Thumb Code    16  main.o(.text.LL_RCC_HSE_IsReady)
    [Anonymous Symbol]                       0x08000bbc   Section        0  main.o(.text.LL_RCC_HSE_IsReady)
    LL_RCC_LSE_Enable                        0x08000bcd   Thumb Code    18  main.o(.text.LL_RCC_LSE_Enable)
    [Anonymous Symbol]                       0x08000bcc   Section        0  main.o(.text.LL_RCC_LSE_Enable)
    LL_RCC_LSE_IsReady                       0x08000be1   Thumb Code    16  main.o(.text.LL_RCC_LSE_IsReady)
    [Anonymous Symbol]                       0x08000be0   Section        0  main.o(.text.LL_RCC_LSE_IsReady)
    LL_RCC_PLL_ConfigDomain_SYS              0x08000bf1   Thumb Code    38  main.o(.text.LL_RCC_PLL_ConfigDomain_SYS)
    [Anonymous Symbol]                       0x08000bf0   Section        0  main.o(.text.LL_RCC_PLL_ConfigDomain_SYS)
    LL_RCC_PLL_Enable                        0x08000c19   Thumb Code    18  main.o(.text.LL_RCC_PLL_Enable)
    [Anonymous Symbol]                       0x08000c18   Section        0  main.o(.text.LL_RCC_PLL_Enable)
    LL_RCC_PLL_GetMainSource                 0x08000c2d   Thumb Code    16  stm32f1xx_ll_rcc.o(.text.LL_RCC_PLL_GetMainSource)
    [Anonymous Symbol]                       0x08000c2c   Section        0  stm32f1xx_ll_rcc.o(.text.LL_RCC_PLL_GetMainSource)
    LL_RCC_PLL_GetMultiplicator              0x08000c3d   Thumb Code    16  stm32f1xx_ll_rcc.o(.text.LL_RCC_PLL_GetMultiplicator)
    [Anonymous Symbol]                       0x08000c3c   Section        0  stm32f1xx_ll_rcc.o(.text.LL_RCC_PLL_GetMultiplicator)
    LL_RCC_PLL_GetPrediv                     0x08000c4d   Thumb Code    16  stm32f1xx_ll_rcc.o(.text.LL_RCC_PLL_GetPrediv)
    [Anonymous Symbol]                       0x08000c4c   Section        0  stm32f1xx_ll_rcc.o(.text.LL_RCC_PLL_GetPrediv)
    LL_RCC_PLL_IsReady                       0x08000c5d   Thumb Code    16  main.o(.text.LL_RCC_PLL_IsReady)
    [Anonymous Symbol]                       0x08000c5c   Section        0  main.o(.text.LL_RCC_PLL_IsReady)
    LL_RCC_ReleaseBackupDomainReset          0x08000c6d   Thumb Code    18  main.o(.text.LL_RCC_ReleaseBackupDomainReset)
    [Anonymous Symbol]                       0x08000c6c   Section        0  main.o(.text.LL_RCC_ReleaseBackupDomainReset)
    LL_RCC_SetAHBPrescaler                   0x08000c81   Thumb Code    28  main.o(.text.LL_RCC_SetAHBPrescaler)
    [Anonymous Symbol]                       0x08000c80   Section        0  main.o(.text.LL_RCC_SetAHBPrescaler)
    LL_RCC_SetAPB1Prescaler                  0x08000c9d   Thumb Code    28  main.o(.text.LL_RCC_SetAPB1Prescaler)
    [Anonymous Symbol]                       0x08000c9c   Section        0  main.o(.text.LL_RCC_SetAPB1Prescaler)
    LL_RCC_SetAPB2Prescaler                  0x08000cb9   Thumb Code    28  main.o(.text.LL_RCC_SetAPB2Prescaler)
    [Anonymous Symbol]                       0x08000cb8   Section        0  main.o(.text.LL_RCC_SetAPB2Prescaler)
    LL_RCC_SetRTCClockSource                 0x08000cd5   Thumb Code    28  main.o(.text.LL_RCC_SetRTCClockSource)
    [Anonymous Symbol]                       0x08000cd4   Section        0  main.o(.text.LL_RCC_SetRTCClockSource)
    LL_RCC_SetSysClkSource                   0x08000cf1   Thumb Code    28  main.o(.text.LL_RCC_SetSysClkSource)
    [Anonymous Symbol]                       0x08000cf0   Section        0  main.o(.text.LL_RCC_SetSysClkSource)
    LL_RTC_ClearFlag_ALR                     0x08000d0d   Thumb Code    18  stm32f1xx_ll_rtc.o(.text.LL_RTC_ClearFlag_ALR)
    [Anonymous Symbol]                       0x08000d0c   Section        0  stm32f1xx_ll_rtc.o(.text.LL_RTC_ClearFlag_ALR)
    LL_RTC_ClearFlag_OW                      0x08000d21   Thumb Code    18  stm32f1xx_ll_rtc.o(.text.LL_RTC_ClearFlag_OW)
    [Anonymous Symbol]                       0x08000d20   Section        0  stm32f1xx_ll_rtc.o(.text.LL_RTC_ClearFlag_OW)
    LL_RTC_ClearFlag_RS                      0x08000d35   Thumb Code    18  stm32f1xx_ll_rtc.o(.text.LL_RTC_ClearFlag_RS)
    [Anonymous Symbol]                       0x08000d34   Section        0  stm32f1xx_ll_rtc.o(.text.LL_RTC_ClearFlag_RS)
    LL_RTC_ClearFlag_SEC                     0x08000d49   Thumb Code    18  stm32f1xx_ll_rtc.o(.text.LL_RTC_ClearFlag_SEC)
    [Anonymous Symbol]                       0x08000d48   Section        0  stm32f1xx_ll_rtc.o(.text.LL_RTC_ClearFlag_SEC)
    LL_RTC_DisableWriteProtection            0x08000d5d   Thumb Code    18  stm32f1xx_ll_rtc.o(.text.LL_RTC_DisableWriteProtection)
    [Anonymous Symbol]                       0x08000d5c   Section        0  stm32f1xx_ll_rtc.o(.text.LL_RTC_DisableWriteProtection)
    LL_RTC_EnableWriteProtection             0x08000d71   Thumb Code    18  stm32f1xx_ll_rtc.o(.text.LL_RTC_EnableWriteProtection)
    [Anonymous Symbol]                       0x08000d70   Section        0  stm32f1xx_ll_rtc.o(.text.LL_RTC_EnableWriteProtection)
    [Anonymous Symbol]                       0x08000d84   Section        0  stm32f1xx_ll_rtc.o(.text.LL_RTC_EnterInitMode)
    [Anonymous Symbol]                       0x08000e1c   Section        0  stm32f1xx_ll_rtc.o(.text.LL_RTC_ExitInitMode)
    [Anonymous Symbol]                       0x08000eb4   Section        0  stm32f1xx_ll_rtc.o(.text.LL_RTC_Init)
    LL_RTC_IsActiveFlag_RS                   0x08000fb5   Thumb Code    16  stm32f1xx_ll_rtc.o(.text.LL_RTC_IsActiveFlag_RS)
    [Anonymous Symbol]                       0x08000fb4   Section        0  stm32f1xx_ll_rtc.o(.text.LL_RTC_IsActiveFlag_RS)
    LL_RTC_IsActiveFlag_RTOF                 0x08000fc5   Thumb Code    16  stm32f1xx_ll_rtc.o(.text.LL_RTC_IsActiveFlag_RTOF)
    [Anonymous Symbol]                       0x08000fc4   Section        0  stm32f1xx_ll_rtc.o(.text.LL_RTC_IsActiveFlag_RTOF)
    LL_RTC_SetAsynchPrescaler                0x08000fd5   Thumb Code    42  rtc.o(.text.LL_RTC_SetAsynchPrescaler)
    [Anonymous Symbol]                       0x08000fd4   Section        0  rtc.o(.text.LL_RTC_SetAsynchPrescaler)
    LL_RTC_SetAsynchPrescaler                0x08001001   Thumb Code    42  stm32f1xx_ll_rtc.o(.text.LL_RTC_SetAsynchPrescaler)
    [Anonymous Symbol]                       0x08001000   Section        0  stm32f1xx_ll_rtc.o(.text.LL_RTC_SetAsynchPrescaler)
    LL_RTC_SetOutputSource                   0x0800102d   Thumb Code    26  stm32f1xx_ll_rtc.o(.text.LL_RTC_SetOutputSource)
    [Anonymous Symbol]                       0x0800102c   Section        0  stm32f1xx_ll_rtc.o(.text.LL_RTC_SetOutputSource)
    LL_RTC_TAMPER_Disable                    0x08001049   Thumb Code    24  stm32f1xx_ll_rtc.o(.text.LL_RTC_TAMPER_Disable)
    [Anonymous Symbol]                       0x08001048   Section        0  stm32f1xx_ll_rtc.o(.text.LL_RTC_TAMPER_Disable)
    [Anonymous Symbol]                       0x08001060   Section        0  stm32f1xx_ll_rtc.o(.text.LL_RTC_TIME_Init)
    LL_RTC_TIME_Set                          0x08001239   Thumb Code    26  stm32f1xx_ll_rtc.o(.text.LL_RTC_TIME_Set)
    [Anonymous Symbol]                       0x08001238   Section        0  stm32f1xx_ll_rtc.o(.text.LL_RTC_TIME_Set)
    [Anonymous Symbol]                       0x08001254   Section        0  stm32f1xx_ll_rtc.o(.text.LL_RTC_WaitForSynchro)
    [Anonymous Symbol]                       0x080012ec   Section        0  stm32f1xx_ll_spi.o(.text.LL_SPI_Init)
    LL_SPI_IsEnabled                         0x08001595   Thumb Code    16  stm32f1xx_ll_spi.o(.text.LL_SPI_IsEnabled)
    [Anonymous Symbol]                       0x08001594   Section        0  stm32f1xx_ll_spi.o(.text.LL_SPI_IsEnabled)
    LL_SPI_SetCRCPolynomial                  0x080015a5   Thumb Code    18  stm32f1xx_ll_spi.o(.text.LL_SPI_SetCRCPolynomial)
    [Anonymous Symbol]                       0x080015a4   Section        0  stm32f1xx_ll_spi.o(.text.LL_SPI_SetCRCPolynomial)
    LL_SYSTICK_IsActiveCounterFlag           0x080015b9   Thumb Code    16  stm32f1xx_ll_rtc.o(.text.LL_SYSTICK_IsActiveCounterFlag)
    [Anonymous Symbol]                       0x080015b8   Section        0  stm32f1xx_ll_rtc.o(.text.LL_SYSTICK_IsActiveCounterFlag)
    [Anonymous Symbol]                       0x080015c8   Section        0  stm32f1xx_ll_utils.o(.text.LL_SetSystemCoreClock)
    LL_TIM_DisableARRPreload                 0x080015dd   Thumb Code    18  tim.o(.text.LL_TIM_DisableARRPreload)
    [Anonymous Symbol]                       0x080015dc   Section        0  tim.o(.text.LL_TIM_DisableARRPreload)
    LL_TIM_DisableMasterSlaveMode            0x080015f1   Thumb Code    18  tim.o(.text.LL_TIM_DisableMasterSlaveMode)
    [Anonymous Symbol]                       0x080015f0   Section        0  tim.o(.text.LL_TIM_DisableMasterSlaveMode)
    LL_TIM_GenerateEvent_UPDATE              0x08001605   Thumb Code    18  stm32f1xx_ll_tim.o(.text.LL_TIM_GenerateEvent_UPDATE)
    [Anonymous Symbol]                       0x08001604   Section        0  stm32f1xx_ll_tim.o(.text.LL_TIM_GenerateEvent_UPDATE)
    [Anonymous Symbol]                       0x08001618   Section        0  stm32f1xx_ll_tim.o(.text.LL_TIM_Init)
    LL_TIM_OC_DisableFast                    0x08001855   Thumb Code   178  tim.o(.text.LL_TIM_OC_DisableFast)
    [Anonymous Symbol]                       0x08001854   Section        0  tim.o(.text.LL_TIM_OC_DisableFast)
    LL_TIM_OC_EnablePreload                  0x08001909   Thumb Code   178  tim.o(.text.LL_TIM_OC_EnablePreload)
    [Anonymous Symbol]                       0x08001908   Section        0  tim.o(.text.LL_TIM_OC_EnablePreload)
    [Anonymous Symbol]                       0x080019bc   Section        0  stm32f1xx_ll_tim.o(.text.LL_TIM_OC_Init)
    LL_TIM_OC_SetCompareCH1                  0x08001a35   Thumb Code    16  stm32f1xx_ll_tim.o(.text.LL_TIM_OC_SetCompareCH1)
    [Anonymous Symbol]                       0x08001a34   Section        0  stm32f1xx_ll_tim.o(.text.LL_TIM_OC_SetCompareCH1)
    LL_TIM_OC_SetCompareCH2                  0x08001a45   Thumb Code    16  stm32f1xx_ll_tim.o(.text.LL_TIM_OC_SetCompareCH2)
    [Anonymous Symbol]                       0x08001a44   Section        0  stm32f1xx_ll_tim.o(.text.LL_TIM_OC_SetCompareCH2)
    LL_TIM_OC_SetCompareCH3                  0x08001a55   Thumb Code    16  stm32f1xx_ll_tim.o(.text.LL_TIM_OC_SetCompareCH3)
    [Anonymous Symbol]                       0x08001a54   Section        0  stm32f1xx_ll_tim.o(.text.LL_TIM_OC_SetCompareCH3)
    LL_TIM_OC_SetCompareCH4                  0x08001a65   Thumb Code    16  stm32f1xx_ll_tim.o(.text.LL_TIM_OC_SetCompareCH4)
    [Anonymous Symbol]                       0x08001a64   Section        0  stm32f1xx_ll_tim.o(.text.LL_TIM_OC_SetCompareCH4)
    LL_TIM_SetAutoReload                     0x08001a75   Thumb Code    16  stm32f1xx_ll_tim.o(.text.LL_TIM_SetAutoReload)
    [Anonymous Symbol]                       0x08001a74   Section        0  stm32f1xx_ll_tim.o(.text.LL_TIM_SetAutoReload)
    LL_TIM_SetPrescaler                      0x08001a85   Thumb Code    16  stm32f1xx_ll_tim.o(.text.LL_TIM_SetPrescaler)
    [Anonymous Symbol]                       0x08001a84   Section        0  stm32f1xx_ll_tim.o(.text.LL_TIM_SetPrescaler)
    LL_TIM_SetRepetitionCounter              0x08001a95   Thumb Code    16  stm32f1xx_ll_tim.o(.text.LL_TIM_SetRepetitionCounter)
    [Anonymous Symbol]                       0x08001a94   Section        0  stm32f1xx_ll_tim.o(.text.LL_TIM_SetRepetitionCounter)
    LL_TIM_SetTriggerOutput                  0x08001aa5   Thumb Code    26  tim.o(.text.LL_TIM_SetTriggerOutput)
    [Anonymous Symbol]                       0x08001aa4   Section        0  tim.o(.text.LL_TIM_SetTriggerOutput)
    LL_USART_ConfigAsyncMode                 0x08001ac1   Thumb Code    28  usart.o(.text.LL_USART_ConfigAsyncMode)
    [Anonymous Symbol]                       0x08001ac0   Section        0  usart.o(.text.LL_USART_ConfigAsyncMode)
    LL_USART_Enable                          0x08001add   Thumb Code    18  usart.o(.text.LL_USART_Enable)
    [Anonymous Symbol]                       0x08001adc   Section        0  usart.o(.text.LL_USART_Enable)
    [Anonymous Symbol]                       0x08001af0   Section        0  stm32f1xx_ll_usart.o(.text.LL_USART_Init)
    LL_USART_IsEnabled                       0x08001d99   Thumb Code    16  stm32f1xx_ll_usart.o(.text.LL_USART_IsEnabled)
    [Anonymous Symbol]                       0x08001d98   Section        0  stm32f1xx_ll_usart.o(.text.LL_USART_IsEnabled)
    LL_USART_SetBaudRate                     0x08001da9   Thumb Code    78  stm32f1xx_ll_usart.o(.text.LL_USART_SetBaudRate)
    [Anonymous Symbol]                       0x08001da8   Section        0  stm32f1xx_ll_usart.o(.text.LL_USART_SetBaudRate)
    LL_USART_SetHWFlowCtrl                   0x08001df9   Thumb Code    26  stm32f1xx_ll_usart.o(.text.LL_USART_SetHWFlowCtrl)
    [Anonymous Symbol]                       0x08001df8   Section        0  stm32f1xx_ll_usart.o(.text.LL_USART_SetHWFlowCtrl)
    LL_USART_SetStopBitsLength               0x08001e15   Thumb Code    26  stm32f1xx_ll_usart.o(.text.LL_USART_SetStopBitsLength)
    [Anonymous Symbol]                       0x08001e14   Section        0  stm32f1xx_ll_usart.o(.text.LL_USART_SetStopBitsLength)
    [Anonymous Symbol]                       0x08001e30   Section        0  gpio.o(.text.MX_GPIO_Init)
    [Anonymous Symbol]                       0x08001fd0   Section        0  rtc.o(.text.MX_RTC_Init)
    [Anonymous Symbol]                       0x08002034   Section        0  spi.o(.text.MX_SPI1_Init)
    [Anonymous Symbol]                       0x080020cc   Section        0  spi.o(.text.MX_SPI2_Init)
    [Anonymous Symbol]                       0x08002164   Section        0  tim.o(.text.MX_TIM3_Init)
    [Anonymous Symbol]                       0x08002224   Section        0  usart.o(.text.MX_USART1_UART_Init)
    [Anonymous Symbol]                       0x080022c4   Section        0  stm32f1xx_it.o(.text.MemManage_Handler)
    [Anonymous Symbol]                       0x080022c8   Section        0  stm32f1xx_it.o(.text.NMI_Handler)
    NVIC_EncodePriority                      0x080022cd   Thumb Code   108  main.o(.text.NVIC_EncodePriority)
    [Anonymous Symbol]                       0x080022cc   Section        0  main.o(.text.NVIC_EncodePriority)
    OC1Config                                0x08002339   Thumb Code   656  stm32f1xx_ll_tim.o(.text.OC1Config)
    [Anonymous Symbol]                       0x08002338   Section        0  stm32f1xx_ll_tim.o(.text.OC1Config)
    OC2Config                                0x080025c9   Thumb Code   664  stm32f1xx_ll_tim.o(.text.OC2Config)
    [Anonymous Symbol]                       0x080025c8   Section        0  stm32f1xx_ll_tim.o(.text.OC2Config)
    OC3Config                                0x08002861   Thumb Code   662  stm32f1xx_ll_tim.o(.text.OC3Config)
    [Anonymous Symbol]                       0x08002860   Section        0  stm32f1xx_ll_tim.o(.text.OC3Config)
    OC4Config                                0x08002af9   Thumb Code   616  stm32f1xx_ll_tim.o(.text.OC4Config)
    [Anonymous Symbol]                       0x08002af8   Section        0  stm32f1xx_ll_tim.o(.text.OC4Config)
    [Anonymous Symbol]                       0x08002d60   Section        0  stm32f1xx_it.o(.text.PendSV_Handler)
    [Anonymous Symbol]                       0x08002d64   Section        0  stm32f1xx_ll_rcc.o(.text.RCC_GetHCLKClockFreq)
    [Anonymous Symbol]                       0x08002d8c   Section        0  stm32f1xx_ll_rcc.o(.text.RCC_GetPCLK1ClockFreq)
    [Anonymous Symbol]                       0x08002db0   Section        0  stm32f1xx_ll_rcc.o(.text.RCC_GetPCLK2ClockFreq)
    [Anonymous Symbol]                       0x08002dd4   Section        0  stm32f1xx_ll_rcc.o(.text.RCC_GetSystemClockFreq)
    [Anonymous Symbol]                       0x08002e2c   Section        0  stm32f1xx_ll_rcc.o(.text.RCC_PLL_GetFreqDomain_SYS)
    [Anonymous Symbol]                       0x08002e94   Section        0  stm32f1xx_it.o(.text.SVC_Handler)
    [Anonymous Symbol]                       0x08002e98   Section        0  stm32f1xx_it.o(.text.SysTick_Handler)
    [Anonymous Symbol]                       0x08002e9c   Section        0  main.o(.text.SystemClock_Config)
    [Anonymous Symbol]                       0x08002f6c   Section        0  system_stm32f1xx.o(.text.SystemInit)
    [Anonymous Symbol]                       0x08002f70   Section        0  stm32f1xx_it.o(.text.UsageFault_Handler)
    __NVIC_GetPriorityGrouping               0x08002f75   Thumb Code    16  main.o(.text.__NVIC_GetPriorityGrouping)
    [Anonymous Symbol]                       0x08002f74   Section        0  main.o(.text.__NVIC_GetPriorityGrouping)
    __NVIC_SetPriority                       0x08002f85   Thumb Code    66  main.o(.text.__NVIC_SetPriority)
    [Anonymous Symbol]                       0x08002f84   Section        0  main.o(.text.__NVIC_SetPriority)
    __NVIC_SetPriorityGrouping               0x08002fc9   Thumb Code    60  main.o(.text.__NVIC_SetPriorityGrouping)
    [Anonymous Symbol]                       0x08002fc8   Section        0  main.o(.text.__NVIC_SetPriorityGrouping)
    [Anonymous Symbol]                       0x08003004   Section        0  main.o(.text.assert_failed)
    [Anonymous Symbol]                       0x08003010   Section        0  main.o(.text.main)
    OFFSET_TAB_CCMRx                         0x08003080   Data           7  tim.o(.rodata.OFFSET_TAB_CCMRx)
    [Anonymous Symbol]                       0x08003080   Section        0  tim.o(.rodata.OFFSET_TAB_CCMRx)
    SHIFT_TAB_OCxx                           0x08003087   Data           7  tim.o(.rodata.SHIFT_TAB_OCxx)
    [Anonymous Symbol]                       0x08003087   Section        0  tim.o(.rodata.SHIFT_TAB_OCxx)
    .L.str                                   0x0800308e   Data          56  stm32f1xx_ll_gpio.o(.rodata.str1.1)
    [Anonymous Symbol]                       0x0800308e   Section        0  stm32f1xx_ll_gpio.o(.rodata.str1.1)
    .L.str                                   0x080030c6   Data          55  stm32f1xx_ll_rtc.o(.rodata.str1.1)
    [Anonymous Symbol]                       0x080030c6   Section        0  stm32f1xx_ll_rtc.o(.rodata.str1.1)
    .L.str                                   0x080030fd   Data          56  stm32f1xx_ll_exti.o(.rodata.str1.1)
    [Anonymous Symbol]                       0x080030fd   Section        0  stm32f1xx_ll_exti.o(.rodata.str1.1)
    .L.str                                   0x08003135   Data          55  stm32f1xx_ll_spi.o(.rodata.str1.1)
    [Anonymous Symbol]                       0x08003135   Section        0  stm32f1xx_ll_spi.o(.rodata.str1.1)
    .L.str                                   0x0800316c   Data          55  stm32f1xx_ll_tim.o(.rodata.str1.1)
    [Anonymous Symbol]                       0x0800316c   Section        0  stm32f1xx_ll_tim.o(.rodata.str1.1)
    .L.str                                   0x080031a3   Data          57  stm32f1xx_ll_usart.o(.rodata.str1.1)
    [Anonymous Symbol]                       0x080031a3   Section        0  stm32f1xx_ll_usart.o(.rodata.str1.1)
    .bss                                     0x20000008   Section       96  libspace.o(.bss)
    Heap_Mem                                 0x20000068   Data         512  startup_stm32f103xe.o(HEAP)
    HEAP                                     0x20000068   Section      512  startup_stm32f103xe.o(HEAP)
    Stack_Mem                                0x20000268   Data        1024  startup_stm32f103xe.o(STACK)
    STACK                                    0x20000268   Section     1024  startup_stm32f103xe.o(STACK)
    __initial_sp                             0x20000668   Data           0  startup_stm32f103xe.o(STACK)

    Global Symbols

    Symbol Name                              Value     Ov Type        Size  Object(Section)

    BuildAttributes$$THM_ISAv4$P$D$K$B$S$PE$A:L22UL41UL21$X:L11$S22US41US21$IEEE1$IW$~IW$USESV6$~STKCKD$USESV7$~SHL$OSPACE$ROPI$EBA8$UX$STANDARDLIB$REQ8$PRES8$EABIv2 0x00000000   Number         0  anon$$obj.o ABSOLUTE
    __fp_init_empty                          0x00000000   Number         0  fpinit_empty.o ABSOLUTE
    __ARM_exceptions_init                     - Undefined Weak Reference
    __alloca_initialize                       - Undefined Weak Reference
    __arm_preinit_                            - Undefined Weak Reference
    __arm_relocate_pie_                       - Undefined Weak Reference
    __cpp_initialize__aeabi_                  - Undefined Weak Reference
    __cxa_finalize                            - Undefined Weak Reference
    __rt_locale                               - Undefined Weak Reference
    __sigvec_lookup                           - Undefined Weak Reference
    _atexit_init                              - Undefined Weak Reference
    _call_atexit_fns                          - Undefined Weak Reference
    _clock_init                               - Undefined Weak Reference
    _fp_trap_init                             - Undefined Weak Reference
    _fp_trap_shutdown                         - Undefined Weak Reference
    _get_lc_collate                           - Undefined Weak Reference
    _get_lc_ctype                             - Undefined Weak Reference
    _get_lc_monetary                          - Undefined Weak Reference
    _get_lc_numeric                           - Undefined Weak Reference
    _get_lc_time                              - Undefined Weak Reference
    _getenv_init                              - Undefined Weak Reference
    _handle_redirection                       - Undefined Weak Reference
    _init_alloc                               - Undefined Weak Reference
    _init_user_alloc                          - Undefined Weak Reference
    _initio                                   - Undefined Weak Reference
    _rand_init                                - Undefined Weak Reference
    _signal_finish                            - Undefined Weak Reference
    _signal_init                              - Undefined Weak Reference
    _terminate_alloc                          - Undefined Weak Reference
    _terminate_user_alloc                     - Undefined Weak Reference
    _terminateio                              - Undefined Weak Reference
    __Vectors_Size                           0x00000130   Number         0  startup_stm32f103xe.o ABSOLUTE
    __Vectors                                0x08000000   Data           4  startup_stm32f103xe.o(RESET)
    __Vectors_End                            0x08000130   Data           0  startup_stm32f103xe.o(RESET)
    __main                                   0x08000131   Thumb Code     8  __main.o(!!!main)
    __scatterload                            0x08000139   Thumb Code     0  __scatter.o(!!!scatter)
    __scatterload_rt2                        0x08000139   Thumb Code    44  __scatter.o(!!!scatter)
    __scatterload_rt2_thumb_only             0x08000139   Thumb Code     0  __scatter.o(!!!scatter)
    __scatterload_null                       0x08000147   Thumb Code     0  __scatter.o(!!!scatter)
    __scatterload_copy                       0x0800016d   Thumb Code    26  __scatter_copy.o(!!handler_copy)
    __scatterload_zeroinit                   0x08000189   Thumb Code    28  __scatter_zi.o(!!handler_zi)
    __rt_lib_init                            0x080001a5   Thumb Code     0  libinit.o(.ARM.Collect$$libinit$$00000000)
    __rt_lib_init_alloca_1                   0x080001a7   Thumb Code     0  libinit2.o(.ARM.Collect$$libinit$$00000030)
    __rt_lib_init_argv_1                     0x080001a7   Thumb Code     0  libinit2.o(.ARM.Collect$$libinit$$0000002E)
    __rt_lib_init_atexit_1                   0x080001a7   Thumb Code     0  libinit2.o(.ARM.Collect$$libinit$$0000001D)
    __rt_lib_init_clock_1                    0x080001a7   Thumb Code     0  libinit2.o(.ARM.Collect$$libinit$$00000023)
    __rt_lib_init_cpp_1                      0x080001a7   Thumb Code     0  libinit2.o(.ARM.Collect$$libinit$$00000034)
    __rt_lib_init_exceptions_1               0x080001a7   Thumb Code     0  libinit2.o(.ARM.Collect$$libinit$$00000032)
    __rt_lib_init_fp_1                       0x080001a7   Thumb Code     0  libinit2.o(.ARM.Collect$$libinit$$00000002)
    __rt_lib_init_fp_trap_1                  0x080001a7   Thumb Code     0  libinit2.o(.ARM.Collect$$libinit$$00000021)
    __rt_lib_init_getenv_1                   0x080001a7   Thumb Code     0  libinit2.o(.ARM.Collect$$libinit$$00000025)
    __rt_lib_init_heap_1                     0x080001a7   Thumb Code     0  libinit2.o(.ARM.Collect$$libinit$$0000000C)
    __rt_lib_init_lc_collate_1               0x080001a7   Thumb Code     0  libinit2.o(.ARM.Collect$$libinit$$00000013)
    __rt_lib_init_lc_ctype_1                 0x080001a7   Thumb Code     0  libinit2.o(.ARM.Collect$$libinit$$00000015)
    __rt_lib_init_lc_monetary_1              0x080001a7   Thumb Code     0  libinit2.o(.ARM.Collect$$libinit$$00000017)
    __rt_lib_init_lc_numeric_1               0x080001a7   Thumb Code     0  libinit2.o(.ARM.Collect$$libinit$$00000019)
    __rt_lib_init_lc_time_1                  0x080001a7   Thumb Code     0  libinit2.o(.ARM.Collect$$libinit$$0000001B)
    __rt_lib_init_preinit_1                  0x080001a7   Thumb Code     0  libinit2.o(.ARM.Collect$$libinit$$00000006)
    __rt_lib_init_rand_1                     0x080001a7   Thumb Code     0  libinit2.o(.ARM.Collect$$libinit$$00000010)
    __rt_lib_init_relocate_pie_1             0x080001a7   Thumb Code     0  libinit2.o(.ARM.Collect$$libinit$$00000004)
    __rt_lib_init_return                     0x080001a7   Thumb Code     0  libinit2.o(.ARM.Collect$$libinit$$00000035)
    __rt_lib_init_signal_1                   0x080001a7   Thumb Code     0  libinit2.o(.ARM.Collect$$libinit$$0000001F)
    __rt_lib_init_stdio_1                    0x080001a7   Thumb Code     0  libinit2.o(.ARM.Collect$$libinit$$00000027)
    __rt_lib_init_user_alloc_1               0x080001a7   Thumb Code     0  libinit2.o(.ARM.Collect$$libinit$$0000000E)
    __rt_lib_shutdown                        0x080001a9   Thumb Code     0  libshutdown.o(.ARM.Collect$$libshutdown$$00000000)
    __rt_lib_shutdown_cpp_1                  0x080001ab   Thumb Code     0  libshutdown2.o(.ARM.Collect$$libshutdown$$00000002)
    __rt_lib_shutdown_fp_trap_1              0x080001ab   Thumb Code     0  libshutdown2.o(.ARM.Collect$$libshutdown$$00000007)
    __rt_lib_shutdown_heap_1                 0x080001ab   Thumb Code     0  libshutdown2.o(.ARM.Collect$$libshutdown$$0000000F)
    __rt_lib_shutdown_return                 0x080001ab   Thumb Code     0  libshutdown2.o(.ARM.Collect$$libshutdown$$00000010)
    __rt_lib_shutdown_signal_1               0x080001ab   Thumb Code     0  libshutdown2.o(.ARM.Collect$$libshutdown$$0000000A)
    __rt_lib_shutdown_stdio_1                0x080001ab   Thumb Code     0  libshutdown2.o(.ARM.Collect$$libshutdown$$00000004)
    __rt_lib_shutdown_user_alloc_1           0x080001ab   Thumb Code     0  libshutdown2.o(.ARM.Collect$$libshutdown$$0000000C)
    __rt_entry                               0x080001ad   Thumb Code     0  __rtentry.o(.ARM.Collect$$rtentry$$00000000)
    __rt_entry_presh_1                       0x080001ad   Thumb Code     0  __rtentry2.o(.ARM.Collect$$rtentry$$00000002)
    __rt_entry_sh                            0x080001ad   Thumb Code     0  __rtentry4.o(.ARM.Collect$$rtentry$$00000004)
    __rt_entry_li                            0x080001b3   Thumb Code     0  __rtentry2.o(.ARM.Collect$$rtentry$$0000000A)
    __rt_entry_postsh_1                      0x080001b3   Thumb Code     0  __rtentry2.o(.ARM.Collect$$rtentry$$00000009)
    __rt_entry_main                          0x080001b7   Thumb Code     0  __rtentry2.o(.ARM.Collect$$rtentry$$0000000D)
    __rt_entry_postli_1                      0x080001b7   Thumb Code     0  __rtentry2.o(.ARM.Collect$$rtentry$$0000000C)
    __rt_exit                                0x080001bf   Thumb Code     0  rtexit.o(.ARM.Collect$$rtexit$$00000000)
    __rt_exit_ls                             0x080001c1   Thumb Code     0  rtexit2.o(.ARM.Collect$$rtexit$$00000003)
    __rt_exit_prels_1                        0x080001c1   Thumb Code     0  rtexit2.o(.ARM.Collect$$rtexit$$00000002)
    __rt_exit_exit                           0x080001c5   Thumb Code     0  rtexit2.o(.ARM.Collect$$rtexit$$00000004)
    Reset_Handler                            0x080001cd   Thumb Code     8  startup_stm32f103xe.o(.text)
    ADC1_2_IRQHandler                        0x080001e7   Thumb Code     0  startup_stm32f103xe.o(.text)
    ADC3_IRQHandler                          0x080001e7   Thumb Code     0  startup_stm32f103xe.o(.text)
    CAN1_RX1_IRQHandler                      0x080001e7   Thumb Code     0  startup_stm32f103xe.o(.text)
    CAN1_SCE_IRQHandler                      0x080001e7   Thumb Code     0  startup_stm32f103xe.o(.text)
    DMA1_Channel1_IRQHandler                 0x080001e7   Thumb Code     0  startup_stm32f103xe.o(.text)
    DMA1_Channel2_IRQHandler                 0x080001e7   Thumb Code     0  startup_stm32f103xe.o(.text)
    DMA1_Channel3_IRQHandler                 0x080001e7   Thumb Code     0  startup_stm32f103xe.o(.text)
    DMA1_Channel4_IRQHandler                 0x080001e7   Thumb Code     0  startup_stm32f103xe.o(.text)
    DMA1_Channel5_IRQHandler                 0x080001e7   Thumb Code     0  startup_stm32f103xe.o(.text)
    DMA1_Channel6_IRQHandler                 0x080001e7   Thumb Code     0  startup_stm32f103xe.o(.text)
    DMA1_Channel7_IRQHandler                 0x080001e7   Thumb Code     0  startup_stm32f103xe.o(.text)
    DMA2_Channel1_IRQHandler                 0x080001e7   Thumb Code     0  startup_stm32f103xe.o(.text)
    DMA2_Channel2_IRQHandler                 0x080001e7   Thumb Code     0  startup_stm32f103xe.o(.text)
    DMA2_Channel3_IRQHandler                 0x080001e7   Thumb Code     0  startup_stm32f103xe.o(.text)
    DMA2_Channel4_5_IRQHandler               0x080001e7   Thumb Code     0  startup_stm32f103xe.o(.text)
    EXTI0_IRQHandler                         0x080001e7   Thumb Code     0  startup_stm32f103xe.o(.text)
    EXTI15_10_IRQHandler                     0x080001e7   Thumb Code     0  startup_stm32f103xe.o(.text)
    EXTI1_IRQHandler                         0x080001e7   Thumb Code     0  startup_stm32f103xe.o(.text)
    EXTI2_IRQHandler                         0x080001e7   Thumb Code     0  startup_stm32f103xe.o(.text)
    EXTI3_IRQHandler                         0x080001e7   Thumb Code     0  startup_stm32f103xe.o(.text)
    EXTI4_IRQHandler                         0x080001e7   Thumb Code     0  startup_stm32f103xe.o(.text)
    EXTI9_5_IRQHandler                       0x080001e7   Thumb Code     0  startup_stm32f103xe.o(.text)
    FLASH_IRQHandler                         0x080001e7   Thumb Code     0  startup_stm32f103xe.o(.text)
    FSMC_IRQHandler                          0x080001e7   Thumb Code     0  startup_stm32f103xe.o(.text)
    I2C1_ER_IRQHandler                       0x080001e7   Thumb Code     0  startup_stm32f103xe.o(.text)
    I2C1_EV_IRQHandler                       0x080001e7   Thumb Code     0  startup_stm32f103xe.o(.text)
    I2C2_ER_IRQHandler                       0x080001e7   Thumb Code     0  startup_stm32f103xe.o(.text)
    I2C2_EV_IRQHandler                       0x080001e7   Thumb Code     0  startup_stm32f103xe.o(.text)
    PVD_IRQHandler                           0x080001e7   Thumb Code     0  startup_stm32f103xe.o(.text)
    RCC_IRQHandler                           0x080001e7   Thumb Code     0  startup_stm32f103xe.o(.text)
    RTC_Alarm_IRQHandler                     0x080001e7   Thumb Code     0  startup_stm32f103xe.o(.text)
    RTC_IRQHandler                           0x080001e7   Thumb Code     0  startup_stm32f103xe.o(.text)
    SDIO_IRQHandler                          0x080001e7   Thumb Code     0  startup_stm32f103xe.o(.text)
    SPI1_IRQHandler                          0x080001e7   Thumb Code     0  startup_stm32f103xe.o(.text)
    SPI2_IRQHandler                          0x080001e7   Thumb Code     0  startup_stm32f103xe.o(.text)
    SPI3_IRQHandler                          0x080001e7   Thumb Code     0  startup_stm32f103xe.o(.text)
    TAMPER_IRQHandler                        0x080001e7   Thumb Code     0  startup_stm32f103xe.o(.text)
    TIM1_BRK_IRQHandler                      0x080001e7   Thumb Code     0  startup_stm32f103xe.o(.text)
    TIM1_CC_IRQHandler                       0x080001e7   Thumb Code     0  startup_stm32f103xe.o(.text)
    TIM1_TRG_COM_IRQHandler                  0x080001e7   Thumb Code     0  startup_stm32f103xe.o(.text)
    TIM1_UP_IRQHandler                       0x080001e7   Thumb Code     0  startup_stm32f103xe.o(.text)
    TIM2_IRQHandler                          0x080001e7   Thumb Code     0  startup_stm32f103xe.o(.text)
    TIM3_IRQHandler                          0x080001e7   Thumb Code     0  startup_stm32f103xe.o(.text)
    TIM4_IRQHandler                          0x080001e7   Thumb Code     0  startup_stm32f103xe.o(.text)
    TIM5_IRQHandler                          0x080001e7   Thumb Code     0  startup_stm32f103xe.o(.text)
    TIM6_IRQHandler                          0x080001e7   Thumb Code     0  startup_stm32f103xe.o(.text)
    TIM7_IRQHandler                          0x080001e7   Thumb Code     0  startup_stm32f103xe.o(.text)
    TIM8_BRK_IRQHandler                      0x080001e7   Thumb Code     0  startup_stm32f103xe.o(.text)
    TIM8_CC_IRQHandler                       0x080001e7   Thumb Code     0  startup_stm32f103xe.o(.text)
    TIM8_TRG_COM_IRQHandler                  0x080001e7   Thumb Code     0  startup_stm32f103xe.o(.text)
    TIM8_UP_IRQHandler                       0x080001e7   Thumb Code     0  startup_stm32f103xe.o(.text)
    UART4_IRQHandler                         0x080001e7   Thumb Code     0  startup_stm32f103xe.o(.text)
    UART5_IRQHandler                         0x080001e7   Thumb Code     0  startup_stm32f103xe.o(.text)
    USART1_IRQHandler                        0x080001e7   Thumb Code     0  startup_stm32f103xe.o(.text)
    USART2_IRQHandler                        0x080001e7   Thumb Code     0  startup_stm32f103xe.o(.text)
    USART3_IRQHandler                        0x080001e7   Thumb Code     0  startup_stm32f103xe.o(.text)
    USBWakeUp_IRQHandler                     0x080001e7   Thumb Code     0  startup_stm32f103xe.o(.text)
    USB_HP_CAN1_TX_IRQHandler                0x080001e7   Thumb Code     0  startup_stm32f103xe.o(.text)
    USB_LP_CAN1_RX0_IRQHandler               0x080001e7   Thumb Code     0  startup_stm32f103xe.o(.text)
    WWDG_IRQHandler                          0x080001e7   Thumb Code     0  startup_stm32f103xe.o(.text)
    __user_initial_stackheap                 0x080001e9   Thumb Code     0  startup_stm32f103xe.o(.text)
    __aeabi_memclr4                          0x0800020d   Thumb Code     0  rt_memclr_w.o(.text)
    __aeabi_memclr8                          0x0800020d   Thumb Code     0  rt_memclr_w.o(.text)
    __rt_memclr_w                            0x0800020d   Thumb Code     0  rt_memclr_w.o(.text)
    _memset_w                                0x08000211   Thumb Code    74  rt_memclr_w.o(.text)
    __use_two_region_memory                  0x0800025b   Thumb Code     2  heapauxi.o(.text)
    __rt_heap_escrow$2region                 0x0800025d   Thumb Code     2  heapauxi.o(.text)
    __rt_heap_expand$2region                 0x0800025f   Thumb Code     2  heapauxi.o(.text)
    __user_setup_stackheap                   0x08000261   Thumb Code    74  sys_stackheap_outer.o(.text)
    exit                                     0x080002ab   Thumb Code    18  exit.o(.text)
    __user_libspace                          0x080002bd   Thumb Code     8  libspace.o(.text)
    __user_perproc_libspace                  0x080002bd   Thumb Code     0  libspace.o(.text)
    __user_perthread_libspace                0x080002bd   Thumb Code     0  libspace.o(.text)
    _sys_exit                                0x080002c5   Thumb Code     8  sys_exit.o(.text)
    __I$use$semihosting                      0x080002d1   Thumb Code     0  use_no_semi.o(.text)
    __use_no_semihosting_swi                 0x080002d1   Thumb Code     2  use_no_semi.o(.text)
    __semihosting_library_function           0x080002d3   Thumb Code     0  indicate_semi.o(.text)
    BusFault_Handler                         0x080002d5   Thumb Code     4  stm32f1xx_it.o(.text.BusFault_Handler)
    DebugMon_Handler                         0x080002d9   Thumb Code     2  stm32f1xx_it.o(.text.DebugMon_Handler)
    HardFault_Handler                        0x080002dd   Thumb Code     4  stm32f1xx_it.o(.text.HardFault_Handler)
    LL_EXTI_Init                             0x080004e5   Thumb Code   422  stm32f1xx_ll_exti.o(.text.LL_EXTI_Init)
    LL_GPIO_Init                             0x08000721   Thumb Code   560  stm32f1xx_ll_gpio.o(.text.LL_GPIO_Init)
    LL_Init1msTick                           0x08000a61   Thumb Code    20  stm32f1xx_ll_utils.o(.text.LL_Init1msTick)
    LL_RCC_GetSystemClocksFreq               0x08000b71   Thumb Code    54  stm32f1xx_ll_rcc.o(.text.LL_RCC_GetSystemClocksFreq)
    LL_RTC_EnterInitMode                     0x08000d85   Thumb Code   152  stm32f1xx_ll_rtc.o(.text.LL_RTC_EnterInitMode)
    LL_RTC_ExitInitMode                      0x08000e1d   Thumb Code   152  stm32f1xx_ll_rtc.o(.text.LL_RTC_ExitInitMode)
    LL_RTC_Init                              0x08000eb5   Thumb Code   254  stm32f1xx_ll_rtc.o(.text.LL_RTC_Init)
    LL_RTC_TIME_Init                         0x08001061   Thumb Code   472  stm32f1xx_ll_rtc.o(.text.LL_RTC_TIME_Init)
    LL_RTC_WaitForSynchro                    0x08001255   Thumb Code   152  stm32f1xx_ll_rtc.o(.text.LL_RTC_WaitForSynchro)
    LL_SPI_Init                              0x080012ed   Thumb Code   678  stm32f1xx_ll_spi.o(.text.LL_SPI_Init)
    LL_SetSystemCoreClock                    0x080015c9   Thumb Code    20  stm32f1xx_ll_utils.o(.text.LL_SetSystemCoreClock)
    LL_TIM_Init                              0x08001619   Thumb Code   570  stm32f1xx_ll_tim.o(.text.LL_TIM_Init)
    LL_TIM_OC_Init                           0x080019bd   Thumb Code   120  stm32f1xx_ll_tim.o(.text.LL_TIM_OC_Init)
    LL_USART_Init                            0x08001af1   Thumb Code   680  stm32f1xx_ll_usart.o(.text.LL_USART_Init)
    MX_GPIO_Init                             0x08001e31   Thumb Code   416  gpio.o(.text.MX_GPIO_Init)
    MX_RTC_Init                              0x08001fd1   Thumb Code    98  rtc.o(.text.MX_RTC_Init)
    MX_SPI1_Init                             0x08002035   Thumb Code   150  spi.o(.text.MX_SPI1_Init)
    MX_SPI2_Init                             0x080020cd   Thumb Code   150  spi.o(.text.MX_SPI2_Init)
    MX_TIM3_Init                             0x08002165   Thumb Code   192  tim.o(.text.MX_TIM3_Init)
    MX_USART1_UART_Init                      0x08002225   Thumb Code   160  usart.o(.text.MX_USART1_UART_Init)
    MemManage_Handler                        0x080022c5   Thumb Code     4  stm32f1xx_it.o(.text.MemManage_Handler)
    NMI_Handler                              0x080022c9   Thumb Code     4  stm32f1xx_it.o(.text.NMI_Handler)
    PendSV_Handler                           0x08002d61   Thumb Code     2  stm32f1xx_it.o(.text.PendSV_Handler)
    RCC_GetHCLKClockFreq                     0x08002d65   Thumb Code    38  stm32f1xx_ll_rcc.o(.text.RCC_GetHCLKClockFreq)
    RCC_GetPCLK1ClockFreq                    0x08002d8d   Thumb Code    36  stm32f1xx_ll_rcc.o(.text.RCC_GetPCLK1ClockFreq)
    RCC_GetPCLK2ClockFreq                    0x08002db1   Thumb Code    36  stm32f1xx_ll_rcc.o(.text.RCC_GetPCLK2ClockFreq)
    RCC_GetSystemClockFreq                   0x08002dd5   Thumb Code    86  stm32f1xx_ll_rcc.o(.text.RCC_GetSystemClockFreq)
    RCC_PLL_GetFreqDomain_SYS                0x08002e2d   Thumb Code   104  stm32f1xx_ll_rcc.o(.text.RCC_PLL_GetFreqDomain_SYS)
    SVC_Handler                              0x08002e95   Thumb Code     2  stm32f1xx_it.o(.text.SVC_Handler)
    SysTick_Handler                          0x08002e99   Thumb Code     2  stm32f1xx_it.o(.text.SysTick_Handler)
    SystemClock_Config                       0x08002e9d   Thumb Code   208  main.o(.text.SystemClock_Config)
    SystemInit                               0x08002f6d   Thumb Code     2  system_stm32f1xx.o(.text.SystemInit)
    UsageFault_Handler                       0x08002f71   Thumb Code     4  stm32f1xx_it.o(.text.UsageFault_Handler)
    assert_failed                            0x08003005   Thumb Code    10  main.o(.text.assert_failed)
    main                                     0x08003011   Thumb Code    88  main.o(.text.main)
    AHBPrescTable                            0x08003068   Data          16  system_stm32f1xx.o(.rodata.AHBPrescTable)
    APBPrescTable                            0x08003078   Data           8  system_stm32f1xx.o(.rodata.APBPrescTable)
    Region$$Table$$Base                      0x080031dc   Number         0  anon$$obj.o(Region$$Table)
    Region$$Table$$Limit                     0x080031fc   Number         0  anon$$obj.o(Region$$Table)
    SystemCoreClock                          0x20000000   Data           4  system_stm32f1xx.o(.data.SystemCoreClock)
    __libspace_start                         0x20000008   Data          96  libspace.o(.bss)
    __temporary_stack_top$libspace           0x20000068   Data           0  libspace.o(.bss)



==============================================================================

Memory Map of the image

  Image Entry point : 0x08000131

  Load Region LR_IROM1 (Base: 0x08000000, Size: 0x00003208, Max: 0x00040000, ABSOLUTE)

    Execution Region ER_IROM1 (Exec base: 0x08000000, Load base: 0x08000000, Size: 0x000031fc, Max: 0x00040000, ABSOLUTE)

    Exec Addr    Load Addr    Size         Type   Attr      Idx    E Section Name        Object

    0x08000000   0x08000000   0x00000130   Data   RO            3    RESET               startup_stm32f103xe.o
    0x08000130   0x08000130   0x00000008   Code   RO          676  * !!!main             c_w.l(__main.o)
    0x08000138   0x08000138   0x00000034   Code   RO          841    !!!scatter          c_w.l(__scatter.o)
    0x0800016c   0x0800016c   0x0000001a   Code   RO          843    !!handler_copy      c_w.l(__scatter_copy.o)
    0x08000186   0x08000186   0x00000002   PAD
    0x08000188   0x08000188   0x0000001c   Code   RO          845    !!handler_zi        c_w.l(__scatter_zi.o)
    0x080001a4   0x080001a4   0x00000002   Code   RO          703    .ARM.Collect$$libinit$$00000000  c_w.l(libinit.o)
    0x080001a6   0x080001a6   0x00000000   Code   RO          710    .ARM.Collect$$libinit$$00000002  c_w.l(libinit2.o)
    0x080001a6   0x080001a6   0x00000000   Code   RO          712    .ARM.Collect$$libinit$$00000004  c_w.l(libinit2.o)
    0x080001a6   0x080001a6   0x00000000   Code   RO          714    .ARM.Collect$$libinit$$00000006  c_w.l(libinit2.o)
    0x080001a6   0x080001a6   0x00000000   Code   RO          717    .ARM.Collect$$libinit$$0000000C  c_w.l(libinit2.o)
    0x080001a6   0x080001a6   0x00000000   Code   RO          719    .ARM.Collect$$libinit$$0000000E  c_w.l(libinit2.o)
    0x080001a6   0x080001a6   0x00000000   Code   RO          721    .ARM.Collect$$libinit$$00000010  c_w.l(libinit2.o)
    0x080001a6   0x080001a6   0x00000000   Code   RO          724    .ARM.Collect$$libinit$$00000013  c_w.l(libinit2.o)
    0x080001a6   0x080001a6   0x00000000   Code   RO          726    .ARM.Collect$$libinit$$00000015  c_w.l(libinit2.o)
    0x080001a6   0x080001a6   0x00000000   Code   RO          728    .ARM.Collect$$libinit$$00000017  c_w.l(libinit2.o)
    0x080001a6   0x080001a6   0x00000000   Code   RO          730    .ARM.Collect$$libinit$$00000019  c_w.l(libinit2.o)
    0x080001a6   0x080001a6   0x00000000   Code   RO          732    .ARM.Collect$$libinit$$0000001B  c_w.l(libinit2.o)
    0x080001a6   0x080001a6   0x00000000   Code   RO          734    .ARM.Collect$$libinit$$0000001D  c_w.l(libinit2.o)
    0x080001a6   0x080001a6   0x00000000   Code   RO          736    .ARM.Collect$$libinit$$0000001F  c_w.l(libinit2.o)
    0x080001a6   0x080001a6   0x00000000   Code   RO          738    .ARM.Collect$$libinit$$00000021  c_w.l(libinit2.o)
    0x080001a6   0x080001a6   0x00000000   Code   RO          740    .ARM.Collect$$libinit$$00000023  c_w.l(libinit2.o)
    0x080001a6   0x080001a6   0x00000000   Code   RO          742    .ARM.Collect$$libinit$$00000025  c_w.l(libinit2.o)
    0x080001a6   0x080001a6   0x00000000   Code   RO          744    .ARM.Collect$$libinit$$00000027  c_w.l(libinit2.o)
    0x080001a6   0x080001a6   0x00000000   Code   RO          748    .ARM.Collect$$libinit$$0000002E  c_w.l(libinit2.o)
    0x080001a6   0x080001a6   0x00000000   Code   RO          750    .ARM.Collect$$libinit$$00000030  c_w.l(libinit2.o)
    0x080001a6   0x080001a6   0x00000000   Code   RO          752    .ARM.Collect$$libinit$$00000032  c_w.l(libinit2.o)
    0x080001a6   0x080001a6   0x00000000   Code   RO          754    .ARM.Collect$$libinit$$00000034  c_w.l(libinit2.o)
    0x080001a6   0x080001a6   0x00000002   Code   RO          755    .ARM.Collect$$libinit$$00000035  c_w.l(libinit2.o)
    0x080001a8   0x080001a8   0x00000002   Code   RO          777    .ARM.Collect$$libshutdown$$00000000  c_w.l(libshutdown.o)
    0x080001aa   0x080001aa   0x00000000   Code   RO          792    .ARM.Collect$$libshutdown$$00000002  c_w.l(libshutdown2.o)
    0x080001aa   0x080001aa   0x00000000   Code   RO          794    .ARM.Collect$$libshutdown$$00000004  c_w.l(libshutdown2.o)
    0x080001aa   0x080001aa   0x00000000   Code   RO          797    .ARM.Collect$$libshutdown$$00000007  c_w.l(libshutdown2.o)
    0x080001aa   0x080001aa   0x00000000   Code   RO          800    .ARM.Collect$$libshutdown$$0000000A  c_w.l(libshutdown2.o)
    0x080001aa   0x080001aa   0x00000000   Code   RO          802    .ARM.Collect$$libshutdown$$0000000C  c_w.l(libshutdown2.o)
    0x080001aa   0x080001aa   0x00000000   Code   RO          805    .ARM.Collect$$libshutdown$$0000000F  c_w.l(libshutdown2.o)
    0x080001aa   0x080001aa   0x00000002   Code   RO          806    .ARM.Collect$$libshutdown$$00000010  c_w.l(libshutdown2.o)
    0x080001ac   0x080001ac   0x00000000   Code   RO          678    .ARM.Collect$$rtentry$$00000000  c_w.l(__rtentry.o)
    0x080001ac   0x080001ac   0x00000000   Code   RO          680    .ARM.Collect$$rtentry$$00000002  c_w.l(__rtentry2.o)
    0x080001ac   0x080001ac   0x00000006   Code   RO          692    .ARM.Collect$$rtentry$$00000004  c_w.l(__rtentry4.o)
    0x080001b2   0x080001b2   0x00000000   Code   RO          682    .ARM.Collect$$rtentry$$00000009  c_w.l(__rtentry2.o)
    0x080001b2   0x080001b2   0x00000004   Code   RO          683    .ARM.Collect$$rtentry$$0000000A  c_w.l(__rtentry2.o)
    0x080001b6   0x080001b6   0x00000000   Code   RO          685    .ARM.Collect$$rtentry$$0000000C  c_w.l(__rtentry2.o)
    0x080001b6   0x080001b6   0x00000008   Code   RO          686    .ARM.Collect$$rtentry$$0000000D  c_w.l(__rtentry2.o)
    0x080001be   0x080001be   0x00000002   Code   RO          707    .ARM.Collect$$rtexit$$00000000  c_w.l(rtexit.o)
    0x080001c0   0x080001c0   0x00000000   Code   RO          757    .ARM.Collect$$rtexit$$00000002  c_w.l(rtexit2.o)
    0x080001c0   0x080001c0   0x00000004   Code   RO          758    .ARM.Collect$$rtexit$$00000003  c_w.l(rtexit2.o)
    0x080001c4   0x080001c4   0x00000006   Code   RO          759    .ARM.Collect$$rtexit$$00000004  c_w.l(rtexit2.o)
    0x080001ca   0x080001ca   0x00000002   PAD
    0x080001cc   0x080001cc   0x00000040   Code   RO            4    .text               startup_stm32f103xe.o
    0x0800020c   0x0800020c   0x0000004e   Code   RO          672    .text               c_w.l(rt_memclr_w.o)
    0x0800025a   0x0800025a   0x00000006   Code   RO          674    .text               c_w.l(heapauxi.o)
    0x08000260   0x08000260   0x0000004a   Code   RO          694    .text               c_w.l(sys_stackheap_outer.o)
    0x080002aa   0x080002aa   0x00000012   Code   RO          696    .text               c_w.l(exit.o)
    0x080002bc   0x080002bc   0x00000008   Code   RO          704    .text               c_w.l(libspace.o)
    0x080002c4   0x080002c4   0x0000000c   Code   RO          767    .text               c_w.l(sys_exit.o)
    0x080002d0   0x080002d0   0x00000002   Code   RO          782    .text               c_w.l(use_no_semi.o)
    0x080002d2   0x080002d2   0x00000000   Code   RO          784    .text               c_w.l(indicate_semi.o)
    0x080002d2   0x080002d2   0x00000002   PAD
    0x080002d4   0x080002d4   0x00000004   Code   RO          182    .text.BusFault_Handler  stm32f1xx_it.o
    0x080002d8   0x080002d8   0x00000002   Code   RO          188    .text.DebugMon_Handler  stm32f1xx_it.o
    0x080002da   0x080002da   0x00000002   PAD
    0x080002dc   0x080002dc   0x00000004   Code   RO          178    .text.HardFault_Handler  stm32f1xx_it.o
    0x080002e0   0x080002e0   0x00000022   Code   RO           15    .text.LL_APB1_GRP1_EnableClock  main.o
    0x08000302   0x08000302   0x00000002   PAD
    0x08000304   0x08000304   0x00000022   Code   RO          106    .text.LL_APB1_GRP1_EnableClock  rtc.o
    0x08000326   0x08000326   0x00000002   PAD
    0x08000328   0x08000328   0x00000022   Code   RO          125    .text.LL_APB1_GRP1_EnableClock  spi.o
    0x0800034a   0x0800034a   0x00000002   PAD
    0x0800034c   0x0800034c   0x00000022   Code   RO          136    .text.LL_APB1_GRP1_EnableClock  tim.o
    0x0800036e   0x0800036e   0x00000002   PAD
    0x08000370   0x08000370   0x00000022   Code   RO           13    .text.LL_APB2_GRP1_EnableClock  main.o
    0x08000392   0x08000392   0x00000002   PAD
    0x08000394   0x08000394   0x00000022   Code   RO           83    .text.LL_APB2_GRP1_EnableClock  gpio.o
    0x080003b6   0x080003b6   0x00000002   PAD
    0x080003b8   0x080003b8   0x00000022   Code   RO          121    .text.LL_APB2_GRP1_EnableClock  spi.o
    0x080003da   0x080003da   0x00000002   PAD
    0x080003dc   0x080003dc   0x00000022   Code   RO          148    .text.LL_APB2_GRP1_EnableClock  tim.o
    0x080003fe   0x080003fe   0x00000002   PAD
    0x08000400   0x08000400   0x00000022   Code   RO          163    .text.LL_APB2_GRP1_EnableClock  usart.o
    0x08000422   0x08000422   0x00000002   PAD
    0x08000424   0x08000424   0x00000018   Code   RO          411    .text.LL_EXTI_DisableEvent_0_31  stm32f1xx_ll_exti.o
    0x0800043c   0x0800043c   0x00000018   Code   RO          419    .text.LL_EXTI_DisableFallingTrig_0_31  stm32f1xx_ll_exti.o
    0x08000454   0x08000454   0x00000018   Code   RO          415    .text.LL_EXTI_DisableIT_0_31  stm32f1xx_ll_exti.o
    0x0800046c   0x0800046c   0x00000018   Code   RO          423    .text.LL_EXTI_DisableRisingTrig_0_31  stm32f1xx_ll_exti.o
    0x08000484   0x08000484   0x00000018   Code   RO          417    .text.LL_EXTI_EnableEvent_0_31  stm32f1xx_ll_exti.o
    0x0800049c   0x0800049c   0x00000018   Code   RO          425    .text.LL_EXTI_EnableFallingTrig_0_31  stm32f1xx_ll_exti.o
    0x080004b4   0x080004b4   0x00000018   Code   RO          413    .text.LL_EXTI_EnableIT_0_31  stm32f1xx_ll_exti.o
    0x080004cc   0x080004cc   0x00000018   Code   RO          421    .text.LL_EXTI_EnableRisingTrig_0_31  stm32f1xx_ll_exti.o
    0x080004e4   0x080004e4   0x000001a6   Code   RO          409    .text.LL_EXTI_Init  stm32f1xx_ll_exti.o
    0x0800068a   0x0800068a   0x00000002   PAD
    0x0800068c   0x0800068c   0x00000010   Code   RO           31    .text.LL_FLASH_GetLatency  main.o
    0x0800069c   0x0800069c   0x0000001c   Code   RO           29    .text.LL_FLASH_SetLatency  main.o
    0x080006b8   0x080006b8   0x00000016   Code   RO          150    .text.LL_GPIO_AF_EnableRemap_TIM3  tim.o
    0x080006ce   0x080006ce   0x00000002   PAD
    0x080006d0   0x080006d0   0x00000018   Code   RO           25    .text.LL_GPIO_AF_Remap_SWJ_NOJTAG  main.o
    0x080006e8   0x080006e8   0x00000038   Code   RO           87    .text.LL_GPIO_AF_SetEXTISource  gpio.o
    0x08000720   0x08000720   0x00000230   Code   RO          207    .text.LL_GPIO_Init  stm32f1xx_ll_gpio.o
    0x08000950   0x08000950   0x00000012   Code   RO           85    .text.LL_GPIO_ResetOutputPin  gpio.o
    0x08000962   0x08000962   0x00000002   PAD
    0x08000964   0x08000964   0x00000034   Code   RO           89    .text.LL_GPIO_SetPinMode  gpio.o
    0x08000998   0x08000998   0x00000034   Code   RO          211    .text.LL_GPIO_SetPinMode  stm32f1xx_ll_gpio.o
    0x080009cc   0x080009cc   0x00000034   Code   RO          215    .text.LL_GPIO_SetPinOutputType  stm32f1xx_ll_gpio.o
    0x08000a00   0x08000a00   0x0000002a   Code   RO          209    .text.LL_GPIO_SetPinPull  stm32f1xx_ll_gpio.o
    0x08000a2a   0x08000a2a   0x00000002   PAD
    0x08000a2c   0x08000a2c   0x00000034   Code   RO          213    .text.LL_GPIO_SetPinSpeed  stm32f1xx_ll_gpio.o
    0x08000a60   0x08000a60   0x00000014   Code   RO          343    .text.LL_Init1msTick  stm32f1xx_ll_utils.o
    0x08000a74   0x08000a74   0x00000036   Code   RO          345    .text.LL_InitTick   stm32f1xx_ll_utils.o
    0x08000aaa   0x08000aaa   0x00000002   PAD
    0x08000aac   0x08000aac   0x00000012   Code   RO           37    .text.LL_PWR_EnableBkUpAccess  main.o
    0x08000abe   0x08000abe   0x00000002   PAD
    0x08000ac0   0x08000ac0   0x00000012   Code   RO          104    .text.LL_PWR_EnableBkUpAccess  rtc.o
    0x08000ad2   0x08000ad2   0x00000002   PAD
    0x08000ad4   0x08000ad4   0x00000012   Code   RO           51    .text.LL_RCC_EnableRTC  main.o
    0x08000ae6   0x08000ae6   0x00000002   PAD
    0x08000ae8   0x08000ae8   0x00000012   Code   RO          108    .text.LL_RCC_EnableRTC  rtc.o
    0x08000afa   0x08000afa   0x00000002   PAD
    0x08000afc   0x08000afc   0x00000012   Code   RO           41    .text.LL_RCC_ForceBackupDomainReset  main.o
    0x08000b0e   0x08000b0e   0x00000002   PAD
    0x08000b10   0x08000b10   0x00000010   Code   RO          323    .text.LL_RCC_GetAHBPrescaler  stm32f1xx_ll_rcc.o
    0x08000b20   0x08000b20   0x00000010   Code   RO          325    .text.LL_RCC_GetAPB1Prescaler  stm32f1xx_ll_rcc.o
    0x08000b30   0x08000b30   0x00000010   Code   RO          327    .text.LL_RCC_GetAPB2Prescaler  stm32f1xx_ll_rcc.o
    0x08000b40   0x08000b40   0x00000010   Code   RO           39    .text.LL_RCC_GetRTCClockSource  main.o
    0x08000b50   0x08000b50   0x00000010   Code   RO           67    .text.LL_RCC_GetSysClkSource  main.o
    0x08000b60   0x08000b60   0x00000010   Code   RO          295    .text.LL_RCC_GetSysClkSource  stm32f1xx_ll_rcc.o
    0x08000b70   0x08000b70   0x00000036   Code   RO          303    .text.LL_RCC_GetSystemClocksFreq  stm32f1xx_ll_rcc.o
    0x08000ba6   0x08000ba6   0x00000002   PAD
    0x08000ba8   0x08000ba8   0x00000012   Code   RO           33    .text.LL_RCC_HSE_Enable  main.o
    0x08000bba   0x08000bba   0x00000002   PAD
    0x08000bbc   0x08000bbc   0x00000010   Code   RO           35    .text.LL_RCC_HSE_IsReady  main.o
    0x08000bcc   0x08000bcc   0x00000012   Code   RO           45    .text.LL_RCC_LSE_Enable  main.o
    0x08000bde   0x08000bde   0x00000002   PAD
    0x08000be0   0x08000be0   0x00000010   Code   RO           47    .text.LL_RCC_LSE_IsReady  main.o
    0x08000bf0   0x08000bf0   0x00000026   Code   RO           53    .text.LL_RCC_PLL_ConfigDomain_SYS  main.o
    0x08000c16   0x08000c16   0x00000002   PAD
    0x08000c18   0x08000c18   0x00000012   Code   RO           55    .text.LL_RCC_PLL_Enable  main.o
    0x08000c2a   0x08000c2a   0x00000002   PAD
    0x08000c2c   0x08000c2c   0x00000010   Code   RO          329    .text.LL_RCC_PLL_GetMainSource  stm32f1xx_ll_rcc.o
    0x08000c3c   0x08000c3c   0x00000010   Code   RO          333    .text.LL_RCC_PLL_GetMultiplicator  stm32f1xx_ll_rcc.o
    0x08000c4c   0x08000c4c   0x00000010   Code   RO          331    .text.LL_RCC_PLL_GetPrediv  stm32f1xx_ll_rcc.o
    0x08000c5c   0x08000c5c   0x00000010   Code   RO           57    .text.LL_RCC_PLL_IsReady  main.o
    0x08000c6c   0x08000c6c   0x00000012   Code   RO           43    .text.LL_RCC_ReleaseBackupDomainReset  main.o
    0x08000c7e   0x08000c7e   0x00000002   PAD
    0x08000c80   0x08000c80   0x0000001c   Code   RO           59    .text.LL_RCC_SetAHBPrescaler  main.o
    0x08000c9c   0x08000c9c   0x0000001c   Code   RO           61    .text.LL_RCC_SetAPB1Prescaler  main.o
    0x08000cb8   0x08000cb8   0x0000001c   Code   RO           63    .text.LL_RCC_SetAPB2Prescaler  main.o
    0x08000cd4   0x08000cd4   0x0000001c   Code   RO           49    .text.LL_RCC_SetRTCClockSource  main.o
    0x08000cf0   0x08000cf0   0x0000001c   Code   RO           65    .text.LL_RCC_SetSysClkSource  main.o
    0x08000d0c   0x08000d0c   0x00000012   Code   RO          243    .text.LL_RTC_ClearFlag_ALR  stm32f1xx_ll_rtc.o
    0x08000d1e   0x08000d1e   0x00000002   PAD
    0x08000d20   0x08000d20   0x00000012   Code   RO          245    .text.LL_RTC_ClearFlag_OW  stm32f1xx_ll_rtc.o
    0x08000d32   0x08000d32   0x00000002   PAD
    0x08000d34   0x08000d34   0x00000012   Code   RO          237    .text.LL_RTC_ClearFlag_RS  stm32f1xx_ll_rtc.o
    0x08000d46   0x08000d46   0x00000002   PAD
    0x08000d48   0x08000d48   0x00000012   Code   RO          247    .text.LL_RTC_ClearFlag_SEC  stm32f1xx_ll_rtc.o
    0x08000d5a   0x08000d5a   0x00000002   PAD
    0x08000d5c   0x08000d5c   0x00000012   Code   RO          229    .text.LL_RTC_DisableWriteProtection  stm32f1xx_ll_rtc.o
    0x08000d6e   0x08000d6e   0x00000002   PAD
    0x08000d70   0x08000d70   0x00000012   Code   RO          239    .text.LL_RTC_EnableWriteProtection  stm32f1xx_ll_rtc.o
    0x08000d82   0x08000d82   0x00000002   PAD
    0x08000d84   0x08000d84   0x00000098   Code   RO          231    .text.LL_RTC_EnterInitMode  stm32f1xx_ll_rtc.o
    0x08000e1c   0x08000e1c   0x00000098   Code   RO          233    .text.LL_RTC_ExitInitMode  stm32f1xx_ll_rtc.o
    0x08000eb4   0x08000eb4   0x000000fe   Code   RO          241    .text.LL_RTC_Init   stm32f1xx_ll_rtc.o
    0x08000fb2   0x08000fb2   0x00000002   PAD
    0x08000fb4   0x08000fb4   0x00000010   Code   RO          277    .text.LL_RTC_IsActiveFlag_RS  stm32f1xx_ll_rtc.o
    0x08000fc4   0x08000fc4   0x00000010   Code   RO          269    .text.LL_RTC_IsActiveFlag_RTOF  stm32f1xx_ll_rtc.o
    0x08000fd4   0x08000fd4   0x0000002a   Code   RO          110    .text.LL_RTC_SetAsynchPrescaler  rtc.o
    0x08000ffe   0x08000ffe   0x00000002   PAD
    0x08001000   0x08001000   0x0000002a   Code   RO          253    .text.LL_RTC_SetAsynchPrescaler  stm32f1xx_ll_rtc.o
    0x0800102a   0x0800102a   0x00000002   PAD
    0x0800102c   0x0800102c   0x0000001a   Code   RO          251    .text.LL_RTC_SetOutputSource  stm32f1xx_ll_rtc.o
    0x08001046   0x08001046   0x00000002   PAD
    0x08001048   0x08001048   0x00000018   Code   RO          249    .text.LL_RTC_TAMPER_Disable  stm32f1xx_ll_rtc.o
    0x08001060   0x08001060   0x000001d8   Code   RO          257    .text.LL_RTC_TIME_Init  stm32f1xx_ll_rtc.o
    0x08001238   0x08001238   0x0000001a   Code   RO          259    .text.LL_RTC_TIME_Set  stm32f1xx_ll_rtc.o
    0x08001252   0x08001252   0x00000002   PAD
    0x08001254   0x08001254   0x00000098   Code   RO          235    .text.LL_RTC_WaitForSynchro  stm32f1xx_ll_rtc.o
    0x080012ec   0x080012ec   0x000002a6   Code   RO          447    .text.LL_SPI_Init   stm32f1xx_ll_spi.o
    0x08001592   0x08001592   0x00000002   PAD
    0x08001594   0x08001594   0x00000010   Code   RO          449    .text.LL_SPI_IsEnabled  stm32f1xx_ll_spi.o
    0x080015a4   0x080015a4   0x00000012   Code   RO          451    .text.LL_SPI_SetCRCPolynomial  stm32f1xx_ll_spi.o
    0x080015b6   0x080015b6   0x00000002   PAD
    0x080015b8   0x080015b8   0x00000010   Code   RO          271    .text.LL_SYSTICK_IsActiveCounterFlag  stm32f1xx_ll_rtc.o
    0x080015c8   0x080015c8   0x00000014   Code   RO          349    .text.LL_SetSystemCoreClock  stm32f1xx_ll_utils.o
    0x080015dc   0x080015dc   0x00000012   Code   RO          138    .text.LL_TIM_DisableARRPreload  tim.o
    0x080015ee   0x080015ee   0x00000002   PAD
    0x080015f0   0x080015f0   0x00000012   Code   RO          146    .text.LL_TIM_DisableMasterSlaveMode  tim.o
    0x08001602   0x08001602   0x00000002   PAD
    0x08001604   0x08001604   0x00000012   Code   RO          543    .text.LL_TIM_GenerateEvent_UPDATE  stm32f1xx_ll_tim.o
    0x08001616   0x08001616   0x00000002   PAD
    0x08001618   0x08001618   0x0000023a   Code   RO          535    .text.LL_TIM_Init   stm32f1xx_ll_tim.o
    0x08001852   0x08001852   0x00000002   PAD
    0x08001854   0x08001854   0x000000b2   Code   RO          142    .text.LL_TIM_OC_DisableFast  tim.o
    0x08001906   0x08001906   0x00000002   PAD
    0x08001908   0x08001908   0x000000b2   Code   RO          140    .text.LL_TIM_OC_EnablePreload  tim.o
    0x080019ba   0x080019ba   0x00000002   PAD
    0x080019bc   0x080019bc   0x00000078   Code   RO          547    .text.LL_TIM_OC_Init  stm32f1xx_ll_tim.o
    0x08001a34   0x08001a34   0x00000010   Code   RO          585    .text.LL_TIM_OC_SetCompareCH1  stm32f1xx_ll_tim.o
    0x08001a44   0x08001a44   0x00000010   Code   RO          579    .text.LL_TIM_OC_SetCompareCH2  stm32f1xx_ll_tim.o
    0x08001a54   0x08001a54   0x00000010   Code   RO          587    .text.LL_TIM_OC_SetCompareCH3  stm32f1xx_ll_tim.o
    0x08001a64   0x08001a64   0x00000010   Code   RO          589    .text.LL_TIM_OC_SetCompareCH4  stm32f1xx_ll_tim.o
    0x08001a74   0x08001a74   0x00000010   Code   RO          537    .text.LL_TIM_SetAutoReload  stm32f1xx_ll_tim.o
    0x08001a84   0x08001a84   0x00000010   Code   RO          539    .text.LL_TIM_SetPrescaler  stm32f1xx_ll_tim.o
    0x08001a94   0x08001a94   0x00000010   Code   RO          541    .text.LL_TIM_SetRepetitionCounter  stm32f1xx_ll_tim.o
    0x08001aa4   0x08001aa4   0x0000001a   Code   RO          144    .text.LL_TIM_SetTriggerOutput  tim.o
    0x08001abe   0x08001abe   0x00000002   PAD
    0x08001ac0   0x08001ac0   0x0000001c   Code   RO          165    .text.LL_USART_ConfigAsyncMode  usart.o
    0x08001adc   0x08001adc   0x00000012   Code   RO          167    .text.LL_USART_Enable  usart.o
    0x08001aee   0x08001aee   0x00000002   PAD
    0x08001af0   0x08001af0   0x000002a8   Code   RO          609    .text.LL_USART_Init  stm32f1xx_ll_usart.o
    0x08001d98   0x08001d98   0x00000010   Code   RO          611    .text.LL_USART_IsEnabled  stm32f1xx_ll_usart.o
    0x08001da8   0x08001da8   0x0000004e   Code   RO          617    .text.LL_USART_SetBaudRate  stm32f1xx_ll_usart.o
    0x08001df6   0x08001df6   0x00000002   PAD
    0x08001df8   0x08001df8   0x0000001a   Code   RO          615    .text.LL_USART_SetHWFlowCtrl  stm32f1xx_ll_usart.o
    0x08001e12   0x08001e12   0x00000002   PAD
    0x08001e14   0x08001e14   0x0000001a   Code   RO          613    .text.LL_USART_SetStopBitsLength  stm32f1xx_ll_usart.o
    0x08001e2e   0x08001e2e   0x00000002   PAD
    0x08001e30   0x08001e30   0x000001a0   Code   RO           81    .text.MX_GPIO_Init  gpio.o
    0x08001fd0   0x08001fd0   0x00000062   Code   RO          102    .text.MX_RTC_Init   rtc.o
    0x08002032   0x08002032   0x00000002   PAD
    0x08002034   0x08002034   0x00000096   Code   RO          119    .text.MX_SPI1_Init  spi.o
    0x080020ca   0x080020ca   0x00000002   PAD
    0x080020cc   0x080020cc   0x00000096   Code   RO          123    .text.MX_SPI2_Init  spi.o
    0x08002162   0x08002162   0x00000002   PAD
    0x08002164   0x08002164   0x000000c0   Code   RO          134    .text.MX_TIM3_Init  tim.o
    0x08002224   0x08002224   0x000000a0   Code   RO          161    .text.MX_USART1_UART_Init  usart.o
    0x080022c4   0x080022c4   0x00000004   Code   RO          180    .text.MemManage_Handler  stm32f1xx_it.o
    0x080022c8   0x080022c8   0x00000004   Code   RO          176    .text.NMI_Handler   stm32f1xx_it.o
    0x080022cc   0x080022cc   0x0000006c   Code   RO           21    .text.NVIC_EncodePriority  main.o
    0x08002338   0x08002338   0x00000290   Code   RO          549    .text.OC1Config     stm32f1xx_ll_tim.o
    0x080025c8   0x080025c8   0x00000298   Code   RO          551    .text.OC2Config     stm32f1xx_ll_tim.o
    0x08002860   0x08002860   0x00000296   Code   RO          553    .text.OC3Config     stm32f1xx_ll_tim.o
    0x08002af6   0x08002af6   0x00000002   PAD
    0x08002af8   0x08002af8   0x00000268   Code   RO          555    .text.OC4Config     stm32f1xx_ll_tim.o
    0x08002d60   0x08002d60   0x00000002   Code   RO          190    .text.PendSV_Handler  stm32f1xx_it.o
    0x08002d62   0x08002d62   0x00000002   PAD
    0x08002d64   0x08002d64   0x00000026   Code   RO          307    .text.RCC_GetHCLKClockFreq  stm32f1xx_ll_rcc.o
    0x08002d8a   0x08002d8a   0x00000002   PAD
    0x08002d8c   0x08002d8c   0x00000024   Code   RO          309    .text.RCC_GetPCLK1ClockFreq  stm32f1xx_ll_rcc.o
    0x08002db0   0x08002db0   0x00000024   Code   RO          311    .text.RCC_GetPCLK2ClockFreq  stm32f1xx_ll_rcc.o
    0x08002dd4   0x08002dd4   0x00000056   Code   RO          305    .text.RCC_GetSystemClockFreq  stm32f1xx_ll_rcc.o
    0x08002e2a   0x08002e2a   0x00000002   PAD
    0x08002e2c   0x08002e2c   0x00000068   Code   RO          317    .text.RCC_PLL_GetFreqDomain_SYS  stm32f1xx_ll_rcc.o
    0x08002e94   0x08002e94   0x00000002   Code   RO          186    .text.SVC_Handler   stm32f1xx_it.o
    0x08002e96   0x08002e96   0x00000002   PAD
    0x08002e98   0x08002e98   0x00000002   Code   RO          192    .text.SysTick_Handler  stm32f1xx_it.o
    0x08002e9a   0x08002e9a   0x00000002   PAD
    0x08002e9c   0x08002e9c   0x000000d0   Code   RO           27    .text.SystemClock_Config  main.o
    0x08002f6c   0x08002f6c   0x00000002   Code   RO          635    .text.SystemInit    system_stm32f1xx.o
    0x08002f6e   0x08002f6e   0x00000002   PAD
    0x08002f70   0x08002f70   0x00000004   Code   RO          184    .text.UsageFault_Handler  stm32f1xx_it.o
    0x08002f74   0x08002f74   0x00000010   Code   RO           23    .text.__NVIC_GetPriorityGrouping  main.o
    0x08002f84   0x08002f84   0x00000042   Code   RO           19    .text.__NVIC_SetPriority  main.o
    0x08002fc6   0x08002fc6   0x00000002   PAD
    0x08002fc8   0x08002fc8   0x0000003c   Code   RO           17    .text.__NVIC_SetPriorityGrouping  main.o
    0x08003004   0x08003004   0x0000000a   Code   RO           71    .text.assert_failed  main.o
    0x0800300e   0x0800300e   0x00000002   PAD
    0x08003010   0x08003010   0x00000058   Code   RO           11    .text.main          main.o
    0x08003068   0x08003068   0x00000010   Data   RO          640    .rodata.AHBPrescTable  system_stm32f1xx.o
    0x08003078   0x08003078   0x00000008   Data   RO          641    .rodata.APBPrescTable  system_stm32f1xx.o
    0x08003080   0x08003080   0x00000007   Data   RO          152    .rodata.OFFSET_TAB_CCMRx  tim.o
    0x08003087   0x08003087   0x00000007   Data   RO          153    .rodata.SHIFT_TAB_OCxx  tim.o
    0x0800308e   0x0800308e   0x00000038   Data   RO          219    .rodata.str1.1      stm32f1xx_ll_gpio.o
    0x080030c6   0x080030c6   0x00000037   Data   RO          279    .rodata.str1.1      stm32f1xx_ll_rtc.o
    0x080030fd   0x080030fd   0x00000038   Data   RO          429    .rodata.str1.1      stm32f1xx_ll_exti.o
    0x08003135   0x08003135   0x00000037   Data   RO          465    .rodata.str1.1      stm32f1xx_ll_spi.o
    0x0800316c   0x0800316c   0x00000037   Data   RO          591    .rodata.str1.1      stm32f1xx_ll_tim.o
    0x080031a3   0x080031a3   0x00000039   Data   RO          627    .rodata.str1.1      stm32f1xx_ll_usart.o
    0x080031dc   0x080031dc   0x00000020   Data   RO          840    Region$$Table       anon$$obj.o


    Execution Region RW_IRAM1 (Exec base: 0x20000000, Load base: 0x08003200, Size: 0x00000668, Max: 0x0000c000, ABSOLUTE)

    Exec Addr    Load Addr    Size         Type   Attr      Idx    E Section Name        Object

    0x20000000   0x08003200   0x00000004   Data   RW          639    .data.SystemCoreClock  system_stm32f1xx.o
    0x20000004   0x08003204   0x00000004   PAD
    0x20000008        -       0x00000060   Zero   RW          705    .bss                c_w.l(libspace.o)
    0x20000068        -       0x00000200   Zero   RW            2    HEAP                startup_stm32f103xe.o
    0x20000268        -       0x00000400   Zero   RW            1    STACK               startup_stm32f103xe.o


==============================================================================

Image component sizes


      Code (inc. data)   RO Data    RW Data    ZI Data      Debug   Object Name

       576          0          0          0          0       2769   gpio.o
      1076          0          0          0          0       7762   main.o
       210          0          0          0          0       2151   rtc.o
       368          0          0          0          0       2384   spi.o
        64         26        304          0       1536        796   startup_stm32f103xe.o
        28          0          0          0          0       1007   stm32f1xx_it.o
       614          0         56          0          0       2848   stm32f1xx_ll_exti.o
       758          0         56          0          0       3258   stm32f1xx_ll_gpio.o
       466          0          0          0          0       4560   stm32f1xx_ll_rcc.o
      1456          0         55          0          0       7105   stm32f1xx_ll_rtc.o
       712          0         55          0          0       4568   stm32f1xx_ll_spi.o
      3418          0         55          0          0       9057   stm32f1xx_ll_tim.o
       826          0         57          0          0       4305   stm32f1xx_ll_usart.o
        94          0          0          0          0       6185   stm32f1xx_ll_utils.o
         2          0         24          4          0       1573   system_stm32f1xx.o
       700          0         14          0          0       3931   tim.o
       240          0          0          0          0       2203   usart.o

    ----------------------------------------------------------------------
     11732         26        708          4       1540      66462   Object Totals
         0          0         32          0          0          0   (incl. Generated)
       124          0          0          0          4          0   (incl. Padding)

    ----------------------------------------------------------------------

      Code (inc. data)   RO Data    RW Data    ZI Data      Debug   Library Member Name

         8          0          0          0          0         68   __main.o
         0          0          0          0          0          0   __rtentry.o
        12          0          0          0          0          0   __rtentry2.o
         6          0          0          0          0          0   __rtentry4.o
        52          8          0          0          0          0   __scatter.o
        26          0          0          0          0          0   __scatter_copy.o
        28          0          0          0          0          0   __scatter_zi.o
        18          0          0          0          0         80   exit.o
         6          0          0          0          0        152   heapauxi.o
         0          0          0          0          0          0   indicate_semi.o
         2          0          0          0          0          0   libinit.o
         2          0          0          0          0          0   libinit2.o
         2          0          0          0          0          0   libshutdown.o
         2          0          0          0          0          0   libshutdown2.o
         8          4          0          0         96         68   libspace.o
        78          0          0          0          0         80   rt_memclr_w.o
         2          0          0          0          0          0   rtexit.o
        10          0          0          0          0          0   rtexit2.o
        12          4          0          0          0         68   sys_exit.o
        74          0          0          0          0         80   sys_stackheap_outer.o
         2          0          0          0          0         68   use_no_semi.o

    ----------------------------------------------------------------------
       356         16          0          0         96        664   Library Totals
         6          0          0          0          0          0   (incl. Padding)

    ----------------------------------------------------------------------

      Code (inc. data)   RO Data    RW Data    ZI Data      Debug   Library Name

       350         16          0          0         96        664   c_w.l

    ----------------------------------------------------------------------
       356         16          0          0         96        664   Library Totals

    ----------------------------------------------------------------------

==============================================================================


      Code (inc. data)   RO Data    RW Data    ZI Data      Debug   

     12088         42        708          4       1636      66666   Grand Totals
     12088         42        708          4       1636      66666   ELF Image Totals
     12088         42        708          4          0          0   ROM Totals

==============================================================================

    Total RO  Size (Code + RO Data)                12796 (  12.50kB)
    Total RW  Size (RW Data + ZI Data)              1640 (   1.60kB)
    Total ROM Size (Code + RO Data + RW Data)      12800 (  12.50kB)

==============================================================================

