Component: Arm Compiler for Embedded 6.18 Tool: armlink [5e4cc100]

==============================================================================

Section Cross References

    startup_stm32f103xe.o(STACK) refers (Special) to heapauxi.o(.text) for __use_two_region_memory
    startup_stm32f103xe.o(HEAP) refers (Special) to heapauxi.o(.text) for __use_two_region_memory
    startup_stm32f103xe.o(RESET) refers (Special) to heapauxi.o(.text) for __use_two_region_memory
    startup_stm32f103xe.o(RESET) refers to startup_stm32f103xe.o(STACK) for __initial_sp
    startup_stm32f103xe.o(RESET) refers to startup_stm32f103xe.o(.text) for Reset_Handler
    startup_stm32f103xe.o(RESET) refers to stm32f1xx_it.o(.text.NMI_Handler) for NMI_Handler
    startup_stm32f103xe.o(RESET) refers to stm32f1xx_it.o(.text.HardFault_Handler) for HardFault_Handler
    startup_stm32f103xe.o(RESET) refers to stm32f1xx_it.o(.text.MemManage_Handler) for MemManage_Handler
    startup_stm32f103xe.o(RESET) refers to stm32f1xx_it.o(.text.BusFault_Handler) for BusFault_Handler
    startup_stm32f103xe.o(RESET) refers to stm32f1xx_it.o(.text.UsageFault_Handler) for UsageFault_Handler
    startup_stm32f103xe.o(RESET) refers to stm32f1xx_it.o(.text.SVC_Handler) for SVC_Handler
    startup_stm32f103xe.o(RESET) refers to stm32f1xx_it.o(.text.DebugMon_Handler) for DebugMon_Handler
    startup_stm32f103xe.o(RESET) refers to stm32f1xx_it.o(.text.PendSV_Handler) for PendSV_Handler
    startup_stm32f103xe.o(RESET) refers to stm32f1xx_it.o(.text.SysTick_Handler) for SysTick_Handler
    startup_stm32f103xe.o(RESET) refers to stm32f1xx_it.o(.text.DMA1_Channel2_IRQHandler) for DMA1_Channel2_IRQHandler
    startup_stm32f103xe.o(RESET) refers to stm32f1xx_it.o(.text.DMA1_Channel3_IRQHandler) for DMA1_Channel3_IRQHandler
    startup_stm32f103xe.o(RESET) refers to stm32f1xx_it.o(.text.DMA1_Channel4_IRQHandler) for DMA1_Channel4_IRQHandler
    startup_stm32f103xe.o(RESET) refers to stm32f1xx_it.o(.text.DMA1_Channel5_IRQHandler) for DMA1_Channel5_IRQHandler
    startup_stm32f103xe.o(RESET) refers to stm32f1xx_it.o(.text.SPI1_IRQHandler) for SPI1_IRQHandler
    startup_stm32f103xe.o(RESET) refers to stm32f1xx_it.o(.text.SPI2_IRQHandler) for SPI2_IRQHandler
    startup_stm32f103xe.o(.text) refers (Special) to heapauxi.o(.text) for __use_two_region_memory
    startup_stm32f103xe.o(.text) refers to system_stm32f1xx.o(.text.SystemInit) for SystemInit
    startup_stm32f103xe.o(.text) refers to __main.o(!!!main) for __main
    startup_stm32f103xe.o(.text) refers to startup_stm32f103xe.o(HEAP) for Heap_Mem
    startup_stm32f103xe.o(.text) refers to startup_stm32f103xe.o(STACK) for Stack_Mem
    main.o(.text.main) refers to main.o(.bss._1ms_cnt) for _1ms_cnt
    main.o(.text.main) refers to main.o(.text.LL_APB2_GRP1_EnableClock) for LL_APB2_GRP1_EnableClock
    main.o(.text.main) refers to main.o(.text.LL_APB1_GRP1_EnableClock) for LL_APB1_GRP1_EnableClock
    main.o(.text.main) refers to main.o(.text.__NVIC_SetPriorityGrouping) for __NVIC_SetPriorityGrouping
    main.o(.text.main) refers to main.o(.text.__NVIC_GetPriorityGrouping) for __NVIC_GetPriorityGrouping
    main.o(.text.main) refers to main.o(.text.NVIC_EncodePriority) for NVIC_EncodePriority
    main.o(.text.main) refers to main.o(.text.__NVIC_SetPriority) for __NVIC_SetPriority
    main.o(.text.main) refers to main.o(.text.LL_GPIO_AF_Remap_SWJ_NOJTAG) for LL_GPIO_AF_Remap_SWJ_NOJTAG
    main.o(.text.main) refers to main.o(.text.SystemClock_Config) for SystemClock_Config
    main.o(.text.main) refers to gpio.o(.text.MX_GPIO_Init) for MX_GPIO_Init
    main.o(.text.main) refers to dma.o(.text.MX_DMA_Init) for MX_DMA_Init
    main.o(.text.main) refers to spi.o(.text.MX_SPI1_Init) for MX_SPI1_Init
    main.o(.text.main) refers to spi.o(.text.MX_SPI2_Init) for MX_SPI2_Init
    main.o(.text.main) refers to tim.o(.text.MX_TIM3_Init) for MX_TIM3_Init
    main.o(.text.main) refers to usart.o(.text.MX_USART1_UART_Init) for MX_USART1_UART_Init
    main.o(.text.main) refers to rtc.o(.text.MX_RTC_Init) for MX_RTC_Init
    main.o(.text.main) refers to stm32f1xx_ll_gpio.o(.text.LL_GPIO_Init) for LL_GPIO_Init
    main.o(.text.main) refers to main.o(.text.LL_GPIO_SetOutputPin) for LL_GPIO_SetOutputPin
    main.o(.text.main) refers to main.o(.text.LL_SYSTICK_EnableIT) for LL_SYSTICK_EnableIT
    main.o(.text.main) refers to tft.o(.text.initTFT) for initTFT
    main.o(.ARM.exidx.text.main) refers to main.o(.text.main) for [Anonymous Symbol]
    main.o(.ARM.exidx.text.LL_APB2_GRP1_EnableClock) refers to main.o(.text.LL_APB2_GRP1_EnableClock) for [Anonymous Symbol]
    main.o(.ARM.exidx.text.LL_APB1_GRP1_EnableClock) refers to main.o(.text.LL_APB1_GRP1_EnableClock) for [Anonymous Symbol]
    main.o(.ARM.exidx.text.__NVIC_SetPriorityGrouping) refers to main.o(.text.__NVIC_SetPriorityGrouping) for [Anonymous Symbol]
[...]
    LL_USART_SetHWFlowCtrl                   0x08002aed   Thumb Code    26  stm32f1xx_ll_usart.o(.text.LL_USART_SetHWFlowCtrl)
    [Anonymous Symbol]                       0x08002aec   Section        0  stm32f1xx_ll_usart.o(.text.LL_USART_SetHWFlowCtrl)
    LL_USART_SetStopBitsLength               0x08002b09   Thumb Code    26  stm32f1xx_ll_usart.o(.text.LL_USART_SetStopBitsLength)
    [Anonymous Symbol]                       0x08002b08   Section        0  stm32f1xx_ll_usart.o(.text.LL_USART_SetStopBitsLength)
    [Anonymous Symbol]                       0x08002b24   Section        0  stm32f1xx_ll_utils.o(.text.LL_mDelay)
    [Anonymous Symbol]                       0x08002b70   Section        0  tft.o(.text.Lcd_WriteData_16Bit)
    [Anonymous Symbol]                       0x08002bac   Section        0  dma.o(.text.MX_DMA_Init)
    [Anonymous Symbol]                       0x08002c2c   Section        0  gpio.o(.text.MX_GPIO_Init)
    [Anonymous Symbol]                       0x08002de8   Section        0  rtc.o(.text.MX_RTC_Init)
    [Anonymous Symbol]                       0x08002e4c   Section        0  spi.o(.text.MX_SPI1_Init)
    [Anonymous Symbol]                       0x08002fa4   Section        0  spi.o(.text.MX_SPI2_Init)
    [Anonymous Symbol]                       0x080030fc   Section        0  tim.o(.text.MX_TIM3_Init)
    [Anonymous Symbol]                       0x080031bc   Section        0  usart.o(.text.MX_USART1_UART_Init)
    [Anonymous Symbol]                       0x0800325c   Section        0  stm32f1xx_it.o(.text.MemManage_Handler)
    [Anonymous Symbol]                       0x08003260   Section        0  stm32f1xx_it.o(.text.NMI_Handler)
    NVIC_EncodePriority                      0x08003265   Thumb Code   108  main.o(.text.NVIC_EncodePriority)
    [Anonymous Symbol]                       0x08003264   Section        0  main.o(.text.NVIC_EncodePriority)
    NVIC_EncodePriority                      0x080032d1   Thumb Code   108  dma.o(.text.NVIC_EncodePriority)
    [Anonymous Symbol]                       0x080032d0   Section        0  dma.o(.text.NVIC_EncodePriority)
    NVIC_EncodePriority                      0x0800333d   Thumb Code   108  spi.o(.text.NVIC_EncodePriority)
    [Anonymous Symbol]                       0x0800333c   Section        0  spi.o(.text.NVIC_EncodePriority)
    OC1Config                                0x080033a9   Thumb Code   656  stm32f1xx_ll_tim.o(.text.OC1Config)
    [Anonymous Symbol]                       0x080033a8   Section        0  stm32f1xx_ll_tim.o(.text.OC1Config)
    OC2Config                                0x08003639   Thumb Code   664  stm32f1xx_ll_tim.o(.text.OC2Config)
    [Anonymous Symbol]                       0x08003638   Section        0  stm32f1xx_ll_tim.o(.text.OC2Config)
    OC3Config                                0x080038d1   Thumb Code   662  stm32f1xx_ll_tim.o(.text.OC3Config)
    [Anonymous Symbol]                       0x080038d0   Section        0  stm32f1xx_ll_tim.o(.text.OC3Config)
    OC4Config                                0x08003b69   Thumb Code   616  stm32f1xx_ll_tim.o(.text.OC4Config)
    [Anonymous Symbol]                       0x08003b68   Section        0  stm32f1xx_ll_tim.o(.text.OC4Config)
    [Anonymous Symbol]                       0x08003dd0   Section        0  stm32f1xx_it.o(.text.PendSV_Handler)
    [Anonymous Symbol]                       0x08003dd4   Section        0  stm32f1xx_ll_rcc.o(.text.RCC_GetHCLKClockFreq)
    [Anonymous Symbol]                       0x08003dfc   Section        0  stm32f1xx_ll_rcc.o(.text.RCC_GetPCLK1ClockFreq)
    [Anonymous Symbol]                       0x08003e20   Section        0  stm32f1xx_ll_rcc.o(.text.RCC_GetPCLK2ClockFreq)
    [Anonymous Symbol]                       0x08003e44   Section        0  stm32f1xx_ll_rcc.o(.text.RCC_GetSystemClockFreq)
    [Anonymous Symbol]                       0x08003e9c   Section        0  stm32f1xx_ll_rcc.o(.text.RCC_PLL_GetFreqDomain_SYS)
    [Anonymous Symbol]                       0x08003f04   Section        0  stm32f1xx_it.o(.text.SPI1_IRQHandler)
    [Anonymous Symbol]                       0x08003f14   Section        0  stm32f1xx_it.o(.text.SPI2_IRQHandler)
    [Anonymous Symbol]                       0x08003f34   Section        0  stm32f1xx_it.o(.text.SVC_Handler)
    [Anonymous Symbol]                       0x08003f38   Section        0  stm32f1xx_it.o(.text.SysTick_Handler)
    [Anonymous Symbol]                       0x08003f7c   Section        0  main.o(.text.SystemClock_Config)
    [Anonymous Symbol]                       0x0800404c   Section        0  system_stm32f1xx.o(.text.SystemInit)
    [Anonymous Symbol]                       0x08004050   Section        0  stm32f1xx_it.o(.text.UsageFault_Handler)
    __NVIC_EnableIRQ                         0x08004055   Thumb Code    48  dma.o(.text.__NVIC_EnableIRQ)
    [Anonymous Symbol]                       0x08004054   Section        0  dma.o(.text.__NVIC_EnableIRQ)
    __NVIC_EnableIRQ                         0x08004085   Thumb Code    48  spi.o(.text.__NVIC_EnableIRQ)
    [Anonymous Symbol]                       0x08004084   Section        0  spi.o(.text.__NVIC_EnableIRQ)
    __NVIC_GetPriorityGrouping               0x080040b5   Thumb Code    16  main.o(.text.__NVIC_GetPriorityGrouping)
    [Anonymous Symbol]                       0x080040b4   Section        0  main.o(.text.__NVIC_GetPriorityGrouping)
    __NVIC_GetPriorityGrouping               0x080040c5   Thumb Code    16  dma.o(.text.__NVIC_GetPriorityGrouping)
    [Anonymous Symbol]                       0x080040c4   Section        0  dma.o(.text.__NVIC_GetPriorityGrouping)
    __NVIC_GetPriorityGrouping               0x080040d5   Thumb Code    16  spi.o(.text.__NVIC_GetPriorityGrouping)
    [Anonymous Symbol]                       0x080040d4   Section        0  spi.o(.text.__NVIC_GetPriorityGrouping)
    __NVIC_SetPriority                       0x080040e5   Thumb Code    66  main.o(.text.__NVIC_SetPriority)
    [Anonymous Symbol]                       0x080040e4   Section        0  main.o(.text.__NVIC_SetPriority)
    __NVIC_SetPriority                       0x08004129   Thumb Code    66  dma.o(.text.__NVIC_SetPriority)
    [Anonymous Symbol]                       0x08004128   Section        0  dma.o(.text.__NVIC_SetPriority)
    __NVIC_SetPriority                       0x0800416d   Thumb Code    66  spi.o(.text.__NVIC_SetPriority)
    [Anonymous Symbol]                       0x0800416c   Section        0  spi.o(.text.__NVIC_SetPriority)
    __NVIC_SetPriorityGrouping               0x080041b1   Thumb Code    60  main.o(.text.__NVIC_SetPriorityGrouping)
    [Anonymous Symbol]                       0x080041b0   Section        0  main.o(.text.__NVIC_SetPriorityGrouping)
    [Anonymous Symbol]                       0x080041ec   Section        0  main.o(.text.assert_failed)
    [Anonymous Symbol]                       0x080041f8   Section        0  spi_handler.o(.text.createHandler)
    [Anonymous Symbol]                       0x08004238   Section        0  gpio.o(.text.deInitParal_TFT)
    [Anonymous Symbol]                       0x080042b4   Section        0  gpio.o(.text.deInitSPI_TFT)
    [Anonymous Symbol]                       0x080042e8   Section        0  tft_ll.o(.text.disableTFTCommunication)
    [Anonymous Symbol]                       0x080042fc   Section        0  tft_ll.o(.text.enableTFTCommunication)
    [Anonymous Symbol]                       0x08004310   Section        0  spi_handler.o(.text.findHandler)
    [Anonymous Symbol]                       0x08004364   Section        0  spi_handler.o(.text.findOrCreateHandler)
    [Anonymous Symbol]                       0x080043f4   Section        0  tft_ll.o(.text.finishTransmission)
    [Anonymous Symbol]                       0x080044e8   Section        0  tft_ll.o(.text.initDMA)
    [Anonymous Symbol]                       0x0800462c   Section        0  fifo.o(.text.initFifo)
    [Anonymous Symbol]                       0x080046b4   Section        0  gpio.o(.text.initParal_TFT)
    [Anonymous Symbol]                       0x08004764   Section        0  tft_ll.o(.text.initPerifTFT)
    [Anonymous Symbol]                       0x080047a0   Section        0  gpio.o(.text.initSPI_TFT)
    [Anonymous Symbol]                       0x08004824   Section        0  tft.o(.text.initTFT)
    [Anonymous Symbol]                       0x08004c80   Section        0  tft_ll.o(.text.initTFT_LL)
    [Anonymous Symbol]                       0x08004d34   Section        0  main.o(.text.main)
    [Anonymous Symbol]                       0x08004ddc   Section        0  fifo.o(.text.pop)
    [Anonymous Symbol]                       0x08004e60   Section        0  tft_ll.o(.text.processMsg)
    [Anonymous Symbol]                       0x08004f48   Section        0  fifo.o(.text.push)
    [Anonymous Symbol]                       0x08004fc8   Section        0  tft_ll.o(.text.rebootTFT)
    [Anonymous Symbol]                       0x08004ffc   Section        0  spi_handler.o(.text.registerHandler)
    [Anonymous Symbol]                       0x080050b0   Section        0  tft_ll.o(.text.selectCommand)
    [Anonymous Symbol]                       0x080050c4   Section        0  tft_ll.o(.text.selectData)
    [Anonymous Symbol]                       0x080050d8   Section        0  spi_handler.o(.text.spiInterruptHandler)
    [Anonymous Symbol]                       0x08005228   Section        0  tft_ll.o(.text.tftSpiHandler)
    [Anonymous Symbol]                       0x080052f4   Section        0  tft_ll.o(.text.transCurMsg)
    [Anonymous Symbol]                       0x08005490   Section        0  tft_ll.o(.text.transNewMsg)
    CHANNEL_OFFSET_TAB                       0x080056b0   Data           7  spi.o(.rodata.CHANNEL_OFFSET_TAB)
    [Anonymous Symbol]                       0x080056b0   Section        0  spi.o(.rodata.CHANNEL_OFFSET_TAB)
    CHANNEL_OFFSET_TAB                       0x080056b7   Data           7  tft_ll.o(.rodata.CHANNEL_OFFSET_TAB)
    [Anonymous Symbol]                       0x080056b7   Section        0  tft_ll.o(.rodata.CHANNEL_OFFSET_TAB)
    OFFSET_TAB_CCMRx                         0x080056be   Data           7  tim.o(.rodata.OFFSET_TAB_CCMRx)
    [Anonymous Symbol]                       0x080056be   Section        0  tim.o(.rodata.OFFSET_TAB_CCMRx)
    SHIFT_TAB_OCxx                           0x080056c5   Data           7  tim.o(.rodata.SHIFT_TAB_OCxx)
    [Anonymous Symbol]                       0x080056c5   Section        0  tim.o(.rodata.SHIFT_TAB_OCxx)
    .L.str                                   0x08010694   Data          56  stm32f1xx_ll_gpio.o(.rodata.str1.1)
    [Anonymous Symbol]                       0x08010694   Section        0  stm32f1xx_ll_gpio.o(.rodata.str1.1)
    .L.str                                   0x080106cc   Data          55  stm32f1xx_ll_rtc.o(.rodata.str1.1)
    [Anonymous Symbol]                       0x080106cc   Section        0  stm32f1xx_ll_rtc.o(.rodata.str1.1)
    .L.str                                   0x08010703   Data          56  stm32f1xx_ll_exti.o(.rodata.str1.1)
    [Anonymous Symbol]                       0x08010703   Section        0  stm32f1xx_ll_exti.o(.rodata.str1.1)
    .L.str                                   0x0801073b   Data          55  stm32f1xx_ll_spi.o(.rodata.str1.1)
    [Anonymous Symbol]                       0x0801073b   Section        0  stm32f1xx_ll_spi.o(.rodata.str1.1)
    .L.str                                   0x08010772   Data          55  stm32f1xx_ll_tim.o(.rodata.str1.1)
    [Anonymous Symbol]                       0x08010772   Section        0  stm32f1xx_ll_tim.o(.rodata.str1.1)
    .L.str                                   0x080107a9   Data          57  stm32f1xx_ll_usart.o(.rodata.str1.1)
    [Anonymous Symbol]                       0x080107a9   Section        0  stm32f1xx_ll_usart.o(.rodata.str1.1)
    .bss                                     0x20000008   Section       96  libspace.o(.bss)
    Heap_Mem                                 0x200000a0   Data         512  startup_stm32f103xe.o(HEAP)
    HEAP                                     0x200000a0   Section      512  startup_stm32f103xe.o(HEAP)
    Stack_Mem                                0x200002a0   Data        1024  startup_stm32f103xe.o(STACK)
    STACK                                    0x200002a0   Section     1024  startup_stm32f103xe.o(STACK)
    __initial_sp                             0x200006a0   Data           0  startup_stm32f103xe.o(STACK)

    Global Symbols

    Symbol Name                              Value     Ov Type        Size  Object(Section)

    BuildAttributes$$THM_ISAv4$P$D$K$B$S$PE$A:L22UL41UL21$X:L11$S22US41US21$IEEE1$IW$~IW$USESV6$~STKCKD$USESV7$~SHL$OTIME$ROPI$EBA8$UX$STANDARDLIB$REQ8$PRES8$EABIv2 0x00000000   Number         0  anon$$obj.o ABSOLUTE
    __fp_init_empty                          0x00000000   Number         0  fpinit_empty.o ABSOLUTE
    __ARM_exceptions_init                     - Undefined Weak Reference
    __alloca_initialize                       - Undefined Weak Reference
    __arm_preinit_                            - Undefined Weak Reference
    __arm_relocate_pie_                       - Undefined Weak Reference
    __cpp_initialize__aeabi_                  - Undefined Weak Reference
    __cxa_finalize                            - Undefined Weak Reference
    __rt_locale                               - Undefined Weak Reference
    __sigvec_lookup                           - Undefined Weak Reference
    __user_heap_extent                        - Undefined Weak Reference
    _atexit_init                              - Undefined Weak Reference
    _call_atexit_fns                          - Undefined Weak Reference
    _clock_init                               - Undefined Weak Reference
    _fp_trap_init                             - Undefined Weak Reference
    _fp_trap_shutdown                         - Undefined Weak Reference
    _get_lc_collate                           - Undefined Weak Reference
    _get_lc_ctype                             - Undefined Weak Reference
    _get_lc_monetary                          - Undefined Weak Reference
    _get_lc_numeric                           - Undefined Weak Reference
    _get_lc_time                              - Undefined Weak Reference
    _getenv_init                              - Undefined Weak Reference
    _handle_redirection                       - Undefined Weak Reference
    _initio                                   - Undefined Weak Reference
    _mutex_acquire                            - Undefined Weak Reference
    _mutex_free                               - Undefined Weak Reference
    _mutex_release                            - Undefined Weak Reference
    _rand_init                                - Undefined Weak Reference
    _signal_finish                            - Undefined Weak Reference
    _signal_init                              - Undefined Weak Reference
    _terminateio                              - Undefined Weak Reference
    __Vectors_Size                           0x00000130   Number         0  startup_stm32f103xe.o ABSOLUTE
    __Vectors                                0x08000000   Data           4  startup_stm32f103xe.o(RESET)
    __Vectors_End                            0x08000130   Data           0  startup_stm32f103xe.o(RESET)
    __main                                   0x08000131   Thumb Code     8  __main.o(!!!main)
    __scatterload                            0x08000139   Thumb Code     0  __scatter.o(!!!scatter)
    __scatterload_rt2                        0x08000139   Thumb Code    44  __scatter.o(!!!scatter)
    __scatterload_rt2_thumb_only             0x08000139   Thumb Code     0  __scatter.o(!!!scatter)
    __scatterload_null                       0x08000147   Thumb Code     0  __scatter.o(!!!scatter)
    __scatterload_copy                       0x0800016d   Thumb Code    26  __scatter_copy.o(!!handler_copy)
    __scatterload_zeroinit                   0x08000189   Thumb Code    28  __scatter_zi.o(!!handler_zi)
    __rt_lib_init                            0x080001a5   Thumb Code     0  libinit.o(.ARM.Collect$$libinit$$00000000)
    __rt_lib_init_fp_1                       0x080001a7   Thumb Code     0  libinit2.o(.ARM.Collect$$libinit$$00000002)
    __rt_lib_init_heap_2                     0x080001a7   Thumb Code     0  libinit2.o(.ARM.Collect$$libinit$$00000007)
    __rt_lib_init_preinit_1                  0x080001a7   Thumb Code     0  libinit2.o(.ARM.Collect$$libinit$$00000006)
    __rt_lib_init_relocate_pie_1             0x080001a7   Thumb Code     0  libinit2.o(.ARM.Collect$$libinit$$00000004)
    __rt_lib_init_alloca_1                   0x080001af   Thumb Code     0  libinit2.o(.ARM.Collect$$libinit$$00000030)
    __rt_lib_init_argv_1                     0x080001af   Thumb Code     0  libinit2.o(.ARM.Collect$$libinit$$0000002E)
    __rt_lib_init_atexit_1                   0x080001af   Thumb Code     0  libinit2.o(.ARM.Collect$$libinit$$0000001D)
    __rt_lib_init_clock_1                    0x080001af   Thumb Code     0  libinit2.o(.ARM.Collect$$libinit$$00000023)
    __rt_lib_init_cpp_1                      0x080001af   Thumb Code     0  libinit2.o(.ARM.Collect$$libinit$$00000034)
    __rt_lib_init_exceptions_1               0x080001af   Thumb Code     0  libinit2.o(.ARM.Collect$$libinit$$00000032)
    __rt_lib_init_fp_trap_1                  0x080001af   Thumb Code     0  libinit2.o(.ARM.Collect$$libinit$$00000021)
    __rt_lib_init_getenv_1                   0x080001af   Thumb Code     0  libinit2.o(.ARM.Collect$$libinit$$00000025)
    __rt_lib_init_heap_1                     0x080001af   Thumb Code     0  libinit2.o(.ARM.Collect$$libinit$$0000000C)
    __rt_lib_init_lc_collate_1               0x080001af   Thumb Code     0  libinit2.o(.ARM.Collect$$libinit$$00000013)
    __rt_lib_init_lc_ctype_1                 0x080001af   Thumb Code     0  libinit2.o(.ARM.Collect$$libinit$$00000015)
    __rt_lib_init_lc_monetary_1              0x080001af   Thumb Code     0  libinit2.o(.ARM.Collect$$libinit$$00000017)
    __rt_lib_init_lc_numeric_1               0x080001af   Thumb Code     0  libinit2.o(.ARM.Collect$$libinit$$00000019)
    __rt_lib_init_lc_time_1                  0x080001af   Thumb Code     0  libinit2.o(.ARM.Collect$$libinit$$0000001B)
    __rt_lib_init_rand_1                     0x080001af   Thumb Code     0  libinit2.o(.ARM.Collect$$libinit$$00000010)
    __rt_lib_init_return                     0x080001af   Thumb Code     0  libinit2.o(.ARM.Collect$$libinit$$00000035)
    __rt_lib_init_signal_1                   0x080001af   Thumb Code     0  libinit2.o(.ARM.Collect$$libinit$$0000001F)
    __rt_lib_init_stdio_1                    0x080001af   Thumb Code     0  libinit2.o(.ARM.Collect$$libinit$$00000027)
    __rt_lib_init_user_alloc_1               0x080001af   Thumb Code     0  libinit2.o(.ARM.Collect$$libinit$$0000000E)
    __rt_lib_shutdown                        0x080001b1   Thumb Code     0  libshutdown.o(.ARM.Collect$$libshutdown$$00000000)
    __rt_lib_shutdown_cpp_1                  0x080001b3   Thumb Code     0  libshutdown2.o(.ARM.Collect$$libshutdown$$00000002)
    __rt_lib_shutdown_fp_trap_1              0x080001b3   Thumb Code     0  libshutdown2.o(.ARM.Collect$$libshutdown$$00000007)
    __rt_lib_shutdown_heap_1                 0x080001b3   Thumb Code     0  libshutdown2.o(.ARM.Collect$$libshutdown$$0000000F)
    __rt_lib_shutdown_return                 0x080001b3   Thumb Code     0  libshutdown2.o(.ARM.Collect$$libshutdown$$00000010)
    __rt_lib_shutdown_signal_1               0x080001b3   Thumb Code     0  libshutdown2.o(.ARM.Collect$$libshutdown$$0000000A)
    __rt_lib_shutdown_stdio_1                0x080001b3   Thumb Code     0  libshutdown2.o(.ARM.Collect$$libshutdown$$00000004)
    __rt_lib_shutdown_user_alloc_1           0x080001b3   Thumb Code     0  libshutdown2.o(.ARM.Collect$$libshutdown$$0000000C)
    __rt_entry                               0x080001b5   Thumb Code     0  __rtentry.o(.ARM.Collect$$rtentry$$00000000)
    __rt_entry_presh_1                       0x080001b5   Thumb Code     0  __rtentry2.o(.ARM.Collect$$rtentry$$00000002)
    __rt_entry_sh                            0x080001b5   Thumb Code     0  __rtentry4.o(.ARM.Collect$$rtentry$$00000004)
    __rt_entry_li                            0x080001bb   Thumb Code     0  __rtentry2.o(.ARM.Collect$$rtentry$$0000000A)
    __rt_entry_postsh_1                      0x080001bb   Thumb Code     0  __rtentry2.o(.ARM.Collect$$rtentry$$00000009)
    __rt_entry_main                          0x080001bf   Thumb Code     0  __rtentry2.o(.ARM.Collect$$rtentry$$0000000D)
    __rt_entry_postli_1                      0x080001bf   Thumb Code     0  __rtentry2.o(.ARM.Collect$$rtentry$$0000000C)
    __rt_exit                                0x080001c7   Thumb Code     0  rtexit.o(.ARM.Collect$$rtexit$$00000000)
    __rt_exit_ls                             0x080001c9   Thumb Code     0  rtexit2.o(.ARM.Collect$$rtexit$$00000003)
    __rt_exit_prels_1                        0x080001c9   Thumb Code     0  rtexit2.o(.ARM.Collect$$rtexit$$00000002)
    __rt_exit_exit                           0x080001cd   Thumb Code     0  rtexit2.o(.ARM.Collect$$rtexit$$00000004)
    Reset_Handler                            0x080001d5   Thumb Code     8  startup_stm32f103xe.o(.text)
    ADC1_2_IRQHandler                        0x080001ef   Thumb Code     0  startup_stm32f103xe.o(.text)
    ADC3_IRQHandler                          0x080001ef   Thumb Code     0  startup_stm32f103xe.o(.text)
    CAN1_RX1_IRQHandler                      0x080001ef   Thumb Code     0  startup_stm32f103xe.o(.text)
    CAN1_SCE_IRQHandler                      0x080001ef   Thumb Code     0  startup_stm32f103xe.o(.text)
    DMA1_Channel1_IRQHandler                 0x080001ef   Thumb Code     0  startup_stm32f103xe.o(.text)
    DMA1_Channel6_IRQHandler                 0x080001ef   Thumb Code     0  startup_stm32f103xe.o(.text)
    DMA1_Channel7_IRQHandler                 0x080001ef   Thumb Code     0  startup_stm32f103xe.o(.text)
    DMA2_Channel1_IRQHandler                 0x080001ef   Thumb Code     0  startup_stm32f103xe.o(.text)
    DMA2_Channel2_IRQHandler                 0x080001ef   Thumb Code     0  startup_stm32f103xe.o(.text)
    DMA2_Channel3_IRQHandler                 0x080001ef   Thumb Code     0  startup_stm32f103xe.o(.text)
    DMA2_Channel4_5_IRQHandler               0x080001ef   Thumb Code     0  startup_stm32f103xe.o(.text)
    EXTI0_IRQHandler                         0x080001ef   Thumb Code     0  startup_stm32f103xe.o(.text)
    EXTI15_10_IRQHandler                     0x080001ef   Thumb Code     0  startup_stm32f103xe.o(.text)
    EXTI1_IRQHandler                         0x080001ef   Thumb Code     0  startup_stm32f103xe.o(.text)
    EXTI2_IRQHandler                         0x080001ef   Thumb Code     0  startup_stm32f103xe.o(.text)
    EXTI3_IRQHandler                         0x080001ef   Thumb Code     0  startup_stm32f103xe.o(.text)
    EXTI4_IRQHandler                         0x080001ef   Thumb Code     0  startup_stm32f103xe.o(.text)
    EXTI9_5_IRQHandler                       0x080001ef   Thumb Code     0  startup_stm32f103xe.o(.text)
    FLASH_IRQHandler                         0x080001ef   Thumb Code     0  startup_stm32f103xe.o(.text)
    FSMC_IRQHandler                          0x080001ef   Thumb Code     0  startup_stm32f103xe.o(.text)
    I2C1_ER_IRQHandler                       0x080001ef   Thumb Code     0  startup_stm32f103xe.o(.text)
    I2C1_EV_IRQHandler                       0x080001ef   Thumb Code     0  startup_stm32f103xe.o(.text)
    I2C2_ER_IRQHandler                       0x080001ef   Thumb Code     0  startup_stm32f103xe.o(.text)
    I2C2_EV_IRQHandler                       0x080001ef   Thumb Code     0  startup_stm32f103xe.o(.text)
    PVD_IRQHandler                           0x080001ef   Thumb Code     0  startup_stm32f103xe.o(.text)
    RCC_IRQHandler                           0x080001ef   Thumb Code     0  startup_stm32f103xe.o(.text)
    RTC_Alarm_IRQHandler                     0x080001ef   Thumb Code     0  startup_stm32f103xe.o(.text)
    RTC_IRQHandler                           0x080001ef   Thumb Code     0  startup_stm32f103xe.o(.text)
    SDIO_IRQHandler                          0x080001ef   Thumb Code     0  startup_stm32f103xe.o(.text)
    SPI3_IRQHandler                          0x080001ef   Thumb Code     0  startup_stm32f103xe.o(.text)
    TAMPER_IRQHandler                        0x080001ef   Thumb Code     0  startup_stm32f103xe.o(.text)
    TIM1_BRK_IRQHandler                      0x080001ef   Thumb Code     0  startup_stm32f103xe.o(.text)
    TIM1_CC_IRQHandler                       0x080001ef   Thumb Code     0  startup_stm32f103xe.o(.text)
    TIM1_TRG_COM_IRQHandler                  0x080001ef   Thumb Code     0  startup_stm32f103xe.o(.text)
    TIM1_UP_IRQHandler                       0x080001ef   Thumb Code     0  startup_stm32f103xe.o(.text)
    TIM2_IRQHandler                          0x080001ef   Thumb Code     0  startup_stm32f103xe.o(.text)
    TIM3_IRQHandler                          0x080001ef   Thumb Code     0  startup_stm32f103xe.o(.text)
    TIM4_IRQHandler                          0x080001ef   Thumb Code     0  startup_stm32f103xe.o(.text)
    TIM5_IRQHandler                          0x080001ef   Thumb Code     0  startup_stm32f103xe.o(.text)
    TIM6_IRQHandler                          0x080001ef   Thumb Code     0  startup_stm32f103xe.o(.text)
    TIM7_IRQHandler                          0x080001ef   Thumb Code     0  startup_stm32f103xe.o(.text)
    TIM8_BRK_IRQHandler                      0x080001ef   Thumb Code     0  startup_stm32f103xe.o(.text)
    TIM8_CC_IRQHandler                       0x080001ef   Thumb Code     0  startup_stm32f103xe.o(.text)
    TIM8_TRG_COM_IRQHandler                  0x080001ef   Thumb Code     0  startup_stm32f103xe.o(.text)
    TIM8_UP_IRQHandler                       0x080001ef   Thumb Code     0  startup_stm32f103xe.o(.text)
    UART4_IRQHandler                         0x080001ef   Thumb Code     0  startup_stm32f103xe.o(.text)
    UART5_IRQHandler                         0x080001ef   Thumb Code     0  startup_stm32f103xe.o(.text)
    USART1_IRQHandler                        0x080001ef   Thumb Code     0  startup_stm32f103xe.o(.text)
    USART2_IRQHandler                        0x080001ef   Thumb Code     0  startup_stm32f103xe.o(.text)
    USART3_IRQHandler                        0x080001ef   Thumb Code     0  startup_stm32f103xe.o(.text)
    USBWakeUp_IRQHandler                     0x080001ef   Thumb Code     0  startup_stm32f103xe.o(.text)
    USB_HP_CAN1_TX_IRQHandler                0x080001ef   Thumb Code     0  startup_stm32f103xe.o(.text)
    USB_LP_CAN1_RX0_IRQHandler               0x080001ef   Thumb Code     0  startup_stm32f103xe.o(.text)
    WWDG_IRQHandler                          0x080001ef   Thumb Code     0  startup_stm32f103xe.o(.text)
    __user_initial_stackheap                 0x080001f1   Thumb Code     0  startup_stm32f103xe.o(.text)
    malloc                                   0x08000215   Thumb Code    94  h1_alloc.o(.text)
    free                                     0x08000273   Thumb Code    78  h1_free.o(.text)
    __aeabi_memclr4                          0x080002c1   Thumb Code     0  rt_memclr_w.o(.text)
    __aeabi_memclr8                          0x080002c1   Thumb Code     0  rt_memclr_w.o(.text)
    __rt_memclr_w                            0x080002c1   Thumb Code     0  rt_memclr_w.o(.text)
    _memset_w                                0x080002c5   Thumb Code    74  rt_memclr_w.o(.text)
    __use_two_region_memory                  0x0800030f   Thumb Code     2  heapauxi.o(.text)
    __rt_heap_escrow                         0x08000311   Thumb Code     2  heapauxi.o(.text)
    __rt_heap_expand                         0x08000313   Thumb Code     2  heapauxi.o(.text)
    __rt_heap_descriptor                     0x08000315   Thumb Code     8  rt_heap_descriptor_intlibspace.o(.text)
    __use_no_heap                            0x0800031d   Thumb Code     2  hguard.o(.text)
    __heap$guard                             0x0800031f   Thumb Code     2  hguard.o(.text)
    _terminate_user_alloc                    0x08000321   Thumb Code     2  init_alloc.o(.text)
    _init_user_alloc                         0x08000323   Thumb Code     2  init_alloc.o(.text)
    __Heap_Full                              0x08000325   Thumb Code    34  init_alloc.o(.text)
    __Heap_Broken                            0x08000347   Thumb Code     6  init_alloc.o(.text)
    _init_alloc                              0x0800034d   Thumb Code    94  init_alloc.o(.text)
    __Heap_Initialize                        0x080003ab   Thumb Code    10  h1_init.o(.text)
    __Heap_DescSize                          0x080003b5   Thumb Code     4  h1_init.o(.text)
    __user_libspace                          0x080003b9   Thumb Code     8  libspace.o(.text)
    __user_perproc_libspace                  0x080003b9   Thumb Code     0  libspace.o(.text)
    __user_perthread_libspace                0x080003b9   Thumb Code     0  libspace.o(.text)
    __Heap_ProvideMemory                     0x080003c1   Thumb Code    52  h1_extend.o(.text)
    _maybe_terminate_alloc                   0x080003c1   Thumb Code     0  maybetermalloc1.o(.text)
    __rt_SIGRTMEM                            0x080003f5   Thumb Code    14  defsig_rtmem_outer.o(.text)
    __I$use$semihosting                      0x08000403   Thumb Code     0  use_no_semi.o(.text)
    __use_no_semihosting_swi                 0x08000403   Thumb Code     2  use_no_semi.o(.text)
    __semihosting_library_function           0x08000405   Thumb Code     0  indicate_semi.o(.text)
    __user_setup_stackheap                   0x08000405   Thumb Code    74  sys_stackheap_outer.o(.text)
    exit                                     0x0800044f   Thumb Code    18  exit.o(.text)
    __sig_exit                               0x08000461   Thumb Code    10  defsig_exit.o(.text)
    __rt_SIGRTMEM_inner                      0x0800046d   Thumb Code    22  defsig_rtmem_inner.o(.text)
    _sys_exit                                0x080004bd   Thumb Code     8  sys_exit.o(.text)
    __default_signal_display                 0x080004c9   Thumb Code    50  defsig_general.o(.text)
    _ttywrch                                 0x080004fb   Thumb Code    14  sys_wrch.o(.text)
    BusFault_Handler                         0x08000509   Thumb Code     4  stm32f1xx_it.o(.text.BusFault_Handler)
    DMA1_Channel2_IRQHandler                 0x0800050d   Thumb Code     2  stm32f1xx_it.o(.text.DMA1_Channel2_IRQHandler)
    DMA1_Channel3_IRQHandler                 0x08000511   Thumb Code     2  stm32f1xx_it.o(.text.DMA1_Channel3_IRQHandler)
    DMA1_Channel4_IRQHandler                 0x08000515   Thumb Code    44  stm32f1xx_it.o(.text.DMA1_Channel4_IRQHandler)
    DMA1_Channel5_IRQHandler                 0x08000541   Thumb Code    44  stm32f1xx_it.o(.text.DMA1_Channel5_IRQHandler)
    DebugMon_Handler                         0x0800056d   Thumb Code     2  stm32f1xx_it.o(.text.DebugMon_Handler)
    Gui_Drawbmp16                            0x08000571   Thumb Code   164  gui.o(.text.Gui_Drawbmp16)
    HardFault_Handler                        0x08000615   Thumb Code     4  stm32f1xx_it.o(.text.HardFault_Handler)
    LCD_Clear                                0x08000619   Thumb Code   118  tft.o(.text.LCD_Clear)
    LCD_SetWindows                           0x08000691   Thumb Code   138  tft.o(.text.LCD_SetWindows)
    LCD_WR_DATA                              0x0800071d   Thumb Code    62  tft.o(.text.LCD_WR_DATA)
    LCD_WR_DATA_PIX                          0x0800075d   Thumb Code    58  tft.o(.text.LCD_WR_DATA_PIX)
    LCD_WR_REG                               0x08000799   Thumb Code    62  tft.o(.text.LCD_WR_REG)
    LCD_WriteRAM_Prepare                     0x080007d9   Thumb Code    20  tft.o(.text.LCD_WriteRAM_Prepare)
    LCD_WriteReg                             0x080007ed   Thumb Code    36  tft.o(.text.LCD_WriteReg)
    LCD_direction                            0x08000811   Thumb Code   176  tft.o(.text.LCD_direction)
    LL_EXTI_Init                             0x08000ef1   Thumb Code   422  stm32f1xx_ll_exti.o(.text.LL_EXTI_Init)
    LL_GPIO_Init                             0x0800112d   Thumb Code   560  stm32f1xx_ll_gpio.o(.text.LL_GPIO_Init)
    LL_GPIO_StructInit                       0x080014bd   Thumb Code    38  stm32f1xx_ll_gpio.o(.text.LL_GPIO_StructInit)
    LL_Init1msTick                           0x0800150d   Thumb Code    20  stm32f1xx_ll_utils.o(.text.LL_Init1msTick)
    LL_RCC_GetSystemClocksFreq               0x0800161d   Thumb Code    54  stm32f1xx_ll_rcc.o(.text.LL_RCC_GetSystemClocksFreq)
    LL_RTC_EnterInitMode                     0x08001831   Thumb Code   152  stm32f1xx_ll_rtc.o(.text.LL_RTC_EnterInitMode)
    LL_RTC_ExitInitMode                      0x080018c9   Thumb Code   152  stm32f1xx_ll_rtc.o(.text.LL_RTC_ExitInitMode)
    LL_RTC_Init                              0x08001961   Thumb Code   254  stm32f1xx_ll_rtc.o(.text.LL_RTC_Init)
    LL_RTC_TIME_Init                         0x08001b0d   Thumb Code   472  stm32f1xx_ll_rtc.o(.text.LL_RTC_TIME_Init)
    LL_RTC_WaitForSynchro                    0x08001d01   Thumb Code   152  stm32f1xx_ll_rtc.o(.text.LL_RTC_WaitForSynchro)
    LL_SPI_DeInit                            0x08001da5   Thumb Code   206  stm32f1xx_ll_spi.o(.text.LL_SPI_DeInit)
    LL_SPI_Init                              0x08001f65   Thumb Code   678  stm32f1xx_ll_spi.o(.text.LL_SPI_Init)
    LL_SetSystemCoreClock                    0x080022bd   Thumb Code    20  stm32f1xx_ll_utils.o(.text.LL_SetSystemCoreClock)
    LL_TIM_Init                              0x0800230d   Thumb Code   570  stm32f1xx_ll_tim.o(.text.LL_TIM_Init)
    LL_TIM_OC_Init                           0x080026b1   Thumb Code   120  stm32f1xx_ll_tim.o(.text.LL_TIM_OC_Init)
    LL_USART_Init                            0x080027e5   Thumb Code   680  stm32f1xx_ll_usart.o(.text.LL_USART_Init)
    LL_mDelay                                0x08002b25   Thumb Code    74  stm32f1xx_ll_utils.o(.text.LL_mDelay)
    Lcd_WriteData_16Bit                      0x08002b71   Thumb Code    58  tft.o(.text.Lcd_WriteData_16Bit)
    MX_DMA_Init                              0x08002bad   Thumb Code   128  dma.o(.text.MX_DMA_Init)
    MX_GPIO_Init                             0x08002c2d   Thumb Code   444  gpio.o(.text.MX_GPIO_Init)
    MX_RTC_Init                              0x08002de9   Thumb Code    98  rtc.o(.text.MX_RTC_Init)
    MX_SPI1_Init                             0x08002e4d   Thumb Code   342  spi.o(.text.MX_SPI1_Init)
    MX_SPI2_Init                             0x08002fa5   Thumb Code   342  spi.o(.text.MX_SPI2_Init)
    MX_TIM3_Init                             0x080030fd   Thumb Code   192  tim.o(.text.MX_TIM3_Init)
    MX_USART1_UART_Init                      0x080031bd   Thumb Code   160  usart.o(.text.MX_USART1_UART_Init)
    MemManage_Handler                        0x0800325d   Thumb Code     4  stm32f1xx_it.o(.text.MemManage_Handler)
    NMI_Handler                              0x08003261   Thumb Code     4  stm32f1xx_it.o(.text.NMI_Handler)
    PendSV_Handler                           0x08003dd1   Thumb Code     2  stm32f1xx_it.o(.text.PendSV_Handler)
    RCC_GetHCLKClockFreq                     0x08003dd5   Thumb Code    38  stm32f1xx_ll_rcc.o(.text.RCC_GetHCLKClockFreq)
    RCC_GetPCLK1ClockFreq                    0x08003dfd   Thumb Code    36  stm32f1xx_ll_rcc.o(.text.RCC_GetPCLK1ClockFreq)
    RCC_GetPCLK2ClockFreq                    0x08003e21   Thumb Code    36  stm32f1xx_ll_rcc.o(.text.RCC_GetPCLK2ClockFreq)
    RCC_GetSystemClockFreq                   0x08003e45   Thumb Code    86  stm32f1xx_ll_rcc.o(.text.RCC_GetSystemClockFreq)
    RCC_PLL_GetFreqDomain_SYS                0x08003e9d   Thumb Code   104  stm32f1xx_ll_rcc.o(.text.RCC_PLL_GetFreqDomain_SYS)
    SPI1_IRQHandler                          0x08003f05   Thumb Code    16  stm32f1xx_it.o(.text.SPI1_IRQHandler)
    SPI2_IRQHandler                          0x08003f15   Thumb Code    30  stm32f1xx_it.o(.text.SPI2_IRQHandler)
    SVC_Handler                              0x08003f35   Thumb Code     2  stm32f1xx_it.o(.text.SVC_Handler)
    SysTick_Handler                          0x08003f39   Thumb Code    68  stm32f1xx_it.o(.text.SysTick_Handler)
    SystemClock_Config                       0x08003f7d   Thumb Code   208  main.o(.text.SystemClock_Config)
    SystemInit                               0x0800404d   Thumb Code     2  system_stm32f1xx.o(.text.SystemInit)
    UsageFault_Handler                       0x08004051   Thumb Code     4  stm32f1xx_it.o(.text.UsageFault_Handler)
    assert_failed                            0x080041ed   Thumb Code    10  main.o(.text.assert_failed)
    createHandler                            0x080041f9   Thumb Code    62  spi_handler.o(.text.createHandler)
    deInitParal_TFT                          0x08004239   Thumb Code   124  gpio.o(.text.deInitParal_TFT)
    deInitSPI_TFT                            0x080042b5   Thumb Code    50  gpio.o(.text.deInitSPI_TFT)
    disableTFTCommunication                  0x080042e9   Thumb Code    20  tft_ll.o(.text.disableTFTCommunication)
    enableTFTCommunication                   0x080042fd   Thumb Code    20  tft_ll.o(.text.enableTFTCommunication)
    findHandler                              0x08004311   Thumb Code    82  spi_handler.o(.text.findHandler)
    findOrCreateHandler                      0x08004365   Thumb Code   142  spi_handler.o(.text.findOrCreateHandler)
    finishTransmission                       0x080043f5   Thumb Code   242  tft_ll.o(.text.finishTransmission)
    initDMA                                  0x080044e9   Thumb Code   324  tft_ll.o(.text.initDMA)
    initFifo                                 0x0800462d   Thumb Code   136  fifo.o(.text.initFifo)
    initParal_TFT                            0x080046b5   Thumb Code   174  gpio.o(.text.initParal_TFT)
    initPerifTFT                             0x08004765   Thumb Code    58  tft_ll.o(.text.initPerifTFT)
    initSPI_TFT                              0x080047a1   Thumb Code   132  gpio.o(.text.initSPI_TFT)
    initTFT                                  0x08004825   Thumb Code  1116  tft.o(.text.initTFT)
    initTFT_LL                               0x08004c81   Thumb Code   180  tft_ll.o(.text.initTFT_LL)
    main                                     0x08004d35   Thumb Code   168  main.o(.text.main)
    pop                                      0x08004ddd   Thumb Code   132  fifo.o(.text.pop)
    processMsg                               0x08004e61   Thumb Code   232  tft_ll.o(.text.processMsg)
    push                                     0x08004f49   Thumb Code   126  fifo.o(.text.push)
    rebootTFT                                0x08004fc9   Thumb Code    50  tft_ll.o(.text.rebootTFT)
    registerHandler                          0x08004ffd   Thumb Code   178  spi_handler.o(.text.registerHandler)
    selectCommand                            0x080050b1   Thumb Code    20  tft_ll.o(.text.selectCommand)
    selectData                               0x080050c5   Thumb Code    20  tft_ll.o(.text.selectData)
    spiInterruptHandler                      0x080050d9   Thumb Code   334  spi_handler.o(.text.spiInterruptHandler)
    tftSpiHandler                            0x08005229   Thumb Code   202  tft_ll.o(.text.tftSpiHandler)
    transCurMsg                              0x080052f5   Thumb Code   412  tft_ll.o(.text.transCurMsg)
    transNewMsg                              0x08005491   Thumb Code   520  tft_ll.o(.text.transNewMsg)
    AHBPrescTable                            0x08005698   Data          16  system_stm32f1xx.o(.rodata.AHBPrescTable)
    APBPrescTable                            0x080056a8   Data           8  system_stm32f1xx.o(.rodata.APBPrescTable)
    gImage_LOGO_MAIN2                        0x080056cc   Data       45000  logo_main2.o(.rodata.gImage_LOGO_MAIN2)
    Region$$Table$$Base                      0x080107e4   Number         0  anon$$obj.o(Region$$Table)
    Region$$Table$$Limit                     0x08010804   Number         0  anon$$obj.o(Region$$Table)
    SystemCoreClock                          0x20000000   Data           4  system_stm32f1xx.o(.data.SystemCoreClock)
    dummyByte                                0x20000004   Data           1  tft_ll.o(.data.dummyByte)
    __libspace_start                         0x20000008   Data          96  libspace.o(.bss)
    _1ms_cnt                                 0x20000068   Data           4  main.o(.bss._1ms_cnt)
    __temporary_stack_top$libspace           0x20000068   Data           0  libspace.o(.bss)
    curEl                                    0x2000006c   Data           2  tft_ll.o(.bss.curEl)
    curMsg                                   0x20000070   Data           4  tft_ll.o(.bss.curMsg)
    firstByte                                0x20000074   Data           1  tft_ll.o(.bss.firstByte)
    hCnt                                     0x20000075   Data           1  spi_handler.o(.bss.hCnt)
    handlerList                              0x20000078   Data           4  spi_handler.o(.bss.handlerList)
    handlerStatus                            0x2000007c   Data           4  tft_ll.o(.bss.handlerStatus)
    itCnt                                    0x20000080   Data           1  stm32f1xx_it.o(.bss.itCnt)
    lcddev                                   0x20000082   Data          14  tft.o(.bss.lcddev)
    msgFifo                                  0x20000090   Data           4  tft_ll.o(.bss.msgFifo)
    spiStep                                  0x20000094   Data           1  spi_handler.o(.bss.spiStep)
    step                                     0x20000095   Data           1  tft_ll.o(.bss.step)
    tCnt                                     0x20000096   Data           1  tft_ll.o(.bss.tCnt)
    tftStatus                                0x20000098   Data           4  tft_ll.o(.bss.tftStatus)



==============================================================================

Memory Map of the image

  Image Entry point : 0x08000131

  Load Region LR_IROM1 (Base: 0x08000000, Size: 0x00010810, Max: 0x00040000, ABSOLUTE)

    Execution Region ER_IROM1 (Exec base: 0x08000000, Load base: 0x08000000, Size: 0x00010804, Max: 0x00040000, ABSOLUTE)

    Exec Addr    Load Addr    Size         Type   Attr      Idx    E Section Name        Object

    0x08000000   0x08000000   0x00000130   Data   RO            3    RESET               startup_stm32f103xe.o
    0x08000130   0x08000130   0x00000008   Code   RO         1142  * !!!main             c_w.l(__main.o)
    0x08000138   0x08000138   0x00000034   Code   RO         1351    !!!scatter          c_w.l(__scatter.o)
    0x0800016c   0x0800016c   0x0000001a   Code   RO         1353    !!handler_copy      c_w.l(__scatter_copy.o)
    0x08000186   0x08000186   0x00000002   PAD
    0x08000188   0x08000188   0x0000001c   Code   RO         1355    !!handler_zi        c_w.l(__scatter_zi.o)
    0x080001a4   0x080001a4   0x00000002   Code   RO         1286    .ARM.Collect$$libinit$$00000000  c_w.l(libinit.o)
    0x080001a6   0x080001a6   0x00000000   Code   RO         1175    .ARM.Collect$$libinit$$00000002  c_w.l(libinit2.o)
    0x080001a6   0x080001a6   0x00000000   Code   RO         1177    .ARM.Collect$$libinit$$00000004  c_w.l(libinit2.o)
    0x080001a6   0x080001a6   0x00000000   Code   RO         1179    .ARM.Collect$$libinit$$00000006  c_w.l(libinit2.o)
    0x080001a6   0x080001a6   0x00000008   Code   RO         1180    .ARM.Collect$$libinit$$00000007  c_w.l(libinit2.o)
    0x080001ae   0x080001ae   0x00000000   Code   RO         1182    .ARM.Collect$$libinit$$0000000C  c_w.l(libinit2.o)
    0x080001ae   0x080001ae   0x00000000   Code   RO         1184    .ARM.Collect$$libinit$$0000000E  c_w.l(libinit2.o)
    0x080001ae   0x080001ae   0x00000000   Code   RO         1186    .ARM.Collect$$libinit$$00000010  c_w.l(libinit2.o)
    0x080001ae   0x080001ae   0x00000000   Code   RO         1189    .ARM.Collect$$libinit$$00000013  c_w.l(libinit2.o)
    0x080001ae   0x080001ae   0x00000000   Code   RO         1191    .ARM.Collect$$libinit$$00000015  c_w.l(libinit2.o)
    0x080001ae   0x080001ae   0x00000000   Code   RO         1193    .ARM.Collect$$libinit$$00000017  c_w.l(libinit2.o)
    0x080001ae   0x080001ae   0x00000000   Code   RO         1195    .ARM.Collect$$libinit$$00000019  c_w.l(libinit2.o)
    0x080001ae   0x080001ae   0x00000000   Code   RO         1197    .ARM.Collect$$libinit$$0000001B  c_w.l(libinit2.o)
    0x080001ae   0x080001ae   0x00000000   Code   RO         1199    .ARM.Collect$$libinit$$0000001D  c_w.l(libinit2.o)
    0x080001ae   0x080001ae   0x00000000   Code   RO         1201    .ARM.Collect$$libinit$$0000001F  c_w.l(libinit2.o)
    0x080001ae   0x080001ae   0x00000000   Code   RO         1203    .ARM.Collect$$libinit$$00000021  c_w.l(libinit2.o)
    0x080001ae   0x080001ae   0x00000000   Code   RO         1205    .ARM.Collect$$libinit$$00000023  c_w.l(libinit2.o)
    0x080001ae   0x080001ae   0x00000000   Code   RO         1207    .ARM.Collect$$libinit$$00000025  c_w.l(libinit2.o)
    0x080001ae   0x080001ae   0x00000000   Code   RO         1209    .ARM.Collect$$libinit$$00000027  c_w.l(libinit2.o)
    0x080001ae   0x080001ae   0x00000000   Code   RO         1213    .ARM.Collect$$libinit$$0000002E  c_w.l(libinit2.o)
    0x080001ae   0x080001ae   0x00000000   Code   RO         1215    .ARM.Collect$$libinit$$00000030  c_w.l(libinit2.o)
    0x080001ae   0x080001ae   0x00000000   Code   RO         1217    .ARM.Collect$$libinit$$00000032  c_w.l(libinit2.o)
    0x080001ae   0x080001ae   0x00000000   Code   RO         1219    .ARM.Collect$$libinit$$00000034  c_w.l(libinit2.o)
    0x080001ae   0x080001ae   0x00000002   Code   RO         1220    .ARM.Collect$$libinit$$00000035  c_w.l(libinit2.o)
    0x080001b0   0x080001b0   0x00000002   Code   RO         1348    .ARM.Collect$$libshutdown$$00000000  c_w.l(libshutdown.o)
    0x080001b2   0x080001b2   0x00000000   Code   RO         1302    .ARM.Collect$$libshutdown$$00000002  c_w.l(libshutdown2.o)
    0x080001b2   0x080001b2   0x00000000   Code   RO         1304    .ARM.Collect$$libshutdown$$00000004  c_w.l(libshutdown2.o)
    0x080001b2   0x080001b2   0x00000000   Code   RO         1307    .ARM.Collect$$libshutdown$$00000007  c_w.l(libshutdown2.o)
    0x080001b2   0x080001b2   0x00000000   Code   RO         1310    .ARM.Collect$$libshutdown$$0000000A  c_w.l(libshutdown2.o)
    0x080001b2   0x080001b2   0x00000000   Code   RO         1312    .ARM.Collect$$libshutdown$$0000000C  c_w.l(libshutdown2.o)
    0x080001b2   0x080001b2   0x00000000   Code   RO         1315    .ARM.Collect$$libshutdown$$0000000F  c_w.l(libshutdown2.o)
    0x080001b2   0x080001b2   0x00000002   Code   RO         1316    .ARM.Collect$$libshutdown$$00000010  c_w.l(libshutdown2.o)
    0x080001b4   0x080001b4   0x00000000   Code   RO         1146    .ARM.Collect$$rtentry$$00000000  c_w.l(__rtentry.o)
    0x080001b4   0x080001b4   0x00000000   Code   RO         1229    .ARM.Collect$$rtentry$$00000002  c_w.l(__rtentry2.o)
    0x080001b4   0x080001b4   0x00000006   Code   RO         1241    .ARM.Collect$$rtentry$$00000004  c_w.l(__rtentry4.o)
    0x080001ba   0x080001ba   0x00000000   Code   RO         1231    .ARM.Collect$$rtentry$$00000009  c_w.l(__rtentry2.o)
    0x080001ba   0x080001ba   0x00000004   Code   RO         1232    .ARM.Collect$$rtentry$$0000000A  c_w.l(__rtentry2.o)
    0x080001be   0x080001be   0x00000000   Code   RO         1234    .ARM.Collect$$rtentry$$0000000C  c_w.l(__rtentry2.o)
    0x080001be   0x080001be   0x00000008   Code   RO         1235    .ARM.Collect$$rtentry$$0000000D  c_w.l(__rtentry2.o)
    0x080001c6   0x080001c6   0x00000002   Code   RO         1291    .ARM.Collect$$rtexit$$00000000  c_w.l(rtexit.o)
    0x080001c8   0x080001c8   0x00000000   Code   RO         1322    .ARM.Collect$$rtexit$$00000002  c_w.l(rtexit2.o)
    0x080001c8   0x080001c8   0x00000004   Code   RO         1323    .ARM.Collect$$rtexit$$00000003  c_w.l(rtexit2.o)
    0x080001cc   0x080001cc   0x00000006   Code   RO         1324    .ARM.Collect$$rtexit$$00000004  c_w.l(rtexit2.o)
    0x080001d2   0x080001d2   0x00000002   PAD
    0x080001d4   0x080001d4   0x00000040   Code   RO            4    .text               startup_stm32f103xe.o
    0x08000214   0x08000214   0x0000005e   Code   RO         1078    .text               c_w.l(h1_alloc.o)
    0x08000272   0x08000272   0x0000004e   Code   RO         1080    .text               c_w.l(h1_free.o)
    0x080002c0   0x080002c0   0x0000004e   Code   RO         1138    .text               c_w.l(rt_memclr_w.o)
    0x0800030e   0x0800030e   0x00000006   Code   RO         1140    .text               c_w.l(heapauxi.o)
    0x08000314   0x08000314   0x00000008   Code   RO         1150    .text               c_w.l(rt_heap_descriptor_intlibspace.o)
    0x0800031c   0x0800031c   0x00000004   Code   RO         1152    .text               c_w.l(hguard.o)
    0x08000320   0x08000320   0x0000008a   Code   RO         1154    .text               c_w.l(init_alloc.o)
    0x080003aa   0x080003aa   0x0000000e   Code   RO         1158    .text               c_w.l(h1_init.o)
    0x080003b8   0x080003b8   0x00000008   Code   RO         1225    .text               c_w.l(libspace.o)
    0x080003c0   0x080003c0   0x00000000   Code   RO         1245    .text               c_w.l(maybetermalloc1.o)
    0x080003c0   0x080003c0   0x00000034   Code   RO         1247    .text               c_w.l(h1_extend.o)
    0x080003f4   0x080003f4   0x0000000e   Code   RO         1251    .text               c_w.l(defsig_rtmem_outer.o)
    0x08000402   0x08000402   0x00000002   Code   RO         1262    .text               c_w.l(use_no_semi.o)
    0x08000404   0x08000404   0x00000000   Code   RO         1264    .text               c_w.l(indicate_semi.o)
    0x08000404   0x08000404   0x0000004a   Code   RO         1265    .text               c_w.l(sys_stackheap_outer.o)
    0x0800044e   0x0800044e   0x00000012   Code   RO         1271    .text               c_w.l(exit.o)
    0x08000460   0x08000460   0x0000000a   Code   RO         1273    .text               c_w.l(defsig_exit.o)
    0x0800046a   0x0800046a   0x00000002   PAD
    0x0800046c   0x0800046c   0x00000050   Code   RO         1275    .text               c_w.l(defsig_rtmem_inner.o)
    0x080004bc   0x080004bc   0x0000000c   Code   RO         1287    .text               c_w.l(sys_exit.o)
    0x080004c8   0x080004c8   0x00000032   Code   RO         1299    .text               c_w.l(defsig_general.o)
    0x080004fa   0x080004fa   0x0000000e   Code   RO         1317    .text               c_w.l(sys_wrch.o)
    0x08000508   0x08000508   0x00000004   Code   RO          237    .text.BusFault_Handler  stm32f1xx_it.o
    0x0800050c   0x0800050c   0x00000002   Code   RO          251    .text.DMA1_Channel2_IRQHandler  stm32f1xx_it.o
    0x0800050e   0x0800050e   0x00000002   PAD
    0x08000510   0x08000510   0x00000002   Code   RO          253    .text.DMA1_Channel3_IRQHandler  stm32f1xx_it.o
    0x08000512   0x08000512   0x00000002   PAD
    0x08000514   0x08000514   0x0000002c   Code   RO          255    .text.DMA1_Channel4_IRQHandler  stm32f1xx_it.o
    0x08000540   0x08000540   0x0000002c   Code   RO          265    .text.DMA1_Channel5_IRQHandler  stm32f1xx_it.o
    0x0800056c   0x0800056c   0x00000002   Code   RO          243    .text.DebugMon_Handler  stm32f1xx_it.o
    0x0800056e   0x0800056e   0x00000002   PAD
    0x08000570   0x08000570   0x000000a4   Code   RO         1028    .text.Gui_Drawbmp16  gui.o
    0x08000614   0x08000614   0x00000004   Code   RO          233    .text.HardFault_Handler  stm32f1xx_it.o
    0x08000618   0x08000618   0x00000076   Code   RO          745    .text.LCD_Clear     tft.o
    0x0800068e   0x0800068e   0x00000002   PAD
    0x08000690   0x08000690   0x0000008a   Code   RO          749    .text.LCD_SetWindows  tft.o
    0x0800071a   0x0800071a   0x00000002   PAD
    0x0800071c   0x0800071c   0x0000003e   Code   RO          737    .text.LCD_WR_DATA   tft.o
    0x0800075a   0x0800075a   0x00000002   PAD
    0x0800075c   0x0800075c   0x0000003a   Code   RO          739    .text.LCD_WR_DATA_PIX  tft.o
    0x08000796   0x08000796   0x00000002   PAD
    0x08000798   0x08000798   0x0000003e   Code   RO          735    .text.LCD_WR_REG    tft.o
    0x080007d6   0x080007d6   0x00000002   PAD
    0x080007d8   0x080007d8   0x00000014   Code   RO          751    .text.LCD_WriteRAM_Prepare  tft.o
    0x080007ec   0x080007ec   0x00000024   Code   RO          755    .text.LCD_WriteReg  tft.o
    0x08000810   0x08000810   0x000000b0   Code   RO          743    .text.LCD_direction  tft.o
    0x080008c0   0x080008c0   0x00000022   Code   RO          115    .text.LL_AHB1_GRP1_EnableClock  dma.o
    0x080008e2   0x080008e2   0x00000002   PAD
    0x080008e4   0x080008e4   0x00000022   Code   RO           15    .text.LL_APB1_GRP1_EnableClock  main.o
    0x08000906   0x08000906   0x00000002   PAD
    0x08000908   0x08000908   0x00000022   Code   RO          136    .text.LL_APB1_GRP1_EnableClock  rtc.o
    0x0800092a   0x0800092a   0x00000002   PAD
    0x0800092c   0x0800092c   0x00000022   Code   RO          179    .text.LL_APB1_GRP1_EnableClock  spi.o
    0x0800094e   0x0800094e   0x00000002   PAD
    0x08000950   0x08000950   0x00000022   Code   RO          191    .text.LL_APB1_GRP1_EnableClock  tim.o
    0x08000972   0x08000972   0x00000002   PAD
    0x08000974   0x08000974   0x00000018   Code   RO          566    .text.LL_APB1_GRP1_ForceReset  stm32f1xx_ll_spi.o
    0x0800098c   0x0800098c   0x00000018   Code   RO          568    .text.LL_APB1_GRP1_ReleaseReset  stm32f1xx_ll_spi.o
    0x080009a4   0x080009a4   0x00000022   Code   RO           13    .text.LL_APB2_GRP1_EnableClock  main.o
    0x080009c6   0x080009c6   0x00000002   PAD
    0x080009c8   0x080009c8   0x00000022   Code   RO           88    .text.LL_APB2_GRP1_EnableClock  gpio.o
    0x080009ea   0x080009ea   0x00000002   PAD
    0x080009ec   0x080009ec   0x00000022   Code   RO          151    .text.LL_APB2_GRP1_EnableClock  spi.o
    0x08000a0e   0x08000a0e   0x00000002   PAD
    0x08000a10   0x08000a10   0x00000022   Code   RO          203    .text.LL_APB2_GRP1_EnableClock  tim.o
    0x08000a32   0x08000a32   0x00000002   PAD
    0x08000a34   0x08000a34   0x00000022   Code   RO          218    .text.LL_APB2_GRP1_EnableClock  usart.o
    0x08000a56   0x08000a56   0x00000002   PAD
    0x08000a58   0x08000a58   0x00000018   Code   RO          562    .text.LL_APB2_GRP1_ForceReset  stm32f1xx_ll_spi.o
    0x08000a70   0x08000a70   0x00000018   Code   RO          564    .text.LL_APB2_GRP1_ReleaseReset  stm32f1xx_ll_spi.o
    0x08000a88   0x08000a88   0x00000010   Code   RO          257    .text.LL_DMA_ClearFlag_GI4  stm32f1xx_it.o
    0x08000a98   0x08000a98   0x00000010   Code   RO          267    .text.LL_DMA_ClearFlag_GI5  stm32f1xx_it.o
    0x08000aa8   0x08000aa8   0x00000010   Code   RO          259    .text.LL_DMA_ClearFlag_HT4  stm32f1xx_it.o
    0x08000ab8   0x08000ab8   0x00000010   Code   RO          269    .text.LL_DMA_ClearFlag_HT5  stm32f1xx_it.o
    0x08000ac8   0x08000ac8   0x00000010   Code   RO          261    .text.LL_DMA_ClearFlag_TC4  stm32f1xx_it.o
    0x08000ad8   0x08000ad8   0x00000010   Code   RO          271    .text.LL_DMA_ClearFlag_TC5  stm32f1xx_it.o
    0x08000ae8   0x08000ae8   0x00000010   Code   RO          263    .text.LL_DMA_ClearFlag_TE4  stm32f1xx_it.o
    0x08000af8   0x08000af8   0x00000010   Code   RO          273    .text.LL_DMA_ClearFlag_TE5  stm32f1xx_it.o
    0x08000b08   0x08000b08   0x00000036   Code   RO          880    .text.LL_DMA_ConfigTransfer  tft_ll.o
    0x08000b3e   0x08000b3e   0x00000002   PAD
    0x08000b40   0x08000b40   0x00000024   Code   RO          870    .text.LL_DMA_DisableChannel  tft_ll.o
    0x08000b64   0x08000b64   0x00000024   Code   RO          872    .text.LL_DMA_DisableIT_HT  tft_ll.o
    0x08000b88   0x08000b88   0x00000024   Code   RO          874    .text.LL_DMA_DisableIT_TC  tft_ll.o
    0x08000bac   0x08000bac   0x00000024   Code   RO          876    .text.LL_DMA_DisableIT_TE  tft_ll.o
    0x08000bd0   0x08000bd0   0x00000024   Code   RO          894    .text.LL_DMA_EnableChannel  tft_ll.o
    0x08000bf4   0x08000bf4   0x00000024   Code   RO          890    .text.LL_DMA_EnableIT_TC  tft_ll.o
    0x08000c18   0x08000c18   0x00000024   Code   RO          892    .text.LL_DMA_EnableIT_TE  tft_ll.o
    0x08000c3c   0x08000c3c   0x00000034   Code   RO          155    .text.LL_DMA_SetChannelPriorityLevel  spi.o
    0x08000c70   0x08000c70   0x0000003a   Code   RO          882    .text.LL_DMA_SetDataLength  tft_ll.o
    0x08000caa   0x08000caa   0x00000002   PAD
    0x08000cac   0x08000cac   0x00000036   Code   RO          153    .text.LL_DMA_SetDataTransferDirection  spi.o
    0x08000ce2   0x08000ce2   0x00000002   PAD
    0x08000ce4   0x08000ce4   0x00000024   Code   RO          884    .text.LL_DMA_SetMemoryAddress  tft_ll.o
    0x08000d08   0x08000d08   0x00000034   Code   RO          161    .text.LL_DMA_SetMemoryIncMode  spi.o
    0x08000d3c   0x08000d3c   0x00000034   Code   RO          165    .text.LL_DMA_SetMemorySize  spi.o
    0x08000d70   0x08000d70   0x00000034   Code   RO          157    .text.LL_DMA_SetMode  spi.o
    0x08000da4   0x08000da4   0x00000024   Code   RO          886    .text.LL_DMA_SetPeriphAddress  tft_ll.o
    0x08000dc8   0x08000dc8   0x00000034   Code   RO          159    .text.LL_DMA_SetPeriphIncMode  spi.o
    0x08000dfc   0x08000dfc   0x00000034   Code   RO          163    .text.LL_DMA_SetPeriphSize  spi.o
    0x08000e30   0x08000e30   0x00000018   Code   RO          534    .text.LL_EXTI_DisableEvent_0_31  stm32f1xx_ll_exti.o
    0x08000e48   0x08000e48   0x00000018   Code   RO          542    .text.LL_EXTI_DisableFallingTrig_0_31  stm32f1xx_ll_exti.o
    0x08000e60   0x08000e60   0x00000018   Code   RO          538    .text.LL_EXTI_DisableIT_0_31  stm32f1xx_ll_exti.o
    0x08000e78   0x08000e78   0x00000018   Code   RO          546    .text.LL_EXTI_DisableRisingTrig_0_31  stm32f1xx_ll_exti.o
    0x08000e90   0x08000e90   0x00000018   Code   RO          540    .text.LL_EXTI_EnableEvent_0_31  stm32f1xx_ll_exti.o
    0x08000ea8   0x08000ea8   0x00000018   Code   RO          548    .text.LL_EXTI_EnableFallingTrig_0_31  stm32f1xx_ll_exti.o
    0x08000ec0   0x08000ec0   0x00000018   Code   RO          536    .text.LL_EXTI_EnableIT_0_31  stm32f1xx_ll_exti.o
    0x08000ed8   0x08000ed8   0x00000018   Code   RO          544    .text.LL_EXTI_EnableRisingTrig_0_31  stm32f1xx_ll_exti.o
    0x08000ef0   0x08000ef0   0x000001a6   Code   RO          532    .text.LL_EXTI_Init  stm32f1xx_ll_exti.o
    0x08001096   0x08001096   0x00000002   PAD
    0x08001098   0x08001098   0x00000010   Code   RO           35    .text.LL_FLASH_GetLatency  main.o
    0x080010a8   0x080010a8   0x0000001c   Code   RO           33    .text.LL_FLASH_SetLatency  main.o
    0x080010c4   0x080010c4   0x00000016   Code   RO          205    .text.LL_GPIO_AF_EnableRemap_TIM3  tim.o
    0x080010da   0x080010da   0x00000002   PAD
    0x080010dc   0x080010dc   0x00000018   Code   RO           25    .text.LL_GPIO_AF_Remap_SWJ_NOJTAG  main.o
    0x080010f4   0x080010f4   0x00000038   Code   RO           94    .text.LL_GPIO_AF_SetEXTISource  gpio.o
    0x0800112c   0x0800112c   0x00000230   Code   RO          293    .text.LL_GPIO_Init  stm32f1xx_ll_gpio.o
    0x0800135c   0x0800135c   0x00000012   Code   RO           90    .text.LL_GPIO_ResetOutputPin  gpio.o
    0x0800136e   0x0800136e   0x00000002   PAD
    0x08001370   0x08001370   0x00000012   Code   RO          934    .text.LL_GPIO_ResetOutputPin  tft_ll.o
    0x08001382   0x08001382   0x00000002   PAD
    0x08001384   0x08001384   0x00000012   Code   RO           29    .text.LL_GPIO_SetOutputPin  main.o
    0x08001396   0x08001396   0x00000002   PAD
    0x08001398   0x08001398   0x00000012   Code   RO           92    .text.LL_GPIO_SetOutputPin  gpio.o
    0x080013aa   0x080013aa   0x00000002   PAD
    0x080013ac   0x080013ac   0x00000012   Code   RO          936    .text.LL_GPIO_SetOutputPin  tft_ll.o
    0x080013be   0x080013be   0x00000002   PAD
    0x080013c0   0x080013c0   0x00000034   Code   RO           96    .text.LL_GPIO_SetPinMode  gpio.o
    0x080013f4   0x080013f4   0x00000034   Code   RO          297    .text.LL_GPIO_SetPinMode  stm32f1xx_ll_gpio.o
    0x08001428   0x08001428   0x00000034   Code   RO          301    .text.LL_GPIO_SetPinOutputType  stm32f1xx_ll_gpio.o
    0x0800145c   0x0800145c   0x0000002a   Code   RO          295    .text.LL_GPIO_SetPinPull  stm32f1xx_ll_gpio.o
    0x08001486   0x08001486   0x00000002   PAD
    0x08001488   0x08001488   0x00000034   Code   RO          299    .text.LL_GPIO_SetPinSpeed  stm32f1xx_ll_gpio.o
    0x080014bc   0x080014bc   0x00000026   Code   RO          303    .text.LL_GPIO_StructInit  stm32f1xx_ll_gpio.o
    0x080014e2   0x080014e2   0x00000002   PAD
    0x080014e4   0x080014e4   0x00000028   Code   RO          249    .text.LL_GPIO_TogglePin  stm32f1xx_it.o
    0x0800150c   0x0800150c   0x00000014   Code   RO          466    .text.LL_Init1msTick  stm32f1xx_ll_utils.o
    0x08001520   0x08001520   0x00000036   Code   RO          468    .text.LL_InitTick   stm32f1xx_ll_utils.o
    0x08001556   0x08001556   0x00000002   PAD
    0x08001558   0x08001558   0x00000012   Code   RO           41    .text.LL_PWR_EnableBkUpAccess  main.o
    0x0800156a   0x0800156a   0x00000002   PAD
    0x0800156c   0x0800156c   0x00000012   Code   RO          134    .text.LL_PWR_EnableBkUpAccess  rtc.o
    0x0800157e   0x0800157e   0x00000002   PAD
    0x08001580   0x08001580   0x00000012   Code   RO           55    .text.LL_RCC_EnableRTC  main.o
    0x08001592   0x08001592   0x00000002   PAD
    0x08001594   0x08001594   0x00000012   Code   RO          138    .text.LL_RCC_EnableRTC  rtc.o
    0x080015a6   0x080015a6   0x00000002   PAD
    0x080015a8   0x080015a8   0x00000012   Code   RO           45    .text.LL_RCC_ForceBackupDomainReset  main.o
    0x080015ba   0x080015ba   0x00000002   PAD
    0x080015bc   0x080015bc   0x00000010   Code   RO          446    .text.LL_RCC_GetAHBPrescaler  stm32f1xx_ll_rcc.o
    0x080015cc   0x080015cc   0x00000010   Code   RO          448    .text.LL_RCC_GetAPB1Prescaler  stm32f1xx_ll_rcc.o
    0x080015dc   0x080015dc   0x00000010   Code   RO          450    .text.LL_RCC_GetAPB2Prescaler  stm32f1xx_ll_rcc.o
    0x080015ec   0x080015ec   0x00000010   Code   RO           43    .text.LL_RCC_GetRTCClockSource  main.o
    0x080015fc   0x080015fc   0x00000010   Code   RO           71    .text.LL_RCC_GetSysClkSource  main.o
    0x0800160c   0x0800160c   0x00000010   Code   RO          418    .text.LL_RCC_GetSysClkSource  stm32f1xx_ll_rcc.o
    0x0800161c   0x0800161c   0x00000036   Code   RO          426    .text.LL_RCC_GetSystemClocksFreq  stm32f1xx_ll_rcc.o
    0x08001652   0x08001652   0x00000002   PAD
    0x08001654   0x08001654   0x00000012   Code   RO           37    .text.LL_RCC_HSE_Enable  main.o
    0x08001666   0x08001666   0x00000002   PAD
    0x08001668   0x08001668   0x00000010   Code   RO           39    .text.LL_RCC_HSE_IsReady  main.o
    0x08001678   0x08001678   0x00000012   Code   RO           49    .text.LL_RCC_LSE_Enable  main.o
    0x0800168a   0x0800168a   0x00000002   PAD
    0x0800168c   0x0800168c   0x00000010   Code   RO           51    .text.LL_RCC_LSE_IsReady  main.o
    0x0800169c   0x0800169c   0x00000026   Code   RO           57    .text.LL_RCC_PLL_ConfigDomain_SYS  main.o
    0x080016c2   0x080016c2   0x00000002   PAD
    0x080016c4   0x080016c4   0x00000012   Code   RO           59    .text.LL_RCC_PLL_Enable  main.o
    0x080016d6   0x080016d6   0x00000002   PAD
    0x080016d8   0x080016d8   0x00000010   Code   RO          452    .text.LL_RCC_PLL_GetMainSource  stm32f1xx_ll_rcc.o
    0x080016e8   0x080016e8   0x00000010   Code   RO          456    .text.LL_RCC_PLL_GetMultiplicator  stm32f1xx_ll_rcc.o
    0x080016f8   0x080016f8   0x00000010   Code   RO          454    .text.LL_RCC_PLL_GetPrediv  stm32f1xx_ll_rcc.o
    0x08001708   0x08001708   0x00000010   Code   RO           61    .text.LL_RCC_PLL_IsReady  main.o
    0x08001718   0x08001718   0x00000012   Code   RO           47    .text.LL_RCC_ReleaseBackupDomainReset  main.o
    0x0800172a   0x0800172a   0x00000002   PAD
    0x0800172c   0x0800172c   0x0000001c   Code   RO           63    .text.LL_RCC_SetAHBPrescaler  main.o
    0x08001748   0x08001748   0x0000001c   Code   RO           65    .text.LL_RCC_SetAPB1Prescaler  main.o
    0x08001764   0x08001764   0x0000001c   Code   RO           67    .text.LL_RCC_SetAPB2Prescaler  main.o
    0x08001780   0x08001780   0x0000001c   Code   RO           53    .text.LL_RCC_SetRTCClockSource  main.o
    0x0800179c   0x0800179c   0x0000001c   Code   RO           69    .text.LL_RCC_SetSysClkSource  main.o
    0x080017b8   0x080017b8   0x00000012   Code   RO          366    .text.LL_RTC_ClearFlag_ALR  stm32f1xx_ll_rtc.o
    0x080017ca   0x080017ca   0x00000002   PAD
    0x080017cc   0x080017cc   0x00000012   Code   RO          368    .text.LL_RTC_ClearFlag_OW  stm32f1xx_ll_rtc.o
    0x080017de   0x080017de   0x00000002   PAD
    0x080017e0   0x080017e0   0x00000012   Code   RO          360    .text.LL_RTC_ClearFlag_RS  stm32f1xx_ll_rtc.o
    0x080017f2   0x080017f2   0x00000002   PAD
    0x080017f4   0x080017f4   0x00000012   Code   RO          370    .text.LL_RTC_ClearFlag_SEC  stm32f1xx_ll_rtc.o
    0x08001806   0x08001806   0x00000002   PAD
    0x08001808   0x08001808   0x00000012   Code   RO          352    .text.LL_RTC_DisableWriteProtection  stm32f1xx_ll_rtc.o
    0x0800181a   0x0800181a   0x00000002   PAD
    0x0800181c   0x0800181c   0x00000012   Code   RO          362    .text.LL_RTC_EnableWriteProtection  stm32f1xx_ll_rtc.o
    0x0800182e   0x0800182e   0x00000002   PAD
    0x08001830   0x08001830   0x00000098   Code   RO          354    .text.LL_RTC_EnterInitMode  stm32f1xx_ll_rtc.o
    0x080018c8   0x080018c8   0x00000098   Code   RO          356    .text.LL_RTC_ExitInitMode  stm32f1xx_ll_rtc.o
    0x08001960   0x08001960   0x000000fe   Code   RO          364    .text.LL_RTC_Init   stm32f1xx_ll_rtc.o
    0x08001a5e   0x08001a5e   0x00000002   PAD
    0x08001a60   0x08001a60   0x00000010   Code   RO          400    .text.LL_RTC_IsActiveFlag_RS  stm32f1xx_ll_rtc.o
    0x08001a70   0x08001a70   0x00000010   Code   RO          392    .text.LL_RTC_IsActiveFlag_RTOF  stm32f1xx_ll_rtc.o
    0x08001a80   0x08001a80   0x0000002a   Code   RO          140    .text.LL_RTC_SetAsynchPrescaler  rtc.o
    0x08001aaa   0x08001aaa   0x00000002   PAD
    0x08001aac   0x08001aac   0x0000002a   Code   RO          376    .text.LL_RTC_SetAsynchPrescaler  stm32f1xx_ll_rtc.o
    0x08001ad6   0x08001ad6   0x00000002   PAD
    0x08001ad8   0x08001ad8   0x0000001a   Code   RO          374    .text.LL_RTC_SetOutputSource  stm32f1xx_ll_rtc.o
    0x08001af2   0x08001af2   0x00000002   PAD
    0x08001af4   0x08001af4   0x00000018   Code   RO          372    .text.LL_RTC_TAMPER_Disable  stm32f1xx_ll_rtc.o
    0x08001b0c   0x08001b0c   0x000001d8   Code   RO          380    .text.LL_RTC_TIME_Init  stm32f1xx_ll_rtc.o
    0x08001ce4   0x08001ce4   0x0000001a   Code   RO          382    .text.LL_RTC_TIME_Set  stm32f1xx_ll_rtc.o
    0x08001cfe   0x08001cfe   0x00000002   PAD
    0x08001d00   0x08001d00   0x00000098   Code   RO          358    .text.LL_RTC_WaitForSynchro  stm32f1xx_ll_rtc.o
    0x08001d98   0x08001d98   0x0000000c   Code   RO          888    .text.LL_SPI_DMA_GetRegAddr  tft_ll.o
    0x08001da4   0x08001da4   0x000000ce   Code   RO          560    .text.LL_SPI_DeInit  stm32f1xx_ll_spi.o
    0x08001e72   0x08001e72   0x00000002   PAD
    0x08001e74   0x08001e74   0x00000012   Code   RO          866    .text.LL_SPI_DisableDMAReq_RX  tft_ll.o
    0x08001e86   0x08001e86   0x00000002   PAD
    0x08001e88   0x08001e88   0x00000012   Code   RO          868    .text.LL_SPI_DisableDMAReq_TX  tft_ll.o
    0x08001e9a   0x08001e9a   0x00000002   PAD
    0x08001e9c   0x08001e9c   0x00000012   Code   RO          860    .text.LL_SPI_DisableIT_ERR  tft_ll.o
    0x08001eae   0x08001eae   0x00000002   PAD
    0x08001eb0   0x08001eb0   0x00000012   Code   RO          792    .text.LL_SPI_DisableIT_RXNE  spi_handler.o
    0x08001ec2   0x08001ec2   0x00000002   PAD
    0x08001ec4   0x08001ec4   0x00000012   Code   RO          862    .text.LL_SPI_DisableIT_RXNE  tft_ll.o
    0x08001ed6   0x08001ed6   0x00000002   PAD
    0x08001ed8   0x08001ed8   0x00000012   Code   RO          786    .text.LL_SPI_DisableIT_TXE  spi_handler.o
    0x08001eea   0x08001eea   0x00000002   PAD
    0x08001eec   0x08001eec   0x00000012   Code   RO          864    .text.LL_SPI_DisableIT_TXE  tft_ll.o
    0x08001efe   0x08001efe   0x00000002   PAD
    0x08001f00   0x08001f00   0x00000012   Code   RO          175    .text.LL_SPI_Enable  spi.o
    0x08001f12   0x08001f12   0x00000002   PAD
    0x08001f14   0x08001f14   0x00000012   Code   RO          852    .text.LL_SPI_EnableDMAReq_RX  tft_ll.o
    0x08001f26   0x08001f26   0x00000002   PAD
    0x08001f28   0x08001f28   0x00000012   Code   RO          846    .text.LL_SPI_EnableDMAReq_TX  tft_ll.o
    0x08001f3a   0x08001f3a   0x00000002   PAD
    0x08001f3c   0x08001f3c   0x00000012   Code   RO          854    .text.LL_SPI_EnableIT_RXNE  tft_ll.o
    0x08001f4e   0x08001f4e   0x00000002   PAD
    0x08001f50   0x08001f50   0x00000012   Code   RO          850    .text.LL_SPI_EnableIT_TXE  tft_ll.o
    0x08001f62   0x08001f62   0x00000002   PAD
    0x08001f64   0x08001f64   0x000002a6   Code   RO          570    .text.LL_SPI_Init   stm32f1xx_ll_spi.o
    0x0800220a   0x0800220a   0x00000002   PAD
    0x0800220c   0x0800220c   0x00000010   Code   RO          788    .text.LL_SPI_IsActiveFlag_RXNE  spi_handler.o
    0x0800221c   0x0800221c   0x00000010   Code   RO          782    .text.LL_SPI_IsActiveFlag_TXE  spi_handler.o
    0x0800222c   0x0800222c   0x00000010   Code   RO          572    .text.LL_SPI_IsEnabled  stm32f1xx_ll_spi.o
    0x0800223c   0x0800223c   0x00000010   Code   RO          790    .text.LL_SPI_IsEnabledIT_RXNE  spi_handler.o
    0x0800224c   0x0800224c   0x00000010   Code   RO          784    .text.LL_SPI_IsEnabledIT_TXE  spi_handler.o
    0x0800225c   0x0800225c   0x0000000c   Code   RO          858    .text.LL_SPI_ReceiveData8  tft_ll.o
    0x08002268   0x08002268   0x00000012   Code   RO          574    .text.LL_SPI_SetCRCPolynomial  stm32f1xx_ll_spi.o
    0x0800227a   0x0800227a   0x00000002   PAD
    0x0800227c   0x0800227c   0x0000001a   Code   RO          848    .text.LL_SPI_TransmitData8  tft_ll.o
    0x08002296   0x08002296   0x00000002   PAD
    0x08002298   0x08002298   0x00000012   Code   RO           31    .text.LL_SYSTICK_EnableIT  main.o
    0x080022aa   0x080022aa   0x00000002   PAD
    0x080022ac   0x080022ac   0x00000010   Code   RO          394    .text.LL_SYSTICK_IsActiveCounterFlag  stm32f1xx_ll_rtc.o
    0x080022bc   0x080022bc   0x00000014   Code   RO          472    .text.LL_SetSystemCoreClock  stm32f1xx_ll_utils.o
    0x080022d0   0x080022d0   0x00000012   Code   RO          193    .text.LL_TIM_DisableARRPreload  tim.o
    0x080022e2   0x080022e2   0x00000002   PAD
    0x080022e4   0x080022e4   0x00000012   Code   RO          201    .text.LL_TIM_DisableMasterSlaveMode  tim.o
    0x080022f6   0x080022f6   0x00000002   PAD
    0x080022f8   0x080022f8   0x00000012   Code   RO          629    .text.LL_TIM_GenerateEvent_UPDATE  stm32f1xx_ll_tim.o
    0x0800230a   0x0800230a   0x00000002   PAD
    0x0800230c   0x0800230c   0x0000023a   Code   RO          621    .text.LL_TIM_Init   stm32f1xx_ll_tim.o
    0x08002546   0x08002546   0x00000002   PAD
    0x08002548   0x08002548   0x000000b2   Code   RO          197    .text.LL_TIM_OC_DisableFast  tim.o
    0x080025fa   0x080025fa   0x00000002   PAD
    0x080025fc   0x080025fc   0x000000b2   Code   RO          195    .text.LL_TIM_OC_EnablePreload  tim.o
    0x080026ae   0x080026ae   0x00000002   PAD
    0x080026b0   0x080026b0   0x00000078   Code   RO          633    .text.LL_TIM_OC_Init  stm32f1xx_ll_tim.o
    0x08002728   0x08002728   0x00000010   Code   RO          671    .text.LL_TIM_OC_SetCompareCH1  stm32f1xx_ll_tim.o
    0x08002738   0x08002738   0x00000010   Code   RO          665    .text.LL_TIM_OC_SetCompareCH2  stm32f1xx_ll_tim.o
    0x08002748   0x08002748   0x00000010   Code   RO          673    .text.LL_TIM_OC_SetCompareCH3  stm32f1xx_ll_tim.o
    0x08002758   0x08002758   0x00000010   Code   RO          675    .text.LL_TIM_OC_SetCompareCH4  stm32f1xx_ll_tim.o
    0x08002768   0x08002768   0x00000010   Code   RO          623    .text.LL_TIM_SetAutoReload  stm32f1xx_ll_tim.o
    0x08002778   0x08002778   0x00000010   Code   RO          625    .text.LL_TIM_SetPrescaler  stm32f1xx_ll_tim.o
    0x08002788   0x08002788   0x00000010   Code   RO          627    .text.LL_TIM_SetRepetitionCounter  stm32f1xx_ll_tim.o
    0x08002798   0x08002798   0x0000001a   Code   RO          199    .text.LL_TIM_SetTriggerOutput  tim.o
    0x080027b2   0x080027b2   0x00000002   PAD
    0x080027b4   0x080027b4   0x0000001c   Code   RO          220    .text.LL_USART_ConfigAsyncMode  usart.o
    0x080027d0   0x080027d0   0x00000012   Code   RO          222    .text.LL_USART_Enable  usart.o
    0x080027e2   0x080027e2   0x00000002   PAD
    0x080027e4   0x080027e4   0x000002a8   Code   RO          695    .text.LL_USART_Init  stm32f1xx_ll_usart.o
    0x08002a8c   0x08002a8c   0x00000010   Code   RO          697    .text.LL_USART_IsEnabled  stm32f1xx_ll_usart.o
    0x08002a9c   0x08002a9c   0x0000004e   Code   RO          703    .text.LL_USART_SetBaudRate  stm32f1xx_ll_usart.o
    0x08002aea   0x08002aea   0x00000002   PAD
    0x08002aec   0x08002aec   0x0000001a   Code   RO          701    .text.LL_USART_SetHWFlowCtrl  stm32f1xx_ll_usart.o
    0x08002b06   0x08002b06   0x00000002   PAD
    0x08002b08   0x08002b08   0x0000001a   Code   RO          699    .text.LL_USART_SetStopBitsLength  stm32f1xx_ll_usart.o
    0x08002b22   0x08002b22   0x00000002   PAD
    0x08002b24   0x08002b24   0x0000004a   Code   RO          470    .text.LL_mDelay     stm32f1xx_ll_utils.o
    0x08002b6e   0x08002b6e   0x00000002   PAD
    0x08002b70   0x08002b70   0x0000003a   Code   RO          757    .text.Lcd_WriteData_16Bit  tft.o
    0x08002baa   0x08002baa   0x00000002   PAD
    0x08002bac   0x08002bac   0x00000080   Code   RO          113    .text.MX_DMA_Init   dma.o
    0x08002c2c   0x08002c2c   0x000001bc   Code   RO           86    .text.MX_GPIO_Init  gpio.o
    0x08002de8   0x08002de8   0x00000062   Code   RO          132    .text.MX_RTC_Init   rtc.o
    0x08002e4a   0x08002e4a   0x00000002   PAD
    0x08002e4c   0x08002e4c   0x00000156   Code   RO          149    .text.MX_SPI1_Init  spi.o
    0x08002fa2   0x08002fa2   0x00000002   PAD
    0x08002fa4   0x08002fa4   0x00000156   Code   RO          177    .text.MX_SPI2_Init  spi.o
    0x080030fa   0x080030fa   0x00000002   PAD
    0x080030fc   0x080030fc   0x000000c0   Code   RO          189    .text.MX_TIM3_Init  tim.o
    0x080031bc   0x080031bc   0x000000a0   Code   RO          216    .text.MX_USART1_UART_Init  usart.o
    0x0800325c   0x0800325c   0x00000004   Code   RO          235    .text.MemManage_Handler  stm32f1xx_it.o
    0x08003260   0x08003260   0x00000004   Code   RO          231    .text.NMI_Handler   stm32f1xx_it.o
    0x08003264   0x08003264   0x0000006c   Code   RO           21    .text.NVIC_EncodePriority  main.o
    0x080032d0   0x080032d0   0x0000006c   Code   RO          119    .text.NVIC_EncodePriority  dma.o
    0x0800333c   0x0800333c   0x0000006c   Code   RO          169    .text.NVIC_EncodePriority  spi.o
    0x080033a8   0x080033a8   0x00000290   Code   RO          635    .text.OC1Config     stm32f1xx_ll_tim.o
    0x08003638   0x08003638   0x00000298   Code   RO          637    .text.OC2Config     stm32f1xx_ll_tim.o
    0x080038d0   0x080038d0   0x00000296   Code   RO          639    .text.OC3Config     stm32f1xx_ll_tim.o
    0x08003b66   0x08003b66   0x00000002   PAD
    0x08003b68   0x08003b68   0x00000268   Code   RO          641    .text.OC4Config     stm32f1xx_ll_tim.o
    0x08003dd0   0x08003dd0   0x00000002   Code   RO          245    .text.PendSV_Handler  stm32f1xx_it.o
    0x08003dd2   0x08003dd2   0x00000002   PAD
    0x08003dd4   0x08003dd4   0x00000026   Code   RO          430    .text.RCC_GetHCLKClockFreq  stm32f1xx_ll_rcc.o
    0x08003dfa   0x08003dfa   0x00000002   PAD
    0x08003dfc   0x08003dfc   0x00000024   Code   RO          432    .text.RCC_GetPCLK1ClockFreq  stm32f1xx_ll_rcc.o
    0x08003e20   0x08003e20   0x00000024   Code   RO          434    .text.RCC_GetPCLK2ClockFreq  stm32f1xx_ll_rcc.o
    0x08003e44   0x08003e44   0x00000056   Code   RO          428    .text.RCC_GetSystemClockFreq  stm32f1xx_ll_rcc.o
    0x08003e9a   0x08003e9a   0x00000002   PAD
    0x08003e9c   0x08003e9c   0x00000068   Code   RO          440    .text.RCC_PLL_GetFreqDomain_SYS  stm32f1xx_ll_rcc.o
    0x08003f04   0x08003f04   0x00000010   Code   RO          275    .text.SPI1_IRQHandler  stm32f1xx_it.o
    0x08003f14   0x08003f14   0x0000001e   Code   RO          277    .text.SPI2_IRQHandler  stm32f1xx_it.o
    0x08003f32   0x08003f32   0x00000002   PAD
    0x08003f34   0x08003f34   0x00000002   Code   RO          241    .text.SVC_Handler   stm32f1xx_it.o
    0x08003f36   0x08003f36   0x00000002   PAD
    0x08003f38   0x08003f38   0x00000044   Code   RO          247    .text.SysTick_Handler  stm32f1xx_it.o
    0x08003f7c   0x08003f7c   0x000000d0   Code   RO           27    .text.SystemClock_Config  main.o
    0x0800404c   0x0800404c   0x00000002   Code   RO          721    .text.SystemInit    system_stm32f1xx.o
    0x0800404e   0x0800404e   0x00000002   PAD
    0x08004050   0x08004050   0x00000004   Code   RO          239    .text.UsageFault_Handler  stm32f1xx_it.o
    0x08004054   0x08004054   0x00000030   Code   RO          123    .text.__NVIC_EnableIRQ  dma.o
    0x08004084   0x08004084   0x00000030   Code   RO          173    .text.__NVIC_EnableIRQ  spi.o
    0x080040b4   0x080040b4   0x00000010   Code   RO           23    .text.__NVIC_GetPriorityGrouping  main.o
    0x080040c4   0x080040c4   0x00000010   Code   RO          121    .text.__NVIC_GetPriorityGrouping  dma.o
    0x080040d4   0x080040d4   0x00000010   Code   RO          171    .text.__NVIC_GetPriorityGrouping  spi.o
    0x080040e4   0x080040e4   0x00000042   Code   RO           19    .text.__NVIC_SetPriority  main.o
    0x08004126   0x08004126   0x00000002   PAD
    0x08004128   0x08004128   0x00000042   Code   RO          117    .text.__NVIC_SetPriority  dma.o
    0x0800416a   0x0800416a   0x00000002   PAD
    0x0800416c   0x0800416c   0x00000042   Code   RO          167    .text.__NVIC_SetPriority  spi.o
    0x080041ae   0x080041ae   0x00000002   PAD
    0x080041b0   0x080041b0   0x0000003c   Code   RO           17    .text.__NVIC_SetPriorityGrouping  main.o
    0x080041ec   0x080041ec   0x0000000a   Code   RO           75    .text.assert_failed  main.o
    0x080041f6   0x080041f6   0x00000002   PAD
    0x080041f8   0x080041f8   0x0000003e   Code   RO          778    .text.createHandler  spi_handler.o
    0x08004236   0x08004236   0x00000002   PAD
    0x08004238   0x08004238   0x0000007c   Code   RO          104    .text.deInitParal_TFT  gpio.o
    0x080042b4   0x080042b4   0x00000032   Code   RO          102    .text.deInitSPI_TFT  gpio.o
    0x080042e6   0x080042e6   0x00000002   PAD
    0x080042e8   0x080042e8   0x00000014   Code   RO          878    .text.disableTFTCommunication  tft_ll.o
    0x080042fc   0x080042fc   0x00000014   Code   RO          838    .text.enableTFTCommunication  tft_ll.o
    0x08004310   0x08004310   0x00000052   Code   RO          774    .text.findHandler   spi_handler.o
    0x08004362   0x08004362   0x00000002   PAD
    0x08004364   0x08004364   0x0000008e   Code   RO          776    .text.findOrCreateHandler  spi_handler.o
    0x080043f2   0x080043f2   0x00000002   PAD
    0x080043f4   0x080043f4   0x000000f2   Code   RO          856    .text.finishTransmission  tft_ll.o
    0x080044e6   0x080044e6   0x00000002   PAD
    0x080044e8   0x080044e8   0x00000144   Code   RO          844    .text.initDMA       tft_ll.o
    0x0800462c   0x0800462c   0x00000088   Code   RO          810    .text.initFifo      fifo.o
    0x080046b4   0x080046b4   0x000000ae   Code   RO          100    .text.initParal_TFT  gpio.o
    0x08004762   0x08004762   0x00000002   PAD
    0x08004764   0x08004764   0x0000003a   Code   RO          828    .text.initPerifTFT  tft_ll.o
    0x0800479e   0x0800479e   0x00000002   PAD
    0x080047a0   0x080047a0   0x00000084   Code   RO           98    .text.initSPI_TFT   gpio.o
    0x08004824   0x08004824   0x0000045c   Code   RO          741    .text.initTFT       tft.o
    0x08004c80   0x08004c80   0x000000b4   Code   RO          826    .text.initTFT_LL    tft_ll.o
    0x08004d34   0x08004d34   0x000000a8   Code   RO           11    .text.main          main.o
    0x08004ddc   0x08004ddc   0x00000084   Code   RO          806    .text.pop           fifo.o
    0x08004e60   0x08004e60   0x000000e8   Code   RO          830    .text.processMsg    tft_ll.o
    0x08004f48   0x08004f48   0x0000007e   Code   RO          808    .text.push          fifo.o
    0x08004fc6   0x08004fc6   0x00000002   PAD
    0x08004fc8   0x08004fc8   0x00000032   Code   RO          932    .text.rebootTFT     tft_ll.o
    0x08004ffa   0x08004ffa   0x00000002   PAD
    0x08004ffc   0x08004ffc   0x000000b2   Code   RO          794    .text.registerHandler  spi_handler.o
    0x080050ae   0x080050ae   0x00000002   PAD
    0x080050b0   0x080050b0   0x00000014   Code   RO          842    .text.selectCommand  tft_ll.o
    0x080050c4   0x080050c4   0x00000014   Code   RO          840    .text.selectData    tft_ll.o
    0x080050d8   0x080050d8   0x0000014e   Code   RO          780    .text.spiInterruptHandler  spi_handler.o
    0x08005226   0x08005226   0x00000002   PAD
    0x08005228   0x08005228   0x000000ca   Code   RO          832    .text.tftSpiHandler  tft_ll.o
    0x080052f2   0x080052f2   0x00000002   PAD
    0x080052f4   0x080052f4   0x0000019c   Code   RO          836    .text.transCurMsg   tft_ll.o
    0x08005490   0x08005490   0x00000208   Code   RO          834    .text.transNewMsg   tft_ll.o
    0x08005698   0x08005698   0x00000010   Data   RO          726    .rodata.AHBPrescTable  system_stm32f1xx.o
    0x080056a8   0x080056a8   0x00000008   Data   RO          727    .rodata.APBPrescTable  system_stm32f1xx.o
    0x080056b0   0x080056b0   0x00000007   Data   RO          181    .rodata.CHANNEL_OFFSET_TAB  spi.o
    0x080056b7   0x080056b7   0x00000007   Data   RO          951    .rodata.CHANNEL_OFFSET_TAB  tft_ll.o
    0x080056be   0x080056be   0x00000007   Data   RO          207    .rodata.OFFSET_TAB_CCMRx  tim.o
    0x080056c5   0x080056c5   0x00000007   Data   RO          208    .rodata.SHIFT_TAB_OCxx  tim.o
    0x080056cc   0x080056cc   0x0000afc8   Data   RO         1061    .rodata.gImage_LOGO_MAIN2  logo_main2.o
    0x08010694   0x08010694   0x00000038   Data   RO          305    .rodata.str1.1      stm32f1xx_ll_gpio.o
    0x080106cc   0x080106cc   0x00000037   Data   RO          402    .rodata.str1.1      stm32f1xx_ll_rtc.o
    0x08010703   0x08010703   0x00000038   Data   RO          552    .rodata.str1.1      stm32f1xx_ll_exti.o
    0x0801073b   0x0801073b   0x00000037   Data   RO          588    .rodata.str1.1      stm32f1xx_ll_spi.o
    0x08010772   0x08010772   0x00000037   Data   RO          677    .rodata.str1.1      stm32f1xx_ll_tim.o
    0x080107a9   0x080107a9   0x00000039   Data   RO          713    .rodata.str1.1      stm32f1xx_ll_usart.o
    0x080107e2   0x080107e2   0x00000002   PAD
    0x080107e4   0x080107e4   0x00000020   Data   RO         1350    Region$$Table       anon$$obj.o


    Execution Region RW_IRAM1 (Exec base: 0x20000000, Load base: 0x08010808, Size: 0x000006a0, Max: 0x0000c000, ABSOLUTE)

    Exec Addr    Load Addr    Size         Type   Attr      Idx    E Section Name        Object

    0x20000000   0x08010808   0x00000004   Data   RW          725    .data.SystemCoreClock  system_stm32f1xx.o
    0x20000004   0x0801080c   0x00000001   Data   RW          942    .data.dummyByte     tft_ll.o
    0x20000005   0x0801080d   0x00000003   PAD
    0x20000008        -       0x00000060   Zero   RW         1226    .bss                c_w.l(libspace.o)
    0x20000068        -       0x00000004   Zero   RW           77    .bss._1ms_cnt       main.o
    0x2000006c        -       0x00000002   Zero   RW          947    .bss.curEl          tft_ll.o
    0x2000006e   0x0801080d   0x00000002   PAD
    0x20000070        -       0x00000004   Zero   RW          946    .bss.curMsg         tft_ll.o
    0x20000074        -       0x00000001   Zero   RW          948    .bss.firstByte      tft_ll.o
    0x20000075        -       0x00000001   Zero   RW          798    .bss.hCnt           spi_handler.o
    0x20000076   0x0801080d   0x00000002   PAD
    0x20000078        -       0x00000004   Zero   RW          796    .bss.handlerList    spi_handler.o
    0x2000007c        -       0x00000004   Zero   RW          949    .bss.handlerStatus  tft_ll.o
    0x20000080        -       0x00000001   Zero   RW          279    .bss.itCnt          stm32f1xx_it.o
    0x20000081   0x0801080d   0x00000001   PAD
    0x20000082        -       0x0000000e   Zero   RW          763    .bss.lcddev         tft.o
    0x20000090        -       0x00000004   Zero   RW          945    .bss.msgFifo        tft_ll.o
    0x20000094        -       0x00000001   Zero   RW          797    .bss.spiStep        spi_handler.o
    0x20000095        -       0x00000001   Zero   RW          943    .bss.step           tft_ll.o
    0x20000096        -       0x00000001   Zero   RW          944    .bss.tCnt           tft_ll.o
    0x20000097   0x0801080d   0x00000001   PAD
    0x20000098        -       0x00000004   Zero   RW          950    .bss.tftStatus      tft_ll.o
    0x2000009c   0x0801080d   0x00000004   PAD
    0x200000a0        -       0x00000200   Zero   RW            2    HEAP                startup_stm32f103xe.o
    0x200002a0        -       0x00000400   Zero   RW            1    STACK               startup_stm32f103xe.o


==============================================================================

Image component sizes


      Code (inc. data)   RO Data    RW Data    ZI Data      Debug   Object Name

       400          0          0          0          0       4485   dma.o
       394          0          0          0          0       2549   fifo.o
      1102          0          0          0          0       3281   gpio.o
       164          0          0          0          0      10036   gui.o
         0          0      45000          0          0        425   logo_main2.o
      1192          0          0          0          4       8546   main.o
       210          0          0          0          0       2147   rtc.o
      1374          0          7          0          0       7263   spi.o
       898          0          0          0          6       3806   spi_handler.o
        64         26        304          0       1536        804   startup_stm32f103xe.o
       400          0          0          0          1       3594   stm32f1xx_it.o
       614          0         56          0          0       2844   stm32f1xx_ll_exti.o
       796          0         56          0          0       3254   stm32f1xx_ll_gpio.o
       466          0          0          0          0       4556   stm32f1xx_ll_rcc.o
      1456          0         55          0          0       7101   stm32f1xx_ll_rtc.o
      1014          0         55          0          0       4564   stm32f1xx_ll_spi.o
      3418          0         55          0          0       9053   stm32f1xx_ll_tim.o
       826          0         57          0          0       4301   stm32f1xx_ll_usart.o
       168          0          0          0          0       6181   stm32f1xx_ll_utils.o
         2          0         24          4          0       1569   system_stm32f1xx.o
      1844          4          0          0         14       3704   tft.o
      2984          0          7          1         21      11704   tft_ll.o
       700          0         14          0          0       3927   tim.o
       240          0          0          0          0       2199   usart.o

    ----------------------------------------------------------------------
     20944         30      45724          8       1592     111893   Object Totals
         0          0         32          0          0          0   (incl. Generated)
       218          0          2          3         10          0   (incl. Padding)

    ----------------------------------------------------------------------

      Code (inc. data)   RO Data    RW Data    ZI Data      Debug   Library Member Name

         8          0          0          0          0         68   __main.o
         0          0          0          0          0          0   __rtentry.o
        12          0          0          0          0          0   __rtentry2.o
         6          0          0          0          0          0   __rtentry4.o
        52          8          0          0          0          0   __scatter.o
        26          0          0          0          0          0   __scatter_copy.o
        28          0          0          0          0          0   __scatter_zi.o
        10          0          0          0          0         68   defsig_exit.o
        50          0          0          0          0         88   defsig_general.o
        80         58          0          0          0         76   defsig_rtmem_inner.o
        14          0          0          0          0         80   defsig_rtmem_outer.o
        18          0          0          0          0         80   exit.o
        94          0          0          0          0         80   h1_alloc.o
        52          0          0          0          0         68   h1_extend.o
        78          0          0          0          0         80   h1_free.o
        14          0          0          0          0         84   h1_init.o
         6          0          0          0          0        152   heapauxi.o
         4          0          0          0          0        136   hguard.o
         0          0          0          0          0          0   indicate_semi.o
       138          0          0          0          0        168   init_alloc.o
         2          0          0          0          0          0   libinit.o
        10          0          0          0          0          0   libinit2.o
         2          0          0          0          0          0   libshutdown.o
         2          0          0          0          0          0   libshutdown2.o
         8          4          0          0         96         68   libspace.o
         0          0          0          0          0          0   maybetermalloc1.o
         8          4          0          0          0         68   rt_heap_descriptor_intlibspace.o
        78          0          0          0          0         80   rt_memclr_w.o
         2          0          0          0          0          0   rtexit.o
        10          0          0          0          0          0   rtexit2.o
        12          4          0          0          0         68   sys_exit.o
        74          0          0          0          0         80   sys_stackheap_outer.o
        14          0          0          0          0         76   sys_wrch.o
         2          0          0          0          0         68   use_no_semi.o

    ----------------------------------------------------------------------
       920         78          0          0         96       1736   Library Totals
         6          0          0          0          0          0   (incl. Padding)

    ----------------------------------------------------------------------

      Code (inc. data)   RO Data    RW Data    ZI Data      Debug   Library Name

       914         78          0          0         96       1736   c_w.l

    ----------------------------------------------------------------------
       920         78          0          0         96       1736   Library Totals

    ----------------------------------------------------------------------

==============================================================================


      Code (inc. data)   RO Data    RW Data    ZI Data      Debug   

     21864        108      45724          8       1688     112373   Grand Totals
     21864        108      45724          8       1688     112373   ELF Image Totals
     21864        108      45724          8          0          0   ROM Totals

==============================================================================

    Total RO  Size (Code + RO Data)                67588 (  66.00kB)
    Total RW  Size (RW Data + ZI Data)              1696 (   1.66kB)
    Total ROM Size (Code + RO Data + RW Data)      67596 (  66.01kB)

==============================================================================

