<html>
<body>
<pre>
<h1>µVision Build Log</h1>
<h2>Tool Versions:</h2>
IDE-Version: µVision V5.37.0.0
Copyright (C) 2022 ARM Ltd and ARM Germany GmbH. All rights reserved.
License Information: Andrey Bogdanov, A, LIC=JL28G-VRK85-56WQ2-9ZHLY-M53I4-BYTSS
 
Tool Versions:
Toolchain:       MDK-ARM Plus  Version: 5.37.0.0
Toolchain Path:  C:\Keil_v5\ARM\ARMCLANG\Bin
C Compiler:      ArmClang.exe V6.18
Assembler:       Armasm.exe V6.18
Linker/Locator:  ArmLink.exe V6.18
Library Manager: ArmAr.exe V6.18
Hex Converter:   FromElf.exe V6.18
CPU DLL:         SARMCM3.DLL V5.37.0.0
Dialog DLL:      DCM.DLL V1.17.5.0
Target DLL:      STLink\ST-LINKIII-KEIL_SWO.dll V3.0.9.0
Dialog DLL:      TCM.DLL V1.56.1.0
 
<h2>Project:</h2>
E:\MyData\Projects\water_treatment_controller\SPO\MDK-ARM\SPO.uvprojx
Project File Date:  09/04/2022

<h2>Output:</h2>
*** Using Compiler 'V6.18', folder: 'C:\Keil_v5\ARM\ARMCLANG\Bin'
Build target 'SPO'
Note: source file '..\UpperLevel\GUI\GUI.c' - object file renamed from 'SPO\GUI.o' to 'SPO\gui_1.o'.
compiling main.c...
compiling rtc.c...
compiling spi.c...
compiling gpio.c...
compiling stm32f1xx_it.c...
compiling FIFO.c...
compiling tim.c...
compiling usart.c...
compiling WTC_Logic.c...
compiling Motor.c...
compiling PistonControl.c...
compiling FlashParams.c...
compiling GUI.c...
compiling stm32_adafruit_ts.c...
compiling ili9486.c...
compiling ts_xpt2046.c...
compiling lcd_io_spi.c...
compiling lcd_io_gpio16.c...
linking...
Program Size: Code=26016 RO-data=61548 RW-data=144 ZI-data=2904  
FromELF: creating hex file...
"SPO\SPO.axf" - 0 Error(s), 0 Warning(s).

<h2>Software Packages used:</h2>

Package Vendor: Keil
                http://www.keil.com/pack/Keil.STM32F1xx_DFP.2.4.0.pack
                Keil.STM32F1xx_DFP.2.4.0
                STMicroelectronics STM32F1 Series Device Support, Drivers and Examples

<h2>Collection of Component include folders:</h2>
  C:/Keil_v5/Packs/Keil/STM32F1xx_DFP/2.4.0/Device/Include

<h2>Collection of Component Files used:</h2>
Build Time Elapsed:  00:00:19
</pre>
</body>
</html>
