Component: Arm Compiler for Embedded 6.18 Tool: armlink [5e4cc100]

==============================================================================

Section Cross References

    startup_stm32f103xe.o(STACK) refers (Special) to heapauxi.o(.text) for __use_two_region_memory
    startup_stm32f103xe.o(HEAP) refers (Special) to heapauxi.o(.text) for __use_two_region_memory
    startup_stm32f103xe.o(RESET) refers (Special) to heapauxi.o(.text) for __use_two_region_memory
    startup_stm32f103xe.o(RESET) refers to startup_stm32f103xe.o(STACK) for __initial_sp
    startup_stm32f103xe.o(RESET) refers to startup_stm32f103xe.o(.text) for Reset_Handler
    startup_stm32f103xe.o(RESET) refers to stm32f1xx_it.o(.text.NMI_Handler) for NMI_Handler
    startup_stm32f103xe.o(RESET) refers to stm32f1xx_it.o(.text.HardFault_Handler) for HardFault_Handler
    startup_stm32f103xe.o(RESET) refers to stm32f1xx_it.o(.text.MemManage_Handler) for MemManage_Handler
    startup_stm32f103xe.o(RESET) refers to stm32f1xx_it.o(.text.BusFault_Handler) for BusFault_Handler
    startup_stm32f103xe.o(RESET) refers to stm32f1xx_it.o(.text.UsageFault_Handler) for UsageFault_Handler
    startup_stm32f103xe.o(RESET) refers to stm32f1xx_it.o(.text.SVC_Handler) for SVC_Handler
    startup_stm32f103xe.o(RESET) refers to stm32f1xx_it.o(.text.DebugMon_Handler) for DebugMon_Handler
    startup_stm32f103xe.o(RESET) refers to stm32f1xx_it.o(.text.PendSV_Handler) for PendSV_Handler
    startup_stm32f103xe.o(RESET) refers to stm32f1xx_it.o(.text.SysTick_Handler) for SysTick_Handler
    startup_stm32f103xe.o(.text) refers (Special) to heapauxi.o(.text) for __use_two_region_memory
    startup_stm32f103xe.o(.text) refers to system_stm32f1xx.o(.text.SystemInit) for SystemInit
    startup_stm32f103xe.o(.text) refers to __main.o(!!!main) for __main
    startup_stm32f103xe.o(.text) refers to startup_stm32f103xe.o(HEAP) for Heap_Mem
    startup_stm32f103xe.o(.text) refers to startup_stm32f103xe.o(STACK) for Stack_Mem
    main.o(.text.main) refers to fifo.o(.text.testFifo) for testFifo
    main.o(.text.main) refers to spi_handler.o(.text.testSPIHandler) for testSPIHandler
    main.o(.text.main) refers to main.o(.text.LL_APB2_GRP1_EnableClock) for LL_APB2_GRP1_EnableClock
    main.o(.text.main) refers to main.o(.text.LL_APB1_GRP1_EnableClock) for LL_APB1_GRP1_EnableClock
    main.o(.text.main) refers to main.o(.text.__NVIC_SetPriorityGrouping) for __NVIC_SetPriorityGrouping
    main.o(.text.main) refers to main.o(.text.__NVIC_GetPriorityGrouping) for __NVIC_GetPriorityGrouping
    main.o(.text.main) refers to main.o(.text.NVIC_EncodePriority) for NVIC_EncodePriority
    main.o(.text.main) refers to main.o(.text.__NVIC_SetPriority) for __NVIC_SetPriority
    main.o(.text.main) refers to main.o(.text.LL_GPIO_AF_Remap_SWJ_NOJTAG) for LL_GPIO_AF_Remap_SWJ_NOJTAG
    main.o(.text.main) refers to main.o(.text.SystemClock_Config) for SystemClock_Config
    main.o(.text.main) refers to gpio.o(.text.MX_GPIO_Init) for MX_GPIO_Init
    main.o(.text.main) refers to spi.o(.text.MX_SPI1_Init) for MX_SPI1_Init
    main.o(.text.main) refers to spi.o(.text.MX_SPI2_Init) for MX_SPI2_Init
    main.o(.text.main) refers to tim.o(.text.MX_TIM3_Init) for MX_TIM3_Init
    main.o(.text.main) refers to usart.o(.text.MX_USART1_UART_Init) for MX_USART1_UART_Init
    main.o(.text.main) refers to rtc.o(.text.MX_RTC_Init) for MX_RTC_Init
    main.o(.ARM.exidx.text.main) refers to main.o(.text.main) for [Anonymous Symbol]
    main.o(.ARM.exidx.text.LL_APB2_GRP1_EnableClock) refers to main.o(.text.LL_APB2_GRP1_EnableClock) for [Anonymous Symbol]
    main.o(.ARM.exidx.text.LL_APB1_GRP1_EnableClock) refers to main.o(.text.LL_APB1_GRP1_EnableClock) for [Anonymous Symbol]
    main.o(.ARM.exidx.text.__NVIC_SetPriorityGrouping) refers to main.o(.text.__NVIC_SetPriorityGrouping) for [Anonymous Symbol]
    main.o(.ARM.exidx.text.__NVIC_SetPriority) refers to main.o(.text.__NVIC_SetPriority) for [Anonymous Symbol]
    main.o(.ARM.exidx.text.NVIC_EncodePriority) refers to main.o(.text.NVIC_EncodePriority) for [Anonymous Symbol]
    main.o(.ARM.exidx.text.__NVIC_GetPriorityGrouping) refers to main.o(.text.__NVIC_GetPriorityGrouping) for [Anonymous Symbol]
    main.o(.ARM.exidx.text.LL_GPIO_AF_Remap_SWJ_NOJTAG) refers to main.o(.text.LL_GPIO_AF_Remap_SWJ_NOJTAG) for [Anonymous Symbol]
    main.o(.text.SystemClock_Config) refers to main.o(.text.LL_FLASH_SetLatency) for LL_FLASH_SetLatency
    main.o(.text.SystemClock_Config) refers to main.o(.text.LL_FLASH_GetLatency) for LL_FLASH_GetLatency
    main.o(.text.SystemClock_Config) refers to main.o(.text.LL_RCC_HSE_Enable) for LL_RCC_HSE_Enable
    main.o(.text.SystemClock_Config) refers to main.o(.text.LL_RCC_HSE_IsReady) for LL_RCC_HSE_IsReady
    main.o(.text.SystemClock_Config) refers to main.o(.text.LL_PWR_EnableBkUpAccess) for LL_PWR_EnableBkUpAccess
[...]
    LL_APB1_GRP1_EnableClock                 0x08000525   Thumb Code    34  main.o(.text.LL_APB1_GRP1_EnableClock)
    [Anonymous Symbol]                       0x08000524   Section        0  main.o(.text.LL_APB1_GRP1_EnableClock)
    LL_APB1_GRP1_EnableClock                 0x08000549   Thumb Code    34  rtc.o(.text.LL_APB1_GRP1_EnableClock)
    [Anonymous Symbol]                       0x08000548   Section        0  rtc.o(.text.LL_APB1_GRP1_EnableClock)
    LL_APB1_GRP1_EnableClock                 0x0800056d   Thumb Code    34  spi.o(.text.LL_APB1_GRP1_EnableClock)
    [Anonymous Symbol]                       0x0800056c   Section        0  spi.o(.text.LL_APB1_GRP1_EnableClock)
    LL_APB1_GRP1_EnableClock                 0x08000591   Thumb Code    34  tim.o(.text.LL_APB1_GRP1_EnableClock)
    [Anonymous Symbol]                       0x08000590   Section        0  tim.o(.text.LL_APB1_GRP1_EnableClock)
    LL_APB2_GRP1_EnableClock                 0x080005b5   Thumb Code    34  main.o(.text.LL_APB2_GRP1_EnableClock)
    [Anonymous Symbol]                       0x080005b4   Section        0  main.o(.text.LL_APB2_GRP1_EnableClock)
    LL_APB2_GRP1_EnableClock                 0x080005d9   Thumb Code    34  gpio.o(.text.LL_APB2_GRP1_EnableClock)
    [Anonymous Symbol]                       0x080005d8   Section        0  gpio.o(.text.LL_APB2_GRP1_EnableClock)
    LL_APB2_GRP1_EnableClock                 0x080005fd   Thumb Code    34  spi.o(.text.LL_APB2_GRP1_EnableClock)
    [Anonymous Symbol]                       0x080005fc   Section        0  spi.o(.text.LL_APB2_GRP1_EnableClock)
    LL_APB2_GRP1_EnableClock                 0x08000621   Thumb Code    34  tim.o(.text.LL_APB2_GRP1_EnableClock)
    [Anonymous Symbol]                       0x08000620   Section        0  tim.o(.text.LL_APB2_GRP1_EnableClock)
    LL_APB2_GRP1_EnableClock                 0x08000645   Thumb Code    34  usart.o(.text.LL_APB2_GRP1_EnableClock)
    [Anonymous Symbol]                       0x08000644   Section        0  usart.o(.text.LL_APB2_GRP1_EnableClock)
    LL_EXTI_DisableEvent_0_31                0x08000669   Thumb Code    24  stm32f1xx_ll_exti.o(.text.LL_EXTI_DisableEvent_0_31)
    [Anonymous Symbol]                       0x08000668   Section        0  stm32f1xx_ll_exti.o(.text.LL_EXTI_DisableEvent_0_31)
    LL_EXTI_DisableFallingTrig_0_31          0x08000681   Thumb Code    24  stm32f1xx_ll_exti.o(.text.LL_EXTI_DisableFallingTrig_0_31)
    [Anonymous Symbol]                       0x08000680   Section        0  stm32f1xx_ll_exti.o(.text.LL_EXTI_DisableFallingTrig_0_31)
    LL_EXTI_DisableIT_0_31                   0x08000699   Thumb Code    24  stm32f1xx_ll_exti.o(.text.LL_EXTI_DisableIT_0_31)
    [Anonymous Symbol]                       0x08000698   Section        0  stm32f1xx_ll_exti.o(.text.LL_EXTI_DisableIT_0_31)
    LL_EXTI_DisableRisingTrig_0_31           0x080006b1   Thumb Code    24  stm32f1xx_ll_exti.o(.text.LL_EXTI_DisableRisingTrig_0_31)
    [Anonymous Symbol]                       0x080006b0   Section        0  stm32f1xx_ll_exti.o(.text.LL_EXTI_DisableRisingTrig_0_31)
    LL_EXTI_EnableEvent_0_31                 0x080006c9   Thumb Code    24  stm32f1xx_ll_exti.o(.text.LL_EXTI_EnableEvent_0_31)
    [Anonymous Symbol]                       0x080006c8   Section        0  stm32f1xx_ll_exti.o(.text.LL_EXTI_EnableEvent_0_31)
    LL_EXTI_EnableFallingTrig_0_31           0x080006e1   Thumb Code    24  stm32f1xx_ll_exti.o(.text.LL_EXTI_EnableFallingTrig_0_31)
    [Anonymous Symbol]                       0x080006e0   Section        0  stm32f1xx_ll_exti.o(.text.LL_EXTI_EnableFallingTrig_0_31)
    LL_EXTI_EnableIT_0_31                    0x080006f9   Thumb Code    24  stm32f1xx_ll_exti.o(.text.LL_EXTI_EnableIT_0_31)
    [Anonymous Symbol]                       0x080006f8   Section        0  stm32f1xx_ll_exti.o(.text.LL_EXTI_EnableIT_0_31)
    LL_EXTI_EnableRisingTrig_0_31            0x08000711   Thumb Code    24  stm32f1xx_ll_exti.o(.text.LL_EXTI_EnableRisingTrig_0_31)
    [Anonymous Symbol]                       0x08000710   Section        0  stm32f1xx_ll_exti.o(.text.LL_EXTI_EnableRisingTrig_0_31)
    [Anonymous Symbol]                       0x08000728   Section        0  stm32f1xx_ll_exti.o(.text.LL_EXTI_Init)
    LL_FLASH_GetLatency                      0x080008d1   Thumb Code    16  main.o(.text.LL_FLASH_GetLatency)
    [Anonymous Symbol]                       0x080008d0   Section        0  main.o(.text.LL_FLASH_GetLatency)
    LL_FLASH_SetLatency                      0x080008e1   Thumb Code    28  main.o(.text.LL_FLASH_SetLatency)
    [Anonymous Symbol]                       0x080008e0   Section        0  main.o(.text.LL_FLASH_SetLatency)
    LL_GPIO_AF_EnableRemap_TIM3              0x080008fd   Thumb Code    22  tim.o(.text.LL_GPIO_AF_EnableRemap_TIM3)
    [Anonymous Symbol]                       0x080008fc   Section        0  tim.o(.text.LL_GPIO_AF_EnableRemap_TIM3)
    LL_GPIO_AF_Remap_SWJ_NOJTAG              0x08000915   Thumb Code    24  main.o(.text.LL_GPIO_AF_Remap_SWJ_NOJTAG)
    [Anonymous Symbol]                       0x08000914   Section        0  main.o(.text.LL_GPIO_AF_Remap_SWJ_NOJTAG)
    LL_GPIO_AF_SetEXTISource                 0x0800092d   Thumb Code    56  gpio.o(.text.LL_GPIO_AF_SetEXTISource)
    [Anonymous Symbol]                       0x0800092c   Section        0  gpio.o(.text.LL_GPIO_AF_SetEXTISource)
    [Anonymous Symbol]                       0x08000964   Section        0  stm32f1xx_ll_gpio.o(.text.LL_GPIO_Init)
    LL_GPIO_ResetOutputPin                   0x08000b95   Thumb Code    18  gpio.o(.text.LL_GPIO_ResetOutputPin)
    [Anonymous Symbol]                       0x08000b94   Section        0  gpio.o(.text.LL_GPIO_ResetOutputPin)
    LL_GPIO_SetPinMode                       0x08000ba9   Thumb Code    52  gpio.o(.text.LL_GPIO_SetPinMode)
    [Anonymous Symbol]                       0x08000ba8   Section        0  gpio.o(.text.LL_GPIO_SetPinMode)
    LL_GPIO_SetPinMode                       0x08000bdd   Thumb Code    52  stm32f1xx_ll_gpio.o(.text.LL_GPIO_SetPinMode)
    [Anonymous Symbol]                       0x08000bdc   Section        0  stm32f1xx_ll_gpio.o(.text.LL_GPIO_SetPinMode)
    LL_GPIO_SetPinOutputType                 0x08000c11   Thumb Code    52  stm32f1xx_ll_gpio.o(.text.LL_GPIO_SetPinOutputType)
    [Anonymous Symbol]                       0x08000c10   Section        0  stm32f1xx_ll_gpio.o(.text.LL_GPIO_SetPinOutputType)
    LL_GPIO_SetPinPull                       0x08000c45   Thumb Code    42  stm32f1xx_ll_gpio.o(.text.LL_GPIO_SetPinPull)
    [Anonymous Symbol]                       0x08000c44   Section        0  stm32f1xx_ll_gpio.o(.text.LL_GPIO_SetPinPull)
    LL_GPIO_SetPinSpeed                      0x08000c71   Thumb Code    52  stm32f1xx_ll_gpio.o(.text.LL_GPIO_SetPinSpeed)
    [Anonymous Symbol]                       0x08000c70   Section        0  stm32f1xx_ll_gpio.o(.text.LL_GPIO_SetPinSpeed)
    [Anonymous Symbol]                       0x08000ca4   Section        0  stm32f1xx_ll_utils.o(.text.LL_Init1msTick)
    LL_InitTick                              0x08000cb9   Thumb Code    54  stm32f1xx_ll_utils.o(.text.LL_InitTick)
    [Anonymous Symbol]                       0x08000cb8   Section        0  stm32f1xx_ll_utils.o(.text.LL_InitTick)
    LL_PWR_EnableBkUpAccess                  0x08000cf1   Thumb Code    18  main.o(.text.LL_PWR_EnableBkUpAccess)
    [Anonymous Symbol]                       0x08000cf0   Section        0  main.o(.text.LL_PWR_EnableBkUpAccess)
    LL_PWR_EnableBkUpAccess                  0x08000d05   Thumb Code    18  rtc.o(.text.LL_PWR_EnableBkUpAccess)
    [Anonymous Symbol]                       0x08000d04   Section        0  rtc.o(.text.LL_PWR_EnableBkUpAccess)
    LL_RCC_EnableRTC                         0x08000d19   Thumb Code    18  main.o(.text.LL_RCC_EnableRTC)
    [Anonymous Symbol]                       0x08000d18   Section        0  main.o(.text.LL_RCC_EnableRTC)
    LL_RCC_EnableRTC                         0x08000d2d   Thumb Code    18  rtc.o(.text.LL_RCC_EnableRTC)
    [Anonymous Symbol]                       0x08000d2c   Section        0  rtc.o(.text.LL_RCC_EnableRTC)
    LL_RCC_ForceBackupDomainReset            0x08000d41   Thumb Code    18  main.o(.text.LL_RCC_ForceBackupDomainReset)
    [Anonymous Symbol]                       0x08000d40   Section        0  main.o(.text.LL_RCC_ForceBackupDomainReset)
    LL_RCC_GetAHBPrescaler                   0x08000d55   Thumb Code    16  stm32f1xx_ll_rcc.o(.text.LL_RCC_GetAHBPrescaler)
    [Anonymous Symbol]                       0x08000d54   Section        0  stm32f1xx_ll_rcc.o(.text.LL_RCC_GetAHBPrescaler)
    LL_RCC_GetAPB1Prescaler                  0x08000d65   Thumb Code    16  stm32f1xx_ll_rcc.o(.text.LL_RCC_GetAPB1Prescaler)
    [Anonymous Symbol]                       0x08000d64   Section        0  stm32f1xx_ll_rcc.o(.text.LL_RCC_GetAPB1Prescaler)
    LL_RCC_GetAPB2Prescaler                  0x08000d75   Thumb Code    16  stm32f1xx_ll_rcc.o(.text.LL_RCC_GetAPB2Prescaler)
    [Anonymous Symbol]                       0x08000d74   Section        0  stm32f1xx_ll_rcc.o(.text.LL_RCC_GetAPB2Prescaler)
    LL_RCC_GetRTCClockSource                 0x08000d85   Thumb Code    16  main.o(.text.LL_RCC_GetRTCClockSource)
    [Anonymous Symbol]                       0x08000d84   Section        0  main.o(.text.LL_RCC_GetRTCClockSource)
    LL_RCC_GetSysClkSource                   0x08000d95   Thumb Code    16  main.o(.text.LL_RCC_GetSysClkSource)
    [Anonymous Symbol]                       0x08000d94   Section        0  main.o(.text.LL_RCC_GetSysClkSource)
    LL_RCC_GetSysClkSource                   0x08000da5   Thumb Code    16  stm32f1xx_ll_rcc.o(.text.LL_RCC_GetSysClkSource)
    [Anonymous Symbol]                       0x08000da4   Section        0  stm32f1xx_ll_rcc.o(.text.LL_RCC_GetSysClkSource)
    [Anonymous Symbol]                       0x08000db4   Section        0  stm32f1xx_ll_rcc.o(.text.LL_RCC_GetSystemClocksFreq)
    LL_RCC_HSE_Enable                        0x08000ded   Thumb Code    18  main.o(.text.LL_RCC_HSE_Enable)
    [Anonymous Symbol]                       0x08000dec   Section        0  main.o(.text.LL_RCC_HSE_Enable)
    LL_RCC_HSE_IsReady                       0x08000e01   Thumb Code    16  main.o(.text.LL_RCC_HSE_IsReady)
    [Anonymous Symbol]                       0x08000e00   Section        0  main.o(.text.LL_RCC_HSE_IsReady)
    LL_RCC_LSE_Enable                        0x08000e11   Thumb Code    18  main.o(.text.LL_RCC_LSE_Enable)
    [Anonymous Symbol]                       0x08000e10   Section        0  main.o(.text.LL_RCC_LSE_Enable)
    LL_RCC_LSE_IsReady                       0x08000e25   Thumb Code    16  main.o(.text.LL_RCC_LSE_IsReady)
    [Anonymous Symbol]                       0x08000e24   Section        0  main.o(.text.LL_RCC_LSE_IsReady)
    LL_RCC_PLL_ConfigDomain_SYS              0x08000e35   Thumb Code    38  main.o(.text.LL_RCC_PLL_ConfigDomain_SYS)
    [Anonymous Symbol]                       0x08000e34   Section        0  main.o(.text.LL_RCC_PLL_ConfigDomain_SYS)
    LL_RCC_PLL_Enable                        0x08000e5d   Thumb Code    18  main.o(.text.LL_RCC_PLL_Enable)
    [Anonymous Symbol]                       0x08000e5c   Section        0  main.o(.text.LL_RCC_PLL_Enable)
    LL_RCC_PLL_GetMainSource                 0x08000e71   Thumb Code    16  stm32f1xx_ll_rcc.o(.text.LL_RCC_PLL_GetMainSource)
    [Anonymous Symbol]                       0x08000e70   Section        0  stm32f1xx_ll_rcc.o(.text.LL_RCC_PLL_GetMainSource)
    LL_RCC_PLL_GetMultiplicator              0x08000e81   Thumb Code    16  stm32f1xx_ll_rcc.o(.text.LL_RCC_PLL_GetMultiplicator)
    [Anonymous Symbol]                       0x08000e80   Section        0  stm32f1xx_ll_rcc.o(.text.LL_RCC_PLL_GetMultiplicator)
    LL_RCC_PLL_GetPrediv                     0x08000e91   Thumb Code    16  stm32f1xx_ll_rcc.o(.text.LL_RCC_PLL_GetPrediv)
    [Anonymous Symbol]                       0x08000e90   Section        0  stm32f1xx_ll_rcc.o(.text.LL_RCC_PLL_GetPrediv)
    LL_RCC_PLL_IsReady                       0x08000ea1   Thumb Code    16  main.o(.text.LL_RCC_PLL_IsReady)
    [Anonymous Symbol]                       0x08000ea0   Section        0  main.o(.text.LL_RCC_PLL_IsReady)
    LL_RCC_ReleaseBackupDomainReset          0x08000eb1   Thumb Code    18  main.o(.text.LL_RCC_ReleaseBackupDomainReset)
    [Anonymous Symbol]                       0x08000eb0   Section        0  main.o(.text.LL_RCC_ReleaseBackupDomainReset)
    LL_RCC_SetAHBPrescaler                   0x08000ec5   Thumb Code    28  main.o(.text.LL_RCC_SetAHBPrescaler)
    [Anonymous Symbol]                       0x08000ec4   Section        0  main.o(.text.LL_RCC_SetAHBPrescaler)
    LL_RCC_SetAPB1Prescaler                  0x08000ee1   Thumb Code    28  main.o(.text.LL_RCC_SetAPB1Prescaler)
    [Anonymous Symbol]                       0x08000ee0   Section        0  main.o(.text.LL_RCC_SetAPB1Prescaler)
    LL_RCC_SetAPB2Prescaler                  0x08000efd   Thumb Code    28  main.o(.text.LL_RCC_SetAPB2Prescaler)
    [Anonymous Symbol]                       0x08000efc   Section        0  main.o(.text.LL_RCC_SetAPB2Prescaler)
    LL_RCC_SetRTCClockSource                 0x08000f19   Thumb Code    28  main.o(.text.LL_RCC_SetRTCClockSource)
    [Anonymous Symbol]                       0x08000f18   Section        0  main.o(.text.LL_RCC_SetRTCClockSource)
    LL_RCC_SetSysClkSource                   0x08000f35   Thumb Code    28  main.o(.text.LL_RCC_SetSysClkSource)
    [Anonymous Symbol]                       0x08000f34   Section        0  main.o(.text.LL_RCC_SetSysClkSource)
    LL_RTC_ClearFlag_ALR                     0x08000f51   Thumb Code    18  stm32f1xx_ll_rtc.o(.text.LL_RTC_ClearFlag_ALR)
    [Anonymous Symbol]                       0x08000f50   Section        0  stm32f1xx_ll_rtc.o(.text.LL_RTC_ClearFlag_ALR)
    LL_RTC_ClearFlag_OW                      0x08000f65   Thumb Code    18  stm32f1xx_ll_rtc.o(.text.LL_RTC_ClearFlag_OW)
    [Anonymous Symbol]                       0x08000f64   Section        0  stm32f1xx_ll_rtc.o(.text.LL_RTC_ClearFlag_OW)
    LL_RTC_ClearFlag_RS                      0x08000f79   Thumb Code    18  stm32f1xx_ll_rtc.o(.text.LL_RTC_ClearFlag_RS)
    [Anonymous Symbol]                       0x08000f78   Section        0  stm32f1xx_ll_rtc.o(.text.LL_RTC_ClearFlag_RS)
    LL_RTC_ClearFlag_SEC                     0x08000f8d   Thumb Code    18  stm32f1xx_ll_rtc.o(.text.LL_RTC_ClearFlag_SEC)
    [Anonymous Symbol]                       0x08000f8c   Section        0  stm32f1xx_ll_rtc.o(.text.LL_RTC_ClearFlag_SEC)
    LL_RTC_DisableWriteProtection            0x08000fa1   Thumb Code    18  stm32f1xx_ll_rtc.o(.text.LL_RTC_DisableWriteProtection)
    [Anonymous Symbol]                       0x08000fa0   Section        0  stm32f1xx_ll_rtc.o(.text.LL_RTC_DisableWriteProtection)
    LL_RTC_EnableWriteProtection             0x08000fb5   Thumb Code    18  stm32f1xx_ll_rtc.o(.text.LL_RTC_EnableWriteProtection)
    [Anonymous Symbol]                       0x08000fb4   Section        0  stm32f1xx_ll_rtc.o(.text.LL_RTC_EnableWriteProtection)
    [Anonymous Symbol]                       0x08000fc8   Section        0  stm32f1xx_ll_rtc.o(.text.LL_RTC_EnterInitMode)
    [Anonymous Symbol]                       0x08001060   Section        0  stm32f1xx_ll_rtc.o(.text.LL_RTC_ExitInitMode)
    [Anonymous Symbol]                       0x080010f8   Section        0  stm32f1xx_ll_rtc.o(.text.LL_RTC_Init)
    LL_RTC_IsActiveFlag_RS                   0x080011f9   Thumb Code    16  stm32f1xx_ll_rtc.o(.text.LL_RTC_IsActiveFlag_RS)
    [Anonymous Symbol]                       0x080011f8   Section        0  stm32f1xx_ll_rtc.o(.text.LL_RTC_IsActiveFlag_RS)
    LL_RTC_IsActiveFlag_RTOF                 0x08001209   Thumb Code    16  stm32f1xx_ll_rtc.o(.text.LL_RTC_IsActiveFlag_RTOF)
    [Anonymous Symbol]                       0x08001208   Section        0  stm32f1xx_ll_rtc.o(.text.LL_RTC_IsActiveFlag_RTOF)
    LL_RTC_SetAsynchPrescaler                0x08001219   Thumb Code    42  rtc.o(.text.LL_RTC_SetAsynchPrescaler)
    [Anonymous Symbol]                       0x08001218   Section        0  rtc.o(.text.LL_RTC_SetAsynchPrescaler)
    LL_RTC_SetAsynchPrescaler                0x08001245   Thumb Code    42  stm32f1xx_ll_rtc.o(.text.LL_RTC_SetAsynchPrescaler)
    [Anonymous Symbol]                       0x08001244   Section        0  stm32f1xx_ll_rtc.o(.text.LL_RTC_SetAsynchPrescaler)
    LL_RTC_SetOutputSource                   0x08001271   Thumb Code    26  stm32f1xx_ll_rtc.o(.text.LL_RTC_SetOutputSource)
    [Anonymous Symbol]                       0x08001270   Section        0  stm32f1xx_ll_rtc.o(.text.LL_RTC_SetOutputSource)
    LL_RTC_TAMPER_Disable                    0x0800128d   Thumb Code    24  stm32f1xx_ll_rtc.o(.text.LL_RTC_TAMPER_Disable)
    [Anonymous Symbol]                       0x0800128c   Section        0  stm32f1xx_ll_rtc.o(.text.LL_RTC_TAMPER_Disable)
    [Anonymous Symbol]                       0x080012a4   Section        0  stm32f1xx_ll_rtc.o(.text.LL_RTC_TIME_Init)
    LL_RTC_TIME_Set                          0x0800147d   Thumb Code    26  stm32f1xx_ll_rtc.o(.text.LL_RTC_TIME_Set)
    [Anonymous Symbol]                       0x0800147c   Section        0  stm32f1xx_ll_rtc.o(.text.LL_RTC_TIME_Set)
    [Anonymous Symbol]                       0x08001498   Section        0  stm32f1xx_ll_rtc.o(.text.LL_RTC_WaitForSynchro)
    [Anonymous Symbol]                       0x08001530   Section        0  stm32f1xx_ll_spi.o(.text.LL_SPI_Init)
    LL_SPI_IsEnabled                         0x080017d9   Thumb Code    16  stm32f1xx_ll_spi.o(.text.LL_SPI_IsEnabled)
    [Anonymous Symbol]                       0x080017d8   Section        0  stm32f1xx_ll_spi.o(.text.LL_SPI_IsEnabled)
    LL_SPI_SetCRCPolynomial                  0x080017e9   Thumb Code    18  stm32f1xx_ll_spi.o(.text.LL_SPI_SetCRCPolynomial)
    [Anonymous Symbol]                       0x080017e8   Section        0  stm32f1xx_ll_spi.o(.text.LL_SPI_SetCRCPolynomial)
    LL_SYSTICK_IsActiveCounterFlag           0x080017fd   Thumb Code    16  stm32f1xx_ll_rtc.o(.text.LL_SYSTICK_IsActiveCounterFlag)
    [Anonymous Symbol]                       0x080017fc   Section        0  stm32f1xx_ll_rtc.o(.text.LL_SYSTICK_IsActiveCounterFlag)
    [Anonymous Symbol]                       0x0800180c   Section        0  stm32f1xx_ll_utils.o(.text.LL_SetSystemCoreClock)
    LL_TIM_DisableARRPreload                 0x08001821   Thumb Code    18  tim.o(.text.LL_TIM_DisableARRPreload)
    [Anonymous Symbol]                       0x08001820   Section        0  tim.o(.text.LL_TIM_DisableARRPreload)
    LL_TIM_DisableMasterSlaveMode            0x08001835   Thumb Code    18  tim.o(.text.LL_TIM_DisableMasterSlaveMode)
    [Anonymous Symbol]                       0x08001834   Section        0  tim.o(.text.LL_TIM_DisableMasterSlaveMode)
    LL_TIM_GenerateEvent_UPDATE              0x08001849   Thumb Code    18  stm32f1xx_ll_tim.o(.text.LL_TIM_GenerateEvent_UPDATE)
    [Anonymous Symbol]                       0x08001848   Section        0  stm32f1xx_ll_tim.o(.text.LL_TIM_GenerateEvent_UPDATE)
    [Anonymous Symbol]                       0x0800185c   Section        0  stm32f1xx_ll_tim.o(.text.LL_TIM_Init)
    LL_TIM_OC_DisableFast                    0x08001a99   Thumb Code   178  tim.o(.text.LL_TIM_OC_DisableFast)
    [Anonymous Symbol]                       0x08001a98   Section        0  tim.o(.text.LL_TIM_OC_DisableFast)
    LL_TIM_OC_EnablePreload                  0x08001b4d   Thumb Code   178  tim.o(.text.LL_TIM_OC_EnablePreload)
    [Anonymous Symbol]                       0x08001b4c   Section        0  tim.o(.text.LL_TIM_OC_EnablePreload)
    [Anonymous Symbol]                       0x08001c00   Section        0  stm32f1xx_ll_tim.o(.text.LL_TIM_OC_Init)
    LL_TIM_OC_SetCompareCH1                  0x08001c79   Thumb Code    16  stm32f1xx_ll_tim.o(.text.LL_TIM_OC_SetCompareCH1)
    [Anonymous Symbol]                       0x08001c78   Section        0  stm32f1xx_ll_tim.o(.text.LL_TIM_OC_SetCompareCH1)
    LL_TIM_OC_SetCompareCH2                  0x08001c89   Thumb Code    16  stm32f1xx_ll_tim.o(.text.LL_TIM_OC_SetCompareCH2)
    [Anonymous Symbol]                       0x08001c88   Section        0  stm32f1xx_ll_tim.o(.text.LL_TIM_OC_SetCompareCH2)
    LL_TIM_OC_SetCompareCH3                  0x08001c99   Thumb Code    16  stm32f1xx_ll_tim.o(.text.LL_TIM_OC_SetCompareCH3)
    [Anonymous Symbol]                       0x08001c98   Section        0  stm32f1xx_ll_tim.o(.text.LL_TIM_OC_SetCompareCH3)
    LL_TIM_OC_SetCompareCH4                  0x08001ca9   Thumb Code    16  stm32f1xx_ll_tim.o(.text.LL_TIM_OC_SetCompareCH4)
    [Anonymous Symbol]                       0x08001ca8   Section        0  stm32f1xx_ll_tim.o(.text.LL_TIM_OC_SetCompareCH4)
    LL_TIM_SetAutoReload                     0x08001cb9   Thumb Code    16  stm32f1xx_ll_tim.o(.text.LL_TIM_SetAutoReload)
    [Anonymous Symbol]                       0x08001cb8   Section        0  stm32f1xx_ll_tim.o(.text.LL_TIM_SetAutoReload)
    LL_TIM_SetPrescaler                      0x08001cc9   Thumb Code    16  stm32f1xx_ll_tim.o(.text.LL_TIM_SetPrescaler)
    [Anonymous Symbol]                       0x08001cc8   Section        0  stm32f1xx_ll_tim.o(.text.LL_TIM_SetPrescaler)
    LL_TIM_SetRepetitionCounter              0x08001cd9   Thumb Code    16  stm32f1xx_ll_tim.o(.text.LL_TIM_SetRepetitionCounter)
    [Anonymous Symbol]                       0x08001cd8   Section        0  stm32f1xx_ll_tim.o(.text.LL_TIM_SetRepetitionCounter)
    LL_TIM_SetTriggerOutput                  0x08001ce9   Thumb Code    26  tim.o(.text.LL_TIM_SetTriggerOutput)
    [Anonymous Symbol]                       0x08001ce8   Section        0  tim.o(.text.LL_TIM_SetTriggerOutput)
    LL_USART_ConfigAsyncMode                 0x08001d05   Thumb Code    28  usart.o(.text.LL_USART_ConfigAsyncMode)
    [Anonymous Symbol]                       0x08001d04   Section        0  usart.o(.text.LL_USART_ConfigAsyncMode)
    LL_USART_Enable                          0x08001d21   Thumb Code    18  usart.o(.text.LL_USART_Enable)
    [Anonymous Symbol]                       0x08001d20   Section        0  usart.o(.text.LL_USART_Enable)
    [Anonymous Symbol]                       0x08001d34   Section        0  stm32f1xx_ll_usart.o(.text.LL_USART_Init)
    LL_USART_IsEnabled                       0x08001fdd   Thumb Code    16  stm32f1xx_ll_usart.o(.text.LL_USART_IsEnabled)
    [Anonymous Symbol]                       0x08001fdc   Section        0  stm32f1xx_ll_usart.o(.text.LL_USART_IsEnabled)
    LL_USART_SetBaudRate                     0x08001fed   Thumb Code    78  stm32f1xx_ll_usart.o(.text.LL_USART_SetBaudRate)
    [Anonymous Symbol]                       0x08001fec   Section        0  stm32f1xx_ll_usart.o(.text.LL_USART_SetBaudRate)
    LL_USART_SetHWFlowCtrl                   0x0800203d   Thumb Code    26  stm32f1xx_ll_usart.o(.text.LL_USART_SetHWFlowCtrl)
    [Anonymous Symbol]                       0x0800203c   Section        0  stm32f1xx_ll_usart.o(.text.LL_USART_SetHWFlowCtrl)
    LL_USART_SetStopBitsLength               0x08002059   Thumb Code    26  stm32f1xx_ll_usart.o(.text.LL_USART_SetStopBitsLength)
    [Anonymous Symbol]                       0x08002058   Section        0  stm32f1xx_ll_usart.o(.text.LL_USART_SetStopBitsLength)
    [Anonymous Symbol]                       0x08002074   Section        0  gpio.o(.text.MX_GPIO_Init)
    [Anonymous Symbol]                       0x08002214   Section        0  rtc.o(.text.MX_RTC_Init)
    [Anonymous Symbol]                       0x08002278   Section        0  spi.o(.text.MX_SPI1_Init)
    [Anonymous Symbol]                       0x08002310   Section        0  spi.o(.text.MX_SPI2_Init)
    [Anonymous Symbol]                       0x080023a8   Section        0  tim.o(.text.MX_TIM3_Init)
    [Anonymous Symbol]                       0x08002468   Section        0  usart.o(.text.MX_USART1_UART_Init)
    [Anonymous Symbol]                       0x08002508   Section        0  stm32f1xx_it.o(.text.MemManage_Handler)
    [Anonymous Symbol]                       0x0800250c   Section        0  stm32f1xx_it.o(.text.NMI_Handler)
    NVIC_EncodePriority                      0x08002511   Thumb Code   108  main.o(.text.NVIC_EncodePriority)
    [Anonymous Symbol]                       0x08002510   Section        0  main.o(.text.NVIC_EncodePriority)
    OC1Config                                0x0800257d   Thumb Code   656  stm32f1xx_ll_tim.o(.text.OC1Config)
    [Anonymous Symbol]                       0x0800257c   Section        0  stm32f1xx_ll_tim.o(.text.OC1Config)
    OC2Config                                0x0800280d   Thumb Code   664  stm32f1xx_ll_tim.o(.text.OC2Config)
    [Anonymous Symbol]                       0x0800280c   Section        0  stm32f1xx_ll_tim.o(.text.OC2Config)
    OC3Config                                0x08002aa5   Thumb Code   662  stm32f1xx_ll_tim.o(.text.OC3Config)
    [Anonymous Symbol]                       0x08002aa4   Section        0  stm32f1xx_ll_tim.o(.text.OC3Config)
    OC4Config                                0x08002d3d   Thumb Code   616  stm32f1xx_ll_tim.o(.text.OC4Config)
    [Anonymous Symbol]                       0x08002d3c   Section        0  stm32f1xx_ll_tim.o(.text.OC4Config)
    [Anonymous Symbol]                       0x08002fa4   Section        0  stm32f1xx_it.o(.text.PendSV_Handler)
    [Anonymous Symbol]                       0x08002fa8   Section        0  stm32f1xx_ll_rcc.o(.text.RCC_GetHCLKClockFreq)
    [Anonymous Symbol]                       0x08002fd0   Section        0  stm32f1xx_ll_rcc.o(.text.RCC_GetPCLK1ClockFreq)
    [Anonymous Symbol]                       0x08002ff4   Section        0  stm32f1xx_ll_rcc.o(.text.RCC_GetPCLK2ClockFreq)
    [Anonymous Symbol]                       0x08003018   Section        0  stm32f1xx_ll_rcc.o(.text.RCC_GetSystemClockFreq)
    [Anonymous Symbol]                       0x08003070   Section        0  stm32f1xx_ll_rcc.o(.text.RCC_PLL_GetFreqDomain_SYS)
    [Anonymous Symbol]                       0x080030d8   Section        0  stm32f1xx_it.o(.text.SVC_Handler)
    [Anonymous Symbol]                       0x080030dc   Section        0  stm32f1xx_it.o(.text.SysTick_Handler)
    [Anonymous Symbol]                       0x080030e0   Section        0  main.o(.text.SystemClock_Config)
    [Anonymous Symbol]                       0x080031b0   Section        0  system_stm32f1xx.o(.text.SystemInit)
    [Anonymous Symbol]                       0x080031b4   Section        0  stm32f1xx_it.o(.text.UsageFault_Handler)
    __NVIC_GetPriorityGrouping               0x080031b9   Thumb Code    16  main.o(.text.__NVIC_GetPriorityGrouping)
    [Anonymous Symbol]                       0x080031b8   Section        0  main.o(.text.__NVIC_GetPriorityGrouping)
    __NVIC_SetPriority                       0x080031c9   Thumb Code    66  main.o(.text.__NVIC_SetPriority)
    [Anonymous Symbol]                       0x080031c8   Section        0  main.o(.text.__NVIC_SetPriority)
    __NVIC_SetPriorityGrouping               0x0800320d   Thumb Code    60  main.o(.text.__NVIC_SetPriorityGrouping)
    [Anonymous Symbol]                       0x0800320c   Section        0  main.o(.text.__NVIC_SetPriorityGrouping)
    [Anonymous Symbol]                       0x08003248   Section        0  main.o(.text.assert_failed)
    [Anonymous Symbol]                       0x08003254   Section        0  spi_handler.o(.text.createHandler)
    [Anonymous Symbol]                       0x08003290   Section        0  spi_handler.o(.text.findOrCreateHandler)
    [Anonymous Symbol]                       0x08003320   Section        0  fifo.o(.text.findTail)
    [Anonymous Symbol]                       0x0800333c   Section        0  fifo.o(.text.initFifo)
    [Anonymous Symbol]                       0x0800336c   Section        0  main.o(.text.main)
    [Anonymous Symbol]                       0x080033cc   Section        0  spi_handler.o(.text.mockHandlerFunc)
    [Anonymous Symbol]                       0x080033f0   Section        0  fifo.o(.text.pop)
    [Anonymous Symbol]                       0x0800342c   Section        0  fifo.o(.text.push)
    [Anonymous Symbol]                       0x0800349c   Section        0  spi_handler.o(.text.registerHandler)
    [Anonymous Symbol]                       0x08003510   Section        0  fifo.o(.text.testFifo)
    [Anonymous Symbol]                       0x0800363c   Section        0  spi_handler.o(.text.testHandlerList)
    [Anonymous Symbol]                       0x08003724   Section        0  spi_handler.o(.text.testRegistration)
    [Anonymous Symbol]                       0x080037d4   Section        0  spi_handler.o(.text.testSPIHandler)
    OFFSET_TAB_CCMRx                         0x080037f8   Data           7  tim.o(.rodata.OFFSET_TAB_CCMRx)
    [Anonymous Symbol]                       0x080037f8   Section        0  tim.o(.rodata.OFFSET_TAB_CCMRx)
    SHIFT_TAB_OCxx                           0x080037ff   Data           7  tim.o(.rodata.SHIFT_TAB_OCxx)
    [Anonymous Symbol]                       0x080037ff   Section        0  tim.o(.rodata.SHIFT_TAB_OCxx)
    .L.str                                   0x08003806   Data          56  stm32f1xx_ll_gpio.o(.rodata.str1.1)
    [Anonymous Symbol]                       0x08003806   Section        0  stm32f1xx_ll_gpio.o(.rodata.str1.1)
    .L.str                                   0x0800383e   Data          55  stm32f1xx_ll_rtc.o(.rodata.str1.1)
    [Anonymous Symbol]                       0x0800383e   Section        0  stm32f1xx_ll_rtc.o(.rodata.str1.1)
    .L.str                                   0x08003875   Data          56  stm32f1xx_ll_exti.o(.rodata.str1.1)
    [Anonymous Symbol]                       0x08003875   Section        0  stm32f1xx_ll_exti.o(.rodata.str1.1)
    .L.str                                   0x080038ad   Data          55  stm32f1xx_ll_spi.o(.rodata.str1.1)
    [Anonymous Symbol]                       0x080038ad   Section        0  stm32f1xx_ll_spi.o(.rodata.str1.1)
    .L.str                                   0x080038e4   Data          55  stm32f1xx_ll_tim.o(.rodata.str1.1)
    [Anonymous Symbol]                       0x080038e4   Section        0  stm32f1xx_ll_tim.o(.rodata.str1.1)
    .L.str                                   0x0800391b   Data          57  stm32f1xx_ll_usart.o(.rodata.str1.1)
    [Anonymous Symbol]                       0x0800391b   Section        0  stm32f1xx_ll_usart.o(.rodata.str1.1)
    .bss                                     0x20000008   Section       96  libspace.o(.bss)
    Heap_Mem                                 0x20000070   Data         512  startup_stm32f103xe.o(HEAP)
    HEAP                                     0x20000070   Section      512  startup_stm32f103xe.o(HEAP)
    Stack_Mem                                0x20000270   Data        1024  startup_stm32f103xe.o(STACK)
    STACK                                    0x20000270   Section     1024  startup_stm32f103xe.o(STACK)
    __initial_sp                             0x20000670   Data           0  startup_stm32f103xe.o(STACK)

    Global Symbols

    Symbol Name                              Value     Ov Type        Size  Object(Section)

    BuildAttributes$$THM_ISAv4$P$D$K$B$S$PE$A:L22UL41UL21$X:L11$S22US41US21$IEEE1$IW$~IW$USESV6$~STKCKD$USESV7$~SHL$OTIME$ROPI$EBA8$UX$STANDARDLIB$REQ8$PRES8$EABIv2 0x00000000   Number         0  anon$$obj.o ABSOLUTE
    __fp_init_empty                          0x00000000   Number         0  fpinit_empty.o ABSOLUTE
    __ARM_exceptions_init                     - Undefined Weak Reference
    __alloca_initialize                       - Undefined Weak Reference
    __arm_preinit_                            - Undefined Weak Reference
    __arm_relocate_pie_                       - Undefined Weak Reference
    __cpp_initialize__aeabi_                  - Undefined Weak Reference
    __cxa_finalize                            - Undefined Weak Reference
    __rt_locale                               - Undefined Weak Reference
    __sigvec_lookup                           - Undefined Weak Reference
    __user_heap_extent                        - Undefined Weak Reference
    _atexit_init                              - Undefined Weak Reference
    _call_atexit_fns                          - Undefined Weak Reference
    _clock_init                               - Undefined Weak Reference
    _fp_trap_init                             - Undefined Weak Reference
    _fp_trap_shutdown                         - Undefined Weak Reference
    _get_lc_collate                           - Undefined Weak Reference
    _get_lc_ctype                             - Undefined Weak Reference
    _get_lc_monetary                          - Undefined Weak Reference
    _get_lc_numeric                           - Undefined Weak Reference
    _get_lc_time                              - Undefined Weak Reference
    _getenv_init                              - Undefined Weak Reference
    _handle_redirection                       - Undefined Weak Reference
    _initio                                   - Undefined Weak Reference
    _mutex_acquire                            - Undefined Weak Reference
    _mutex_free                               - Undefined Weak Reference
    _mutex_release                            - Undefined Weak Reference
    _rand_init                                - Undefined Weak Reference
    _signal_finish                            - Undefined Weak Reference
    _signal_init                              - Undefined Weak Reference
    _terminateio                              - Undefined Weak Reference
    __Vectors_Size                           0x00000130   Number         0  startup_stm32f103xe.o ABSOLUTE
    __Vectors                                0x08000000   Data           4  startup_stm32f103xe.o(RESET)
    __Vectors_End                            0x08000130   Data           0  startup_stm32f103xe.o(RESET)
    __main                                   0x08000131   Thumb Code     8  __main.o(!!!main)
    __scatterload                            0x08000139   Thumb Code     0  __scatter.o(!!!scatter)
    __scatterload_rt2                        0x08000139   Thumb Code    44  __scatter.o(!!!scatter)
    __scatterload_rt2_thumb_only             0x08000139   Thumb Code     0  __scatter.o(!!!scatter)
    __scatterload_null                       0x08000147   Thumb Code     0  __scatter.o(!!!scatter)
    __scatterload_copy                       0x0800016d   Thumb Code    26  __scatter_copy.o(!!handler_copy)
    __scatterload_zeroinit                   0x08000189   Thumb Code    28  __scatter_zi.o(!!handler_zi)
    __rt_lib_init                            0x080001a5   Thumb Code     0  libinit.o(.ARM.Collect$$libinit$$00000000)
    __rt_lib_init_fp_1                       0x080001a7   Thumb Code     0  libinit2.o(.ARM.Collect$$libinit$$00000002)
    __rt_lib_init_heap_2                     0x080001a7   Thumb Code     0  libinit2.o(.ARM.Collect$$libinit$$00000007)
    __rt_lib_init_preinit_1                  0x080001a7   Thumb Code     0  libinit2.o(.ARM.Collect$$libinit$$00000006)
    __rt_lib_init_relocate_pie_1             0x080001a7   Thumb Code     0  libinit2.o(.ARM.Collect$$libinit$$00000004)
    __rt_lib_init_alloca_1                   0x080001af   Thumb Code     0  libinit2.o(.ARM.Collect$$libinit$$00000030)
    __rt_lib_init_argv_1                     0x080001af   Thumb Code     0  libinit2.o(.ARM.Collect$$libinit$$0000002E)
    __rt_lib_init_atexit_1                   0x080001af   Thumb Code     0  libinit2.o(.ARM.Collect$$libinit$$0000001D)
    __rt_lib_init_clock_1                    0x080001af   Thumb Code     0  libinit2.o(.ARM.Collect$$libinit$$00000023)
    __rt_lib_init_cpp_1                      0x080001af   Thumb Code     0  libinit2.o(.ARM.Collect$$libinit$$00000034)
    __rt_lib_init_exceptions_1               0x080001af   Thumb Code     0  libinit2.o(.ARM.Collect$$libinit$$00000032)
    __rt_lib_init_fp_trap_1                  0x080001af   Thumb Code     0  libinit2.o(.ARM.Collect$$libinit$$00000021)
    __rt_lib_init_getenv_1                   0x080001af   Thumb Code     0  libinit2.o(.ARM.Collect$$libinit$$00000025)
    __rt_lib_init_heap_1                     0x080001af   Thumb Code     0  libinit2.o(.ARM.Collect$$libinit$$0000000C)
    __rt_lib_init_lc_collate_1               0x080001af   Thumb Code     0  libinit2.o(.ARM.Collect$$libinit$$00000013)
    __rt_lib_init_lc_ctype_1                 0x080001af   Thumb Code     0  libinit2.o(.ARM.Collect$$libinit$$00000015)
    __rt_lib_init_lc_monetary_1              0x080001af   Thumb Code     0  libinit2.o(.ARM.Collect$$libinit$$00000017)
    __rt_lib_init_lc_numeric_1               0x080001af   Thumb Code     0  libinit2.o(.ARM.Collect$$libinit$$00000019)
    __rt_lib_init_lc_time_1                  0x080001af   Thumb Code     0  libinit2.o(.ARM.Collect$$libinit$$0000001B)
    __rt_lib_init_rand_1                     0x080001af   Thumb Code     0  libinit2.o(.ARM.Collect$$libinit$$00000010)
    __rt_lib_init_return                     0x080001af   Thumb Code     0  libinit2.o(.ARM.Collect$$libinit$$00000035)
    __rt_lib_init_signal_1                   0x080001af   Thumb Code     0  libinit2.o(.ARM.Collect$$libinit$$0000001F)
    __rt_lib_init_stdio_1                    0x080001af   Thumb Code     0  libinit2.o(.ARM.Collect$$libinit$$00000027)
    __rt_lib_init_user_alloc_1               0x080001af   Thumb Code     0  libinit2.o(.ARM.Collect$$libinit$$0000000E)
    __rt_lib_shutdown                        0x080001b1   Thumb Code     0  libshutdown.o(.ARM.Collect$$libshutdown$$00000000)
    __rt_lib_shutdown_cpp_1                  0x080001b3   Thumb Code     0  libshutdown2.o(.ARM.Collect$$libshutdown$$00000002)
    __rt_lib_shutdown_fp_trap_1              0x080001b3   Thumb Code     0  libshutdown2.o(.ARM.Collect$$libshutdown$$00000007)
    __rt_lib_shutdown_heap_1                 0x080001b3   Thumb Code     0  libshutdown2.o(.ARM.Collect$$libshutdown$$0000000F)
    __rt_lib_shutdown_return                 0x080001b3   Thumb Code     0  libshutdown2.o(.ARM.Collect$$libshutdown$$00000010)
    __rt_lib_shutdown_signal_1               0x080001b3   Thumb Code     0  libshutdown2.o(.ARM.Collect$$libshutdown$$0000000A)
    __rt_lib_shutdown_stdio_1                0x080001b3   Thumb Code     0  libshutdown2.o(.ARM.Collect$$libshutdown$$00000004)
    __rt_lib_shutdown_user_alloc_1           0x080001b3   Thumb Code     0  libshutdown2.o(.ARM.Collect$$libshutdown$$0000000C)
    __rt_entry                               0x080001b5   Thumb Code     0  __rtentry.o(.ARM.Collect$$rtentry$$00000000)
    __rt_entry_presh_1                       0x080001b5   Thumb Code     0  __rtentry2.o(.ARM.Collect$$rtentry$$00000002)
    __rt_entry_sh                            0x080001b5   Thumb Code     0  __rtentry4.o(.ARM.Collect$$rtentry$$00000004)
    __rt_entry_li                            0x080001bb   Thumb Code     0  __rtentry2.o(.ARM.Collect$$rtentry$$0000000A)
    __rt_entry_postsh_1                      0x080001bb   Thumb Code     0  __rtentry2.o(.ARM.Collect$$rtentry$$00000009)
    __rt_entry_main                          0x080001bf   Thumb Code     0  __rtentry2.o(.ARM.Collect$$rtentry$$0000000D)
    __rt_entry_postli_1                      0x080001bf   Thumb Code     0  __rtentry2.o(.ARM.Collect$$rtentry$$0000000C)
    __rt_exit                                0x080001c7   Thumb Code     0  rtexit.o(.ARM.Collect$$rtexit$$00000000)
    __rt_exit_ls                             0x080001c9   Thumb Code     0  rtexit2.o(.ARM.Collect$$rtexit$$00000003)
    __rt_exit_prels_1                        0x080001c9   Thumb Code     0  rtexit2.o(.ARM.Collect$$rtexit$$00000002)
    __rt_exit_exit                           0x080001cd   Thumb Code     0  rtexit2.o(.ARM.Collect$$rtexit$$00000004)
    Reset_Handler                            0x080001d5   Thumb Code     8  startup_stm32f103xe.o(.text)
    ADC1_2_IRQHandler                        0x080001ef   Thumb Code     0  startup_stm32f103xe.o(.text)
    ADC3_IRQHandler                          0x080001ef   Thumb Code     0  startup_stm32f103xe.o(.text)
    CAN1_RX1_IRQHandler                      0x080001ef   Thumb Code     0  startup_stm32f103xe.o(.text)
    CAN1_SCE_IRQHandler                      0x080001ef   Thumb Code     0  startup_stm32f103xe.o(.text)
    DMA1_Channel1_IRQHandler                 0x080001ef   Thumb Code     0  startup_stm32f103xe.o(.text)
    DMA1_Channel2_IRQHandler                 0x080001ef   Thumb Code     0  startup_stm32f103xe.o(.text)
    DMA1_Channel3_IRQHandler                 0x080001ef   Thumb Code     0  startup_stm32f103xe.o(.text)
    DMA1_Channel4_IRQHandler                 0x080001ef   Thumb Code     0  startup_stm32f103xe.o(.text)
    DMA1_Channel5_IRQHandler                 0x080001ef   Thumb Code     0  startup_stm32f103xe.o(.text)
    DMA1_Channel6_IRQHandler                 0x080001ef   Thumb Code     0  startup_stm32f103xe.o(.text)
    DMA1_Channel7_IRQHandler                 0x080001ef   Thumb Code     0  startup_stm32f103xe.o(.text)
    DMA2_Channel1_IRQHandler                 0x080001ef   Thumb Code     0  startup_stm32f103xe.o(.text)
    DMA2_Channel2_IRQHandler                 0x080001ef   Thumb Code     0  startup_stm32f103xe.o(.text)
    DMA2_Channel3_IRQHandler                 0x080001ef   Thumb Code     0  startup_stm32f103xe.o(.text)
    DMA2_Channel4_5_IRQHandler               0x080001ef   Thumb Code     0  startup_stm32f103xe.o(.text)
    EXTI0_IRQHandler                         0x080001ef   Thumb Code     0  startup_stm32f103xe.o(.text)
    EXTI15_10_IRQHandler                     0x080001ef   Thumb Code     0  startup_stm32f103xe.o(.text)
    EXTI1_IRQHandler                         0x080001ef   Thumb Code     0  startup_stm32f103xe.o(.text)
    EXTI2_IRQHandler                         0x080001ef   Thumb Code     0  startup_stm32f103xe.o(.text)
    EXTI3_IRQHandler                         0x080001ef   Thumb Code     0  startup_stm32f103xe.o(.text)
    EXTI4_IRQHandler                         0x080001ef   Thumb Code     0  startup_stm32f103xe.o(.text)
    EXTI9_5_IRQHandler                       0x080001ef   Thumb Code     0  startup_stm32f103xe.o(.text)
    FLASH_IRQHandler                         0x080001ef   Thumb Code     0  startup_stm32f103xe.o(.text)
    FSMC_IRQHandler                          0x080001ef   Thumb Code     0  startup_stm32f103xe.o(.text)
    I2C1_ER_IRQHandler                       0x080001ef   Thumb Code     0  startup_stm32f103xe.o(.text)
    I2C1_EV_IRQHandler                       0x080001ef   Thumb Code     0  startup_stm32f103xe.o(.text)
    I2C2_ER_IRQHandler                       0x080001ef   Thumb Code     0  startup_stm32f103xe.o(.text)
    I2C2_EV_IRQHandler                       0x080001ef   Thumb Code     0  startup_stm32f103xe.o(.text)
    PVD_IRQHandler                           0x080001ef   Thumb Code     0  startup_stm32f103xe.o(.text)
    RCC_IRQHandler                           0x080001ef   Thumb Code     0  startup_stm32f103xe.o(.text)
    RTC_Alarm_IRQHandler                     0x080001ef   Thumb Code     0  startup_stm32f103xe.o(.text)
    RTC_IRQHandler                           0x080001ef   Thumb Code     0  startup_stm32f103xe.o(.text)
    SDIO_IRQHandler                          0x080001ef   Thumb Code     0  startup_stm32f103xe.o(.text)
    SPI1_IRQHandler                          0x080001ef   Thumb Code     0  startup_stm32f103xe.o(.text)
    SPI2_IRQHandler                          0x080001ef   Thumb Code     0  startup_stm32f103xe.o(.text)
    SPI3_IRQHandler                          0x080001ef   Thumb Code     0  startup_stm32f103xe.o(.text)
    TAMPER_IRQHandler                        0x080001ef   Thumb Code     0  startup_stm32f103xe.o(.text)
    TIM1_BRK_IRQHandler                      0x080001ef   Thumb Code     0  startup_stm32f103xe.o(.text)
    TIM1_CC_IRQHandler                       0x080001ef   Thumb Code     0  startup_stm32f103xe.o(.text)
    TIM1_TRG_COM_IRQHandler                  0x080001ef   Thumb Code     0  startup_stm32f103xe.o(.text)
    TIM1_UP_IRQHandler                       0x080001ef   Thumb Code     0  startup_stm32f103xe.o(.text)
    TIM2_IRQHandler                          0x080001ef   Thumb Code     0  startup_stm32f103xe.o(.text)
    TIM3_IRQHandler                          0x080001ef   Thumb Code     0  startup_stm32f103xe.o(.text)
    TIM4_IRQHandler                          0x080001ef   Thumb Code     0  startup_stm32f103xe.o(.text)
    TIM5_IRQHandler                          0x080001ef   Thumb Code     0  startup_stm32f103xe.o(.text)
    TIM6_IRQHandler                          0x080001ef   Thumb Code     0  startup_stm32f103xe.o(.text)
    TIM7_IRQHandler                          0x080001ef   Thumb Code     0  startup_stm32f103xe.o(.text)
    TIM8_BRK_IRQHandler                      0x080001ef   Thumb Code     0  startup_stm32f103xe.o(.text)
    TIM8_CC_IRQHandler                       0x080001ef   Thumb Code     0  startup_stm32f103xe.o(.text)
    TIM8_TRG_COM_IRQHandler                  0x080001ef   Thumb Code     0  startup_stm32f103xe.o(.text)
    TIM8_UP_IRQHandler                       0x080001ef   Thumb Code     0  startup_stm32f103xe.o(.text)
    UART4_IRQHandler                         0x080001ef   Thumb Code     0  startup_stm32f103xe.o(.text)
    UART5_IRQHandler                         0x080001ef   Thumb Code     0  startup_stm32f103xe.o(.text)
    USART1_IRQHandler                        0x080001ef   Thumb Code     0  startup_stm32f103xe.o(.text)
    USART2_IRQHandler                        0x080001ef   Thumb Code     0  startup_stm32f103xe.o(.text)
    USART3_IRQHandler                        0x080001ef   Thumb Code     0  startup_stm32f103xe.o(.text)
    USBWakeUp_IRQHandler                     0x080001ef   Thumb Code     0  startup_stm32f103xe.o(.text)
    USB_HP_CAN1_TX_IRQHandler                0x080001ef   Thumb Code     0  startup_stm32f103xe.o(.text)
    USB_LP_CAN1_RX0_IRQHandler               0x080001ef   Thumb Code     0  startup_stm32f103xe.o(.text)
    WWDG_IRQHandler                          0x080001ef   Thumb Code     0  startup_stm32f103xe.o(.text)
    __user_initial_stackheap                 0x080001f1   Thumb Code     0  startup_stm32f103xe.o(.text)
    malloc                                   0x08000215   Thumb Code    94  h1_alloc.o(.text)
    free                                     0x08000273   Thumb Code    78  h1_free.o(.text)
    __aeabi_memclr4                          0x080002c1   Thumb Code     0  rt_memclr_w.o(.text)
    __aeabi_memclr8                          0x080002c1   Thumb Code     0  rt_memclr_w.o(.text)
    __rt_memclr_w                            0x080002c1   Thumb Code     0  rt_memclr_w.o(.text)
    _memset_w                                0x080002c5   Thumb Code    74  rt_memclr_w.o(.text)
    __use_two_region_memory                  0x0800030f   Thumb Code     2  heapauxi.o(.text)
    __rt_heap_escrow                         0x08000311   Thumb Code     2  heapauxi.o(.text)
    __rt_heap_expand                         0x08000313   Thumb Code     2  heapauxi.o(.text)
    __rt_heap_descriptor                     0x08000315   Thumb Code     8  rt_heap_descriptor_intlibspace.o(.text)
    __use_no_heap                            0x0800031d   Thumb Code     2  hguard.o(.text)
    __heap$guard                             0x0800031f   Thumb Code     2  hguard.o(.text)
    _terminate_user_alloc                    0x08000321   Thumb Code     2  init_alloc.o(.text)
    _init_user_alloc                         0x08000323   Thumb Code     2  init_alloc.o(.text)
    __Heap_Full                              0x08000325   Thumb Code    34  init_alloc.o(.text)
    __Heap_Broken                            0x08000347   Thumb Code     6  init_alloc.o(.text)
    _init_alloc                              0x0800034d   Thumb Code    94  init_alloc.o(.text)
    __Heap_Initialize                        0x080003ab   Thumb Code    10  h1_init.o(.text)
    __Heap_DescSize                          0x080003b5   Thumb Code     4  h1_init.o(.text)
    __user_libspace                          0x080003b9   Thumb Code     8  libspace.o(.text)
    __user_perproc_libspace                  0x080003b9   Thumb Code     0  libspace.o(.text)
    __user_perthread_libspace                0x080003b9   Thumb Code     0  libspace.o(.text)
    __Heap_ProvideMemory                     0x080003c1   Thumb Code    52  h1_extend.o(.text)
    _maybe_terminate_alloc                   0x080003c1   Thumb Code     0  maybetermalloc1.o(.text)
    __rt_SIGRTMEM                            0x080003f5   Thumb Code    14  defsig_rtmem_outer.o(.text)
    __I$use$semihosting                      0x08000403   Thumb Code     0  use_no_semi.o(.text)
    __use_no_semihosting_swi                 0x08000403   Thumb Code     2  use_no_semi.o(.text)
    __semihosting_library_function           0x08000405   Thumb Code     0  indicate_semi.o(.text)
    __user_setup_stackheap                   0x08000405   Thumb Code    74  sys_stackheap_outer.o(.text)
    exit                                     0x0800044f   Thumb Code    18  exit.o(.text)
    __sig_exit                               0x08000461   Thumb Code    10  defsig_exit.o(.text)
    __rt_SIGRTMEM_inner                      0x0800046d   Thumb Code    22  defsig_rtmem_inner.o(.text)
    _sys_exit                                0x080004bd   Thumb Code     8  sys_exit.o(.text)
    __default_signal_display                 0x080004c9   Thumb Code    50  defsig_general.o(.text)
    _ttywrch                                 0x080004fb   Thumb Code    14  sys_wrch.o(.text)
    BusFault_Handler                         0x08000509   Thumb Code     4  stm32f1xx_it.o(.text.BusFault_Handler)
    DebugMon_Handler                         0x0800050d   Thumb Code     2  stm32f1xx_it.o(.text.DebugMon_Handler)
    Error_Handler                            0x08000511   Thumb Code    14  main.o(.text.Error_Handler)
    HardFault_Handler                        0x08000521   Thumb Code     4  stm32f1xx_it.o(.text.HardFault_Handler)
    LL_EXTI_Init                             0x08000729   Thumb Code   422  stm32f1xx_ll_exti.o(.text.LL_EXTI_Init)
    LL_GPIO_Init                             0x08000965   Thumb Code   560  stm32f1xx_ll_gpio.o(.text.LL_GPIO_Init)
    LL_Init1msTick                           0x08000ca5   Thumb Code    20  stm32f1xx_ll_utils.o(.text.LL_Init1msTick)
    LL_RCC_GetSystemClocksFreq               0x08000db5   Thumb Code    54  stm32f1xx_ll_rcc.o(.text.LL_RCC_GetSystemClocksFreq)
    LL_RTC_EnterInitMode                     0x08000fc9   Thumb Code   152  stm32f1xx_ll_rtc.o(.text.LL_RTC_EnterInitMode)
    LL_RTC_ExitInitMode                      0x08001061   Thumb Code   152  stm32f1xx_ll_rtc.o(.text.LL_RTC_ExitInitMode)
    LL_RTC_Init                              0x080010f9   Thumb Code   254  stm32f1xx_ll_rtc.o(.text.LL_RTC_Init)
    LL_RTC_TIME_Init                         0x080012a5   Thumb Code   472  stm32f1xx_ll_rtc.o(.text.LL_RTC_TIME_Init)
    LL_RTC_WaitForSynchro                    0x08001499   Thumb Code   152  stm32f1xx_ll_rtc.o(.text.LL_RTC_WaitForSynchro)
    LL_SPI_Init                              0x08001531   Thumb Code   678  stm32f1xx_ll_spi.o(.text.LL_SPI_Init)
    LL_SetSystemCoreClock                    0x0800180d   Thumb Code    20  stm32f1xx_ll_utils.o(.text.LL_SetSystemCoreClock)
    LL_TIM_Init                              0x0800185d   Thumb Code   570  stm32f1xx_ll_tim.o(.text.LL_TIM_Init)
    LL_TIM_OC_Init                           0x08001c01   Thumb Code   120  stm32f1xx_ll_tim.o(.text.LL_TIM_OC_Init)
    LL_USART_Init                            0x08001d35   Thumb Code   680  stm32f1xx_ll_usart.o(.text.LL_USART_Init)
    MX_GPIO_Init                             0x08002075   Thumb Code   416  gpio.o(.text.MX_GPIO_Init)
    MX_RTC_Init                              0x08002215   Thumb Code    98  rtc.o(.text.MX_RTC_Init)
    MX_SPI1_Init                             0x08002279   Thumb Code   150  spi.o(.text.MX_SPI1_Init)
    MX_SPI2_Init                             0x08002311   Thumb Code   150  spi.o(.text.MX_SPI2_Init)
    MX_TIM3_Init                             0x080023a9   Thumb Code   192  tim.o(.text.MX_TIM3_Init)
    MX_USART1_UART_Init                      0x08002469   Thumb Code   160  usart.o(.text.MX_USART1_UART_Init)
    MemManage_Handler                        0x08002509   Thumb Code     4  stm32f1xx_it.o(.text.MemManage_Handler)
    NMI_Handler                              0x0800250d   Thumb Code     4  stm32f1xx_it.o(.text.NMI_Handler)
    PendSV_Handler                           0x08002fa5   Thumb Code     2  stm32f1xx_it.o(.text.PendSV_Handler)
    RCC_GetHCLKClockFreq                     0x08002fa9   Thumb Code    38  stm32f1xx_ll_rcc.o(.text.RCC_GetHCLKClockFreq)
    RCC_GetPCLK1ClockFreq                    0x08002fd1   Thumb Code    36  stm32f1xx_ll_rcc.o(.text.RCC_GetPCLK1ClockFreq)
    RCC_GetPCLK2ClockFreq                    0x08002ff5   Thumb Code    36  stm32f1xx_ll_rcc.o(.text.RCC_GetPCLK2ClockFreq)
    RCC_GetSystemClockFreq                   0x08003019   Thumb Code    86  stm32f1xx_ll_rcc.o(.text.RCC_GetSystemClockFreq)
    RCC_PLL_GetFreqDomain_SYS                0x08003071   Thumb Code   104  stm32f1xx_ll_rcc.o(.text.RCC_PLL_GetFreqDomain_SYS)
    SVC_Handler                              0x080030d9   Thumb Code     2  stm32f1xx_it.o(.text.SVC_Handler)
    SysTick_Handler                          0x080030dd   Thumb Code     2  stm32f1xx_it.o(.text.SysTick_Handler)
    SystemClock_Config                       0x080030e1   Thumb Code   208  main.o(.text.SystemClock_Config)
    SystemInit                               0x080031b1   Thumb Code     2  system_stm32f1xx.o(.text.SystemInit)
    UsageFault_Handler                       0x080031b5   Thumb Code     4  stm32f1xx_it.o(.text.UsageFault_Handler)
    assert_failed                            0x08003249   Thumb Code    10  main.o(.text.assert_failed)
    createHandler                            0x08003255   Thumb Code    58  spi_handler.o(.text.createHandler)
    findOrCreateHandler                      0x08003291   Thumb Code   142  spi_handler.o(.text.findOrCreateHandler)
    findTail                                 0x08003321   Thumb Code    28  fifo.o(.text.findTail)
    initFifo                                 0x0800333d   Thumb Code    46  fifo.o(.text.initFifo)
    main                                     0x0800336d   Thumb Code    96  main.o(.text.main)
    mockHandlerFunc                          0x080033cd   Thumb Code    34  spi_handler.o(.text.mockHandlerFunc)
    pop                                      0x080033f1   Thumb Code    60  fifo.o(.text.pop)
    push                                     0x0800342d   Thumb Code   112  fifo.o(.text.push)
    registerHandler                          0x0800349d   Thumb Code   114  spi_handler.o(.text.registerHandler)
    testFifo                                 0x08003511   Thumb Code   298  fifo.o(.text.testFifo)
    testHandlerList                          0x0800363d   Thumb Code   230  spi_handler.o(.text.testHandlerList)
    testRegistration                         0x08003725   Thumb Code   176  spi_handler.o(.text.testRegistration)
    testSPIHandler                           0x080037d5   Thumb Code    12  spi_handler.o(.text.testSPIHandler)
    AHBPrescTable                            0x080037e0   Data          16  system_stm32f1xx.o(.rodata.AHBPrescTable)
    APBPrescTable                            0x080037f0   Data           8  system_stm32f1xx.o(.rodata.APBPrescTable)
    Region$$Table$$Base                      0x08003954   Number         0  anon$$obj.o(Region$$Table)
    Region$$Table$$Limit                     0x08003974   Number         0  anon$$obj.o(Region$$Table)
    SystemCoreClock                          0x20000000   Data           4  system_stm32f1xx.o(.data.SystemCoreClock)
    __libspace_start                         0x20000008   Data          96  libspace.o(.bss)
    __temporary_stack_top$libspace           0x20000068   Data           0  libspace.o(.bss)
    cnt                                      0x20000068   Data           1  spi_handler.o(.bss.cnt)
    handlerList                              0x2000006c   Data           4  spi_handler.o(.bss.handlerList)



==============================================================================

Memory Map of the image

  Image Entry point : 0x08000131

  Load Region LR_IROM1 (Base: 0x08000000, Size: 0x00003980, Max: 0x00040000, ABSOLUTE)

    Execution Region ER_IROM1 (Exec base: 0x08000000, Load base: 0x08000000, Size: 0x00003974, Max: 0x00040000, ABSOLUTE)

    Exec Addr    Load Addr    Size         Type   Attr      Idx    E Section Name        Object

    0x08000000   0x08000000   0x00000130   Data   RO            3    RESET               startup_stm32f103xe.o
    0x08000130   0x08000130   0x00000008   Code   RO          857  * !!!main             c_w.l(__main.o)
    0x08000138   0x08000138   0x00000034   Code   RO         1066    !!!scatter          c_w.l(__scatter.o)
    0x0800016c   0x0800016c   0x0000001a   Code   RO         1068    !!handler_copy      c_w.l(__scatter_copy.o)
    0x08000186   0x08000186   0x00000002   PAD
    0x08000188   0x08000188   0x0000001c   Code   RO         1070    !!handler_zi        c_w.l(__scatter_zi.o)
    0x080001a4   0x080001a4   0x00000002   Code   RO         1001    .ARM.Collect$$libinit$$00000000  c_w.l(libinit.o)
    0x080001a6   0x080001a6   0x00000000   Code   RO          890    .ARM.Collect$$libinit$$00000002  c_w.l(libinit2.o)
    0x080001a6   0x080001a6   0x00000000   Code   RO          892    .ARM.Collect$$libinit$$00000004  c_w.l(libinit2.o)
    0x080001a6   0x080001a6   0x00000000   Code   RO          894    .ARM.Collect$$libinit$$00000006  c_w.l(libinit2.o)
    0x080001a6   0x080001a6   0x00000008   Code   RO          895    .ARM.Collect$$libinit$$00000007  c_w.l(libinit2.o)
    0x080001ae   0x080001ae   0x00000000   Code   RO          897    .ARM.Collect$$libinit$$0000000C  c_w.l(libinit2.o)
    0x080001ae   0x080001ae   0x00000000   Code   RO          899    .ARM.Collect$$libinit$$0000000E  c_w.l(libinit2.o)
    0x080001ae   0x080001ae   0x00000000   Code   RO          901    .ARM.Collect$$libinit$$00000010  c_w.l(libinit2.o)
    0x080001ae   0x080001ae   0x00000000   Code   RO          904    .ARM.Collect$$libinit$$00000013  c_w.l(libinit2.o)
    0x080001ae   0x080001ae   0x00000000   Code   RO          906    .ARM.Collect$$libinit$$00000015  c_w.l(libinit2.o)
    0x080001ae   0x080001ae   0x00000000   Code   RO          908    .ARM.Collect$$libinit$$00000017  c_w.l(libinit2.o)
    0x080001ae   0x080001ae   0x00000000   Code   RO          910    .ARM.Collect$$libinit$$00000019  c_w.l(libinit2.o)
    0x080001ae   0x080001ae   0x00000000   Code   RO          912    .ARM.Collect$$libinit$$0000001B  c_w.l(libinit2.o)
    0x080001ae   0x080001ae   0x00000000   Code   RO          914    .ARM.Collect$$libinit$$0000001D  c_w.l(libinit2.o)
    0x080001ae   0x080001ae   0x00000000   Code   RO          916    .ARM.Collect$$libinit$$0000001F  c_w.l(libinit2.o)
    0x080001ae   0x080001ae   0x00000000   Code   RO          918    .ARM.Collect$$libinit$$00000021  c_w.l(libinit2.o)
    0x080001ae   0x080001ae   0x00000000   Code   RO          920    .ARM.Collect$$libinit$$00000023  c_w.l(libinit2.o)
    0x080001ae   0x080001ae   0x00000000   Code   RO          922    .ARM.Collect$$libinit$$00000025  c_w.l(libinit2.o)
    0x080001ae   0x080001ae   0x00000000   Code   RO          924    .ARM.Collect$$libinit$$00000027  c_w.l(libinit2.o)
    0x080001ae   0x080001ae   0x00000000   Code   RO          928    .ARM.Collect$$libinit$$0000002E  c_w.l(libinit2.o)
    0x080001ae   0x080001ae   0x00000000   Code   RO          930    .ARM.Collect$$libinit$$00000030  c_w.l(libinit2.o)
    0x080001ae   0x080001ae   0x00000000   Code   RO          932    .ARM.Collect$$libinit$$00000032  c_w.l(libinit2.o)
    0x080001ae   0x080001ae   0x00000000   Code   RO          934    .ARM.Collect$$libinit$$00000034  c_w.l(libinit2.o)
    0x080001ae   0x080001ae   0x00000002   Code   RO          935    .ARM.Collect$$libinit$$00000035  c_w.l(libinit2.o)
    0x080001b0   0x080001b0   0x00000002   Code   RO         1063    .ARM.Collect$$libshutdown$$00000000  c_w.l(libshutdown.o)
    0x080001b2   0x080001b2   0x00000000   Code   RO         1017    .ARM.Collect$$libshutdown$$00000002  c_w.l(libshutdown2.o)
    0x080001b2   0x080001b2   0x00000000   Code   RO         1019    .ARM.Collect$$libshutdown$$00000004  c_w.l(libshutdown2.o)
    0x080001b2   0x080001b2   0x00000000   Code   RO         1022    .ARM.Collect$$libshutdown$$00000007  c_w.l(libshutdown2.o)
    0x080001b2   0x080001b2   0x00000000   Code   RO         1025    .ARM.Collect$$libshutdown$$0000000A  c_w.l(libshutdown2.o)
    0x080001b2   0x080001b2   0x00000000   Code   RO         1027    .ARM.Collect$$libshutdown$$0000000C  c_w.l(libshutdown2.o)
    0x080001b2   0x080001b2   0x00000000   Code   RO         1030    .ARM.Collect$$libshutdown$$0000000F  c_w.l(libshutdown2.o)
    0x080001b2   0x080001b2   0x00000002   Code   RO         1031    .ARM.Collect$$libshutdown$$00000010  c_w.l(libshutdown2.o)
    0x080001b4   0x080001b4   0x00000000   Code   RO          861    .ARM.Collect$$rtentry$$00000000  c_w.l(__rtentry.o)
    0x080001b4   0x080001b4   0x00000000   Code   RO          944    .ARM.Collect$$rtentry$$00000002  c_w.l(__rtentry2.o)
    0x080001b4   0x080001b4   0x00000006   Code   RO          956    .ARM.Collect$$rtentry$$00000004  c_w.l(__rtentry4.o)
    0x080001ba   0x080001ba   0x00000000   Code   RO          946    .ARM.Collect$$rtentry$$00000009  c_w.l(__rtentry2.o)
    0x080001ba   0x080001ba   0x00000004   Code   RO          947    .ARM.Collect$$rtentry$$0000000A  c_w.l(__rtentry2.o)
    0x080001be   0x080001be   0x00000000   Code   RO          949    .ARM.Collect$$rtentry$$0000000C  c_w.l(__rtentry2.o)
    0x080001be   0x080001be   0x00000008   Code   RO          950    .ARM.Collect$$rtentry$$0000000D  c_w.l(__rtentry2.o)
    0x080001c6   0x080001c6   0x00000002   Code   RO         1006    .ARM.Collect$$rtexit$$00000000  c_w.l(rtexit.o)
    0x080001c8   0x080001c8   0x00000000   Code   RO         1037    .ARM.Collect$$rtexit$$00000002  c_w.l(rtexit2.o)
    0x080001c8   0x080001c8   0x00000004   Code   RO         1038    .ARM.Collect$$rtexit$$00000003  c_w.l(rtexit2.o)
    0x080001cc   0x080001cc   0x00000006   Code   RO         1039    .ARM.Collect$$rtexit$$00000004  c_w.l(rtexit2.o)
    0x080001d2   0x080001d2   0x00000002   PAD
    0x080001d4   0x080001d4   0x00000040   Code   RO            4    .text               startup_stm32f103xe.o
    0x08000214   0x08000214   0x0000005e   Code   RO          795    .text               c_w.l(h1_alloc.o)
    0x08000272   0x08000272   0x0000004e   Code   RO          797    .text               c_w.l(h1_free.o)
    0x080002c0   0x080002c0   0x0000004e   Code   RO          853    .text               c_w.l(rt_memclr_w.o)
    0x0800030e   0x0800030e   0x00000006   Code   RO          855    .text               c_w.l(heapauxi.o)
    0x08000314   0x08000314   0x00000008   Code   RO          865    .text               c_w.l(rt_heap_descriptor_intlibspace.o)
    0x0800031c   0x0800031c   0x00000004   Code   RO          867    .text               c_w.l(hguard.o)
    0x08000320   0x08000320   0x0000008a   Code   RO          869    .text               c_w.l(init_alloc.o)
    0x080003aa   0x080003aa   0x0000000e   Code   RO          873    .text               c_w.l(h1_init.o)
    0x080003b8   0x080003b8   0x00000008   Code   RO          940    .text               c_w.l(libspace.o)
    0x080003c0   0x080003c0   0x00000000   Code   RO          960    .text               c_w.l(maybetermalloc1.o)
    0x080003c0   0x080003c0   0x00000034   Code   RO          962    .text               c_w.l(h1_extend.o)
    0x080003f4   0x080003f4   0x0000000e   Code   RO          966    .text               c_w.l(defsig_rtmem_outer.o)
    0x08000402   0x08000402   0x00000002   Code   RO          977    .text               c_w.l(use_no_semi.o)
    0x08000404   0x08000404   0x00000000   Code   RO          979    .text               c_w.l(indicate_semi.o)
    0x08000404   0x08000404   0x0000004a   Code   RO          980    .text               c_w.l(sys_stackheap_outer.o)
    0x0800044e   0x0800044e   0x00000012   Code   RO          986    .text               c_w.l(exit.o)
    0x08000460   0x08000460   0x0000000a   Code   RO          988    .text               c_w.l(defsig_exit.o)
    0x0800046a   0x0800046a   0x00000002   PAD
    0x0800046c   0x0800046c   0x00000050   Code   RO          990    .text               c_w.l(defsig_rtmem_inner.o)
    0x080004bc   0x080004bc   0x0000000c   Code   RO         1002    .text               c_w.l(sys_exit.o)
    0x080004c8   0x080004c8   0x00000032   Code   RO         1014    .text               c_w.l(defsig_general.o)
    0x080004fa   0x080004fa   0x0000000e   Code   RO         1032    .text               c_w.l(sys_wrch.o)
    0x08000508   0x08000508   0x00000004   Code   RO          182    .text.BusFault_Handler  stm32f1xx_it.o
    0x0800050c   0x0800050c   0x00000002   Code   RO          188    .text.DebugMon_Handler  stm32f1xx_it.o
    0x0800050e   0x0800050e   0x00000002   PAD
    0x08000510   0x08000510   0x0000000e   Code   RO           69    .text.Error_Handler  main.o
    0x0800051e   0x0800051e   0x00000002   PAD
    0x08000520   0x08000520   0x00000004   Code   RO          178    .text.HardFault_Handler  stm32f1xx_it.o
    0x08000524   0x08000524   0x00000022   Code   RO           15    .text.LL_APB1_GRP1_EnableClock  main.o
    0x08000546   0x08000546   0x00000002   PAD
    0x08000548   0x08000548   0x00000022   Code   RO          106    .text.LL_APB1_GRP1_EnableClock  rtc.o
    0x0800056a   0x0800056a   0x00000002   PAD
    0x0800056c   0x0800056c   0x00000022   Code   RO          125    .text.LL_APB1_GRP1_EnableClock  spi.o
    0x0800058e   0x0800058e   0x00000002   PAD
    0x08000590   0x08000590   0x00000022   Code   RO          136    .text.LL_APB1_GRP1_EnableClock  tim.o
    0x080005b2   0x080005b2   0x00000002   PAD
    0x080005b4   0x080005b4   0x00000022   Code   RO           13    .text.LL_APB2_GRP1_EnableClock  main.o
    0x080005d6   0x080005d6   0x00000002   PAD
    0x080005d8   0x080005d8   0x00000022   Code   RO           83    .text.LL_APB2_GRP1_EnableClock  gpio.o
    0x080005fa   0x080005fa   0x00000002   PAD
    0x080005fc   0x080005fc   0x00000022   Code   RO          121    .text.LL_APB2_GRP1_EnableClock  spi.o
    0x0800061e   0x0800061e   0x00000002   PAD
    0x08000620   0x08000620   0x00000022   Code   RO          148    .text.LL_APB2_GRP1_EnableClock  tim.o
    0x08000642   0x08000642   0x00000002   PAD
    0x08000644   0x08000644   0x00000022   Code   RO          163    .text.LL_APB2_GRP1_EnableClock  usart.o
    0x08000666   0x08000666   0x00000002   PAD
    0x08000668   0x08000668   0x00000018   Code   RO          411    .text.LL_EXTI_DisableEvent_0_31  stm32f1xx_ll_exti.o
    0x08000680   0x08000680   0x00000018   Code   RO          419    .text.LL_EXTI_DisableFallingTrig_0_31  stm32f1xx_ll_exti.o
    0x08000698   0x08000698   0x00000018   Code   RO          415    .text.LL_EXTI_DisableIT_0_31  stm32f1xx_ll_exti.o
    0x080006b0   0x080006b0   0x00000018   Code   RO          423    .text.LL_EXTI_DisableRisingTrig_0_31  stm32f1xx_ll_exti.o
    0x080006c8   0x080006c8   0x00000018   Code   RO          417    .text.LL_EXTI_EnableEvent_0_31  stm32f1xx_ll_exti.o
    0x080006e0   0x080006e0   0x00000018   Code   RO          425    .text.LL_EXTI_EnableFallingTrig_0_31  stm32f1xx_ll_exti.o
    0x080006f8   0x080006f8   0x00000018   Code   RO          413    .text.LL_EXTI_EnableIT_0_31  stm32f1xx_ll_exti.o
    0x08000710   0x08000710   0x00000018   Code   RO          421    .text.LL_EXTI_EnableRisingTrig_0_31  stm32f1xx_ll_exti.o
    0x08000728   0x08000728   0x000001a6   Code   RO          409    .text.LL_EXTI_Init  stm32f1xx_ll_exti.o
    0x080008ce   0x080008ce   0x00000002   PAD
    0x080008d0   0x080008d0   0x00000010   Code   RO           31    .text.LL_FLASH_GetLatency  main.o
    0x080008e0   0x080008e0   0x0000001c   Code   RO           29    .text.LL_FLASH_SetLatency  main.o
    0x080008fc   0x080008fc   0x00000016   Code   RO          150    .text.LL_GPIO_AF_EnableRemap_TIM3  tim.o
    0x08000912   0x08000912   0x00000002   PAD
    0x08000914   0x08000914   0x00000018   Code   RO           25    .text.LL_GPIO_AF_Remap_SWJ_NOJTAG  main.o
    0x0800092c   0x0800092c   0x00000038   Code   RO           87    .text.LL_GPIO_AF_SetEXTISource  gpio.o
    0x08000964   0x08000964   0x00000230   Code   RO          207    .text.LL_GPIO_Init  stm32f1xx_ll_gpio.o
    0x08000b94   0x08000b94   0x00000012   Code   RO           85    .text.LL_GPIO_ResetOutputPin  gpio.o
    0x08000ba6   0x08000ba6   0x00000002   PAD
    0x08000ba8   0x08000ba8   0x00000034   Code   RO           89    .text.LL_GPIO_SetPinMode  gpio.o
    0x08000bdc   0x08000bdc   0x00000034   Code   RO          211    .text.LL_GPIO_SetPinMode  stm32f1xx_ll_gpio.o
    0x08000c10   0x08000c10   0x00000034   Code   RO          215    .text.LL_GPIO_SetPinOutputType  stm32f1xx_ll_gpio.o
    0x08000c44   0x08000c44   0x0000002a   Code   RO          209    .text.LL_GPIO_SetPinPull  stm32f1xx_ll_gpio.o
    0x08000c6e   0x08000c6e   0x00000002   PAD
    0x08000c70   0x08000c70   0x00000034   Code   RO          213    .text.LL_GPIO_SetPinSpeed  stm32f1xx_ll_gpio.o
    0x08000ca4   0x08000ca4   0x00000014   Code   RO          343    .text.LL_Init1msTick  stm32f1xx_ll_utils.o
    0x08000cb8   0x08000cb8   0x00000036   Code   RO          345    .text.LL_InitTick   stm32f1xx_ll_utils.o
    0x08000cee   0x08000cee   0x00000002   PAD
    0x08000cf0   0x08000cf0   0x00000012   Code   RO           37    .text.LL_PWR_EnableBkUpAccess  main.o
    0x08000d02   0x08000d02   0x00000002   PAD
    0x08000d04   0x08000d04   0x00000012   Code   RO          104    .text.LL_PWR_EnableBkUpAccess  rtc.o
    0x08000d16   0x08000d16   0x00000002   PAD
    0x08000d18   0x08000d18   0x00000012   Code   RO           51    .text.LL_RCC_EnableRTC  main.o
    0x08000d2a   0x08000d2a   0x00000002   PAD
    0x08000d2c   0x08000d2c   0x00000012   Code   RO          108    .text.LL_RCC_EnableRTC  rtc.o
    0x08000d3e   0x08000d3e   0x00000002   PAD
    0x08000d40   0x08000d40   0x00000012   Code   RO           41    .text.LL_RCC_ForceBackupDomainReset  main.o
    0x08000d52   0x08000d52   0x00000002   PAD
    0x08000d54   0x08000d54   0x00000010   Code   RO          323    .text.LL_RCC_GetAHBPrescaler  stm32f1xx_ll_rcc.o
    0x08000d64   0x08000d64   0x00000010   Code   RO          325    .text.LL_RCC_GetAPB1Prescaler  stm32f1xx_ll_rcc.o
    0x08000d74   0x08000d74   0x00000010   Code   RO          327    .text.LL_RCC_GetAPB2Prescaler  stm32f1xx_ll_rcc.o
    0x08000d84   0x08000d84   0x00000010   Code   RO           39    .text.LL_RCC_GetRTCClockSource  main.o
    0x08000d94   0x08000d94   0x00000010   Code   RO           67    .text.LL_RCC_GetSysClkSource  main.o
    0x08000da4   0x08000da4   0x00000010   Code   RO          295    .text.LL_RCC_GetSysClkSource  stm32f1xx_ll_rcc.o
    0x08000db4   0x08000db4   0x00000036   Code   RO          303    .text.LL_RCC_GetSystemClocksFreq  stm32f1xx_ll_rcc.o
    0x08000dea   0x08000dea   0x00000002   PAD
    0x08000dec   0x08000dec   0x00000012   Code   RO           33    .text.LL_RCC_HSE_Enable  main.o
    0x08000dfe   0x08000dfe   0x00000002   PAD
    0x08000e00   0x08000e00   0x00000010   Code   RO           35    .text.LL_RCC_HSE_IsReady  main.o
    0x08000e10   0x08000e10   0x00000012   Code   RO           45    .text.LL_RCC_LSE_Enable  main.o
    0x08000e22   0x08000e22   0x00000002   PAD
    0x08000e24   0x08000e24   0x00000010   Code   RO           47    .text.LL_RCC_LSE_IsReady  main.o
    0x08000e34   0x08000e34   0x00000026   Code   RO           53    .text.LL_RCC_PLL_ConfigDomain_SYS  main.o
    0x08000e5a   0x08000e5a   0x00000002   PAD
    0x08000e5c   0x08000e5c   0x00000012   Code   RO           55    .text.LL_RCC_PLL_Enable  main.o
    0x08000e6e   0x08000e6e   0x00000002   PAD
    0x08000e70   0x08000e70   0x00000010   Code   RO          329    .text.LL_RCC_PLL_GetMainSource  stm32f1xx_ll_rcc.o
    0x08000e80   0x08000e80   0x00000010   Code   RO          333    .text.LL_RCC_PLL_GetMultiplicator  stm32f1xx_ll_rcc.o
    0x08000e90   0x08000e90   0x00000010   Code   RO          331    .text.LL_RCC_PLL_GetPrediv  stm32f1xx_ll_rcc.o
    0x08000ea0   0x08000ea0   0x00000010   Code   RO           57    .text.LL_RCC_PLL_IsReady  main.o
    0x08000eb0   0x08000eb0   0x00000012   Code   RO           43    .text.LL_RCC_ReleaseBackupDomainReset  main.o
    0x08000ec2   0x08000ec2   0x00000002   PAD
    0x08000ec4   0x08000ec4   0x0000001c   Code   RO           59    .text.LL_RCC_SetAHBPrescaler  main.o
    0x08000ee0   0x08000ee0   0x0000001c   Code   RO           61    .text.LL_RCC_SetAPB1Prescaler  main.o
    0x08000efc   0x08000efc   0x0000001c   Code   RO           63    .text.LL_RCC_SetAPB2Prescaler  main.o
    0x08000f18   0x08000f18   0x0000001c   Code   RO           49    .text.LL_RCC_SetRTCClockSource  main.o
    0x08000f34   0x08000f34   0x0000001c   Code   RO           65    .text.LL_RCC_SetSysClkSource  main.o
    0x08000f50   0x08000f50   0x00000012   Code   RO          243    .text.LL_RTC_ClearFlag_ALR  stm32f1xx_ll_rtc.o
    0x08000f62   0x08000f62   0x00000002   PAD
    0x08000f64   0x08000f64   0x00000012   Code   RO          245    .text.LL_RTC_ClearFlag_OW  stm32f1xx_ll_rtc.o
    0x08000f76   0x08000f76   0x00000002   PAD
    0x08000f78   0x08000f78   0x00000012   Code   RO          237    .text.LL_RTC_ClearFlag_RS  stm32f1xx_ll_rtc.o
    0x08000f8a   0x08000f8a   0x00000002   PAD
    0x08000f8c   0x08000f8c   0x00000012   Code   RO          247    .text.LL_RTC_ClearFlag_SEC  stm32f1xx_ll_rtc.o
    0x08000f9e   0x08000f9e   0x00000002   PAD
    0x08000fa0   0x08000fa0   0x00000012   Code   RO          229    .text.LL_RTC_DisableWriteProtection  stm32f1xx_ll_rtc.o
    0x08000fb2   0x08000fb2   0x00000002   PAD
    0x08000fb4   0x08000fb4   0x00000012   Code   RO          239    .text.LL_RTC_EnableWriteProtection  stm32f1xx_ll_rtc.o
    0x08000fc6   0x08000fc6   0x00000002   PAD
    0x08000fc8   0x08000fc8   0x00000098   Code   RO          231    .text.LL_RTC_EnterInitMode  stm32f1xx_ll_rtc.o
    0x08001060   0x08001060   0x00000098   Code   RO          233    .text.LL_RTC_ExitInitMode  stm32f1xx_ll_rtc.o
    0x080010f8   0x080010f8   0x000000fe   Code   RO          241    .text.LL_RTC_Init   stm32f1xx_ll_rtc.o
    0x080011f6   0x080011f6   0x00000002   PAD
    0x080011f8   0x080011f8   0x00000010   Code   RO          277    .text.LL_RTC_IsActiveFlag_RS  stm32f1xx_ll_rtc.o
    0x08001208   0x08001208   0x00000010   Code   RO          269    .text.LL_RTC_IsActiveFlag_RTOF  stm32f1xx_ll_rtc.o
    0x08001218   0x08001218   0x0000002a   Code   RO          110    .text.LL_RTC_SetAsynchPrescaler  rtc.o
    0x08001242   0x08001242   0x00000002   PAD
    0x08001244   0x08001244   0x0000002a   Code   RO          253    .text.LL_RTC_SetAsynchPrescaler  stm32f1xx_ll_rtc.o
    0x0800126e   0x0800126e   0x00000002   PAD
    0x08001270   0x08001270   0x0000001a   Code   RO          251    .text.LL_RTC_SetOutputSource  stm32f1xx_ll_rtc.o
    0x0800128a   0x0800128a   0x00000002   PAD
    0x0800128c   0x0800128c   0x00000018   Code   RO          249    .text.LL_RTC_TAMPER_Disable  stm32f1xx_ll_rtc.o
    0x080012a4   0x080012a4   0x000001d8   Code   RO          257    .text.LL_RTC_TIME_Init  stm32f1xx_ll_rtc.o
    0x0800147c   0x0800147c   0x0000001a   Code   RO          259    .text.LL_RTC_TIME_Set  stm32f1xx_ll_rtc.o
    0x08001496   0x08001496   0x00000002   PAD
    0x08001498   0x08001498   0x00000098   Code   RO          235    .text.LL_RTC_WaitForSynchro  stm32f1xx_ll_rtc.o
    0x08001530   0x08001530   0x000002a6   Code   RO          447    .text.LL_SPI_Init   stm32f1xx_ll_spi.o
    0x080017d6   0x080017d6   0x00000002   PAD
    0x080017d8   0x080017d8   0x00000010   Code   RO          449    .text.LL_SPI_IsEnabled  stm32f1xx_ll_spi.o
    0x080017e8   0x080017e8   0x00000012   Code   RO          451    .text.LL_SPI_SetCRCPolynomial  stm32f1xx_ll_spi.o
    0x080017fa   0x080017fa   0x00000002   PAD
    0x080017fc   0x080017fc   0x00000010   Code   RO          271    .text.LL_SYSTICK_IsActiveCounterFlag  stm32f1xx_ll_rtc.o
    0x0800180c   0x0800180c   0x00000014   Code   RO          349    .text.LL_SetSystemCoreClock  stm32f1xx_ll_utils.o
    0x08001820   0x08001820   0x00000012   Code   RO          138    .text.LL_TIM_DisableARRPreload  tim.o
    0x08001832   0x08001832   0x00000002   PAD
    0x08001834   0x08001834   0x00000012   Code   RO          146    .text.LL_TIM_DisableMasterSlaveMode  tim.o
    0x08001846   0x08001846   0x00000002   PAD
    0x08001848   0x08001848   0x00000012   Code   RO          543    .text.LL_TIM_GenerateEvent_UPDATE  stm32f1xx_ll_tim.o
    0x0800185a   0x0800185a   0x00000002   PAD
    0x0800185c   0x0800185c   0x0000023a   Code   RO          535    .text.LL_TIM_Init   stm32f1xx_ll_tim.o
    0x08001a96   0x08001a96   0x00000002   PAD
    0x08001a98   0x08001a98   0x000000b2   Code   RO          142    .text.LL_TIM_OC_DisableFast  tim.o
    0x08001b4a   0x08001b4a   0x00000002   PAD
    0x08001b4c   0x08001b4c   0x000000b2   Code   RO          140    .text.LL_TIM_OC_EnablePreload  tim.o
    0x08001bfe   0x08001bfe   0x00000002   PAD
    0x08001c00   0x08001c00   0x00000078   Code   RO          547    .text.LL_TIM_OC_Init  stm32f1xx_ll_tim.o
    0x08001c78   0x08001c78   0x00000010   Code   RO          585    .text.LL_TIM_OC_SetCompareCH1  stm32f1xx_ll_tim.o
    0x08001c88   0x08001c88   0x00000010   Code   RO          579    .text.LL_TIM_OC_SetCompareCH2  stm32f1xx_ll_tim.o
    0x08001c98   0x08001c98   0x00000010   Code   RO          587    .text.LL_TIM_OC_SetCompareCH3  stm32f1xx_ll_tim.o
    0x08001ca8   0x08001ca8   0x00000010   Code   RO          589    .text.LL_TIM_OC_SetCompareCH4  stm32f1xx_ll_tim.o
    0x08001cb8   0x08001cb8   0x00000010   Code   RO          537    .text.LL_TIM_SetAutoReload  stm32f1xx_ll_tim.o
    0x08001cc8   0x08001cc8   0x00000010   Code   RO          539    .text.LL_TIM_SetPrescaler  stm32f1xx_ll_tim.o
    0x08001cd8   0x08001cd8   0x00000010   Code   RO          541    .text.LL_TIM_SetRepetitionCounter  stm32f1xx_ll_tim.o
    0x08001ce8   0x08001ce8   0x0000001a   Code   RO          144    .text.LL_TIM_SetTriggerOutput  tim.o
    0x08001d02   0x08001d02   0x00000002   PAD
    0x08001d04   0x08001d04   0x0000001c   Code   RO          165    .text.LL_USART_ConfigAsyncMode  usart.o
    0x08001d20   0x08001d20   0x00000012   Code   RO          167    .text.LL_USART_Enable  usart.o
    0x08001d32   0x08001d32   0x00000002   PAD
    0x08001d34   0x08001d34   0x000002a8   Code   RO          609    .text.LL_USART_Init  stm32f1xx_ll_usart.o
    0x08001fdc   0x08001fdc   0x00000010   Code   RO          611    .text.LL_USART_IsEnabled  stm32f1xx_ll_usart.o
    0x08001fec   0x08001fec   0x0000004e   Code   RO          617    .text.LL_USART_SetBaudRate  stm32f1xx_ll_usart.o
    0x0800203a   0x0800203a   0x00000002   PAD
    0x0800203c   0x0800203c   0x0000001a   Code   RO          615    .text.LL_USART_SetHWFlowCtrl  stm32f1xx_ll_usart.o
    0x08002056   0x08002056   0x00000002   PAD
    0x08002058   0x08002058   0x0000001a   Code   RO          613    .text.LL_USART_SetStopBitsLength  stm32f1xx_ll_usart.o
    0x08002072   0x08002072   0x00000002   PAD
    0x08002074   0x08002074   0x000001a0   Code   RO           81    .text.MX_GPIO_Init  gpio.o
    0x08002214   0x08002214   0x00000062   Code   RO          102    .text.MX_RTC_Init   rtc.o
    0x08002276   0x08002276   0x00000002   PAD
    0x08002278   0x08002278   0x00000096   Code   RO          119    .text.MX_SPI1_Init  spi.o
    0x0800230e   0x0800230e   0x00000002   PAD
    0x08002310   0x08002310   0x00000096   Code   RO          123    .text.MX_SPI2_Init  spi.o
    0x080023a6   0x080023a6   0x00000002   PAD
    0x080023a8   0x080023a8   0x000000c0   Code   RO          134    .text.MX_TIM3_Init  tim.o
    0x08002468   0x08002468   0x000000a0   Code   RO          161    .text.MX_USART1_UART_Init  usart.o
    0x08002508   0x08002508   0x00000004   Code   RO          180    .text.MemManage_Handler  stm32f1xx_it.o
    0x0800250c   0x0800250c   0x00000004   Code   RO          176    .text.NMI_Handler   stm32f1xx_it.o
    0x08002510   0x08002510   0x0000006c   Code   RO           21    .text.NVIC_EncodePriority  main.o
    0x0800257c   0x0800257c   0x00000290   Code   RO          549    .text.OC1Config     stm32f1xx_ll_tim.o
    0x0800280c   0x0800280c   0x00000298   Code   RO          551    .text.OC2Config     stm32f1xx_ll_tim.o
    0x08002aa4   0x08002aa4   0x00000296   Code   RO          553    .text.OC3Config     stm32f1xx_ll_tim.o
    0x08002d3a   0x08002d3a   0x00000002   PAD
    0x08002d3c   0x08002d3c   0x00000268   Code   RO          555    .text.OC4Config     stm32f1xx_ll_tim.o
    0x08002fa4   0x08002fa4   0x00000002   Code   RO          190    .text.PendSV_Handler  stm32f1xx_it.o
    0x08002fa6   0x08002fa6   0x00000002   PAD
    0x08002fa8   0x08002fa8   0x00000026   Code   RO          307    .text.RCC_GetHCLKClockFreq  stm32f1xx_ll_rcc.o
    0x08002fce   0x08002fce   0x00000002   PAD
    0x08002fd0   0x08002fd0   0x00000024   Code   RO          309    .text.RCC_GetPCLK1ClockFreq  stm32f1xx_ll_rcc.o
    0x08002ff4   0x08002ff4   0x00000024   Code   RO          311    .text.RCC_GetPCLK2ClockFreq  stm32f1xx_ll_rcc.o
    0x08003018   0x08003018   0x00000056   Code   RO          305    .text.RCC_GetSystemClockFreq  stm32f1xx_ll_rcc.o
    0x0800306e   0x0800306e   0x00000002   PAD
    0x08003070   0x08003070   0x00000068   Code   RO          317    .text.RCC_PLL_GetFreqDomain_SYS  stm32f1xx_ll_rcc.o
    0x080030d8   0x080030d8   0x00000002   Code   RO          186    .text.SVC_Handler   stm32f1xx_it.o
    0x080030da   0x080030da   0x00000002   PAD
    0x080030dc   0x080030dc   0x00000002   Code   RO          192    .text.SysTick_Handler  stm32f1xx_it.o
    0x080030de   0x080030de   0x00000002   PAD
    0x080030e0   0x080030e0   0x000000d0   Code   RO           27    .text.SystemClock_Config  main.o
    0x080031b0   0x080031b0   0x00000002   Code   RO          635    .text.SystemInit    system_stm32f1xx.o
    0x080031b2   0x080031b2   0x00000002   PAD
    0x080031b4   0x080031b4   0x00000004   Code   RO          184    .text.UsageFault_Handler  stm32f1xx_it.o
    0x080031b8   0x080031b8   0x00000010   Code   RO           23    .text.__NVIC_GetPriorityGrouping  main.o
    0x080031c8   0x080031c8   0x00000042   Code   RO           19    .text.__NVIC_SetPriority  main.o
    0x0800320a   0x0800320a   0x00000002   PAD
    0x0800320c   0x0800320c   0x0000003c   Code   RO           17    .text.__NVIC_SetPriorityGrouping  main.o
    0x08003248   0x08003248   0x0000000a   Code   RO           71    .text.assert_failed  main.o
    0x08003252   0x08003252   0x00000002   PAD
    0x08003254   0x08003254   0x0000003a   Code   RO          737    .text.createHandler  spi_handler.o
    0x0800328e   0x0800328e   0x00000002   PAD
    0x08003290   0x08003290   0x0000008e   Code   RO          735    .text.findOrCreateHandler  spi_handler.o
    0x0800331e   0x0800331e   0x00000002   PAD
    0x08003320   0x08003320   0x0000001c   Code   RO          774    .text.findTail      fifo.o
    0x0800333c   0x0800333c   0x0000002e   Code   RO          772    .text.initFifo      fifo.o
    0x0800336a   0x0800336a   0x00000002   PAD
    0x0800336c   0x0800336c   0x00000060   Code   RO           11    .text.main          main.o
    0x080033cc   0x080033cc   0x00000022   Code   RO          757    .text.mockHandlerFunc  spi_handler.o
    0x080033ee   0x080033ee   0x00000002   PAD
    0x080033f0   0x080033f0   0x0000003c   Code   RO          768    .text.pop           fifo.o
    0x0800342c   0x0800342c   0x00000070   Code   RO          770    .text.push          fifo.o
    0x0800349c   0x0800349c   0x00000072   Code   RO          743    .text.registerHandler  spi_handler.o
    0x0800350e   0x0800350e   0x00000002   PAD
    0x08003510   0x08003510   0x0000012a   Code   RO          778    .text.testFifo      fifo.o
    0x0800363a   0x0800363a   0x00000002   PAD
    0x0800363c   0x0800363c   0x000000e6   Code   RO          753    .text.testHandlerList  spi_handler.o
    0x08003722   0x08003722   0x00000002   PAD
    0x08003724   0x08003724   0x000000b0   Code   RO          755    .text.testRegistration  spi_handler.o
    0x080037d4   0x080037d4   0x0000000c   Code   RO          751    .text.testSPIHandler  spi_handler.o
    0x080037e0   0x080037e0   0x00000010   Data   RO          640    .rodata.AHBPrescTable  system_stm32f1xx.o
    0x080037f0   0x080037f0   0x00000008   Data   RO          641    .rodata.APBPrescTable  system_stm32f1xx.o
    0x080037f8   0x080037f8   0x00000007   Data   RO          152    .rodata.OFFSET_TAB_CCMRx  tim.o
    0x080037ff   0x080037ff   0x00000007   Data   RO          153    .rodata.SHIFT_TAB_OCxx  tim.o
    0x08003806   0x08003806   0x00000038   Data   RO          219    .rodata.str1.1      stm32f1xx_ll_gpio.o
    0x0800383e   0x0800383e   0x00000037   Data   RO          279    .rodata.str1.1      stm32f1xx_ll_rtc.o
    0x08003875   0x08003875   0x00000038   Data   RO          429    .rodata.str1.1      stm32f1xx_ll_exti.o
    0x080038ad   0x080038ad   0x00000037   Data   RO          465    .rodata.str1.1      stm32f1xx_ll_spi.o
    0x080038e4   0x080038e4   0x00000037   Data   RO          591    .rodata.str1.1      stm32f1xx_ll_tim.o
    0x0800391b   0x0800391b   0x00000039   Data   RO          627    .rodata.str1.1      stm32f1xx_ll_usart.o
    0x08003954   0x08003954   0x00000020   Data   RO         1065    Region$$Table       anon$$obj.o


    Execution Region RW_IRAM1 (Exec base: 0x20000000, Load base: 0x08003978, Size: 0x00000670, Max: 0x0000c000, ABSOLUTE)

    Exec Addr    Load Addr    Size         Type   Attr      Idx    E Section Name        Object

    0x20000000   0x08003978   0x00000004   Data   RW          639    .data.SystemCoreClock  system_stm32f1xx.o
    0x20000004   0x0800397c   0x00000004   PAD
    0x20000008        -       0x00000060   Zero   RW          941    .bss                c_w.l(libspace.o)
    0x20000068        -       0x00000001   Zero   RW          760    .bss.cnt            spi_handler.o
    0x20000069   0x0800397c   0x00000003   PAD
    0x2000006c        -       0x00000004   Zero   RW          759    .bss.handlerList    spi_handler.o
    0x20000070        -       0x00000200   Zero   RW            2    HEAP                startup_stm32f103xe.o
    0x20000270        -       0x00000400   Zero   RW            1    STACK               startup_stm32f103xe.o


==============================================================================

Image component sizes


      Code (inc. data)   RO Data    RW Data    ZI Data      Debug   Object Name

       544          0          0          0          0       2027   fifo.o
       576          0          0          0          0       2766   gpio.o
      1098          0          0          0          0       7765   main.o
       210          0          0          0          0       2148   rtc.o
       368          0          0          0          0       2381   spi.o
       766          0          0          0          5       4176   spi_handler.o
        64         26        304          0       1536        784   startup_stm32f103xe.o
        28          0          0          0          0        995   stm32f1xx_it.o
       614          0         56          0          0       2845   stm32f1xx_ll_exti.o
       758          0         56          0          0       3255   stm32f1xx_ll_gpio.o
       466          0          0          0          0       4557   stm32f1xx_ll_rcc.o
      1456          0         55          0          0       7102   stm32f1xx_ll_rtc.o
       712          0         55          0          0       4565   stm32f1xx_ll_spi.o
      3418          0         55          0          0       9054   stm32f1xx_ll_tim.o
       826          0         57          0          0       4302   stm32f1xx_ll_usart.o
        94          0          0          0          0       6182   stm32f1xx_ll_utils.o
         2          0         24          4          0       1570   system_stm32f1xx.o
       700          0         14          0          0       3928   tim.o
       240          0          0          0          0       2200   usart.o

    ----------------------------------------------------------------------
     13080         26        708          4       1548      72602   Object Totals
         0          0         32          0          0          0   (incl. Generated)
       140          0          0          0          7          0   (incl. Padding)

    ----------------------------------------------------------------------

      Code (inc. data)   RO Data    RW Data    ZI Data      Debug   Library Member Name

         8          0          0          0          0         68   __main.o
         0          0          0          0          0          0   __rtentry.o
        12          0          0          0          0          0   __rtentry2.o
         6          0          0          0          0          0   __rtentry4.o
        52          8          0          0          0          0   __scatter.o
        26          0          0          0          0          0   __scatter_copy.o
        28          0          0          0          0          0   __scatter_zi.o
        10          0          0          0          0         68   defsig_exit.o
        50          0          0          0          0         88   defsig_general.o
        80         58          0          0          0         76   defsig_rtmem_inner.o
        14          0          0          0          0         80   defsig_rtmem_outer.o
        18          0          0          0          0         80   exit.o
        94          0          0          0          0         80   h1_alloc.o
        52          0          0          0          0         68   h1_extend.o
        78          0          0          0          0         80   h1_free.o
        14          0          0          0          0         84   h1_init.o
         6          0          0          0          0        152   heapauxi.o
         4          0          0          0          0        136   hguard.o
         0          0          0          0          0          0   indicate_semi.o
       138          0          0          0          0        168   init_alloc.o
         2          0          0          0          0          0   libinit.o
        10          0          0          0          0          0   libinit2.o
         2          0          0          0          0          0   libshutdown.o
         2          0          0          0          0          0   libshutdown2.o
         8          4          0          0         96         68   libspace.o
         0          0          0          0          0          0   maybetermalloc1.o
         8          4          0          0          0         68   rt_heap_descriptor_intlibspace.o
        78          0          0          0          0         80   rt_memclr_w.o
         2          0          0          0          0          0   rtexit.o
        10          0          0          0          0          0   rtexit2.o
        12          4          0          0          0         68   sys_exit.o
        74          0          0          0          0         80   sys_stackheap_outer.o
        14          0          0          0          0         76   sys_wrch.o
         2          0          0          0          0         68   use_no_semi.o

    ----------------------------------------------------------------------
       920         78          0          0         96       1736   Library Totals
         6          0          0          0          0          0   (incl. Padding)

    ----------------------------------------------------------------------

      Code (inc. data)   RO Data    RW Data    ZI Data      Debug   Library Name

       914         78          0          0         96       1736   c_w.l

    ----------------------------------------------------------------------
       920         78          0          0         96       1736   Library Totals

    ----------------------------------------------------------------------

==============================================================================


      Code (inc. data)   RO Data    RW Data    ZI Data      Debug   

     14000        104        708          4       1644      73162   Grand Totals
     14000        104        708          4       1644      73162   ELF Image Totals
     14000        104        708          4          0          0   ROM Totals

==============================================================================

    Total RO  Size (Code + RO Data)                14708 (  14.36kB)
    Total RW  Size (RW Data + ZI Data)              1648 (   1.61kB)
    Total ROM Size (Code + RO Data + RW Data)      14712 (  14.37kB)

==============================================================================

