Component: Arm Compiler for Embedded 6.18 Tool: armlink [5e4cc100]

==============================================================================

Section Cross References

    startup_stm32f103xe.o(STACK) refers (Special) to heapauxi.o(.text) for __use_two_region_memory
    startup_stm32f103xe.o(HEAP) refers (Special) to heapauxi.o(.text) for __use_two_region_memory
    startup_stm32f103xe.o(RESET) refers (Special) to heapauxi.o(.text) for __use_two_region_memory
    startup_stm32f103xe.o(RESET) refers to startup_stm32f103xe.o(STACK) for __initial_sp
    startup_stm32f103xe.o(RESET) refers to startup_stm32f103xe.o(.text) for Reset_Handler
    startup_stm32f103xe.o(RESET) refers to stm32f1xx_it.o(.text.NMI_Handler) for NMI_Handler
    startup_stm32f103xe.o(RESET) refers to stm32f1xx_it.o(.text.HardFault_Handler) for HardFault_Handler
    startup_stm32f103xe.o(RESET) refers to stm32f1xx_it.o(.text.MemManage_Handler) for MemManage_Handler
    startup_stm32f103xe.o(RESET) refers to stm32f1xx_it.o(.text.BusFault_Handler) for BusFault_Handler
    startup_stm32f103xe.o(RESET) refers to stm32f1xx_it.o(.text.UsageFault_Handler) for UsageFault_Handler
    startup_stm32f103xe.o(RESET) refers to stm32f1xx_it.o(.text.SVC_Handler) for SVC_Handler
    startup_stm32f103xe.o(RESET) refers to stm32f1xx_it.o(.text.DebugMon_Handler) for DebugMon_Handler
    startup_stm32f103xe.o(RESET) refers to stm32f1xx_it.o(.text.PendSV_Handler) for PendSV_Handler
    startup_stm32f103xe.o(RESET) refers to stm32f1xx_it.o(.text.SysTick_Handler) for SysTick_Handler
    startup_stm32f103xe.o(RESET) refers to stm32f1xx_it.o(.text.RTC_IRQHandler) for RTC_IRQHandler
    startup_stm32f103xe.o(RESET) refers to stm32f1xx_it.o(.text.EXTI3_IRQHandler) for EXTI3_IRQHandler
    startup_stm32f103xe.o(RESET) refers to lcd_io_spi.o(.text.DMA1_Channel4_IRQHandler) for DMA1_Channel4_IRQHandler
    startup_stm32f103xe.o(RESET) refers to lcd_io_spi.o(.text.DMA1_Channel5_IRQHandler) for DMA1_Channel5_IRQHandler
    startup_stm32f103xe.o(RESET) refers to stm32f1xx_it.o(.text.SPI1_IRQHandler) for SPI1_IRQHandler
    startup_stm32f103xe.o(RESET) refers to stm32f1xx_it.o(.text.SPI2_IRQHandler) for SPI2_IRQHandler
    startup_stm32f103xe.o(RESET) refers to stm32f1xx_it.o(.text.EXTI15_10_IRQHandler) for EXTI15_10_IRQHandler
    startup_stm32f103xe.o(.text) refers (Special) to heapauxi.o(.text) for __use_two_region_memory
    startup_stm32f103xe.o(.text) refers to system_stm32f1xx.o(.text.SystemInit) for SystemInit
    startup_stm32f103xe.o(.text) refers to __main.o(!!!main) for __main
    startup_stm32f103xe.o(.text) refers to startup_stm32f103xe.o(HEAP) for Heap_Mem
    startup_stm32f103xe.o(.text) refers to startup_stm32f103xe.o(STACK) for Stack_Mem
    main.o(.text.main) refers to main.o(.bss._1ms_cnt) for _1ms_cnt
    main.o(.text.main) refers to main.o(.text.LL_APB2_GRP1_EnableClock) for LL_APB2_GRP1_EnableClock
    main.o(.text.main) refers to main.o(.text.LL_APB1_GRP1_EnableClock) for LL_APB1_GRP1_EnableClock
    main.o(.text.main) refers to main.o(.text.__NVIC_SetPriorityGrouping) for __NVIC_SetPriorityGrouping
    main.o(.text.main) refers to main.o(.text.__NVIC_GetPriorityGrouping) for __NVIC_GetPriorityGrouping
    main.o(.text.main) refers to main.o(.text.NVIC_EncodePriority) for NVIC_EncodePriority
    main.o(.text.main) refers to main.o(.text.__NVIC_SetPriority) for __NVIC_SetPriority
    main.o(.text.main) refers to main.o(.text.LL_GPIO_AF_Remap_SWJ_NOJTAG) for LL_GPIO_AF_Remap_SWJ_NOJTAG
    main.o(.text.main) refers to main.o(.text.SystemClock_Config) for SystemClock_Config
    main.o(.text.main) refers to gpio.o(.text.MX_GPIO_Init) for MX_GPIO_Init
    main.o(.text.main) refers to spi.o(.text.MX_SPI1_Init) for MX_SPI1_Init
    main.o(.text.main) refers to spi.o(.text.MX_SPI2_Init) for MX_SPI2_Init
    main.o(.text.main) refers to tim.o(.text.MX_TIM3_Init) for MX_TIM3_Init
    main.o(.text.main) refers to usart.o(.text.MX_USART1_UART_Init) for MX_USART1_UART_Init
    main.o(.text.main) refers to rtc.o(.text.MX_RTC_Init) for MX_RTC_Init
    main.o(.text.main) refers to main.o(.text.LL_SYSTICK_EnableIT) for LL_SYSTICK_EnableIT
    main.o(.text.main) refers to stm32f1xx_ll_utils.o(.text.LL_mDelay) for LL_mDelay
    main.o(.text.main) refers to pistoncontrol.o(.text.PC_Init) for PC_Init
    main.o(.text.main) refers to gui.o(.text.initGUI) for initGUI
    main.o(.text.main) refers to motor.o(.text.MOT_SetSpeed) for MOT_SetSpeed
    main.o(.text.main) refers to gui.o(.bss.redraw) for redraw
    main.o(.text.main) refers to gui.o(.text.redrawGUI) for redrawGUI
    main.o(.ARM.exidx.text.main) refers to main.o(.text.main) for [Anonymous Symbol]
    main.o(.ARM.exidx.text.LL_APB2_GRP1_EnableClock) refers to main.o(.text.LL_APB2_GRP1_EnableClock) for [Anonymous Symbol]
    main.o(.ARM.exidx.text.LL_APB1_GRP1_EnableClock) refers to main.o(.text.LL_APB1_GRP1_EnableClock) for [Anonymous Symbol]
[...]
    TsXBoundary                              0x2000020c   Data           2  stm32_adafruit_ts.o(.bss.TsXBoundary)
    [Anonymous Symbol]                       0x2000020c   Section        0  stm32_adafruit_ts.o(.bss.TsXBoundary)
    TsYBoundary                              0x2000020e   Data           2  stm32_adafruit_ts.o(.bss.TsYBoundary)
    [Anonymous Symbol]                       0x2000020e   Section        0  stm32_adafruit_ts.o(.bss.TsYBoundary)
    bitmap                                   0x2000021c   Data         870  stm32_adafruit_lcd.o(.bss.bitmap)
    [Anonymous Symbol]                       0x2000021c   Section        0  stm32_adafruit_lcd.o(.bss.bitmap)
    ili9486_Scroll.scrparam                  0x2000058e   Data           8  ili9486.o(.bss.ili9486_Scroll.scrparam)
    [Anonymous Symbol]                       0x2000058e   Section        0  ili9486.o(.bss.ili9486_Scroll.scrparam)
    ili9486_ts_DetectTouch.ret               0x20000596   Data           1  ili9486.o(.bss.ili9486_ts_DetectTouch.ret)
    [Anonymous Symbol]                       0x20000596   Section        0  ili9486.o(.bss.ili9486_ts_DetectTouch.ret)
    yEnd                                     0x200005e8   Data           2  ili9486.o(.bss.yEnd)
    [Anonymous Symbol]                       0x200005e8   Section        0  ili9486.o(.bss.yEnd)
    yStart                                   0x200005ea   Data           2  ili9486.o(.bss.yStart)
    [Anonymous Symbol]                       0x200005ea   Section        0  ili9486.o(.bss.yStart)
    Heap_Mem                                 0x200005f0   Data         512  startup_stm32f103xe.o(HEAP)
    HEAP                                     0x200005f0   Section      512  startup_stm32f103xe.o(HEAP)
    Stack_Mem                                0x200007f0   Data        1024  startup_stm32f103xe.o(STACK)
    STACK                                    0x200007f0   Section     1024  startup_stm32f103xe.o(STACK)
    __initial_sp                             0x20000bf0   Data           0  startup_stm32f103xe.o(STACK)

    Global Symbols

    Symbol Name                              Value     Ov Type        Size  Object(Section)

    BuildAttributes$$THM_ISAv4$P$D$K$B$S$PE$A:L22UL41UL21$X:L11$S22US41US21$IEEE1$IW$~IW$USESV6$~STKCKD$USESV7$~SHL$OTIME$ROPI$EBA8$UX$STANDARDLIB$REQ8$PRES8$EABIv2 0x00000000   Number         0  anon$$obj.o ABSOLUTE
    __fp_init_empty                          0x00000000   Number         0  fpinit_empty.o ABSOLUTE
    __ARM_exceptions_init                     - Undefined Weak Reference
    __alloca_initialize                       - Undefined Weak Reference
    __arm_preinit_                            - Undefined Weak Reference
    __arm_relocate_pie_                       - Undefined Weak Reference
    __cpp_initialize__aeabi_                  - Undefined Weak Reference
    __cxa_finalize                            - Undefined Weak Reference
    __rt_locale                               - Undefined Weak Reference
    __sigvec_lookup                           - Undefined Weak Reference
    __user_heap_extent                        - Undefined Weak Reference
    _atexit_init                              - Undefined Weak Reference
    _call_atexit_fns                          - Undefined Weak Reference
    _clock_init                               - Undefined Weak Reference
    _fp_trap_init                             - Undefined Weak Reference
    _fp_trap_shutdown                         - Undefined Weak Reference
    _get_lc_collate                           - Undefined Weak Reference
    _get_lc_ctype                             - Undefined Weak Reference
    _get_lc_monetary                          - Undefined Weak Reference
    _get_lc_numeric                           - Undefined Weak Reference
    _get_lc_time                              - Undefined Weak Reference
    _getenv_init                              - Undefined Weak Reference
    _handle_redirection                       - Undefined Weak Reference
    _initio                                   - Undefined Weak Reference
    _mutex_acquire                            - Undefined Weak Reference
    _mutex_free                               - Undefined Weak Reference
    _mutex_release                            - Undefined Weak Reference
    _rand_init                                - Undefined Weak Reference
    _signal_finish                            - Undefined Weak Reference
    _signal_init                              - Undefined Weak Reference
    _terminateio                              - Undefined Weak Reference
    __Vectors_Size                           0x00000130   Number         0  startup_stm32f103xe.o ABSOLUTE
    __Vectors                                0x08000000   Data           4  startup_stm32f103xe.o(RESET)
    __Vectors_End                            0x08000130   Data           0  startup_stm32f103xe.o(RESET)
    __main                                   0x08000131   Thumb Code     8  __main.o(!!!main)
    __scatterload                            0x08000139   Thumb Code     0  __scatter.o(!!!scatter)
    __scatterload_rt2                        0x08000139   Thumb Code    44  __scatter.o(!!!scatter)
    __scatterload_rt2_thumb_only             0x08000139   Thumb Code     0  __scatter.o(!!!scatter)
    __scatterload_null                       0x08000147   Thumb Code     0  __scatter.o(!!!scatter)
    __scatterload_copy                       0x0800016d   Thumb Code    26  __scatter_copy.o(!!handler_copy)
    __scatterload_zeroinit                   0x08000189   Thumb Code    28  __scatter_zi.o(!!handler_zi)
    __rt_lib_init                            0x080001a5   Thumb Code     0  libinit.o(.ARM.Collect$$libinit$$00000000)
    __rt_lib_init_alloca_1                   0x080001a7   Thumb Code     0  libinit2.o(.ARM.Collect$$libinit$$00000030)
    __rt_lib_init_argv_1                     0x080001a7   Thumb Code     0  libinit2.o(.ARM.Collect$$libinit$$0000002E)
    __rt_lib_init_atexit_1                   0x080001a7   Thumb Code     0  libinit2.o(.ARM.Collect$$libinit$$0000001D)
    __rt_lib_init_clock_1                    0x080001a7   Thumb Code     0  libinit2.o(.ARM.Collect$$libinit$$00000023)
    __rt_lib_init_cpp_1                      0x080001a7   Thumb Code     0  libinit2.o(.ARM.Collect$$libinit$$00000034)
    __rt_lib_init_exceptions_1               0x080001a7   Thumb Code     0  libinit2.o(.ARM.Collect$$libinit$$00000032)
    __rt_lib_init_fp_1                       0x080001a7   Thumb Code     0  libinit2.o(.ARM.Collect$$libinit$$00000002)
    __rt_lib_init_fp_trap_1                  0x080001a7   Thumb Code     0  libinit2.o(.ARM.Collect$$libinit$$00000021)
    __rt_lib_init_getenv_1                   0x080001a7   Thumb Code     0  libinit2.o(.ARM.Collect$$libinit$$00000025)
    __rt_lib_init_heap_1                     0x080001a7   Thumb Code     0  libinit2.o(.ARM.Collect$$libinit$$0000000C)
    __rt_lib_init_lc_collate_1               0x080001a7   Thumb Code     0  libinit2.o(.ARM.Collect$$libinit$$00000013)
    __rt_lib_init_lc_ctype_1                 0x080001a7   Thumb Code     0  libinit2.o(.ARM.Collect$$libinit$$00000015)
    __rt_lib_init_lc_monetary_1              0x080001a7   Thumb Code     0  libinit2.o(.ARM.Collect$$libinit$$00000017)
    __rt_lib_init_lc_numeric_1               0x080001a7   Thumb Code     0  libinit2.o(.ARM.Collect$$libinit$$00000019)
    __rt_lib_init_lc_time_1                  0x080001a7   Thumb Code     0  libinit2.o(.ARM.Collect$$libinit$$0000001B)
    __rt_lib_init_preinit_1                  0x080001a7   Thumb Code     0  libinit2.o(.ARM.Collect$$libinit$$00000006)
    __rt_lib_init_rand_1                     0x080001a7   Thumb Code     0  libinit2.o(.ARM.Collect$$libinit$$00000010)
    __rt_lib_init_relocate_pie_1             0x080001a7   Thumb Code     0  libinit2.o(.ARM.Collect$$libinit$$00000004)
    __rt_lib_init_return                     0x080001a7   Thumb Code     0  libinit2.o(.ARM.Collect$$libinit$$00000035)
    __rt_lib_init_signal_1                   0x080001a7   Thumb Code     0  libinit2.o(.ARM.Collect$$libinit$$0000001F)
    __rt_lib_init_stdio_1                    0x080001a7   Thumb Code     0  libinit2.o(.ARM.Collect$$libinit$$00000027)
    __rt_lib_init_user_alloc_1               0x080001a7   Thumb Code     0  libinit2.o(.ARM.Collect$$libinit$$0000000E)
    __rt_lib_shutdown                        0x080001a9   Thumb Code     0  libshutdown.o(.ARM.Collect$$libshutdown$$00000000)
    __rt_lib_shutdown_cpp_1                  0x080001ab   Thumb Code     0  libshutdown2.o(.ARM.Collect$$libshutdown$$00000002)
    __rt_lib_shutdown_fp_trap_1              0x080001ab   Thumb Code     0  libshutdown2.o(.ARM.Collect$$libshutdown$$00000007)
    __rt_lib_shutdown_heap_1                 0x080001ab   Thumb Code     0  libshutdown2.o(.ARM.Collect$$libshutdown$$0000000F)
    __rt_lib_shutdown_return                 0x080001ab   Thumb Code     0  libshutdown2.o(.ARM.Collect$$libshutdown$$00000010)
    __rt_lib_shutdown_signal_1               0x080001ab   Thumb Code     0  libshutdown2.o(.ARM.Collect$$libshutdown$$0000000A)
    __rt_lib_shutdown_stdio_1                0x080001ab   Thumb Code     0  libshutdown2.o(.ARM.Collect$$libshutdown$$00000004)
    __rt_lib_shutdown_user_alloc_1           0x080001ab   Thumb Code     0  libshutdown2.o(.ARM.Collect$$libshutdown$$0000000C)
    __rt_entry                               0x080001ad   Thumb Code     0  __rtentry.o(.ARM.Collect$$rtentry$$00000000)
    __rt_entry_presh_1                       0x080001ad   Thumb Code     0  __rtentry2.o(.ARM.Collect$$rtentry$$00000002)
    __rt_entry_sh                            0x080001ad   Thumb Code     0  __rtentry4.o(.ARM.Collect$$rtentry$$00000004)
    __rt_entry_li                            0x080001b3   Thumb Code     0  __rtentry2.o(.ARM.Collect$$rtentry$$0000000A)
    __rt_entry_postsh_1                      0x080001b3   Thumb Code     0  __rtentry2.o(.ARM.Collect$$rtentry$$00000009)
    __rt_entry_main                          0x080001b7   Thumb Code     0  __rtentry2.o(.ARM.Collect$$rtentry$$0000000D)
    __rt_entry_postli_1                      0x080001b7   Thumb Code     0  __rtentry2.o(.ARM.Collect$$rtentry$$0000000C)
    __rt_exit                                0x080001bf   Thumb Code     0  rtexit.o(.ARM.Collect$$rtexit$$00000000)
    __rt_exit_ls                             0x080001c1   Thumb Code     0  rtexit2.o(.ARM.Collect$$rtexit$$00000003)
    __rt_exit_prels_1                        0x080001c1   Thumb Code     0  rtexit2.o(.ARM.Collect$$rtexit$$00000002)
    __rt_exit_exit                           0x080001c5   Thumb Code     0  rtexit2.o(.ARM.Collect$$rtexit$$00000004)
    Reset_Handler                            0x080001cd   Thumb Code     8  startup_stm32f103xe.o(.text)
    ADC1_2_IRQHandler                        0x080001e7   Thumb Code     0  startup_stm32f103xe.o(.text)
    ADC3_IRQHandler                          0x080001e7   Thumb Code     0  startup_stm32f103xe.o(.text)
    CAN1_RX1_IRQHandler                      0x080001e7   Thumb Code     0  startup_stm32f103xe.o(.text)
    CAN1_SCE_IRQHandler                      0x080001e7   Thumb Code     0  startup_stm32f103xe.o(.text)
    DMA1_Channel1_IRQHandler                 0x080001e7   Thumb Code     0  startup_stm32f103xe.o(.text)
    DMA1_Channel2_IRQHandler                 0x080001e7   Thumb Code     0  startup_stm32f103xe.o(.text)
    DMA1_Channel3_IRQHandler                 0x080001e7   Thumb Code     0  startup_stm32f103xe.o(.text)
    DMA1_Channel6_IRQHandler                 0x080001e7   Thumb Code     0  startup_stm32f103xe.o(.text)
    DMA1_Channel7_IRQHandler                 0x080001e7   Thumb Code     0  startup_stm32f103xe.o(.text)
    DMA2_Channel1_IRQHandler                 0x080001e7   Thumb Code     0  startup_stm32f103xe.o(.text)
    DMA2_Channel2_IRQHandler                 0x080001e7   Thumb Code     0  startup_stm32f103xe.o(.text)
    DMA2_Channel3_IRQHandler                 0x080001e7   Thumb Code     0  startup_stm32f103xe.o(.text)
    DMA2_Channel4_5_IRQHandler               0x080001e7   Thumb Code     0  startup_stm32f103xe.o(.text)
    EXTI0_IRQHandler                         0x080001e7   Thumb Code     0  startup_stm32f103xe.o(.text)
    EXTI1_IRQHandler                         0x080001e7   Thumb Code     0  startup_stm32f103xe.o(.text)
    EXTI2_IRQHandler                         0x080001e7   Thumb Code     0  startup_stm32f103xe.o(.text)
    EXTI4_IRQHandler                         0x080001e7   Thumb Code     0  startup_stm32f103xe.o(.text)
    EXTI9_5_IRQHandler                       0x080001e7   Thumb Code     0  startup_stm32f103xe.o(.text)
    FLASH_IRQHandler                         0x080001e7   Thumb Code     0  startup_stm32f103xe.o(.text)
    FSMC_IRQHandler                          0x080001e7   Thumb Code     0  startup_stm32f103xe.o(.text)
    I2C1_ER_IRQHandler                       0x080001e7   Thumb Code     0  startup_stm32f103xe.o(.text)
    I2C1_EV_IRQHandler                       0x080001e7   Thumb Code     0  startup_stm32f103xe.o(.text)
    I2C2_ER_IRQHandler                       0x080001e7   Thumb Code     0  startup_stm32f103xe.o(.text)
    I2C2_EV_IRQHandler                       0x080001e7   Thumb Code     0  startup_stm32f103xe.o(.text)
    PVD_IRQHandler                           0x080001e7   Thumb Code     0  startup_stm32f103xe.o(.text)
    RCC_IRQHandler                           0x080001e7   Thumb Code     0  startup_stm32f103xe.o(.text)
    RTC_Alarm_IRQHandler                     0x080001e7   Thumb Code     0  startup_stm32f103xe.o(.text)
    SDIO_IRQHandler                          0x080001e7   Thumb Code     0  startup_stm32f103xe.o(.text)
    SPI3_IRQHandler                          0x080001e7   Thumb Code     0  startup_stm32f103xe.o(.text)
    TAMPER_IRQHandler                        0x080001e7   Thumb Code     0  startup_stm32f103xe.o(.text)
    TIM1_BRK_IRQHandler                      0x080001e7   Thumb Code     0  startup_stm32f103xe.o(.text)
    TIM1_CC_IRQHandler                       0x080001e7   Thumb Code     0  startup_stm32f103xe.o(.text)
    TIM1_TRG_COM_IRQHandler                  0x080001e7   Thumb Code     0  startup_stm32f103xe.o(.text)
    TIM1_UP_IRQHandler                       0x080001e7   Thumb Code     0  startup_stm32f103xe.o(.text)
    TIM2_IRQHandler                          0x080001e7   Thumb Code     0  startup_stm32f103xe.o(.text)
    TIM3_IRQHandler                          0x080001e7   Thumb Code     0  startup_stm32f103xe.o(.text)
    TIM4_IRQHandler                          0x080001e7   Thumb Code     0  startup_stm32f103xe.o(.text)
    TIM5_IRQHandler                          0x080001e7   Thumb Code     0  startup_stm32f103xe.o(.text)
    TIM6_IRQHandler                          0x080001e7   Thumb Code     0  startup_stm32f103xe.o(.text)
    TIM7_IRQHandler                          0x080001e7   Thumb Code     0  startup_stm32f103xe.o(.text)
    TIM8_BRK_IRQHandler                      0x080001e7   Thumb Code     0  startup_stm32f103xe.o(.text)
    TIM8_CC_IRQHandler                       0x080001e7   Thumb Code     0  startup_stm32f103xe.o(.text)
    TIM8_TRG_COM_IRQHandler                  0x080001e7   Thumb Code     0  startup_stm32f103xe.o(.text)
    TIM8_UP_IRQHandler                       0x080001e7   Thumb Code     0  startup_stm32f103xe.o(.text)
    UART4_IRQHandler                         0x080001e7   Thumb Code     0  startup_stm32f103xe.o(.text)
    UART5_IRQHandler                         0x080001e7   Thumb Code     0  startup_stm32f103xe.o(.text)
    USART1_IRQHandler                        0x080001e7   Thumb Code     0  startup_stm32f103xe.o(.text)
    USART2_IRQHandler                        0x080001e7   Thumb Code     0  startup_stm32f103xe.o(.text)
    USART3_IRQHandler                        0x080001e7   Thumb Code     0  startup_stm32f103xe.o(.text)
    USBWakeUp_IRQHandler                     0x080001e7   Thumb Code     0  startup_stm32f103xe.o(.text)
    USB_HP_CAN1_TX_IRQHandler                0x080001e7   Thumb Code     0  startup_stm32f103xe.o(.text)
    USB_LP_CAN1_RX0_IRQHandler               0x080001e7   Thumb Code     0  startup_stm32f103xe.o(.text)
    WWDG_IRQHandler                          0x080001e7   Thumb Code     0  startup_stm32f103xe.o(.text)
    __user_initial_stackheap                 0x080001e9   Thumb Code     0  startup_stm32f103xe.o(.text)
    __aeabi_memclr4                          0x0800020d   Thumb Code     0  rt_memclr_w.o(.text)
    __aeabi_memclr8                          0x0800020d   Thumb Code     0  rt_memclr_w.o(.text)
    __rt_memclr_w                            0x0800020d   Thumb Code     0  rt_memclr_w.o(.text)
    _memset_w                                0x08000211   Thumb Code    74  rt_memclr_w.o(.text)
    __use_two_region_memory                  0x0800025b   Thumb Code     2  heapauxi.o(.text)
    __rt_heap_escrow                         0x0800025d   Thumb Code     2  heapauxi.o(.text)
    __rt_heap_expand                         0x0800025f   Thumb Code     2  heapauxi.o(.text)
    __user_libspace                          0x08000261   Thumb Code     8  libspace.o(.text)
    __user_perproc_libspace                  0x08000261   Thumb Code     0  libspace.o(.text)
    __user_perthread_libspace                0x08000261   Thumb Code     0  libspace.o(.text)
    __I$use$semihosting                      0x08000269   Thumb Code     0  use_no_semi.o(.text)
    __use_no_semihosting_swi                 0x08000269   Thumb Code     2  use_no_semi.o(.text)
    __semihosting_library_function           0x0800026b   Thumb Code     0  indicate_semi.o(.text)
    __user_setup_stackheap                   0x0800026b   Thumb Code    74  sys_stackheap_outer.o(.text)
    exit                                     0x080002b5   Thumb Code    18  exit.o(.text)
    _sys_exit                                0x080002c9   Thumb Code     8  sys_exit.o(.text)
    BSP_LCD_Clear                            0x080002d5   Thumb Code    58  stm32_adafruit_lcd.o(.text.BSP_LCD_Clear)
    BSP_LCD_DisplayChar                      0x08000311   Thumb Code    70  stm32_adafruit_lcd.o(.text.BSP_LCD_DisplayChar)
    BSP_LCD_DisplayStringAt                  0x08000359   Thumb Code   312  stm32_adafruit_lcd.o(.text.BSP_LCD_DisplayStringAt)
    BSP_LCD_DrawBitmap                       0x08000491   Thumb Code   124  stm32_adafruit_lcd.o(.text.BSP_LCD_DrawBitmap)
    BSP_LCD_DrawPixel                        0x0800050d   Thumb Code    64  stm32_adafruit_lcd.o(.text.BSP_LCD_DrawPixel)
    BSP_LCD_FillRect                         0x0800054d   Thumb Code    74  stm32_adafruit_lcd.o(.text.BSP_LCD_FillRect)
    BSP_LCD_GetXSize                         0x08000599   Thumb Code    18  stm32_adafruit_lcd.o(.text.BSP_LCD_GetXSize)
    BSP_LCD_GetYSize                         0x080005ad   Thumb Code    18  stm32_adafruit_lcd.o(.text.BSP_LCD_GetYSize)
    BSP_LCD_Init                             0x080005c1   Thumb Code    72  stm32_adafruit_lcd.o(.text.BSP_LCD_Init)
    BSP_LCD_SetBackColor                     0x08000609   Thumb Code    24  stm32_adafruit_lcd.o(.text.BSP_LCD_SetBackColor)
    BSP_LCD_SetFont                          0x08000621   Thumb Code    20  stm32_adafruit_lcd.o(.text.BSP_LCD_SetFont)
    BSP_LCD_SetTextColor                     0x08000635   Thumb Code    24  stm32_adafruit_lcd.o(.text.BSP_LCD_SetTextColor)
    BSP_TS_GetState                          0x0800064d   Thumb Code   302  stm32_adafruit_ts.o(.text.BSP_TS_GetState)
    BSP_TS_Init                              0x0800077d   Thumb Code   194  stm32_adafruit_ts.o(.text.BSP_TS_Init)
    BusFault_Handler                         0x08000841   Thumb Code     4  stm32f1xx_it.o(.text.BusFault_Handler)
    DMA1_Channel4_IRQHandler                 0x08000845   Thumb Code   208  lcd_io_spi.o(.text.DMA1_Channel4_IRQHandler)
    DMA1_Channel5_IRQHandler                 0x08000915   Thumb Code   152  lcd_io_spi.o(.text.DMA1_Channel5_IRQHandler)
    DebugMon_Handler                         0x080009ad   Thumb Code     2  stm32f1xx_it.o(.text.DebugMon_Handler)
    DrawButton                               0x080009b1   Thumb Code   272  gui.o(.text.DrawButton)
    EXTI15_10_IRQHandler                     0x08000c81   Thumb Code    88  stm32f1xx_it.o(.text.EXTI15_10_IRQHandler)
    EXTI3_IRQHandler                         0x08000cd9   Thumb Code    62  stm32f1xx_it.o(.text.EXTI3_IRQHandler)
    HardFault_Handler                        0x08000d19   Thumb Code     4  stm32f1xx_it.o(.text.HardFault_Handler)
    LCD_Delay                                0x08000d1d   Thumb Code    16  lcd_io_spi.o(.text.LCD_Delay)
    LCD_IO_Bl_OnOff                          0x08000d2d   Thumb Code    46  lcd_io_spi.o(.text.LCD_IO_Bl_OnOff)
    LCD_IO_Delay                             0x08000d5d   Thumb Code    22  lcd_io_spi.o(.text.LCD_IO_Delay)
    LCD_IO_Init                              0x08000d75   Thumb Code   300  lcd_io_spi.o(.text.LCD_IO_Init)
    LCD_IO_ReadCmd8MultipleData24to16        0x08000ea1   Thumb Code    70  lcd_io_spi.o(.text.LCD_IO_ReadCmd8MultipleData24to16)
    LCD_IO_ReadCmd8MultipleData8             0x08000ee9   Thumb Code    70  lcd_io_spi.o(.text.LCD_IO_ReadCmd8MultipleData8)
    LCD_IO_ReadMultiData                     0x08000f31   Thumb Code   116  lcd_io_spi.o(.text.LCD_IO_ReadMultiData)
    LCD_IO_ReadMultiData16to24               0x08000fa5   Thumb Code   432  lcd_io_spi.o(.text.LCD_IO_ReadMultiData16to24)
    LCD_IO_ReadMultiData8                    0x08001155   Thumb Code   130  lcd_io_spi.o(.text.LCD_IO_ReadMultiData8)
    LCD_IO_WriteCmd8                         0x080011d9   Thumb Code    52  lcd_io_spi.o(.text.LCD_IO_WriteCmd8)
    LCD_IO_WriteCmd8DataFill16               0x0800120d   Thumb Code    70  lcd_io_spi.o(.text.LCD_IO_WriteCmd8DataFill16)
    LCD_IO_WriteCmd8MultipleData16           0x08001255   Thumb Code    64  lcd_io_spi.o(.text.LCD_IO_WriteCmd8MultipleData16)
    LCD_IO_WriteCmd8MultipleData8            0x08001295   Thumb Code    58  lcd_io_spi.o(.text.LCD_IO_WriteCmd8MultipleData8)
    LCD_IO_WriteData16                       0x080012d1   Thumb Code    56  lcd_io_spi.o(.text.LCD_IO_WriteData16)
    LCD_IO_WriteData8                        0x08001309   Thumb Code    52  lcd_io_spi.o(.text.LCD_IO_WriteData8)
    LCD_IO_WriteMultiData                    0x0800133d   Thumb Code   148  lcd_io_spi.o(.text.LCD_IO_WriteMultiData)
    LCD_IO_WriteMultiData16                  0x080013d1   Thumb Code   262  lcd_io_spi.o(.text.LCD_IO_WriteMultiData16)
    LCD_IO_WriteMultiData8                   0x080014d9   Thumb Code   172  lcd_io_spi.o(.text.LCD_IO_WriteMultiData8)
    LL_EXTI_Init                             0x080017c1   Thumb Code   422  stm32f1xx_ll_exti.o(.text.LL_EXTI_Init)
    LL_GPIO_Init                             0x08001a1d   Thumb Code   560  stm32f1xx_ll_gpio.o(.text.LL_GPIO_Init)
    LL_Init1msTick                           0x08001ddd   Thumb Code    20  stm32f1xx_ll_utils.o(.text.LL_Init1msTick)
    LL_RCC_GetSystemClocksFreq               0x08001eed   Thumb Code    54  stm32f1xx_ll_rcc.o(.text.LL_RCC_GetSystemClocksFreq)
    LL_RTC_EnterInitMode                     0x08002101   Thumb Code   152  stm32f1xx_ll_rtc.o(.text.LL_RTC_EnterInitMode)
    LL_RTC_ExitInitMode                      0x08002199   Thumb Code   152  stm32f1xx_ll_rtc.o(.text.LL_RTC_ExitInitMode)
    LL_RTC_Init                              0x08002231   Thumb Code   254  stm32f1xx_ll_rtc.o(.text.LL_RTC_Init)
    LL_RTC_TIME_Init                         0x080023dd   Thumb Code   472  stm32f1xx_ll_rtc.o(.text.LL_RTC_TIME_Init)
    LL_RTC_WaitForSynchro                    0x080025d1   Thumb Code   152  stm32f1xx_ll_rtc.o(.text.LL_RTC_WaitForSynchro)
    LL_SPI_Init                              0x0800267d   Thumb Code   678  stm32f1xx_ll_spi.o(.text.LL_SPI_Init)
    LL_SetSystemCoreClock                    0x0800296d   Thumb Code    20  stm32f1xx_ll_utils.o(.text.LL_SetSystemCoreClock)
    LL_TIM_BDTR_Init                         0x08002981   Thumb Code   446  stm32f1xx_ll_tim.o(.text.LL_TIM_BDTR_Init)
    LL_TIM_Init                              0x08002be1   Thumb Code   570  stm32f1xx_ll_tim.o(.text.LL_TIM_Init)
    LL_TIM_OC_Init                           0x08003039   Thumb Code   120  stm32f1xx_ll_tim.o(.text.LL_TIM_OC_Init)
    LL_TIM_OC_StructInit                     0x08003111   Thumb Code    42  stm32f1xx_ll_tim.o(.text.LL_TIM_OC_StructInit)
    LL_TIM_StructInit                        0x080031c1   Thumb Code    34  stm32f1xx_ll_tim.o(.text.LL_TIM_StructInit)
    LL_USART_Init                            0x08003215   Thumb Code   680  stm32f1xx_ll_usart.o(.text.LL_USART_Init)
    LL_mDelay                                0x08003555   Thumb Code    74  stm32f1xx_ll_utils.o(.text.LL_mDelay)
    LcdCmdWrite8                             0x080035a1   Thumb Code    74  lcd_io_spi.o(.text.LcdCmdWrite8)
    LcdDirRead                               0x080035ed   Thumb Code   124  lcd_io_spi.o(.text.LcdDirRead)
    LcdDirWrite                              0x08003669   Thumb Code   122  lcd_io_spi.o(.text.LcdDirWrite)
    LcdWrite16                               0x080036e5   Thumb Code    50  lcd_io_spi.o(.text.LcdWrite16)
    LcdWrite8                                0x08003719   Thumb Code    50  lcd_io_spi.o(.text.LcdWrite8)
    MOT_Brake                                0x0800374d   Thumb Code    82  motor.o(.text.MOT_Brake)
    MOT_Forward                              0x080037a1   Thumb Code    90  motor.o(.text.MOT_Forward)
    MOT_GetControl                           0x080037fd   Thumb Code    20  motor.o(.text.MOT_GetControl)
    MOT_Init                                 0x08003811   Thumb Code   168  motor.o(.text.MOT_Init)
    MOT_Reverse                              0x080038b9   Thumb Code    90  motor.o(.text.MOT_Reverse)
    MOT_SetDir                               0x08003915   Thumb Code   104  motor.o(.text.MOT_SetDir)
    MOT_SetSpeed                             0x0800397d   Thumb Code   144  motor.o(.text.MOT_SetSpeed)
    MOT_Start                                0x08003a0d   Thumb Code    56  motor.o(.text.MOT_Start)
    MOT_Stop                                 0x08003a45   Thumb Code    50  motor.o(.text.MOT_Stop)
    MX_GPIO_Init                             0x08003a79   Thumb Code   540  gpio.o(.text.MX_GPIO_Init)
    MX_RTC_Init                              0x08003c95   Thumb Code   126  rtc.o(.text.MX_RTC_Init)
    MX_SPI1_Init                             0x08003d15   Thumb Code   186  spi.o(.text.MX_SPI1_Init)
    MX_SPI2_Init                             0x08003dd1   Thumb Code   186  spi.o(.text.MX_SPI2_Init)
    MX_TIM3_Init                             0x08003e8d   Thumb Code   192  tim.o(.text.MX_TIM3_Init)
    MX_USART1_UART_Init                      0x08003f4d   Thumb Code   160  usart.o(.text.MX_USART1_UART_Init)
    MemManage_Handler                        0x08003fed   Thumb Code     4  stm32f1xx_it.o(.text.MemManage_Handler)
    NMI_Handler                              0x08003ff1   Thumb Code     4  stm32f1xx_it.o(.text.NMI_Handler)
    PC_GetCurPoz                             0x08004bcd   Thumb Code    12  pistoncontrol.o(.text.PC_GetCurPoz)
    PC_GoToPoz                               0x08004bd9   Thumb Code   112  pistoncontrol.o(.text.PC_GoToPoz)
    PC_Init                                  0x08004c49   Thumb Code    30  pistoncontrol.o(.text.PC_Init)
    PC_OpticSensInterrupt                    0x08004c69   Thumb Code   212  pistoncontrol.o(.text.PC_OpticSensInterrupt)
    PendSV_Handler                           0x08004d3d   Thumb Code     2  stm32f1xx_it.o(.text.PendSV_Handler)
    RCC_GetHCLKClockFreq                     0x08004d41   Thumb Code    38  stm32f1xx_ll_rcc.o(.text.RCC_GetHCLKClockFreq)
    RCC_GetPCLK1ClockFreq                    0x08004d69   Thumb Code    36  stm32f1xx_ll_rcc.o(.text.RCC_GetPCLK1ClockFreq)
    RCC_GetPCLK2ClockFreq                    0x08004d8d   Thumb Code    36  stm32f1xx_ll_rcc.o(.text.RCC_GetPCLK2ClockFreq)
    RCC_GetSystemClockFreq                   0x08004db1   Thumb Code    86  stm32f1xx_ll_rcc.o(.text.RCC_GetSystemClockFreq)
    RCC_PLL_GetFreqDomain_SYS                0x08004e09   Thumb Code   104  stm32f1xx_ll_rcc.o(.text.RCC_PLL_GetFreqDomain_SYS)
    RTC_IRQHandler                           0x08004e71   Thumb Code     2  stm32f1xx_it.o(.text.RTC_IRQHandler)
    SPI1_IRQHandler                          0x08004e75   Thumb Code     2  stm32f1xx_it.o(.text.SPI1_IRQHandler)
    SPI2_IRQHandler                          0x08004e79   Thumb Code    16  stm32f1xx_it.o(.text.SPI2_IRQHandler)
    SVC_Handler                              0x08004e89   Thumb Code     2  stm32f1xx_it.o(.text.SVC_Handler)
    SysTick_Handler                          0x08004ed9   Thumb Code    98  stm32f1xx_it.o(.text.SysTick_Handler)
    SystemClock_Config                       0x08004f3d   Thumb Code   208  main.o(.text.SystemClock_Config)
    SystemInit                               0x0800500d   Thumb Code     2  system_stm32f1xx.o(.text.SystemInit)
    TS_IO_Delay                              0x08005011   Thumb Code    22  ts_xpt2046.o(.text.TS_IO_Delay)
    TS_IO_DetectToch                         0x08005029   Thumb Code    74  ts_xpt2046.o(.text.TS_IO_DetectToch)
    TS_IO_GetX                               0x08005075   Thumb Code    48  ts_xpt2046.o(.text.TS_IO_GetX)
    TS_IO_GetY                               0x080050a5   Thumb Code    48  ts_xpt2046.o(.text.TS_IO_GetY)
    TS_IO_Init                               0x080050d5   Thumb Code   140  ts_xpt2046.o(.text.TS_IO_Init)
    TsRead16                                 0x08005161   Thumb Code   112  ts_xpt2046.o(.text.TsRead16)
    TsWrite8                                 0x080051d1   Thumb Code    64  ts_xpt2046.o(.text.TsWrite8)
    UsageFault_Handler                       0x08005211   Thumb Code     4  stm32f1xx_it.o(.text.UsageFault_Handler)
    WaitForDmaEnd                            0x08005215   Thumb Code    20  lcd_io_spi.o(.text.WaitForDmaEnd)
    assert_failed                            0x080054b9   Thumb Code    10  main.o(.text.assert_failed)
    ili9486_DisplayOff                       0x080054c5   Thumb Code    16  ili9486.o(.text.ili9486_DisplayOff)
    ili9486_DisplayOn                        0x080054d5   Thumb Code    16  ili9486.o(.text.ili9486_DisplayOn)
    ili9486_DrawBitmap                       0x080054e5   Thumb Code    62  ili9486.o(.text.ili9486_DrawBitmap)
    ili9486_DrawHLine                        0x08005525   Thumb Code   136  ili9486.o(.text.ili9486_DrawHLine)
    ili9486_DrawRGBImage                     0x080055ad   Thumb Code    66  ili9486.o(.text.ili9486_DrawRGBImage)
    ili9486_DrawVLine                        0x080055f1   Thumb Code   136  ili9486.o(.text.ili9486_DrawVLine)
    ili9486_FillRect                         0x08005679   Thumb Code   172  ili9486.o(.text.ili9486_FillRect)
    ili9486_GetLcdPixelHeight                0x08005725   Thumb Code     6  ili9486.o(.text.ili9486_GetLcdPixelHeight)
    ili9486_GetLcdPixelWidth                 0x0800572d   Thumb Code     6  ili9486.o(.text.ili9486_GetLcdPixelWidth)
    ili9486_Init                             0x08005735   Thumb Code   322  ili9486.o(.text.ili9486_Init)
    ili9486_ReadID                           0x08005879   Thumb Code    62  ili9486.o(.text.ili9486_ReadID)
    ili9486_ReadPixel                        0x080058b9   Thumb Code   146  ili9486.o(.text.ili9486_ReadPixel)
    ili9486_ReadRGBImage                     0x0800594d   Thumb Code   104  ili9486.o(.text.ili9486_ReadRGBImage)
    ili9486_Scroll                           0x080059b5   Thumb Code   240  ili9486.o(.text.ili9486_Scroll)
    ili9486_SetCursor                        0x08005aa5   Thumb Code    92  ili9486.o(.text.ili9486_SetCursor)
    ili9486_SetDisplayWindow                 0x08005b01   Thumb Code   180  ili9486.o(.text.ili9486_SetDisplayWindow)
    ili9486_WritePixel                       0x08005bb5   Thumb Code   110  ili9486.o(.text.ili9486_WritePixel)
    ili9486_ts_DetectTouch                   0x08005c25   Thumb Code   256  ili9486.o(.text.ili9486_ts_DetectTouch)
    ili9486_ts_GetXY                         0x08005d25   Thumb Code    42  ili9486.o(.text.ili9486_ts_GetXY)
    ili9486_ts_Init                          0x08005d51   Thumb Code    52  ili9486.o(.text.ili9486_ts_Init)
    initGUI                                  0x08005d85   Thumb Code   330  gui.o(.text.initGUI)
    initMotGPIO                              0x08005ed1   Thumb Code   198  motor.o(.text.initMotGPIO)
    initTim                                  0x08005f99   Thumb Code   276  motor.o(.text.initTim)
    intToStr                                 0x080060ad   Thumb Code   268  gui.o(.text.intToStr)
    isInRectangle                            0x080061b9   Thumb Code   120  gui.o(.text.isInRectangle)
    main                                     0x08006231   Thumb Code   174  main.o(.text.main)
    redrawGUI                                0x080062e1   Thumb Code   312  gui.o(.text.redrawGUI)
    setDrvMode                               0x08006419   Thumb Code    60  motor.o(.text.setDrvMode)
    AHBPrescTable                            0x0800645b   Data          16  system_stm32f1xx.o(.rodata.AHBPrescTable)
    APBPrescTable                            0x0800646b   Data           8  system_stm32f1xx.o(.rodata.APBPrescTable)
    Font16_Table                             0x08006473   Data        3040  font16.o(.rodata.Font16_Table)
    Font24_Table                             0x08007053   Data        6840  font24.o(.rodata.Font24_Table)
    Font8_Table                              0x08008b0b   Data         760  font8.o(.rodata.Font8_Table)
    gImage_LOGO_MAIN                         0x08008e40   Data       45054  logo_main2.o(.rodata.gImage_LOGO_MAIN)
    gImage_SMALL_LOGO                        0x08013e40   Data        5054  smalllogo_16b.o(.rodata.gImage_SMALL_LOGO)
    Region$$Table$$Base                      0x08015368   Number         0  anon$$obj.o(Region$$Table)
    Region$$Table$$Limit                     0x08015388   Number         0  anon$$obj.o(Region$$Table)
    Font16                                   0x20000000   Data           8  font16.o(.data.Font16)
    Font24                                   0x20000008   Data           8  font24.o(.data.Font24)
    Font8                                    0x20000010   Data           8  font8.o(.data.Font8)
    SystemCoreClock                          0x20000018   Data           4  system_stm32f1xx.o(.data.SystemCoreClock)
    ili9486_drv                              0x2000001c   Data          68  ili9486.o(.data.ili9486_drv)
    ili9486_ts_drv                           0x20000060   Data          40  ili9486.o(.data.ili9486_ts_drv)
    lcd_drv                                  0x20000088   Data           4  ili9486.o(.data.lcd_drv)
    ts_drv                                   0x2000008c   Data           4  ili9486.o(.data.ts_drv)
    __libspace_start                         0x20000090   Data          96  libspace.o(.bss)
    DrawProp                                 0x200000f0   Data          12  stm32_adafruit_lcd.o(.bss.DrawProp)
    __temporary_stack_top$libspace           0x200000f0   Data           0  libspace.o(.bss)
    LCD_IO_DmaTransferStatus                 0x20000100   Data           4  lcd_io_spi.o(.bss.LCD_IO_DmaTransferStatus)
    _1ms_cnt                                 0x20000210   Data           4  main.o(.bss._1ms_cnt)
    bX                                       0x20000214   Data           4  stm32_adafruit_ts.o(.bss.bX)
    bY                                       0x20000218   Data           4  stm32_adafruit_ts.o(.bss.bY)
    curPoz                                   0x20000584   Data           4  pistoncontrol.o(.bss.curPoz)
    destination                              0x20000588   Data           4  pistoncontrol.o(.bss.destination)
    dirBut                                   0x2000058c   Data           1  gui.o(.bss.dirBut)
    itCnt                                    0x20000597   Data           1  stm32f1xx_it.o(.bss.itCnt)
    kX                                       0x20000598   Data           4  stm32_adafruit_ts.o(.bss.kX)
    kY                                       0x2000059c   Data           4  stm32_adafruit_ts.o(.bss.kY)
    mot                                      0x200005a0   Data          36  motor.o(.bss.mot)
    neededPoz                                0x200005c4   Data           4  gui.o(.bss.neededPoz)
    numBuf                                   0x200005c8   Data          11  gui.o(.bss.numBuf)
    redraw                                   0x200005d3   Data           1  gui.o(.bss.redraw)
    startBut                                 0x200005d4   Data           1  gui.o(.bss.startBut)
    status                                   0x200005d5   Data           1  pistoncontrol.o(.bss.status)
    touchDelay                               0x200005d8   Data           4  gui.o(.bss.touchDelay)
    tsState                                  0x200005dc   Data           8  gui.o(.bss.tsState)
    tx                                       0x200005e4   Data           2  ili9486.o(.bss.tx)
    ty                                       0x200005e6   Data           2  ili9486.o(.bss.ty)



==============================================================================

Memory Map of the image

  Image Entry point : 0x08000131

  Load Region LR_IROM1 (Base: 0x08000000, Size: 0x00015418, Max: 0x00040000, ABSOLUTE)

    Execution Region ER_IROM1 (Exec base: 0x08000000, Load base: 0x08000000, Size: 0x00015388, Max: 0x00040000, ABSOLUTE)

    Exec Addr    Load Addr    Size         Type   Attr      Idx    E Section Name        Object

    0x08000000   0x08000000   0x00000130   Data   RO            3    RESET               startup_stm32f103xe.o
    0x08000130   0x08000130   0x00000008   Code   RO         1223  * !!!main             c_w.l(__main.o)
    0x08000138   0x08000138   0x00000034   Code   RO         1451    !!!scatter          c_w.l(__scatter.o)
    0x0800016c   0x0800016c   0x0000001a   Code   RO         1453    !!handler_copy      c_w.l(__scatter_copy.o)
    0x08000186   0x08000186   0x00000002   PAD
    0x08000188   0x08000188   0x0000001c   Code   RO         1455    !!handler_zi        c_w.l(__scatter_zi.o)
    0x080001a4   0x080001a4   0x00000002   Code   RO         1386    .ARM.Collect$$libinit$$00000000  c_w.l(libinit.o)
    0x080001a6   0x080001a6   0x00000000   Code   RO         1270    .ARM.Collect$$libinit$$00000002  c_w.l(libinit2.o)
    0x080001a6   0x080001a6   0x00000000   Code   RO         1272    .ARM.Collect$$libinit$$00000004  c_w.l(libinit2.o)
    0x080001a6   0x080001a6   0x00000000   Code   RO         1274    .ARM.Collect$$libinit$$00000006  c_w.l(libinit2.o)
    0x080001a6   0x080001a6   0x00000000   Code   RO         1277    .ARM.Collect$$libinit$$0000000C  c_w.l(libinit2.o)
    0x080001a6   0x080001a6   0x00000000   Code   RO         1279    .ARM.Collect$$libinit$$0000000E  c_w.l(libinit2.o)
    0x080001a6   0x080001a6   0x00000000   Code   RO         1281    .ARM.Collect$$libinit$$00000010  c_w.l(libinit2.o)
    0x080001a6   0x080001a6   0x00000000   Code   RO         1284    .ARM.Collect$$libinit$$00000013  c_w.l(libinit2.o)
    0x080001a6   0x080001a6   0x00000000   Code   RO         1286    .ARM.Collect$$libinit$$00000015  c_w.l(libinit2.o)
    0x080001a6   0x080001a6   0x00000000   Code   RO         1288    .ARM.Collect$$libinit$$00000017  c_w.l(libinit2.o)
    0x080001a6   0x080001a6   0x00000000   Code   RO         1290    .ARM.Collect$$libinit$$00000019  c_w.l(libinit2.o)
    0x080001a6   0x080001a6   0x00000000   Code   RO         1292    .ARM.Collect$$libinit$$0000001B  c_w.l(libinit2.o)
    0x080001a6   0x080001a6   0x00000000   Code   RO         1294    .ARM.Collect$$libinit$$0000001D  c_w.l(libinit2.o)
    0x080001a6   0x080001a6   0x00000000   Code   RO         1296    .ARM.Collect$$libinit$$0000001F  c_w.l(libinit2.o)
    0x080001a6   0x080001a6   0x00000000   Code   RO         1298    .ARM.Collect$$libinit$$00000021  c_w.l(libinit2.o)
    0x080001a6   0x080001a6   0x00000000   Code   RO         1300    .ARM.Collect$$libinit$$00000023  c_w.l(libinit2.o)
    0x080001a6   0x080001a6   0x00000000   Code   RO         1302    .ARM.Collect$$libinit$$00000025  c_w.l(libinit2.o)
    0x080001a6   0x080001a6   0x00000000   Code   RO         1304    .ARM.Collect$$libinit$$00000027  c_w.l(libinit2.o)
    0x080001a6   0x080001a6   0x00000000   Code   RO         1308    .ARM.Collect$$libinit$$0000002E  c_w.l(libinit2.o)
    0x080001a6   0x080001a6   0x00000000   Code   RO         1310    .ARM.Collect$$libinit$$00000030  c_w.l(libinit2.o)
    0x080001a6   0x080001a6   0x00000000   Code   RO         1312    .ARM.Collect$$libinit$$00000032  c_w.l(libinit2.o)
    0x080001a6   0x080001a6   0x00000000   Code   RO         1314    .ARM.Collect$$libinit$$00000034  c_w.l(libinit2.o)
    0x080001a6   0x080001a6   0x00000002   Code   RO         1315    .ARM.Collect$$libinit$$00000035  c_w.l(libinit2.o)
    0x080001a8   0x080001a8   0x00000002   Code   RO         1448    .ARM.Collect$$libshutdown$$00000000  c_w.l(libshutdown.o)
    0x080001aa   0x080001aa   0x00000000   Code   RO         1402    .ARM.Collect$$libshutdown$$00000002  c_w.l(libshutdown2.o)
    0x080001aa   0x080001aa   0x00000000   Code   RO         1404    .ARM.Collect$$libshutdown$$00000004  c_w.l(libshutdown2.o)
    0x080001aa   0x080001aa   0x00000000   Code   RO         1407    .ARM.Collect$$libshutdown$$00000007  c_w.l(libshutdown2.o)
    0x080001aa   0x080001aa   0x00000000   Code   RO         1410    .ARM.Collect$$libshutdown$$0000000A  c_w.l(libshutdown2.o)
    0x080001aa   0x080001aa   0x00000000   Code   RO         1412    .ARM.Collect$$libshutdown$$0000000C  c_w.l(libshutdown2.o)
    0x080001aa   0x080001aa   0x00000000   Code   RO         1415    .ARM.Collect$$libshutdown$$0000000F  c_w.l(libshutdown2.o)
    0x080001aa   0x080001aa   0x00000002   Code   RO         1416    .ARM.Collect$$libshutdown$$00000010  c_w.l(libshutdown2.o)
    0x080001ac   0x080001ac   0x00000000   Code   RO         1241    .ARM.Collect$$rtentry$$00000000  c_w.l(__rtentry.o)
    0x080001ac   0x080001ac   0x00000000   Code   RO         1329    .ARM.Collect$$rtentry$$00000002  c_w.l(__rtentry2.o)
    0x080001ac   0x080001ac   0x00000006   Code   RO         1341    .ARM.Collect$$rtentry$$00000004  c_w.l(__rtentry4.o)
    0x080001b2   0x080001b2   0x00000000   Code   RO         1331    .ARM.Collect$$rtentry$$00000009  c_w.l(__rtentry2.o)
    0x080001b2   0x080001b2   0x00000004   Code   RO         1332    .ARM.Collect$$rtentry$$0000000A  c_w.l(__rtentry2.o)
    0x080001b6   0x080001b6   0x00000000   Code   RO         1334    .ARM.Collect$$rtentry$$0000000C  c_w.l(__rtentry2.o)
    0x080001b6   0x080001b6   0x00000008   Code   RO         1335    .ARM.Collect$$rtentry$$0000000D  c_w.l(__rtentry2.o)
    0x080001be   0x080001be   0x00000002   Code   RO         1391    .ARM.Collect$$rtexit$$00000000  c_w.l(rtexit.o)
    0x080001c0   0x080001c0   0x00000000   Code   RO         1422    .ARM.Collect$$rtexit$$00000002  c_w.l(rtexit2.o)
    0x080001c0   0x080001c0   0x00000004   Code   RO         1423    .ARM.Collect$$rtexit$$00000003  c_w.l(rtexit2.o)
    0x080001c4   0x080001c4   0x00000006   Code   RO         1424    .ARM.Collect$$rtexit$$00000004  c_w.l(rtexit2.o)
    0x080001ca   0x080001ca   0x00000002   PAD
    0x080001cc   0x080001cc   0x00000040   Code   RO            4    .text               startup_stm32f103xe.o
    0x0800020c   0x0800020c   0x0000004e   Code   RO         1219    .text               c_w.l(rt_memclr_w.o)
    0x0800025a   0x0800025a   0x00000006   Code   RO         1221    .text               c_w.l(heapauxi.o)
    0x08000260   0x08000260   0x00000008   Code   RO         1325    .text               c_w.l(libspace.o)
    0x08000268   0x08000268   0x00000002   Code   RO         1362    .text               c_w.l(use_no_semi.o)
    0x0800026a   0x0800026a   0x00000000   Code   RO         1364    .text               c_w.l(indicate_semi.o)
    0x0800026a   0x0800026a   0x0000004a   Code   RO         1365    .text               c_w.l(sys_stackheap_outer.o)
    0x080002b4   0x080002b4   0x00000012   Code   RO         1371    .text               c_w.l(exit.o)
    0x080002c6   0x080002c6   0x00000002   PAD
    0x080002c8   0x080002c8   0x0000000c   Code   RO         1387    .text               c_w.l(sys_exit.o)
    0x080002d4   0x080002d4   0x0000003a   Code   RO          877    .text.BSP_LCD_Clear  stm32_adafruit_lcd.o
    0x0800030e   0x0800030e   0x00000002   PAD
    0x08000310   0x08000310   0x00000046   Code   RO          899    .text.BSP_LCD_DisplayChar  stm32_adafruit_lcd.o
    0x08000356   0x08000356   0x00000002   PAD
    0x08000358   0x08000358   0x00000138   Code   RO          903    .text.BSP_LCD_DisplayStringAt  stm32_adafruit_lcd.o
    0x08000490   0x08000490   0x0000007c   Code   RO          923    .text.BSP_LCD_DrawBitmap  stm32_adafruit_lcd.o
    0x0800050c   0x0800050c   0x00000040   Code   RO          907    .text.BSP_LCD_DrawPixel  stm32_adafruit_lcd.o
    0x0800054c   0x0800054c   0x0000004a   Code   RO          897    .text.BSP_LCD_FillRect  stm32_adafruit_lcd.o
    0x08000596   0x08000596   0x00000002   PAD
    0x08000598   0x08000598   0x00000012   Code   RO          879    .text.BSP_LCD_GetXSize  stm32_adafruit_lcd.o
    0x080005aa   0x080005aa   0x00000002   PAD
    0x080005ac   0x080005ac   0x00000012   Code   RO          881    .text.BSP_LCD_GetYSize  stm32_adafruit_lcd.o
    0x080005be   0x080005be   0x00000002   PAD
    0x080005c0   0x080005c0   0x00000048   Code   RO          875    .text.BSP_LCD_Init  stm32_adafruit_lcd.o
    0x08000608   0x08000608   0x00000018   Code   RO          889    .text.BSP_LCD_SetBackColor  stm32_adafruit_lcd.o
    0x08000620   0x08000620   0x00000014   Code   RO          891    .text.BSP_LCD_SetFont  stm32_adafruit_lcd.o
    0x08000634   0x08000634   0x00000018   Code   RO          887    .text.BSP_LCD_SetTextColor  stm32_adafruit_lcd.o
    0x0800064c   0x0800064c   0x0000012e   Code   RO          960    .text.BSP_TS_GetState  stm32_adafruit_ts.o
    0x0800077a   0x0800077a   0x00000002   PAD
    0x0800077c   0x0800077c   0x000000c2   Code   RO          958    .text.BSP_TS_Init   stm32_adafruit_ts.o
    0x0800083e   0x0800083e   0x00000002   PAD
    0x08000840   0x08000840   0x00000004   Code   RO          213    .text.BusFault_Handler  stm32f1xx_it.o
    0x08000844   0x08000844   0x000000d0   Code   RO         1092    .text.DMA1_Channel4_IRQHandler  lcd_io_spi.o
    0x08000914   0x08000914   0x00000098   Code   RO         1084    .text.DMA1_Channel5_IRQHandler  lcd_io_spi.o
    0x080009ac   0x080009ac   0x00000002   Code   RO          219    .text.DebugMon_Handler  stm32f1xx_it.o
    0x080009ae   0x080009ae   0x00000002   PAD
    0x080009b0   0x080009b0   0x00000110   Code   RO          852    .text.DrawButton    gui.o
    0x08000ac0   0x08000ac0   0x000001be   Code   RO          901    .text.DrawChar      stm32_adafruit_lcd.o
    0x08000c7e   0x08000c7e   0x00000002   PAD
    0x08000c80   0x08000c80   0x00000058   Code   RO          241    .text.EXTI15_10_IRQHandler  stm32f1xx_it.o
    0x08000cd8   0x08000cd8   0x0000003e   Code   RO          229    .text.EXTI3_IRQHandler  stm32f1xx_it.o
    0x08000d16   0x08000d16   0x00000002   PAD
    0x08000d18   0x08000d18   0x00000004   Code   RO          209    .text.HardFault_Handler  stm32f1xx_it.o
    0x08000d1c   0x08000d1c   0x00000010   Code   RO         1102    .text.LCD_Delay     lcd_io_spi.o
    0x08000d2c   0x08000d2c   0x0000002e   Code   RO         1104    .text.LCD_IO_Bl_OnOff  lcd_io_spi.o
    0x08000d5a   0x08000d5a   0x00000002   PAD
    0x08000d5c   0x08000d5c   0x00000016   Code   RO         1068    .text.LCD_IO_Delay  lcd_io_spi.o
    0x08000d72   0x08000d72   0x00000002   PAD
    0x08000d74   0x08000d74   0x0000012c   Code   RO         1106    .text.LCD_IO_Init   lcd_io_spi.o
    0x08000ea0   0x08000ea0   0x00000046   Code   RO         1136    .text.LCD_IO_ReadCmd8MultipleData24to16  lcd_io_spi.o
    0x08000ee6   0x08000ee6   0x00000002   PAD
    0x08000ee8   0x08000ee8   0x00000046   Code   RO         1132    .text.LCD_IO_ReadCmd8MultipleData8  lcd_io_spi.o
    0x08000f2e   0x08000f2e   0x00000002   PAD
    0x08000f30   0x08000f30   0x00000074   Code   RO         1094    .text.LCD_IO_ReadMultiData  lcd_io_spi.o
    0x08000fa4   0x08000fa4   0x000001b0   Code   RO         1100    .text.LCD_IO_ReadMultiData16to24  lcd_io_spi.o
    0x08001154   0x08001154   0x00000082   Code   RO         1096    .text.LCD_IO_ReadMultiData8  lcd_io_spi.o
    0x080011d6   0x080011d6   0x00000002   PAD
    0x080011d8   0x080011d8   0x00000034   Code   RO         1112    .text.LCD_IO_WriteCmd8  lcd_io_spi.o
    0x0800120c   0x0800120c   0x00000046   Code   RO         1120    .text.LCD_IO_WriteCmd8DataFill16  lcd_io_spi.o
    0x08001252   0x08001252   0x00000002   PAD
    0x08001254   0x08001254   0x00000040   Code   RO         1124    .text.LCD_IO_WriteCmd8MultipleData16  lcd_io_spi.o
    0x08001294   0x08001294   0x0000003a   Code   RO         1122    .text.LCD_IO_WriteCmd8MultipleData8  lcd_io_spi.o
    0x080012ce   0x080012ce   0x00000002   PAD
    0x080012d0   0x080012d0   0x00000038   Code   RO         1118    .text.LCD_IO_WriteData16  lcd_io_spi.o
    0x08001308   0x08001308   0x00000034   Code   RO         1116    .text.LCD_IO_WriteData8  lcd_io_spi.o
    0x0800133c   0x0800133c   0x00000094   Code   RO         1086    .text.LCD_IO_WriteMultiData  lcd_io_spi.o
    0x080013d0   0x080013d0   0x00000106   Code   RO         1090    .text.LCD_IO_WriteMultiData16  lcd_io_spi.o
    0x080014d6   0x080014d6   0x00000002   PAD
    0x080014d8   0x080014d8   0x000000ac   Code   RO         1088    .text.LCD_IO_WriteMultiData8  lcd_io_spi.o
    0x08001584   0x08001584   0x00000022   Code   RO           15    .text.LL_APB1_GRP1_EnableClock  main.o
    0x080015a6   0x080015a6   0x00000002   PAD
    0x080015a8   0x080015a8   0x00000022   Code   RO          115    .text.LL_APB1_GRP1_EnableClock  rtc.o
    0x080015ca   0x080015ca   0x00000002   PAD
    0x080015cc   0x080015cc   0x00000022   Code   RO          152    .text.LL_APB1_GRP1_EnableClock  spi.o
    0x080015ee   0x080015ee   0x00000002   PAD
    0x080015f0   0x080015f0   0x00000022   Code   RO          163    .text.LL_APB1_GRP1_EnableClock  tim.o
    0x08001612   0x08001612   0x00000002   PAD
    0x08001614   0x08001614   0x00000022   Code   RO           13    .text.LL_APB2_GRP1_EnableClock  main.o
    0x08001636   0x08001636   0x00000002   PAD
    0x08001638   0x08001638   0x00000022   Code   RO           86    .text.LL_APB2_GRP1_EnableClock  gpio.o
    0x0800165a   0x0800165a   0x00000002   PAD
    0x0800165c   0x0800165c   0x00000022   Code   RO          138    .text.LL_APB2_GRP1_EnableClock  spi.o
    0x0800167e   0x0800167e   0x00000002   PAD
    0x08001680   0x08001680   0x00000022   Code   RO          175    .text.LL_APB2_GRP1_EnableClock  tim.o
    0x080016a2   0x080016a2   0x00000002   PAD
    0x080016a4   0x080016a4   0x00000022   Code   RO          194    .text.LL_APB2_GRP1_EnableClock  usart.o
    0x080016c6   0x080016c6   0x00000002   PAD
    0x080016c8   0x080016c8   0x00000022   Code   RO          767    .text.LL_APB2_GRP1_EnableClock  motor.o
    0x080016ea   0x080016ea   0x00000002   PAD
    0x080016ec   0x080016ec   0x00000014   Code   RO          233    .text.LL_EXTI_ClearFlag_0_31  stm32f1xx_it.o
    0x08001700   0x08001700   0x00000018   Code   RO          461    .text.LL_EXTI_DisableEvent_0_31  stm32f1xx_ll_exti.o
    0x08001718   0x08001718   0x00000018   Code   RO          469    .text.LL_EXTI_DisableFallingTrig_0_31  stm32f1xx_ll_exti.o
    0x08001730   0x08001730   0x00000018   Code   RO          465    .text.LL_EXTI_DisableIT_0_31  stm32f1xx_ll_exti.o
    0x08001748   0x08001748   0x00000018   Code   RO          473    .text.LL_EXTI_DisableRisingTrig_0_31  stm32f1xx_ll_exti.o
    0x08001760   0x08001760   0x00000018   Code   RO          467    .text.LL_EXTI_EnableEvent_0_31  stm32f1xx_ll_exti.o
    0x08001778   0x08001778   0x00000018   Code   RO          475    .text.LL_EXTI_EnableFallingTrig_0_31  stm32f1xx_ll_exti.o
    0x08001790   0x08001790   0x00000018   Code   RO          463    .text.LL_EXTI_EnableIT_0_31  stm32f1xx_ll_exti.o
    0x080017a8   0x080017a8   0x00000018   Code   RO          471    .text.LL_EXTI_EnableRisingTrig_0_31  stm32f1xx_ll_exti.o
    0x080017c0   0x080017c0   0x000001a6   Code   RO          459    .text.LL_EXTI_Init  stm32f1xx_ll_exti.o
    0x08001966   0x08001966   0x00000002   PAD
    0x08001968   0x08001968   0x0000001e   Code   RO          231    .text.LL_EXTI_IsActiveFlag_0_31  stm32f1xx_it.o
    0x08001986   0x08001986   0x00000002   PAD
    0x08001988   0x08001988   0x00000010   Code   RO           33    .text.LL_FLASH_GetLatency  main.o
    0x08001998   0x08001998   0x0000001c   Code   RO           31    .text.LL_FLASH_SetLatency  main.o
    0x080019b4   0x080019b4   0x00000016   Code   RO          177    .text.LL_GPIO_AF_EnableRemap_TIM3  tim.o
    0x080019ca   0x080019ca   0x00000002   PAD
    0x080019cc   0x080019cc   0x00000018   Code   RO           25    .text.LL_GPIO_AF_Remap_SWJ_NOJTAG  main.o
    0x080019e4   0x080019e4   0x00000038   Code   RO           92    .text.LL_GPIO_AF_SetEXTISource  gpio.o
    0x08001a1c   0x08001a1c   0x00000230   Code   RO          257    .text.LL_GPIO_Init  stm32f1xx_ll_gpio.o
    0x08001c4c   0x08001c4c   0x0000001c   Code   RO          235    .text.LL_GPIO_IsInputPinSet  stm32f1xx_it.o
    0x08001c68   0x08001c68   0x00000012   Code   RO           88    .text.LL_GPIO_ResetOutputPin  gpio.o
    0x08001c7a   0x08001c7a   0x00000002   PAD
    0x08001c7c   0x08001c7c   0x00000012   Code   RO          723    .text.LL_GPIO_ResetOutputPin  motor.o
    0x08001c8e   0x08001c8e   0x00000002   PAD
    0x08001c90   0x08001c90   0x00000012   Code   RO           90    .text.LL_GPIO_SetOutputPin  gpio.o
    0x08001ca2   0x08001ca2   0x00000002   PAD
    0x08001ca4   0x08001ca4   0x00000012   Code   RO          721    .text.LL_GPIO_SetOutputPin  motor.o
    0x08001cb6   0x08001cb6   0x00000002   PAD
    0x08001cb8   0x08001cb8   0x00000034   Code   RO           94    .text.LL_GPIO_SetPinMode  gpio.o
    0x08001cec   0x08001cec   0x00000034   Code   RO          261    .text.LL_GPIO_SetPinMode  stm32f1xx_ll_gpio.o
    0x08001d20   0x08001d20   0x00000034   Code   RO          265    .text.LL_GPIO_SetPinOutputType  stm32f1xx_ll_gpio.o
    0x08001d54   0x08001d54   0x0000002a   Code   RO          259    .text.LL_GPIO_SetPinPull  stm32f1xx_ll_gpio.o
    0x08001d7e   0x08001d7e   0x00000002   PAD
    0x08001d80   0x08001d80   0x00000034   Code   RO          263    .text.LL_GPIO_SetPinSpeed  stm32f1xx_ll_gpio.o
    0x08001db4   0x08001db4   0x00000028   Code   RO          225    .text.LL_GPIO_TogglePin  stm32f1xx_it.o
    0x08001ddc   0x08001ddc   0x00000014   Code   RO          393    .text.LL_Init1msTick  stm32f1xx_ll_utils.o
    0x08001df0   0x08001df0   0x00000036   Code   RO          395    .text.LL_InitTick   stm32f1xx_ll_utils.o
    0x08001e26   0x08001e26   0x00000002   PAD
    0x08001e28   0x08001e28   0x00000012   Code   RO           39    .text.LL_PWR_EnableBkUpAccess  main.o
    0x08001e3a   0x08001e3a   0x00000002   PAD
    0x08001e3c   0x08001e3c   0x00000012   Code   RO          113    .text.LL_PWR_EnableBkUpAccess  rtc.o
    0x08001e4e   0x08001e4e   0x00000002   PAD
    0x08001e50   0x08001e50   0x00000012   Code   RO           53    .text.LL_RCC_EnableRTC  main.o
    0x08001e62   0x08001e62   0x00000002   PAD
    0x08001e64   0x08001e64   0x00000012   Code   RO          117    .text.LL_RCC_EnableRTC  rtc.o
    0x08001e76   0x08001e76   0x00000002   PAD
    0x08001e78   0x08001e78   0x00000012   Code   RO           43    .text.LL_RCC_ForceBackupDomainReset  main.o
    0x08001e8a   0x08001e8a   0x00000002   PAD
    0x08001e8c   0x08001e8c   0x00000010   Code   RO          373    .text.LL_RCC_GetAHBPrescaler  stm32f1xx_ll_rcc.o
    0x08001e9c   0x08001e9c   0x00000010   Code   RO          375    .text.LL_RCC_GetAPB1Prescaler  stm32f1xx_ll_rcc.o
    0x08001eac   0x08001eac   0x00000010   Code   RO          377    .text.LL_RCC_GetAPB2Prescaler  stm32f1xx_ll_rcc.o
    0x08001ebc   0x08001ebc   0x00000010   Code   RO           41    .text.LL_RCC_GetRTCClockSource  main.o
    0x08001ecc   0x08001ecc   0x00000010   Code   RO           69    .text.LL_RCC_GetSysClkSource  main.o
    0x08001edc   0x08001edc   0x00000010   Code   RO          345    .text.LL_RCC_GetSysClkSource  stm32f1xx_ll_rcc.o
    0x08001eec   0x08001eec   0x00000036   Code   RO          353    .text.LL_RCC_GetSystemClocksFreq  stm32f1xx_ll_rcc.o
    0x08001f22   0x08001f22   0x00000002   PAD
    0x08001f24   0x08001f24   0x00000012   Code   RO           35    .text.LL_RCC_HSE_Enable  main.o
    0x08001f36   0x08001f36   0x00000002   PAD
    0x08001f38   0x08001f38   0x00000010   Code   RO           37    .text.LL_RCC_HSE_IsReady  main.o
    0x08001f48   0x08001f48   0x00000012   Code   RO           47    .text.LL_RCC_LSE_Enable  main.o
    0x08001f5a   0x08001f5a   0x00000002   PAD
    0x08001f5c   0x08001f5c   0x00000010   Code   RO           49    .text.LL_RCC_LSE_IsReady  main.o
    0x08001f6c   0x08001f6c   0x00000026   Code   RO           55    .text.LL_RCC_PLL_ConfigDomain_SYS  main.o
    0x08001f92   0x08001f92   0x00000002   PAD
    0x08001f94   0x08001f94   0x00000012   Code   RO           57    .text.LL_RCC_PLL_Enable  main.o
    0x08001fa6   0x08001fa6   0x00000002   PAD
    0x08001fa8   0x08001fa8   0x00000010   Code   RO          379    .text.LL_RCC_PLL_GetMainSource  stm32f1xx_ll_rcc.o
    0x08001fb8   0x08001fb8   0x00000010   Code   RO          383    .text.LL_RCC_PLL_GetMultiplicator  stm32f1xx_ll_rcc.o
    0x08001fc8   0x08001fc8   0x00000010   Code   RO          381    .text.LL_RCC_PLL_GetPrediv  stm32f1xx_ll_rcc.o
    0x08001fd8   0x08001fd8   0x00000010   Code   RO           59    .text.LL_RCC_PLL_IsReady  main.o
    0x08001fe8   0x08001fe8   0x00000012   Code   RO           45    .text.LL_RCC_ReleaseBackupDomainReset  main.o
    0x08001ffa   0x08001ffa   0x00000002   PAD
    0x08001ffc   0x08001ffc   0x0000001c   Code   RO           61    .text.LL_RCC_SetAHBPrescaler  main.o
    0x08002018   0x08002018   0x0000001c   Code   RO           63    .text.LL_RCC_SetAPB1Prescaler  main.o
    0x08002034   0x08002034   0x0000001c   Code   RO           65    .text.LL_RCC_SetAPB2Prescaler  main.o
    0x08002050   0x08002050   0x0000001c   Code   RO           51    .text.LL_RCC_SetRTCClockSource  main.o
    0x0800206c   0x0800206c   0x0000001c   Code   RO           67    .text.LL_RCC_SetSysClkSource  main.o
    0x08002088   0x08002088   0x00000012   Code   RO          293    .text.LL_RTC_ClearFlag_ALR  stm32f1xx_ll_rtc.o
    0x0800209a   0x0800209a   0x00000002   PAD
    0x0800209c   0x0800209c   0x00000012   Code   RO          295    .text.LL_RTC_ClearFlag_OW  stm32f1xx_ll_rtc.o
    0x080020ae   0x080020ae   0x00000002   PAD
    0x080020b0   0x080020b0   0x00000012   Code   RO          287    .text.LL_RTC_ClearFlag_RS  stm32f1xx_ll_rtc.o
    0x080020c2   0x080020c2   0x00000002   PAD
    0x080020c4   0x080020c4   0x00000012   Code   RO          297    .text.LL_RTC_ClearFlag_SEC  stm32f1xx_ll_rtc.o
    0x080020d6   0x080020d6   0x00000002   PAD
    0x080020d8   0x080020d8   0x00000012   Code   RO          279    .text.LL_RTC_DisableWriteProtection  stm32f1xx_ll_rtc.o
    0x080020ea   0x080020ea   0x00000002   PAD
    0x080020ec   0x080020ec   0x00000012   Code   RO          289    .text.LL_RTC_EnableWriteProtection  stm32f1xx_ll_rtc.o
    0x080020fe   0x080020fe   0x00000002   PAD
    0x08002100   0x08002100   0x00000098   Code   RO          281    .text.LL_RTC_EnterInitMode  stm32f1xx_ll_rtc.o
    0x08002198   0x08002198   0x00000098   Code   RO          283    .text.LL_RTC_ExitInitMode  stm32f1xx_ll_rtc.o
    0x08002230   0x08002230   0x000000fe   Code   RO          291    .text.LL_RTC_Init   stm32f1xx_ll_rtc.o
    0x0800232e   0x0800232e   0x00000002   PAD
    0x08002330   0x08002330   0x00000010   Code   RO          327    .text.LL_RTC_IsActiveFlag_RS  stm32f1xx_ll_rtc.o
    0x08002340   0x08002340   0x00000010   Code   RO          319    .text.LL_RTC_IsActiveFlag_RTOF  stm32f1xx_ll_rtc.o
    0x08002350   0x08002350   0x0000002a   Code   RO          127    .text.LL_RTC_SetAsynchPrescaler  rtc.o
    0x0800237a   0x0800237a   0x00000002   PAD
    0x0800237c   0x0800237c   0x0000002a   Code   RO          303    .text.LL_RTC_SetAsynchPrescaler  stm32f1xx_ll_rtc.o
    0x080023a6   0x080023a6   0x00000002   PAD
    0x080023a8   0x080023a8   0x0000001a   Code   RO          301    .text.LL_RTC_SetOutputSource  stm32f1xx_ll_rtc.o
    0x080023c2   0x080023c2   0x00000002   PAD
    0x080023c4   0x080023c4   0x00000018   Code   RO          299    .text.LL_RTC_TAMPER_Disable  stm32f1xx_ll_rtc.o
    0x080023dc   0x080023dc   0x000001d8   Code   RO          307    .text.LL_RTC_TIME_Init  stm32f1xx_ll_rtc.o
    0x080025b4   0x080025b4   0x0000001a   Code   RO          309    .text.LL_RTC_TIME_Set  stm32f1xx_ll_rtc.o
    0x080025ce   0x080025ce   0x00000002   PAD
    0x080025d0   0x080025d0   0x00000098   Code   RO          285    .text.LL_RTC_WaitForSynchro  stm32f1xx_ll_rtc.o
    0x08002668   0x08002668   0x00000012   Code   RO          148    .text.LL_SPI_Enable  spi.o
    0x0800267a   0x0800267a   0x00000002   PAD
    0x0800267c   0x0800267c   0x000002a6   Code   RO          497    .text.LL_SPI_Init   stm32f1xx_ll_spi.o
    0x08002922   0x08002922   0x00000002   PAD
    0x08002924   0x08002924   0x00000010   Code   RO          499    .text.LL_SPI_IsEnabled  stm32f1xx_ll_spi.o
    0x08002934   0x08002934   0x00000012   Code   RO          501    .text.LL_SPI_SetCRCPolynomial  stm32f1xx_ll_spi.o
    0x08002946   0x08002946   0x00000002   PAD
    0x08002948   0x08002948   0x00000012   Code   RO           29    .text.LL_SYSTICK_EnableIT  main.o
    0x0800295a   0x0800295a   0x00000002   PAD
    0x0800295c   0x0800295c   0x00000010   Code   RO          321    .text.LL_SYSTICK_IsActiveCounterFlag  stm32f1xx_ll_rtc.o
    0x0800296c   0x0800296c   0x00000014   Code   RO          399    .text.LL_SetSystemCoreClock  stm32f1xx_ll_utils.o
    0x08002980   0x08002980   0x000001be   Code   RO          633    .text.LL_TIM_BDTR_Init  stm32f1xx_ll_tim.o
    0x08002b3e   0x08002b3e   0x00000002   PAD
    0x08002b40   0x08002b40   0x00000014   Code   RO          751    .text.LL_TIM_CC_EnableChannel  motor.o
    0x08002b54   0x08002b54   0x00000012   Code   RO          165    .text.LL_TIM_DisableARRPreload  tim.o
    0x08002b66   0x08002b66   0x00000002   PAD
    0x08002b68   0x08002b68   0x00000012   Code   RO          757    .text.LL_TIM_DisableARRPreload  motor.o
    0x08002b7a   0x08002b7a   0x00000002   PAD
    0x08002b7c   0x08002b7c   0x00000012   Code   RO          173    .text.LL_TIM_DisableMasterSlaveMode  tim.o
    0x08002b8e   0x08002b8e   0x00000002   PAD
    0x08002b90   0x08002b90   0x00000012   Code   RO          765    .text.LL_TIM_DisableMasterSlaveMode  motor.o
    0x08002ba2   0x08002ba2   0x00000002   PAD
    0x08002ba4   0x08002ba4   0x00000012   Code   RO          753    .text.LL_TIM_EnableAllOutputs  motor.o
    0x08002bb6   0x08002bb6   0x00000002   PAD
    0x08002bb8   0x08002bb8   0x00000012   Code   RO          755    .text.LL_TIM_EnableCounter  motor.o
    0x08002bca   0x08002bca   0x00000002   PAD
    0x08002bcc   0x08002bcc   0x00000012   Code   RO          593    .text.LL_TIM_GenerateEvent_UPDATE  stm32f1xx_ll_tim.o
    0x08002bde   0x08002bde   0x00000002   PAD
    0x08002be0   0x08002be0   0x0000023a   Code   RO          585    .text.LL_TIM_Init   stm32f1xx_ll_tim.o
    0x08002e1a   0x08002e1a   0x00000002   PAD
    0x08002e1c   0x08002e1c   0x000000b2   Code   RO          169    .text.LL_TIM_OC_DisableFast  tim.o
    0x08002ece   0x08002ece   0x00000002   PAD
    0x08002ed0   0x08002ed0   0x000000b2   Code   RO          761    .text.LL_TIM_OC_DisableFast  motor.o
    0x08002f82   0x08002f82   0x00000002   PAD
    0x08002f84   0x08002f84   0x000000b2   Code   RO          167    .text.LL_TIM_OC_EnablePreload  tim.o
    0x08003036   0x08003036   0x00000002   PAD
    0x08003038   0x08003038   0x00000078   Code   RO          597    .text.LL_TIM_OC_Init  stm32f1xx_ll_tim.o
    0x080030b0   0x080030b0   0x00000010   Code   RO          635    .text.LL_TIM_OC_SetCompareCH1  stm32f1xx_ll_tim.o
    0x080030c0   0x080030c0   0x00000010   Code   RO          629    .text.LL_TIM_OC_SetCompareCH2  stm32f1xx_ll_tim.o
    0x080030d0   0x080030d0   0x00000010   Code   RO          727    .text.LL_TIM_OC_SetCompareCH2  motor.o
    0x080030e0   0x080030e0   0x00000010   Code   RO          637    .text.LL_TIM_OC_SetCompareCH3  stm32f1xx_ll_tim.o
    0x080030f0   0x080030f0   0x00000010   Code   RO          725    .text.LL_TIM_OC_SetCompareCH3  motor.o
    0x08003100   0x08003100   0x00000010   Code   RO          639    .text.LL_TIM_OC_SetCompareCH4  stm32f1xx_ll_tim.o
    0x08003110   0x08003110   0x0000002a   Code   RO          595    .text.LL_TIM_OC_StructInit  stm32f1xx_ll_tim.o
    0x0800313a   0x0800313a   0x00000002   PAD
    0x0800313c   0x0800313c   0x00000010   Code   RO          587    .text.LL_TIM_SetAutoReload  stm32f1xx_ll_tim.o
    0x0800314c   0x0800314c   0x0000001c   Code   RO          759    .text.LL_TIM_SetClockSource  motor.o
    0x08003168   0x08003168   0x00000010   Code   RO          589    .text.LL_TIM_SetPrescaler  stm32f1xx_ll_tim.o
    0x08003178   0x08003178   0x00000010   Code   RO          591    .text.LL_TIM_SetRepetitionCounter  stm32f1xx_ll_tim.o
    0x08003188   0x08003188   0x0000001a   Code   RO          171    .text.LL_TIM_SetTriggerOutput  tim.o
    0x080031a2   0x080031a2   0x00000002   PAD
    0x080031a4   0x080031a4   0x0000001a   Code   RO          763    .text.LL_TIM_SetTriggerOutput  motor.o
    0x080031be   0x080031be   0x00000002   PAD
    0x080031c0   0x080031c0   0x00000022   Code   RO          583    .text.LL_TIM_StructInit  stm32f1xx_ll_tim.o
    0x080031e2   0x080031e2   0x00000002   PAD
    0x080031e4   0x080031e4   0x0000001c   Code   RO          196    .text.LL_USART_ConfigAsyncMode  usart.o
    0x08003200   0x08003200   0x00000012   Code   RO          198    .text.LL_USART_Enable  usart.o
    0x08003212   0x08003212   0x00000002   PAD
    0x08003214   0x08003214   0x000002a8   Code   RO          659    .text.LL_USART_Init  stm32f1xx_ll_usart.o
    0x080034bc   0x080034bc   0x00000010   Code   RO          661    .text.LL_USART_IsEnabled  stm32f1xx_ll_usart.o
    0x080034cc   0x080034cc   0x0000004e   Code   RO          667    .text.LL_USART_SetBaudRate  stm32f1xx_ll_usart.o
    0x0800351a   0x0800351a   0x00000002   PAD
    0x0800351c   0x0800351c   0x0000001a   Code   RO          665    .text.LL_USART_SetHWFlowCtrl  stm32f1xx_ll_usart.o
    0x08003536   0x08003536   0x00000002   PAD
    0x08003538   0x08003538   0x0000001a   Code   RO          663    .text.LL_USART_SetStopBitsLength  stm32f1xx_ll_usart.o
    0x08003552   0x08003552   0x00000002   PAD
    0x08003554   0x08003554   0x0000004a   Code   RO          397    .text.LL_mDelay     stm32f1xx_ll_utils.o
    0x0800359e   0x0800359e   0x00000002   PAD
    0x080035a0   0x080035a0   0x0000004a   Code   RO         1074    .text.LcdCmdWrite8  lcd_io_spi.o
    0x080035ea   0x080035ea   0x00000002   PAD
    0x080035ec   0x080035ec   0x0000007c   Code   RO         1064    .text.LcdDirRead    lcd_io_spi.o
    0x08003668   0x08003668   0x0000007a   Code   RO         1066    .text.LcdDirWrite   lcd_io_spi.o
    0x080036e2   0x080036e2   0x00000002   PAD
    0x080036e4   0x080036e4   0x00000032   Code   RO         1076    .text.LcdWrite16    lcd_io_spi.o
    0x08003716   0x08003716   0x00000002   PAD
    0x08003718   0x08003718   0x00000032   Code   RO         1070    .text.LcdWrite8     lcd_io_spi.o
    0x0800374a   0x0800374a   0x00000002   PAD
    0x0800374c   0x0800374c   0x00000052   Code   RO          729    .text.MOT_Brake     motor.o
    0x0800379e   0x0800379e   0x00000002   PAD
    0x080037a0   0x080037a0   0x0000005a   Code   RO          719    .text.MOT_Forward   motor.o
    0x080037fa   0x080037fa   0x00000002   PAD
    0x080037fc   0x080037fc   0x00000014   Code   RO          769    .text.MOT_GetControl  motor.o
    0x08003810   0x08003810   0x000000a8   Code   RO          741    .text.MOT_Init      motor.o
    0x080038b8   0x080038b8   0x0000005a   Code   RO          733    .text.MOT_Reverse   motor.o
    0x08003912   0x08003912   0x00000002   PAD
    0x08003914   0x08003914   0x00000068   Code   RO          739    .text.MOT_SetDir    motor.o
    0x0800397c   0x0800397c   0x00000090   Code   RO          747    .text.MOT_SetSpeed  motor.o
    0x08003a0c   0x08003a0c   0x00000038   Code   RO          735    .text.MOT_Start     motor.o
    0x08003a44   0x08003a44   0x00000032   Code   RO          737    .text.MOT_Stop      motor.o
    0x08003a76   0x08003a76   0x00000002   PAD
    0x08003a78   0x08003a78   0x0000021c   Code   RO           84    .text.MX_GPIO_Init  gpio.o
    0x08003c94   0x08003c94   0x0000007e   Code   RO          111    .text.MX_RTC_Init   rtc.o
    0x08003d12   0x08003d12   0x00000002   PAD
    0x08003d14   0x08003d14   0x000000ba   Code   RO          136    .text.MX_SPI1_Init  spi.o
    0x08003dce   0x08003dce   0x00000002   PAD
    0x08003dd0   0x08003dd0   0x000000ba   Code   RO          150    .text.MX_SPI2_Init  spi.o
    0x08003e8a   0x08003e8a   0x00000002   PAD
    0x08003e8c   0x08003e8c   0x000000c0   Code   RO          161    .text.MX_TIM3_Init  tim.o
    0x08003f4c   0x08003f4c   0x000000a0   Code   RO          192    .text.MX_USART1_UART_Init  usart.o
    0x08003fec   0x08003fec   0x00000004   Code   RO          211    .text.MemManage_Handler  stm32f1xx_it.o
    0x08003ff0   0x08003ff0   0x00000004   Code   RO          207    .text.NMI_Handler   stm32f1xx_it.o
    0x08003ff4   0x08003ff4   0x0000006c   Code   RO           21    .text.NVIC_EncodePriority  main.o
    0x08004060   0x08004060   0x0000006c   Code   RO           98    .text.NVIC_EncodePriority  gpio.o
    0x080040cc   0x080040cc   0x0000006c   Code   RO          121    .text.NVIC_EncodePriority  rtc.o
    0x08004138   0x08004138   0x0000006c   Code   RO          142    .text.NVIC_EncodePriority  spi.o
    0x080041a4   0x080041a4   0x00000290   Code   RO          599    .text.OC1Config     stm32f1xx_ll_tim.o
    0x08004434   0x08004434   0x00000298   Code   RO          601    .text.OC2Config     stm32f1xx_ll_tim.o
    0x080046cc   0x080046cc   0x00000296   Code   RO          603    .text.OC3Config     stm32f1xx_ll_tim.o
    0x08004962   0x08004962   0x00000002   PAD
    0x08004964   0x08004964   0x00000268   Code   RO          605    .text.OC4Config     stm32f1xx_ll_tim.o
    0x08004bcc   0x08004bcc   0x0000000c   Code   RO          785    .text.PC_GetCurPoz  pistoncontrol.o
    0x08004bd8   0x08004bd8   0x00000070   Code   RO          783    .text.PC_GoToPoz    pistoncontrol.o
    0x08004c48   0x08004c48   0x0000001e   Code   RO          789    .text.PC_Init       pistoncontrol.o
    0x08004c66   0x08004c66   0x00000002   PAD
    0x08004c68   0x08004c68   0x000000d4   Code   RO          791    .text.PC_OpticSensInterrupt  pistoncontrol.o
    0x08004d3c   0x08004d3c   0x00000002   Code   RO          221    .text.PendSV_Handler  stm32f1xx_it.o
    0x08004d3e   0x08004d3e   0x00000002   PAD
    0x08004d40   0x08004d40   0x00000026   Code   RO          357    .text.RCC_GetHCLKClockFreq  stm32f1xx_ll_rcc.o
    0x08004d66   0x08004d66   0x00000002   PAD
    0x08004d68   0x08004d68   0x00000024   Code   RO          359    .text.RCC_GetPCLK1ClockFreq  stm32f1xx_ll_rcc.o
    0x08004d8c   0x08004d8c   0x00000024   Code   RO          361    .text.RCC_GetPCLK2ClockFreq  stm32f1xx_ll_rcc.o
    0x08004db0   0x08004db0   0x00000056   Code   RO          355    .text.RCC_GetSystemClockFreq  stm32f1xx_ll_rcc.o
    0x08004e06   0x08004e06   0x00000002   PAD
    0x08004e08   0x08004e08   0x00000068   Code   RO          367    .text.RCC_PLL_GetFreqDomain_SYS  stm32f1xx_ll_rcc.o
    0x08004e70   0x08004e70   0x00000002   Code   RO          227    .text.RTC_IRQHandler  stm32f1xx_it.o
    0x08004e72   0x08004e72   0x00000002   PAD
    0x08004e74   0x08004e74   0x00000002   Code   RO          237    .text.SPI1_IRQHandler  stm32f1xx_it.o
    0x08004e76   0x08004e76   0x00000002   PAD
    0x08004e78   0x08004e78   0x00000010   Code   RO          239    .text.SPI2_IRQHandler  stm32f1xx_it.o
    0x08004e88   0x08004e88   0x00000002   Code   RO          217    .text.SVC_Handler   stm32f1xx_it.o
    0x08004e8a   0x08004e8a   0x00000002   PAD
    0x08004e8c   0x08004e8c   0x0000004a   Code   RO          925    .text.SetDisplayWindow  stm32_adafruit_lcd.o
    0x08004ed6   0x08004ed6   0x00000002   PAD
    0x08004ed8   0x08004ed8   0x00000062   Code   RO          223    .text.SysTick_Handler  stm32f1xx_it.o
    0x08004f3a   0x08004f3a   0x00000002   PAD
    0x08004f3c   0x08004f3c   0x000000d0   Code   RO           27    .text.SystemClock_Config  main.o
    0x0800500c   0x0800500c   0x00000002   Code   RO          685    .text.SystemInit    system_stm32f1xx.o
    0x0800500e   0x0800500e   0x00000002   PAD
    0x08005010   0x08005010   0x00000016   Code   RO         1038    .text.TS_IO_Delay   ts_xpt2046.o
    0x08005026   0x08005026   0x00000002   PAD
    0x08005028   0x08005028   0x0000004a   Code   RO         1054    .text.TS_IO_DetectToch  ts_xpt2046.o
    0x08005072   0x08005072   0x00000002   PAD
    0x08005074   0x08005074   0x00000030   Code   RO         1046    .text.TS_IO_GetX    ts_xpt2046.o
    0x080050a4   0x080050a4   0x00000030   Code   RO         1048    .text.TS_IO_GetY    ts_xpt2046.o
    0x080050d4   0x080050d4   0x0000008c   Code   RO         1044    .text.TS_IO_Init    ts_xpt2046.o
    0x08005160   0x08005160   0x00000070   Code   RO         1042    .text.TsRead16      ts_xpt2046.o
    0x080051d0   0x080051d0   0x00000040   Code   RO         1040    .text.TsWrite8      ts_xpt2046.o
    0x08005210   0x08005210   0x00000004   Code   RO          215    .text.UsageFault_Handler  stm32f1xx_it.o
    0x08005214   0x08005214   0x00000014   Code   RO         1082    .text.WaitForDmaEnd  lcd_io_spi.o
    0x08005228   0x08005228   0x00000030   Code   RO          102    .text.__NVIC_EnableIRQ  gpio.o
    0x08005258   0x08005258   0x00000030   Code   RO          125    .text.__NVIC_EnableIRQ  rtc.o
    0x08005288   0x08005288   0x00000030   Code   RO          146    .text.__NVIC_EnableIRQ  spi.o
    0x080052b8   0x080052b8   0x00000030   Code   RO         1110    .text.__NVIC_EnableIRQ  lcd_io_spi.o
    0x080052e8   0x080052e8   0x00000010   Code   RO           23    .text.__NVIC_GetPriorityGrouping  main.o
    0x080052f8   0x080052f8   0x00000010   Code   RO          100    .text.__NVIC_GetPriorityGrouping  gpio.o
    0x08005308   0x08005308   0x00000010   Code   RO          123    .text.__NVIC_GetPriorityGrouping  rtc.o
    0x08005318   0x08005318   0x00000010   Code   RO          144    .text.__NVIC_GetPriorityGrouping  spi.o
    0x08005328   0x08005328   0x00000042   Code   RO           19    .text.__NVIC_SetPriority  main.o
    0x0800536a   0x0800536a   0x00000002   PAD
    0x0800536c   0x0800536c   0x00000042   Code   RO           96    .text.__NVIC_SetPriority  gpio.o
    0x080053ae   0x080053ae   0x00000002   PAD
    0x080053b0   0x080053b0   0x00000042   Code   RO          119    .text.__NVIC_SetPriority  rtc.o
    0x080053f2   0x080053f2   0x00000002   PAD
    0x080053f4   0x080053f4   0x00000042   Code   RO          140    .text.__NVIC_SetPriority  spi.o
    0x08005436   0x08005436   0x00000002   PAD
    0x08005438   0x08005438   0x00000042   Code   RO         1108    .text.__NVIC_SetPriority  lcd_io_spi.o
    0x0800547a   0x0800547a   0x00000002   PAD
    0x0800547c   0x0800547c   0x0000003c   Code   RO           17    .text.__NVIC_SetPriorityGrouping  main.o
    0x080054b8   0x080054b8   0x0000000a   Code   RO           73    .text.assert_failed  main.o
    0x080054c2   0x080054c2   0x00000002   PAD
    0x080054c4   0x080054c4   0x00000010   Code   RO          981    .text.ili9486_DisplayOff  ili9486.o
    0x080054d4   0x080054d4   0x00000010   Code   RO          979    .text.ili9486_DisplayOn  ili9486.o
    0x080054e4   0x080054e4   0x0000003e   Code   RO          999    .text.ili9486_DrawBitmap  ili9486.o
    0x08005522   0x08005522   0x00000002   PAD
    0x08005524   0x08005524   0x00000088   Code   RO          991    .text.ili9486_DrawHLine  ili9486.o
    0x080055ac   0x080055ac   0x00000042   Code   RO         1001    .text.ili9486_DrawRGBImage  ili9486.o
    0x080055ee   0x080055ee   0x00000002   PAD
    0x080055f0   0x080055f0   0x00000088   Code   RO          993    .text.ili9486_DrawVLine  ili9486.o
    0x08005678   0x08005678   0x000000ac   Code   RO         1003    .text.ili9486_FillRect  ili9486.o
    0x08005724   0x08005724   0x00000006   Code   RO          997    .text.ili9486_GetLcdPixelHeight  ili9486.o
    0x0800572a   0x0800572a   0x00000002   PAD
    0x0800572c   0x0800572c   0x00000006   Code   RO          995    .text.ili9486_GetLcdPixelWidth  ili9486.o
    0x08005732   0x08005732   0x00000002   PAD
    0x08005734   0x08005734   0x00000142   Code   RO          975    .text.ili9486_Init  ili9486.o
    0x08005876   0x08005876   0x00000002   PAD
    0x08005878   0x08005878   0x0000003e   Code   RO          977    .text.ili9486_ReadID  ili9486.o
    0x080058b6   0x080058b6   0x00000002   PAD
    0x080058b8   0x080058b8   0x00000092   Code   RO          987    .text.ili9486_ReadPixel  ili9486.o
    0x0800594a   0x0800594a   0x00000002   PAD
    0x0800594c   0x0800594c   0x00000068   Code   RO         1005    .text.ili9486_ReadRGBImage  ili9486.o
    0x080059b4   0x080059b4   0x000000f0   Code   RO         1007    .text.ili9486_Scroll  ili9486.o
    0x08005aa4   0x08005aa4   0x0000005c   Code   RO          983    .text.ili9486_SetCursor  ili9486.o
    0x08005b00   0x08005b00   0x000000b4   Code   RO          989    .text.ili9486_SetDisplayWindow  ili9486.o
    0x08005bb4   0x08005bb4   0x0000006e   Code   RO          985    .text.ili9486_WritePixel  ili9486.o
    0x08005c22   0x08005c22   0x00000002   PAD
    0x08005c24   0x08005c24   0x00000100   Code   RO         1011    .text.ili9486_ts_DetectTouch  ili9486.o
    0x08005d24   0x08005d24   0x0000002a   Code   RO         1013    .text.ili9486_ts_GetXY  ili9486.o
    0x08005d4e   0x08005d4e   0x00000002   PAD
    0x08005d50   0x08005d50   0x00000034   Code   RO         1009    .text.ili9486_ts_Init  ili9486.o
    0x08005d84   0x08005d84   0x0000014a   Code   RO          850    .text.initGUI       gui.o
    0x08005ece   0x08005ece   0x00000002   PAD
    0x08005ed0   0x08005ed0   0x000000c6   Code   RO          745    .text.initMotGPIO   motor.o
    0x08005f96   0x08005f96   0x00000002   PAD
    0x08005f98   0x08005f98   0x00000114   Code   RO          743    .text.initTim       motor.o
    0x080060ac   0x080060ac   0x0000010c   Code   RO          854    .text.intToStr      gui.o
    0x080061b8   0x080061b8   0x00000078   Code   RO          858    .text.isInRectangle  gui.o
    0x08006230   0x08006230   0x000000ae   Code   RO           11    .text.main          main.o
    0x080062de   0x080062de   0x00000002   PAD
    0x080062e0   0x080062e0   0x00000138   Code   RO          856    .text.redrawGUI     gui.o
    0x08006418   0x08006418   0x0000003c   Code   RO          749    .text.setDrvMode    motor.o
    0x08006454   0x08006454   0x00000002   Data   RO         1018    .rodata..L.str      ili9486.o
    0x08006456   0x08006456   0x00000005   Data   RO         1020    .rodata..L.str.2    ili9486.o
    0x0800645b   0x0800645b   0x00000010   Data   RO          690    .rodata.AHBPrescTable  system_stm32f1xx.o
    0x0800646b   0x0800646b   0x00000008   Data   RO          691    .rodata.APBPrescTable  system_stm32f1xx.o
    0x08006473   0x08006473   0x00000be0   Data   RO          823    .rodata.Font16_Table  font16.o
    0x08007053   0x08007053   0x00001ab8   Data   RO          837    .rodata.Font24_Table  font24.o
    0x08008b0b   0x08008b0b   0x000002f8   Data   RO          809    .rodata.Font8_Table  font8.o
    0x08008e03   0x08008e03   0x00000007   Data   RO          183    .rodata.OFFSET_TAB_CCMRx  tim.o
    0x08008e0a   0x08008e0a   0x00000007   Data   RO          774    .rodata.OFFSET_TAB_CCMRx  motor.o
    0x08008e11   0x08008e11   0x00000007   Data   RO          184    .rodata.SHIFT_TAB_OCxx  tim.o
    0x08008e18   0x08008e18   0x00000007   Data   RO          775    .rodata.SHIFT_TAB_OCxx  motor.o
    0x08008e1f   0x08008e1f   0x00000020   Data   RO         1021    .rodata.cst16       ili9486.o
    0x08008e3f   0x08008e3f   0x00000001   PAD
    0x08008e40   0x08008e40   0x0000affe   Data   RO          803    .rodata.gImage_LOGO_MAIN  logo_main2.o
    0x08013e3e   0x08013e3e   0x00000002   PAD
    0x08013e40   0x08013e40   0x000013be   Data   RO          844    .rodata.gImage_SMALL_LOGO  smalllogo_16b.o
    0x080151fe   0x080151fe   0x00000038   Data   RO          269    .rodata.str1.1      stm32f1xx_ll_gpio.o
    0x08015236   0x08015236   0x00000037   Data   RO          329    .rodata.str1.1      stm32f1xx_ll_rtc.o
    0x0801526d   0x0801526d   0x00000038   Data   RO          479    .rodata.str1.1      stm32f1xx_ll_exti.o
    0x080152a5   0x080152a5   0x00000037   Data   RO          515    .rodata.str1.1      stm32f1xx_ll_spi.o
    0x080152dc   0x080152dc   0x00000037   Data   RO          641    .rodata.str1.1      stm32f1xx_ll_tim.o
    0x08015313   0x08015313   0x00000039   Data   RO          677    .rodata.str1.1      stm32f1xx_ll_usart.o
    0x0801534c   0x0801534c   0x00000015   Data   RO          862    .rodata.str1.1      gui.o
    0x08015361   0x08015361   0x00000006   Data   RO         1019    .rodata.str1.1      ili9486.o
    0x08015367   0x08015367   0x00000001   PAD
    0x08015368   0x08015368   0x00000020   Data   RO         1450    Region$$Table       anon$$obj.o


    Execution Region RW_IRAM1 (Exec base: 0x20000000, Load base: 0x08015388, Size: 0x00000bf0, Max: 0x0000c000, ABSOLUTE)

    Exec Addr    Load Addr    Size         Type   Attr      Idx    E Section Name        Object

    0x20000000   0x08015388   0x00000008   Data   RW          824    .data.Font16        font16.o
    0x20000008   0x08015390   0x00000008   Data   RW          838    .data.Font24        font24.o
    0x20000010   0x08015398   0x00000008   Data   RW          810    .data.Font8         font8.o
    0x20000018   0x080153a0   0x00000004   Data   RW          689    .data.SystemCoreClock  system_stm32f1xx.o
    0x2000001c   0x080153a4   0x00000044   Data   RW         1015    .data.ili9486_drv   ili9486.o
    0x20000060   0x080153e8   0x00000028   Data   RW         1025    .data.ili9486_ts_drv  ili9486.o
    0x20000088   0x08015410   0x00000004   Data   RW         1016    .data.lcd_drv       ili9486.o
    0x2000008c   0x08015414   0x00000004   Data   RW         1026    .data.ts_drv        ili9486.o
    0x20000090        -       0x00000060   Zero   RW         1326    .bss                c_w.l(libspace.o)
    0x200000f0        -       0x0000000c   Zero   RW          949    .bss.DrawProp       stm32_adafruit_lcd.o
    0x200000fc        -       0x00000001   Zero   RW         1017    .bss.Is_ili9486_Initialized  ili9486.o
    0x200000fd   0x08015418   0x00000003   PAD
    0x20000100        -       0x00000004   Zero   RW         1144    .bss.LCD_IO_DmaTransferStatus  lcd_io_spi.o
    0x20000104   0x08015418   0x00000004   PAD
    0x20000108        -       0x00000100   Zero   RW         1147    .bss.LCD_IO_ReadMultiData16to24.dmadata  lcd_io_spi.o
    0x20000208        -       0x00000002   Zero   RW         1146    .bss.LCD_IO_WriteMultiData16.d16s  lcd_io_spi.o
    0x2000020a        -       0x00000001   Zero   RW         1145    .bss.LCD_IO_WriteMultiData8.d8s  lcd_io_spi.o
    0x2000020b        -       0x00000001   Zero   RW         1056    .bss.TS_IO_DetectToch.ts_inited  ts_xpt2046.o
    0x2000020c        -       0x00000002   Zero   RW          962    .bss.TsXBoundary    stm32_adafruit_ts.o
    0x2000020e        -       0x00000002   Zero   RW          963    .bss.TsYBoundary    stm32_adafruit_ts.o
    0x20000210        -       0x00000004   Zero   RW           75    .bss._1ms_cnt       main.o
    0x20000214        -       0x00000004   Zero   RW          966    .bss.bX             stm32_adafruit_ts.o
    0x20000218        -       0x00000004   Zero   RW          967    .bss.bY             stm32_adafruit_ts.o
    0x2000021c        -       0x00000366   Zero   RW          950    .bss.bitmap         stm32_adafruit_lcd.o
    0x20000582   0x08015418   0x00000002   PAD
    0x20000584        -       0x00000004   Zero   RW          793    .bss.curPoz         pistoncontrol.o
    0x20000588        -       0x00000004   Zero   RW          795    .bss.destination    pistoncontrol.o
    0x2000058c        -       0x00000001   Zero   RW          864    .bss.dirBut         gui.o
    0x2000058d   0x08015418   0x00000001   PAD
    0x2000058e        -       0x00000008   Zero   RW         1024    .bss.ili9486_Scroll.scrparam  ili9486.o
    0x20000596        -       0x00000001   Zero   RW         1028    .bss.ili9486_ts_DetectTouch.ret  ili9486.o
    0x20000597        -       0x00000001   Zero   RW          243    .bss.itCnt          stm32f1xx_it.o
    0x20000598        -       0x00000004   Zero   RW          964    .bss.kX             stm32_adafruit_ts.o
    0x2000059c        -       0x00000004   Zero   RW          965    .bss.kY             stm32_adafruit_ts.o
    0x200005a0        -       0x00000024   Zero   RW          773    .bss.mot            motor.o
    0x200005c4        -       0x00000004   Zero   RW          865    .bss.neededPoz      gui.o
    0x200005c8        -       0x0000000b   Zero   RW          860    .bss.numBuf         gui.o
    0x200005d3        -       0x00000001   Zero   RW          861    .bss.redraw         gui.o
    0x200005d4        -       0x00000001   Zero   RW          863    .bss.startBut       gui.o
    0x200005d5        -       0x00000001   Zero   RW          794    .bss.status         pistoncontrol.o
    0x200005d6   0x08015418   0x00000002   PAD
    0x200005d8        -       0x00000004   Zero   RW          867    .bss.touchDelay     gui.o
    0x200005dc        -       0x00000008   Zero   RW          866    .bss.tsState        gui.o
    0x200005e4        -       0x00000002   Zero   RW         1029    .bss.tx             ili9486.o
    0x200005e6        -       0x00000002   Zero   RW         1030    .bss.ty             ili9486.o
    0x200005e8        -       0x00000002   Zero   RW         1023    .bss.yEnd           ili9486.o
    0x200005ea        -       0x00000002   Zero   RW         1022    .bss.yStart         ili9486.o
    0x200005ec   0x08015418   0x00000004   PAD
    0x200005f0        -       0x00000200   Zero   RW            2    HEAP                startup_stm32f103xe.o
    0x200007f0        -       0x00000400   Zero   RW            1    STACK               startup_stm32f103xe.o


==============================================================================

Image component sizes


      Code (inc. data)   RO Data    RW Data    ZI Data      Debug   Object Name

         0          0       3040          8          0        730   font16.o
         0          0       6840          8          0        730   font24.o
         0          0        760          8          0        726   font8.o
       956          0          0          0          0       5954   gpio.o
      1302          0         21          0         30       2630   gui.o
      2222          0         45        116         18       6515   ili9486.o
      3050          0          0          0        263      11731   lcd_io_spi.o
         0          0      45054          0          0       1194   logo_main2.o
      1180          0          0          0          4       8099   main.o
      1764          0         14          0         36       6990   motor.o
       366          0          0          0          9       2057   pistoncontrol.o
       476          0          0          0          0       5442   rtc.o
         0          0       5054          0          0       1201   smalllogo_16b.o
       696          0          0          0          0       5839   spi.o
        64         26        304          0       1536        804   startup_stm32f103xe.o
      1398          0          0          0        882      12329   stm32_adafruit_lcd.o
       496          0          0          0         20       1850   stm32_adafruit_ts.o
       412          0          0          0          1       3021   stm32f1xx_it.o
       614          0         56          0          0       2844   stm32f1xx_ll_exti.o
       758          0         56          0          0       3254   stm32f1xx_ll_gpio.o
       466          0          0          0          0       4556   stm32f1xx_ll_rcc.o
      1456          0         55          0          0       7101   stm32f1xx_ll_rtc.o
       712          0         55          0          0       4564   stm32f1xx_ll_spi.o
      3940          0         55          0          0       9053   stm32f1xx_ll_tim.o
       826          0         57          0          0       4301   stm32f1xx_ll_usart.o
       168          0          0          0          0       6181   stm32f1xx_ll_utils.o
         2          0         24          4          0       1569   system_stm32f1xx.o
       700          0         14          0          0       4549   tim.o
       508          0          0          0          1       2678   ts_xpt2046.o
       240          0          0          0          0       2199   usart.o

    ----------------------------------------------------------------------
     25024         26      61540        144       2816     130691   Object Totals
         0          0         32          0          0          0   (incl. Generated)
       252          0          4          0         16          0   (incl. Padding)

    ----------------------------------------------------------------------

      Code (inc. data)   RO Data    RW Data    ZI Data      Debug   Library Member Name

         8          0          0          0          0         68   __main.o
         0          0          0          0          0          0   __rtentry.o
        12          0          0          0          0          0   __rtentry2.o
         6          0          0          0          0          0   __rtentry4.o
        52          8          0          0          0          0   __scatter.o
        26          0          0          0          0          0   __scatter_copy.o
        28          0          0          0          0          0   __scatter_zi.o
        18          0          0          0          0         80   exit.o
         6          0          0          0          0        152   heapauxi.o
         0          0          0          0          0          0   indicate_semi.o
         2          0          0          0          0          0   libinit.o
         2          0          0          0          0          0   libinit2.o
         2          0          0          0          0          0   libshutdown.o
         2          0          0          0          0          0   libshutdown2.o
         8          4          0          0         96         68   libspace.o
        78          0          0          0          0         80   rt_memclr_w.o
         2          0          0          0          0          0   rtexit.o
        10          0          0          0          0          0   rtexit2.o
        12          4          0          0          0         68   sys_exit.o
        74          0          0          0          0         80   sys_stackheap_outer.o
         2          0          0          0          0         68   use_no_semi.o

    ----------------------------------------------------------------------
       356         16          0          0         96        664   Library Totals
         6          0          0          0          0          0   (incl. Padding)

    ----------------------------------------------------------------------

      Code (inc. data)   RO Data    RW Data    ZI Data      Debug   Library Name

       350         16          0          0         96        664   c_w.l

    ----------------------------------------------------------------------
       356         16          0          0         96        664   Library Totals

    ----------------------------------------------------------------------

==============================================================================


      Code (inc. data)   RO Data    RW Data    ZI Data      Debug   

     25380         42      61540        144       2912     130735   Grand Totals
     25380         42      61540        144       2912     130735   ELF Image Totals
     25380         42      61540        144          0          0   ROM Totals

==============================================================================

    Total RO  Size (Code + RO Data)                86920 (  84.88kB)
    Total RW  Size (RW Data + ZI Data)              3056 (   2.98kB)
    Total ROM Size (Code + RO Data + RW Data)      87064 (  85.02kB)

==============================================================================

